Archive member included to satisfy reference by file (symbol)

e:/gmv/codelite/tools/gcc-arm/bin/../lib/gcc/arm-none-eabi/9.2.1/../../../../arm-none-eabi/lib/thumb/v7e-m+fp/hard\libc_nano.a(lib_a-atoi.o)
                              ./Debug/part0.c.o (atoi)
e:/gmv/codelite/tools/gcc-arm/bin/../lib/gcc/arm-none-eabi/9.2.1/../../../../arm-none-eabi/lib/thumb/v7e-m+fp/hard\libc_nano.a(lib_a-sprintf.o)
                              ./Debug/application.c.o (sprintf)
e:/gmv/codelite/tools/gcc-arm/bin/../lib/gcc/arm-none-eabi/9.2.1/../../../../arm-none-eabi/lib/thumb/v7e-m+fp/hard\libc_nano.a(lib_a-strtol.o)
                              e:/gmv/codelite/tools/gcc-arm/bin/../lib/gcc/arm-none-eabi/9.2.1/../../../../arm-none-eabi/lib/thumb/v7e-m+fp/hard\libc_nano.a(lib_a-atoi.o) (_strtol_r)
e:/gmv/codelite/tools/gcc-arm/bin/../lib/gcc/arm-none-eabi/9.2.1/../../../../arm-none-eabi/lib/thumb/v7e-m+fp/hard\libc_nano.a(lib_a-ctype_.o)
                              e:/gmv/codelite/tools/gcc-arm/bin/../lib/gcc/arm-none-eabi/9.2.1/../../../../arm-none-eabi/lib/thumb/v7e-m+fp/hard\libc_nano.a(lib_a-strtol.o) (_ctype_)
e:/gmv/codelite/tools/gcc-arm/bin/../lib/gcc/arm-none-eabi/9.2.1/../../../../arm-none-eabi/lib/thumb/v7e-m+fp/hard\libc_nano.a(lib_a-impure.o)
                              e:/gmv/codelite/tools/gcc-arm/bin/../lib/gcc/arm-none-eabi/9.2.1/../../../../arm-none-eabi/lib/thumb/v7e-m+fp/hard\libc_nano.a(lib_a-sprintf.o) (_impure_ptr)
e:/gmv/codelite/tools/gcc-arm/bin/../lib/gcc/arm-none-eabi/9.2.1/../../../../arm-none-eabi/lib/thumb/v7e-m+fp/hard\libc_nano.a(lib_a-nano-svfprintf.o)
                              e:/gmv/codelite/tools/gcc-arm/bin/../lib/gcc/arm-none-eabi/9.2.1/../../../../arm-none-eabi/lib/thumb/v7e-m+fp/hard\libc_nano.a(lib_a-sprintf.o) (_svfprintf_r)
e:/gmv/codelite/tools/gcc-arm/bin/../lib/gcc/arm-none-eabi/9.2.1/../../../../arm-none-eabi/lib/thumb/v7e-m+fp/hard\libc_nano.a(lib_a-nano-vfprintf_i.o)
                              e:/gmv/codelite/tools/gcc-arm/bin/../lib/gcc/arm-none-eabi/9.2.1/../../../../arm-none-eabi/lib/thumb/v7e-m+fp/hard\libc_nano.a(lib_a-nano-svfprintf.o) (_printf_i)
e:/gmv/codelite/tools/gcc-arm/bin/../lib/gcc/arm-none-eabi/9.2.1/../../../../arm-none-eabi/lib/thumb/v7e-m+fp/hard\libc_nano.a(lib_a-memchr.o)
                              e:/gmv/codelite/tools/gcc-arm/bin/../lib/gcc/arm-none-eabi/9.2.1/../../../../arm-none-eabi/lib/thumb/v7e-m+fp/hard\libc_nano.a(lib_a-nano-svfprintf.o) (memchr)
e:/gmv/codelite/tools/gcc-arm/bin/../lib/gcc/arm-none-eabi/9.2.1/../../../../arm-none-eabi/lib/thumb/v7e-m+fp/hard\libc_nano.a(lib_a-memcpy-stub.o)
                              e:/gmv/codelite/tools/gcc-arm/bin/../lib/gcc/arm-none-eabi/9.2.1/../../../../arm-none-eabi/lib/thumb/v7e-m+fp/hard\libc_nano.a(lib_a-nano-svfprintf.o) (memcpy)
e:/gmv/codelite/tools/gcc-arm/bin/../lib/gcc/arm-none-eabi/9.2.1/../../../../arm-none-eabi/lib/thumb/v7e-m+fp/hard\libc_nano.a(lib_a-memmove.o)
                              e:/gmv/codelite/tools/gcc-arm/bin/../lib/gcc/arm-none-eabi/9.2.1/../../../../arm-none-eabi/lib/thumb/v7e-m+fp/hard\libc_nano.a(lib_a-nano-svfprintf.o) (memmove)
e:/gmv/codelite/tools/gcc-arm/bin/../lib/gcc/arm-none-eabi/9.2.1/../../../../arm-none-eabi/lib/thumb/v7e-m+fp/hard\libc_nano.a(lib_a-nano-freer.o)
                              e:/gmv/codelite/tools/gcc-arm/bin/../lib/gcc/arm-none-eabi/9.2.1/../../../../arm-none-eabi/lib/thumb/v7e-m+fp/hard\libc_nano.a(lib_a-nano-svfprintf.o) (_free_r)
e:/gmv/codelite/tools/gcc-arm/bin/../lib/gcc/arm-none-eabi/9.2.1/../../../../arm-none-eabi/lib/thumb/v7e-m+fp/hard\libc_nano.a(lib_a-nano-mallocr.o)
                              e:/gmv/codelite/tools/gcc-arm/bin/../lib/gcc/arm-none-eabi/9.2.1/../../../../arm-none-eabi/lib/thumb/v7e-m+fp/hard\libc_nano.a(lib_a-nano-svfprintf.o) (_malloc_r)
e:/gmv/codelite/tools/gcc-arm/bin/../lib/gcc/arm-none-eabi/9.2.1/../../../../arm-none-eabi/lib/thumb/v7e-m+fp/hard\libc_nano.a(lib_a-nano-reallocr.o)
                              e:/gmv/codelite/tools/gcc-arm/bin/../lib/gcc/arm-none-eabi/9.2.1/../../../../arm-none-eabi/lib/thumb/v7e-m+fp/hard\libc_nano.a(lib_a-nano-svfprintf.o) (_realloc_r)
e:/gmv/codelite/tools/gcc-arm/bin/../lib/gcc/arm-none-eabi/9.2.1/../../../../arm-none-eabi/lib/thumb/v7e-m+fp/hard\libc_nano.a(lib_a-sbrkr.o)
                              e:/gmv/codelite/tools/gcc-arm/bin/../lib/gcc/arm-none-eabi/9.2.1/../../../../arm-none-eabi/lib/thumb/v7e-m+fp/hard\libc_nano.a(lib_a-nano-mallocr.o) (_sbrk_r)
e:/gmv/codelite/tools/gcc-arm/bin/../lib/gcc/arm-none-eabi/9.2.1/../../../../arm-none-eabi/lib/thumb/v7e-m+fp/hard\libc_nano.a(lib_a-mlock.o)
                              e:/gmv/codelite/tools/gcc-arm/bin/../lib/gcc/arm-none-eabi/9.2.1/../../../../arm-none-eabi/lib/thumb/v7e-m+fp/hard\libc_nano.a(lib_a-nano-freer.o) (__malloc_lock)
e:/gmv/codelite/tools/gcc-arm/bin/../lib/gcc/arm-none-eabi/9.2.1/../../../../arm-none-eabi/lib/thumb/v7e-m+fp/hard\libc_nano.a(lib_a-nano-msizer.o)
[...]
Memory Configuration

Name             Origin             Length             Attributes
RAM              0x20000000         0x0001c000         xrw
*default*        0x00000000         0xffffffff

Linker script and memory map

LOAD ./Debug/part2.c.o
LOAD ./Debug/dispatch.s.o
LOAD ./Debug/part1.c.o
LOAD ./Debug/driver_src_stm32f4xx_syscfg.c.o
LOAD ./Debug/sciTinyTimber.c.o
LOAD ./Debug/canTinyTimber.c.o
LOAD ./Debug/driver_src_stm32f4xx_usart.c.o
LOAD ./Debug/driver_src_stm32f4xx_can.c.o
LOAD ./Debug/part0.c.o
LOAD ./Debug/application.c.o
LOAD ./Debug/startup.c.o
LOAD ./Debug/TinyTimber.c.o
LOAD ./Debug/driver_src_stm32f4xx_tim.c.o
LOAD ./Debug/driver_src_stm32f4xx_exti.c.o
LOAD ./Debug/driver_src_stm32f4xx_dac.c.o
LOAD ./Debug/driver_src_stm32f4xx_gpio.c.o
LOAD ./Debug/driver_src_stm32f4xx_rcc.c.o
LOAD e:/gmv/codelite/tools/gcc-arm/bin/../lib/gcc/arm-none-eabi/9.2.1/../../../../arm-none-eabi/lib/thumb/v7e-m+fp/hard\libstdc++_nano.a
LOAD e:/gmv/codelite/tools/gcc-arm/bin/../lib/gcc/arm-none-eabi/9.2.1/../../../../arm-none-eabi/lib/thumb/v7e-m+fp/hard\libm.a
START GROUP
LOAD e:/gmv/codelite/tools/gcc-arm/bin/../lib/gcc/arm-none-eabi/9.2.1/thumb/v7e-m+fp/hard\libgcc.a
LOAD e:/gmv/codelite/tools/gcc-arm/bin/../lib/gcc/arm-none-eabi/9.2.1/../../../../arm-none-eabi/lib/thumb/v7e-m+fp/hard\libc_nano.a
END GROUP
START GROUP
LOAD e:/gmv/codelite/tools/gcc-arm/bin/../lib/gcc/arm-none-eabi/9.2.1/thumb/v7e-m+fp/hard\libgcc.a
LOAD e:/gmv/codelite/tools/gcc-arm/bin/../lib/gcc/arm-none-eabi/9.2.1/../../../../arm-none-eabi/lib/thumb/v7e-m+fp/hard\libc_nano.a
END GROUP

.text           0x20000000     0x8774
                0x20000000                . = ALIGN (0x4)
 *(.start_section)
 .start_section
                0x20000000       0x1c ./Debug/startup.c.o
                0x20000000                startup
 *(.text)
 .text          0x2000001c      0x184 ./Debug/part2.c.o
                0x2000001c                nextBeat
                0x20000098                nextSilence
                0x20000122                setPeriods
                0x20000164                setTempo
 .text          0x200001a0       0xf4 ./Debug/dispatch.s.o
                0x200001a0                vect_SVCall
                0x200001a4                vect_PendSV
 .text          0x20000294      0x3a4 ./Debug/part1.c.o
                0x20000294                toggleDeadlinesToneGenerator
                0x200002ba                toggleMute
                0x200002da                volume
                0x2000031e                setDAC
                0x200003ac                dummySetDac
                0x200004a8                toggleDeadlinesBackgroundTask
                0x200004ce                load
                0x20000518                runLoad
                0x20000568                dummyRunLoad
 .text          0x20000638      0x154 ./Debug/driver_src_stm32f4xx_syscfg.c.o
                0x20000638                SYSCFG_DeInit
                0x20000654                SYSCFG_MemoryRemapConfig
                0x20000674                SYSCFG_MemorySwappingBank
                0x20000694                SYSCFG_EXTILineConfig
                0x20000718                SYSCFG_ETH_MediaInterfaceConfig
                0x20000738                SYSCFG_CompensationCellCmd
                0x20000758                SYSCFG_GetCompensationCellStatus
 .text          0x2000078c      0x294 ./Debug/sciTinyTimber.c.o
                0x20000814                sci_init
                0x200008ba                sci_write
                0x20000910                sci_writechar
                0x20000946                sci_interrupt
 .text          0x20000a20      0x434 ./Debug/canTinyTimber.c.o
                0x20000aa8                can_init
                0x20000b60                can_interrupt
                0x20000ce8                can_receive
                0x20000db2                can_send
 .text          0x20000e54      0x970 ./Debug/driver_src_stm32f4xx_usart.c.o
                0x20000e54                USART_DeInit
                0x20000f6c                USART_Init
                0x200010e0                USART_StructInit
                0x2000111a                USART_ClockInit
                0x20001170                USART_ClockStructInit
                0x2000119c                USART_Cmd
                0x200011dc                USART_SetPrescaler
                0x20001216                USART_OverSampling8Cmd
                0x2000125a                USART_OneBitMethodCmd
                0x2000129a                USART_SendData
                0x200012be                USART_ReceiveData
                0x200012de                USART_SetAddress
                0x20001318                USART_ReceiverWakeUpCmd
                0x20001358                USART_WakeUpConfig
                0x20001390                USART_LINBreakDetectLengthConfig
                0x200013c8                USART_LINCmd
                0x20001408                USART_SendBreak
                0x2000142c                USART_HalfDuplexCmd
                0x2000146c                USART_SetGuardTime
                0x200014a8                USART_SmartCardCmd
                0x200014e8                USART_SmartCardNACKCmd
                0x20001528                USART_IrDAConfig
                0x20001560                USART_IrDACmd
                0x200015a0                USART_DMACmd
                0x200015e8                USART_ITConfig
                0x20001678                USART_GetFlagStatus
                0x200016b0                USART_ClearFlag
                0x200016d2                USART_GetITStatus
                0x20001788                USART_ClearITPendingBit
 .text          0x200017c4     0x11b4 ./Debug/driver_src_stm32f4xx_can.c.o
                0x200017c4                CAN_DeInit
                0x2000180c                CAN_Init
                0x200019ae                CAN_FilterInit
                0x20001b34                CAN_StructInit
                0x20001b8a                CAN_SlaveStartBank
                0x20001bec                CAN_DBGFreeze
                0x20001c24                CAN_TTComModeCmd
                0x20001cbc                CAN_Transmit
                0x20001e5e                CAN_TransmitStatus
                0x20001f64                CAN_CancelTransmit
                0x20001fbc                CAN_Receive
                0x20002138                CAN_FIFORelease
                0x20002170                CAN_MessagePending
                0x200021ba                CAN_OperatingModeRequest
                0x200022b6                CAN_Sleep
                0x200022f0                CAN_WakeUp
                0x20002346                CAN_GetLastErrorCode
                0x2000236c                CAN_GetReceiveErrorCounter
                0x2000238e                CAN_GetLSBTransmitErrorCounter
                0x200023b0                CAN_ITConfig
                0x200023ec                CAN_GetFlagStatus
                0x200024ba                CAN_ClearFlag
                0x2000252c                CAN_GetITStatus
                0x20002790                CAN_ClearITPendingBit
 .text          0x20002978      0x3ec ./Debug/part0.c.o
                0x20002978                setMelodyPeriods
                0x200029d4                setKey
                0x200029f0                readBufferAdd
                0x20002a1c                endBuffer
                0x20002a4c                addThreeHist
                0x20002a9c                emptyThreeHist
                0x20002ad0                sumBuffer
                0x20002af6                medianBuffer
                0x20002b86                calculateEdgesGeneral
                0x20002c18                generatePeriodGeneral
                0x20002d08                setMelodyPeriodsGeneral
 .text          0x20002d64      0x358 ./Debug/application.c.o
                0x20002d64                reader
                0x20002dc4                keyHandler
                0x20002ed0                print
                0x20002f08                receiveKey
                0x20002fdc                recieveBPM
                0x2000303c                startApp
                0x2000308c                main
 .text          0x200030bc      0x32c ./Debug/startup.c.o
 .text          0x200033e8      0xf54 ./Debug/TinyTimber.c.o
                0x20003470                DUMP
                0x200034aa                DUMPH
                0x20003508                DUMPD
                0x200035ac                sei
                0x200035ca                cli
                0x200035e8                _sbrk
                0x2000362c                SETSTACK
                0x20003694                SETPC
                0x200036b8                TIMER_INIT
                0x20003750                DUMPC
                0x20003784                vect_USART1
                0x200037ec                vect_CAN1
                0x20003854                vect_EXTI9_5
                0x200038bc                enqueueByDeadline
                0x20003914                enqueueByBaseline
                0x2000396c                dequeue
                0x200039bc                dequeue_pool
                0x20003a0c                insert
                0x20003a30                push
                0x20003a54                pop
                0x20003ad6                vect_TIM5
                0x20003b68                __svc_dispatch
                0x20003b78                __pendSV_dispatch
                0x20003ce8                async
                0x20003e24                sync
                0x20003f30                ABORT
                0x20003fe4                T_RESET
                0x20004020                T_SAMPLE
                0x20004060                CURRENT_OFFSET
                0x2000420c                install
                0x200042d8                tinytimber
 .text          0x2000433c     0x1c1c ./Debug/driver_src_stm32f4xx_tim.c.o
                0x2000433c                TIM_DeInit
                0x200044fc                TIM_TimeBaseInit
                0x200045d4                TIM_TimeBaseStructInit
                0x20004608                TIM_PrescalerConfig
                0x20004630                TIM_CounterModeConfig
                0x20004668                TIM_SetCounter
                0x20004684                TIM_SetAutoreload
                0x200046a0                TIM_GetCounter
                0x200046b8                TIM_GetPrescaler
                0x200046d2                TIM_UpdateDisableConfig
                0x20004712                TIM_UpdateRequestConfig
                0x20004752                TIM_ARRPreloadConfig
                0x20004792                TIM_SelectOnePulseMode
                0x200047ca                TIM_SetClockDivision
                0x20004802                TIM_Cmd
                0x20004842                TIM_OC1Init
                0x20004938                TIM_OC2Init
                0x20004a48                TIM_OC3Init
                0x20004b54                TIM_OC4Init
                0x20004c24                TIM_OCStructInit
                0x20004c68                TIM_SelectOCxM
                0x20004d1e                TIM_SetCompare1
                0x20004d3a                TIM_SetCompare2
                0x20004d56                TIM_SetCompare3
                0x20004d72                TIM_SetCompare4
                0x20004d8e                TIM_ForcedOC1Config
                0x20004dc6                TIM_ForcedOC2Config
                0x20004e02                TIM_ForcedOC3Config
                0x20004e3a                TIM_ForcedOC4Config
                0x20004e76                TIM_OC1PreloadConfig
                0x20004eae                TIM_OC2PreloadConfig
                0x20004eea                TIM_OC3PreloadConfig
                0x20004f22                TIM_OC4PreloadConfig
                0x20004f5e                TIM_OC1FastConfig
                0x20004f96                TIM_OC2FastConfig
                0x20004fd2                TIM_OC3FastConfig
                0x2000500a                TIM_OC4FastConfig
                0x20005046                TIM_ClearOC1Ref
                0x2000507e                TIM_ClearOC2Ref
                0x200050ba                TIM_ClearOC3Ref
                0x200050f2                TIM_ClearOC4Ref
                0x2000512e                TIM_OC1PolarityConfig
                0x20005166                TIM_OC1NPolarityConfig
                0x2000519e                TIM_OC2PolarityConfig
                0x200051da                TIM_OC2NPolarityConfig
                0x20005216                TIM_OC3PolarityConfig
                0x20005252                TIM_OC3NPolarityConfig
                0x2000528e                TIM_OC4PolarityConfig
                0x200052ca                TIM_CCxCmd
                0x20005320                TIM_CCxNCmd
                0x20005376                TIM_ICInit
                0x2000541e                TIM_ICStructInit
                0x20005450                TIM_PWMIConfig
                0x20005508                TIM_GetCapture1
                0x20005520                TIM_GetCapture2
                0x20005538                TIM_GetCapture3
                0x20005550                TIM_GetCapture4
                0x20005568                TIM_SetIC1Prescaler
                0x200055a0                TIM_SetIC2Prescaler
                0x200055dc                TIM_SetIC3Prescaler
                0x20005614                TIM_SetIC4Prescaler
                0x20005650                TIM_BDTRConfig
                0x200056a0                TIM_BDTRStructInit
                0x200056de                TIM_CtrlPWMOutputs
                0x2000572a                TIM_SelectCOM
                0x2000576a                TIM_CCPreloadControl
                0x200057aa                TIM_ITConfig
                0x200057f2                TIM_GenerateEvent
                0x20005810                TIM_GetFlagStatus
                0x20005848                TIM_ClearFlag
                0x2000586a                TIM_GetITStatus
                0x200058be                TIM_ClearITPendingBit
                0x200058e0                TIM_DMAConfig
                0x2000590a                TIM_DMACmd
                0x20005952                TIM_SelectCCDMA
                0x20005992                TIM_InternalClockConfig
                0x200059b6                TIM_ITRxExternalClockConfig
                0x200059e4                TIM_TIxExternalClockConfig
                0x20005a40                TIM_ETRClockMode1Config
                0x20005a9e                TIM_ETRClockMode2Config
                0x20005adc                TIM_SelectInputTrigger
                0x20005b14                TIM_SelectOutputTrigger
                0x20005b4c                TIM_SelectSlaveMode
                0x20005b84                TIM_SelectMasterSlaveMode
                0x20005bbc                TIM_ETRConfig
                0x20005c10                TIM_EncoderInterfaceConfig
                0x20005ca8                TIM_SelectHallSensor
                0x20005ce8                TIM_RemapConfig
 .text          0x20005f58      0x210 ./Debug/driver_src_stm32f4xx_exti.c.o
                0x20005f58                EXTI_DeInit
                0x20005f8c                EXTI_Init
                0x20006070                EXTI_StructInit
                0x2000609c                EXTI_GenerateSWInterrupt
                0x200060c0                EXTI_GetFlagStatus
                0x200060f4                EXTI_ClearFlag
                0x20006114                EXTI_GetITStatus
                0x20006148                EXTI_ClearITPendingBit
 .text          0x20006168      0x450 ./Debug/driver_src_stm32f4xx_dac.c.o
                0x20006168                DAC_DeInit
                0x20006184                DAC_Init
                0x200061ec                DAC_StructInit
                0x20006218                DAC_Cmd
                0x20006264                DAC_SoftwareTriggerCmd
                0x200062b4                DAC_DualSoftwareTriggerCmd
                0x200062f0                DAC_WaveGenerationCmd
                0x2000633c                DAC_SetChannel1Data
                0x20006374                DAC_SetChannel2Data
                0x200063ac                DAC_SetDualChannelData
                0x20006404                DAC_GetDataOutputValue
                0x20006438                DAC_DMACmd
                0x20006488                DAC_ITConfig
                0x200064d4                DAC_GetFlagStatus
                0x20006510                DAC_ClearFlag
                0x20006538                DAC_GetITStatus
                0x20006590                DAC_ClearITPendingBit
 .text          0x200065b8      0x4d8 ./Debug/driver_src_stm32f4xx_gpio.c.o
                0x200065b8                GPIO_DeInit
                0x2000671c                GPIO_Init
                0x2000683a                GPIO_StructInit
                0x2000686e                GPIO_PinLockConfig
                0x200068b2                GPIO_ReadInputDataBit
                0x200068e6                GPIO_ReadInputData
                0x20006900                GPIO_ReadOutputDataBit
                0x20006934                GPIO_ReadOutputData
                0x2000694e                GPIO_SetBits
                0x2000696c                GPIO_ResetBits
                0x2000698a                GPIO_WriteBit
                0x200069ba                GPIO_Write
                0x200069d8                GPIO_ToggleBits
                0x200069fc                GPIO_PinAFConfig
 .text          0x20006a90      0xcb0 ./Debug/driver_src_stm32f4xx_rcc.c.o
                0x20006a90                RCC_DeInit
                0x20006b00                RCC_HSEConfig
                0x20006b28                RCC_WaitForHSEStartUp
                0x20006b78                RCC_AdjustHSICalibrationValue
                0x20006bb4                RCC_HSICmd
                0x20006bd4                RCC_LSEConfig
                0x20006c18                RCC_LSICmd
                0x20006c38                RCC_PLLConfig
                0x20006c78                RCC_PLLCmd
                0x20006c98                RCC_PLLI2SConfig
                0x20006cc4                RCC_PLLI2SCmd
                0x20006ce4                RCC_PLLSAIConfig
                0x20006d18                RCC_PLLSAICmd
                0x20006d38                RCC_ClockSecuritySystemCmd
                0x20006d58                RCC_MCO1Config
                0x20006d98                RCC_MCO2Config
                0x20006dd8                RCC_SYSCLKConfig
                0x20006e10                RCC_GetSYSCLKSource
                0x20006e30                RCC_HCLKConfig
                0x20006e68                RCC_PCLK1Config
                0x20006ea0                RCC_PCLK2Config
                0x20006edc                RCC_GetClocksFreq
                0x20007038                RCC_RTCCLKConfig
                0x20007094                RCC_RTCCLKCmd
                0x200070b4                RCC_BackupResetCmd
                0x200070d4                RCC_I2SCLKConfig
                0x200070f4                RCC_SAIPLLI2SClkDivConfig
                0x20007134                RCC_SAIPLLSAIClkDivConfig
                0x20007174                RCC_SAIBlockACLKConfig
                0x200071b0                RCC_SAIBlockBCLKConfig
                0x200071ec                RCC_LTDCCLKDivConfig
                0x20007228                RCC_TIMCLKPresConfig
                0x20007248                RCC_AHB1PeriphClockCmd
                0x20007288                RCC_AHB2PeriphClockCmd
                0x200072c8                RCC_AHB3PeriphClockCmd
                0x20007308                RCC_APB1PeriphClockCmd
                0x20007348                RCC_APB2PeriphClockCmd
                0x20007388                RCC_AHB1PeriphResetCmd
                0x200073c8                RCC_AHB2PeriphResetCmd
                0x20007408                RCC_AHB3PeriphResetCmd
                0x20007448                RCC_APB1PeriphResetCmd
                0x20007488                RCC_APB2PeriphResetCmd
                0x200074c8                RCC_AHB1PeriphClockLPModeCmd
                0x20007508                RCC_AHB2PeriphClockLPModeCmd
                0x20007548                RCC_AHB3PeriphClockLPModeCmd
                0x20007588                RCC_APB1PeriphClockLPModeCmd
                0x200075c8                RCC_APB2PeriphClockLPModeCmd
                0x20007608                RCC_ITConfig
                0x20007654                RCC_GetFlagStatus
                0x200076c8                RCC_ClearFlag
                0x200076e8                RCC_GetITStatus
                0x20007720                RCC_ClearITPendingBit
 .text          0x20007740        0x0 e:/gmv/codelite/tools/gcc-arm/bin/../lib/gcc/arm-none-eabi/9.2.1/../../../../arm-none-eabi/lib/thumb/v7e-m+fp/hard\libc_nano.a(lib_a-atoi.o)
 .text          0x20007740        0x0 e:/gmv/codelite/tools/gcc-arm/bin/../lib/gcc/arm-none-eabi/9.2.1/../../../../arm-none-eabi/lib/thumb/v7e-m+fp/hard\libc_nano.a(lib_a-sprintf.o)
 .text          0x20007740        0x0 e:/gmv/codelite/tools/gcc-arm/bin/../lib/gcc/arm-none-eabi/9.2.1/../../../../arm-none-eabi/lib/thumb/v7e-m+fp/hard\libc_nano.a(lib_a-strtol.o)
 .text          0x20007740        0x0 e:/gmv/codelite/tools/gcc-arm/bin/../lib/gcc/arm-none-eabi/9.2.1/../../../../arm-none-eabi/lib/thumb/v7e-m+fp/hard\libc_nano.a(lib_a-ctype_.o)
 .text          0x20007740        0x0 e:/gmv/codelite/tools/gcc-arm/bin/../lib/gcc/arm-none-eabi/9.2.1/../../../../arm-none-eabi/lib/thumb/v7e-m+fp/hard\libc_nano.a(lib_a-impure.o)
 .text          0x20007740        0x0 e:/gmv/codelite/tools/gcc-arm/bin/../lib/gcc/arm-none-eabi/9.2.1/../../../../arm-none-eabi/lib/thumb/v7e-m+fp/hard\libc_nano.a(lib_a-nano-svfprintf.o)
 .text          0x20007740        0x0 e:/gmv/codelite/tools/gcc-arm/bin/../lib/gcc/arm-none-eabi/9.2.1/../../../../arm-none-eabi/lib/thumb/v7e-m+fp/hard\libc_nano.a(lib_a-nano-vfprintf_i.o)
 .text          0x20007740       0xa0 e:/gmv/codelite/tools/gcc-arm/bin/../lib/gcc/arm-none-eabi/9.2.1/../../../../arm-none-eabi/lib/thumb/v7e-m+fp/hard\libc_nano.a(lib_a-memchr.o)
                0x20007740                memchr
 .text          0x200077e0        0x0 e:/gmv/codelite/tools/gcc-arm/bin/../lib/gcc/arm-none-eabi/9.2.1/../../../../arm-none-eabi/lib/thumb/v7e-m+fp/hard\libc_nano.a(lib_a-memcpy-stub.o)
 .text          0x200077e0        0x0 e:/gmv/codelite/tools/gcc-arm/bin/../lib/gcc/arm-none-eabi/9.2.1/../../../../arm-none-eabi/lib/thumb/v7e-m+fp/hard\libc_nano.a(lib_a-memmove.o)
 .text          0x200077e0        0x0 e:/gmv/codelite/tools/gcc-arm/bin/../lib/gcc/arm-none-eabi/9.2.1/../../../../arm-none-eabi/lib/thumb/v7e-m+fp/hard\libc_nano.a(lib_a-nano-freer.o)
 .text          0x200077e0        0x0 e:/gmv/codelite/tools/gcc-arm/bin/../lib/gcc/arm-none-eabi/9.2.1/../../../../arm-none-eabi/lib/thumb/v7e-m+fp/hard\libc_nano.a(lib_a-nano-mallocr.o)
 .text          0x200077e0        0x0 e:/gmv/codelite/tools/gcc-arm/bin/../lib/gcc/arm-none-eabi/9.2.1/../../../../arm-none-eabi/lib/thumb/v7e-m+fp/hard\libc_nano.a(lib_a-nano-reallocr.o)
 .text          0x200077e0        0x0 e:/gmv/codelite/tools/gcc-arm/bin/../lib/gcc/arm-none-eabi/9.2.1/../../../../arm-none-eabi/lib/thumb/v7e-m+fp/hard\libc_nano.a(lib_a-sbrkr.o)
 .text          0x200077e0        0x0 e:/gmv/codelite/tools/gcc-arm/bin/../lib/gcc/arm-none-eabi/9.2.1/../../../../arm-none-eabi/lib/thumb/v7e-m+fp/hard\libc_nano.a(lib_a-mlock.o)
 .text          0x200077e0        0x0 e:/gmv/codelite/tools/gcc-arm/bin/../lib/gcc/arm-none-eabi/9.2.1/../../../../arm-none-eabi/lib/thumb/v7e-m+fp/hard\libc_nano.a(lib_a-nano-msizer.o)
 .text          0x200077e0        0x0 e:/gmv/codelite/tools/gcc-arm/bin/../lib/gcc/arm-none-eabi/9.2.1/../../../../arm-none-eabi/lib/thumb/v7e-m+fp/hard\libc_nano.a(lib_a-reent.o)
 .text          0x200077e0        0x0 e:/gmv/codelite/tools/gcc-arm/bin/../lib/gcc/arm-none-eabi/9.2.1/../../../../arm-none-eabi/lib/thumb/v7e-m+fp/hard\libc_nano.a(lib_a-lock.o)
 *(.text.*)
 .text.atoi     0x200077e0        0x8 e:/gmv/codelite/tools/gcc-arm/bin/../lib/gcc/arm-none-eabi/9.2.1/../../../../arm-none-eabi/lib/thumb/v7e-m+fp/hard\libc_nano.a(lib_a-atoi.o)
                0x200077e0                atoi
 .text._atoi_r  0x200077e8        0x8 e:/gmv/codelite/tools/gcc-arm/bin/../lib/gcc/arm-none-eabi/9.2.1/../../../../arm-none-eabi/lib/thumb/v7e-m+fp/hard\libc_nano.a(lib_a-atoi.o)
                0x200077e8                _atoi_r
 .text._sprintf_r
                0x200077f0       0x38 e:/gmv/codelite/tools/gcc-arm/bin/../lib/gcc/arm-none-eabi/9.2.1/../../../../arm-none-eabi/lib/thumb/v7e-m+fp/hard\libc_nano.a(lib_a-sprintf.o)
                0x200077f0                _sprintf_r
                0x200077f0                _siprintf_r
 .text.sprintf  0x20007828       0x40 e:/gmv/codelite/tools/gcc-arm/bin/../lib/gcc/arm-none-eabi/9.2.1/../../../../arm-none-eabi/lib/thumb/v7e-m+fp/hard\libc_nano.a(lib_a-sprintf.o)
                0x20007828                siprintf
                0x20007828                sprintf
 .text._strtol_l.isra.0
                0x20007868       0xf4 e:/gmv/codelite/tools/gcc-arm/bin/../lib/gcc/arm-none-eabi/9.2.1/../../../../arm-none-eabi/lib/thumb/v7e-m+fp/hard\libc_nano.a(lib_a-strtol.o)
 .text._strtol_r
                0x2000795c        0x4 e:/gmv/codelite/tools/gcc-arm/bin/../lib/gcc/arm-none-eabi/9.2.1/../../../../arm-none-eabi/lib/thumb/v7e-m+fp/hard\libc_nano.a(lib_a-strtol.o)
                0x2000795c                _strtol_r
 .text.strtol_l
                0x20007960       0x14 e:/gmv/codelite/tools/gcc-arm/bin/../lib/gcc/arm-none-eabi/9.2.1/../../../../arm-none-eabi/lib/thumb/v7e-m+fp/hard\libc_nano.a(lib_a-strtol.o)
                0x20007960                strtol_l
 .text.strtol   0x20007974       0x14 e:/gmv/codelite/tools/gcc-arm/bin/../lib/gcc/arm-none-eabi/9.2.1/../../../../arm-none-eabi/lib/thumb/v7e-m+fp/hard\libc_nano.a(lib_a-strtol.o)
                0x20007974                strtol
 .text.__ssputs_r
                0x20007988       0xb6 e:/gmv/codelite/tools/gcc-arm/bin/../lib/gcc/arm-none-eabi/9.2.1/../../../../arm-none-eabi/lib/thumb/v7e-m+fp/hard\libc_nano.a(lib_a-nano-svfprintf.o)
                0x20007988                __ssputs_r
 .text.__ssprint_r
                0x20007a3e       0xf6 e:/gmv/codelite/tools/gcc-arm/bin/../lib/gcc/arm-none-eabi/9.2.1/../../../../arm-none-eabi/lib/thumb/v7e-m+fp/hard\libc_nano.a(lib_a-nano-svfprintf.o)
                0x20007a3e                __ssprint_r
 .text._svfprintf_r
                0x20007b34      0x200 e:/gmv/codelite/tools/gcc-arm/bin/../lib/gcc/arm-none-eabi/9.2.1/../../../../arm-none-eabi/lib/thumb/v7e-m+fp/hard\libc_nano.a(lib_a-nano-svfprintf.o)
                0x20007b34                _svfiprintf_r
                0x20007b34                _svfprintf_r
 .text._printf_common
                0x20007d34       0xda e:/gmv/codelite/tools/gcc-arm/bin/../lib/gcc/arm-none-eabi/9.2.1/../../../../arm-none-eabi/lib/thumb/v7e-m+fp/hard\libc_nano.a(lib_a-nano-vfprintf_i.o)
                0x20007d34                _printf_common
 *fill*         0x20007e0e        0x2 
 .text._printf_i
                0x20007e10      0x24c e:/gmv/codelite/tools/gcc-arm/bin/../lib/gcc/arm-none-eabi/9.2.1/../../../../arm-none-eabi/lib/thumb/v7e-m+fp/hard\libc_nano.a(lib_a-nano-vfprintf_i.o)
                0x20007e10                _printf_i
 .text.memcpy   0x2000805c       0x1c e:/gmv/codelite/tools/gcc-arm/bin/../lib/gcc/arm-none-eabi/9.2.1/../../../../arm-none-eabi/lib/thumb/v7e-m+fp/hard\libc_nano.a(lib_a-memcpy-stub.o)
                0x2000805c                memcpy
 .text.memmove  0x20008078       0x34 e:/gmv/codelite/tools/gcc-arm/bin/../lib/gcc/arm-none-eabi/9.2.1/../../../../arm-none-eabi/lib/thumb/v7e-m+fp/hard\libc_nano.a(lib_a-memmove.o)
                0x20008078                memmove
 .text._free_r  0x200080ac       0xa0 e:/gmv/codelite/tools/gcc-arm/bin/../lib/gcc/arm-none-eabi/9.2.1/../../../../arm-none-eabi/lib/thumb/v7e-m+fp/hard\libc_nano.a(lib_a-nano-freer.o)
                0x200080ac                _free_r
 .text._malloc_r
                0x2000814c       0xb4 e:/gmv/codelite/tools/gcc-arm/bin/../lib/gcc/arm-none-eabi/9.2.1/../../../../arm-none-eabi/lib/thumb/v7e-m+fp/hard\libc_nano.a(lib_a-nano-mallocr.o)
                0x2000814c                _malloc_r
 .text._realloc_r
                0x20008200       0x4c e:/gmv/codelite/tools/gcc-arm/bin/../lib/gcc/arm-none-eabi/9.2.1/../../../../arm-none-eabi/lib/thumb/v7e-m+fp/hard\libc_nano.a(lib_a-nano-reallocr.o)
                0x20008200                _realloc_r
 .text._sbrk_r  0x2000824c       0x20 e:/gmv/codelite/tools/gcc-arm/bin/../lib/gcc/arm-none-eabi/9.2.1/../../../../arm-none-eabi/lib/thumb/v7e-m+fp/hard\libc_nano.a(lib_a-sbrkr.o)
                0x2000824c                _sbrk_r
 .text.__malloc_lock
                0x2000826c        0xc e:/gmv/codelite/tools/gcc-arm/bin/../lib/gcc/arm-none-eabi/9.2.1/../../../../arm-none-eabi/lib/thumb/v7e-m+fp/hard\libc_nano.a(lib_a-mlock.o)
                0x2000826c                __malloc_lock
 .text.__malloc_unlock
                0x20008278        0xc e:/gmv/codelite/tools/gcc-arm/bin/../lib/gcc/arm-none-eabi/9.2.1/../../../../arm-none-eabi/lib/thumb/v7e-m+fp/hard\libc_nano.a(lib_a-mlock.o)
                0x20008278                __malloc_unlock
 .text._malloc_usable_size_r
                0x20008284       0x10 e:/gmv/codelite/tools/gcc-arm/bin/../lib/gcc/arm-none-eabi/9.2.1/../../../../arm-none-eabi/lib/thumb/v7e-m+fp/hard\libc_nano.a(lib_a-nano-msizer.o)
                0x20008284                _malloc_usable_size_r
 .text.cleanup_glue
                0x20008294       0x1a e:/gmv/codelite/tools/gcc-arm/bin/../lib/gcc/arm-none-eabi/9.2.1/../../../../arm-none-eabi/lib/thumb/v7e-m+fp/hard\libc_nano.a(lib_a-reent.o)
                0x20008294                cleanup_glue
 *fill*         0x200082ae        0x2 
 .text._reclaim_reent
                0x200082b0       0xb8 e:/gmv/codelite/tools/gcc-arm/bin/../lib/gcc/arm-none-eabi/9.2.1/../../../../arm-none-eabi/lib/thumb/v7e-m+fp/hard\libc_nano.a(lib_a-reent.o)
                0x200082b0                _reclaim_reent
 .text.__retarget_lock_init
                0x20008368        0x2 e:/gmv/codelite/tools/gcc-arm/bin/../lib/gcc/arm-none-eabi/9.2.1/../../../../arm-none-eabi/lib/thumb/v7e-m+fp/hard\libc_nano.a(lib_a-lock.o)
                0x20008368                __retarget_lock_init
 .text.__retarget_lock_init_recursive
                0x2000836a        0x2 e:/gmv/codelite/tools/gcc-arm/bin/../lib/gcc/arm-none-eabi/9.2.1/../../../../arm-none-eabi/lib/thumb/v7e-m+fp/hard\libc_nano.a(lib_a-lock.o)
                0x2000836a                __retarget_lock_init_recursive
 .text.__retarget_lock_close
                0x2000836c        0x2 e:/gmv/codelite/tools/gcc-arm/bin/../lib/gcc/arm-none-eabi/9.2.1/../../../../arm-none-eabi/lib/thumb/v7e-m+fp/hard\libc_nano.a(lib_a-lock.o)
                0x2000836c                __retarget_lock_close
 .text.__retarget_lock_close_recursive
                0x2000836e        0x2 e:/gmv/codelite/tools/gcc-arm/bin/../lib/gcc/arm-none-eabi/9.2.1/../../../../arm-none-eabi/lib/thumb/v7e-m+fp/hard\libc_nano.a(lib_a-lock.o)
                0x2000836e                __retarget_lock_close_recursive
 .text.__retarget_lock_acquire
                0x20008370        0x2 e:/gmv/codelite/tools/gcc-arm/bin/../lib/gcc/arm-none-eabi/9.2.1/../../../../arm-none-eabi/lib/thumb/v7e-m+fp/hard\libc_nano.a(lib_a-lock.o)
                0x20008370                __retarget_lock_acquire
 .text.__retarget_lock_acquire_recursive
                0x20008372        0x2 e:/gmv/codelite/tools/gcc-arm/bin/../lib/gcc/arm-none-eabi/9.2.1/../../../../arm-none-eabi/lib/thumb/v7e-m+fp/hard\libc_nano.a(lib_a-lock.o)
                0x20008372                __retarget_lock_acquire_recursive
 .text.__retarget_lock_try_acquire
                0x20008374        0x4 e:/gmv/codelite/tools/gcc-arm/bin/../lib/gcc/arm-none-eabi/9.2.1/../../../../arm-none-eabi/lib/thumb/v7e-m+fp/hard\libc_nano.a(lib_a-lock.o)
                0x20008374                __retarget_lock_try_acquire
 .text.__retarget_lock_try_acquire_recursive
                0x20008378        0x4 e:/gmv/codelite/tools/gcc-arm/bin/../lib/gcc/arm-none-eabi/9.2.1/../../../../arm-none-eabi/lib/thumb/v7e-m+fp/hard\libc_nano.a(lib_a-lock.o)
                0x20008378                __retarget_lock_try_acquire_recursive
 .text.__retarget_lock_release
                0x2000837c        0x2 e:/gmv/codelite/tools/gcc-arm/bin/../lib/gcc/arm-none-eabi/9.2.1/../../../../arm-none-eabi/lib/thumb/v7e-m+fp/hard\libc_nano.a(lib_a-lock.o)
                0x2000837c                __retarget_lock_release
 .text.__retarget_lock_release_recursive
                0x2000837e        0x2 e:/gmv/codelite/tools/gcc-arm/bin/../lib/gcc/arm-none-eabi/9.2.1/../../../../arm-none-eabi/lib/thumb/v7e-m+fp/hard\libc_nano.a(lib_a-lock.o)
                0x2000837e                __retarget_lock_release_recursive
 *(.rodata)
 .rodata        0x20008380       0x8a ./Debug/canTinyTimber.c.o
 *fill*         0x2000840a        0x2 
 .rodata        0x2000840c       0x98 ./Debug/part0.c.o
                0x2000840c                notePeriods
                0x20008470                notePeriodsGeneral
 .rodata        0x200084a4      0x111 ./Debug/application.c.o
                0x200084a4                length
                0x200084a8                brotherJohn
                0x20008528                brotherJohnBeatLength
                0x20008548                brotherJohnBeatLength1
 *fill*         0x200085b5        0x3 
 .rodata        0x200085b8       0x81 ./Debug/TinyTimber.c.o
 *(.rodata*)
 .rodata._ctype_
                0x20008639      0x101 e:/gmv/codelite/tools/gcc-arm/bin/../lib/gcc/arm-none-eabi/9.2.1/../../../../arm-none-eabi/lib/thumb/v7e-m+fp/hard\libc_nano.a(lib_a-ctype_.o)
                0x20008639                _ctype_
 *fill*         0x2000873a        0x2 
 .rodata._global_impure_ptr
                0x2000873c        0x4 e:/gmv/codelite/tools/gcc-arm/bin/../lib/gcc/arm-none-eabi/9.2.1/../../../../arm-none-eabi/lib/thumb/v7e-m+fp/hard\libc_nano.a(lib_a-impure.o)
                0x2000873c                _global_impure_ptr
 .rodata._svfprintf_r.str1.1
                0x20008740       0x11 e:/gmv/codelite/tools/gcc-arm/bin/../lib/gcc/arm-none-eabi/9.2.1/../../../../arm-none-eabi/lib/thumb/v7e-m+fp/hard\libc_nano.a(lib_a-nano-svfprintf.o)
 .rodata._printf_i.str1.1
                0x20008751       0x22 e:/gmv/codelite/tools/gcc-arm/bin/../lib/gcc/arm-none-eabi/9.2.1/../../../../arm-none-eabi/lib/thumb/v7e-m+fp/hard\libc_nano.a(lib_a-nano-vfprintf_i.o)
 *(.glue_7)
 .glue_7        0x20008773        0x0 linker stubs
 *(.glue_7t)
 .glue_7t       0x20008773        0x0 linker stubs
                0x20008774                . = ALIGN (0x4)
 *fill*         0x20008773        0x1 

.vfp11_veneer   0x20008774        0x0
 .vfp11_veneer  0x20008774        0x0 linker stubs

.v4_bx          0x20008774        0x0
 .v4_bx         0x20008774        0x0 linker stubs

.iplt           0x20008774        0x0
 .iplt          0x20008774        0x0 ./Debug/part2.c.o

.rel.dyn        0x20008774        0x0
 .rel.iplt      0x20008774        0x0 ./Debug/part2.c.o

.data           0x20008774      0x608
                0x20008774                . = ALIGN (0x4)
 *(.data)
 .data          0x20008774        0x0 ./Debug/part2.c.o
 .data          0x20008774       0x84 ./Debug/dispatch.s.o
 .data          0x200087f8        0x0 ./Debug/part1.c.o
 .data          0x200087f8        0x0 ./Debug/driver_src_stm32f4xx_syscfg.c.o
 .data          0x200087f8        0x0 ./Debug/sciTinyTimber.c.o
 .data          0x200087f8        0x0 ./Debug/canTinyTimber.c.o
 .data          0x200087f8        0x0 ./Debug/driver_src_stm32f4xx_usart.c.o
 .data          0x200087f8        0x0 ./Debug/driver_src_stm32f4xx_can.c.o
 .data          0x200087f8        0x0 ./Debug/part0.c.o
 .data          0x200087f8      0x4ec ./Debug/application.c.o
                0x200087f8                app
                0x20008808                melody
                0x2000881c                musicPlayer
                0x200088c4                sci0
 .data          0x20008ce4        0x0 ./Debug/startup.c.o
 .data          0x20008ce4       0x24 ./Debug/TinyTimber.c.o
                0x20008ce4                hex
                0x20008cf8                msgPool
                0x20008cfc                threadPool
                0x20008d00                activeStack
                0x20008d04                current
 .data          0x20008d08        0x0 ./Debug/driver_src_stm32f4xx_tim.c.o
 .data          0x20008d08        0x0 ./Debug/driver_src_stm32f4xx_exti.c.o
 .data          0x20008d08        0x0 ./Debug/driver_src_stm32f4xx_dac.c.o
 .data          0x20008d08        0x0 ./Debug/driver_src_stm32f4xx_gpio.c.o
 .data          0x20008d08       0x10 ./Debug/driver_src_stm32f4xx_rcc.c.o
 .data          0x20008d18        0x0 e:/gmv/codelite/tools/gcc-arm/bin/../lib/gcc/arm-none-eabi/9.2.1/../../../../arm-none-eabi/lib/thumb/v7e-m+fp/hard\libc_nano.a(lib_a-atoi.o)
 .data          0x20008d18        0x0 e:/gmv/codelite/tools/gcc-arm/bin/../lib/gcc/arm-none-eabi/9.2.1/../../../../arm-none-eabi/lib/thumb/v7e-m+fp/hard\libc_nano.a(lib_a-sprintf.o)
 .data          0x20008d18        0x0 e:/gmv/codelite/tools/gcc-arm/bin/../lib/gcc/arm-none-eabi/9.2.1/../../../../arm-none-eabi/lib/thumb/v7e-m+fp/hard\libc_nano.a(lib_a-strtol.o)
 .data          0x20008d18        0x0 e:/gmv/codelite/tools/gcc-arm/bin/../lib/gcc/arm-none-eabi/9.2.1/../../../../arm-none-eabi/lib/thumb/v7e-m+fp/hard\libc_nano.a(lib_a-ctype_.o)
 .data          0x20008d18        0x0 e:/gmv/codelite/tools/gcc-arm/bin/../lib/gcc/arm-none-eabi/9.2.1/../../../../arm-none-eabi/lib/thumb/v7e-m+fp/hard\libc_nano.a(lib_a-impure.o)
 .data          0x20008d18        0x0 e:/gmv/codelite/tools/gcc-arm/bin/../lib/gcc/arm-none-eabi/9.2.1/../../../../arm-none-eabi/lib/thumb/v7e-m+fp/hard\libc_nano.a(lib_a-nano-svfprintf.o)
 .data          0x20008d18        0x0 e:/gmv/codelite/tools/gcc-arm/bin/../lib/gcc/arm-none-eabi/9.2.1/../../../../arm-none-eabi/lib/thumb/v7e-m+fp/hard\libc_nano.a(lib_a-nano-vfprintf_i.o)
 .data          0x20008d18        0x0 e:/gmv/codelite/tools/gcc-arm/bin/../lib/gcc/arm-none-eabi/9.2.1/../../../../arm-none-eabi/lib/thumb/v7e-m+fp/hard\libc_nano.a(lib_a-memchr.o)
 .data          0x20008d18        0x0 e:/gmv/codelite/tools/gcc-arm/bin/../lib/gcc/arm-none-eabi/9.2.1/../../../../arm-none-eabi/lib/thumb/v7e-m+fp/hard\libc_nano.a(lib_a-memcpy-stub.o)
 .data          0x20008d18        0x0 e:/gmv/codelite/tools/gcc-arm/bin/../lib/gcc/arm-none-eabi/9.2.1/../../../../arm-none-eabi/lib/thumb/v7e-m+fp/hard\libc_nano.a(lib_a-memmove.o)
 .data          0x20008d18        0x0 e:/gmv/codelite/tools/gcc-arm/bin/../lib/gcc/arm-none-eabi/9.2.1/../../../../arm-none-eabi/lib/thumb/v7e-m+fp/hard\libc_nano.a(lib_a-nano-freer.o)
 .data          0x20008d18        0x0 e:/gmv/codelite/tools/gcc-arm/bin/../lib/gcc/arm-none-eabi/9.2.1/../../../../arm-none-eabi/lib/thumb/v7e-m+fp/hard\libc_nano.a(lib_a-nano-mallocr.o)
 .data          0x20008d18        0x0 e:/gmv/codelite/tools/gcc-arm/bin/../lib/gcc/arm-none-eabi/9.2.1/../../../../arm-none-eabi/lib/thumb/v7e-m+fp/hard\libc_nano.a(lib_a-nano-reallocr.o)
 .data          0x20008d18        0x0 e:/gmv/codelite/tools/gcc-arm/bin/../lib/gcc/arm-none-eabi/9.2.1/../../../../arm-none-eabi/lib/thumb/v7e-m+fp/hard\libc_nano.a(lib_a-sbrkr.o)
 .data          0x20008d18        0x0 e:/gmv/codelite/tools/gcc-arm/bin/../lib/gcc/arm-none-eabi/9.2.1/../../../../arm-none-eabi/lib/thumb/v7e-m+fp/hard\libc_nano.a(lib_a-mlock.o)
 .data          0x20008d18        0x0 e:/gmv/codelite/tools/gcc-arm/bin/../lib/gcc/arm-none-eabi/9.2.1/../../../../arm-none-eabi/lib/thumb/v7e-m+fp/hard\libc_nano.a(lib_a-nano-msizer.o)
 .data          0x20008d18        0x0 e:/gmv/codelite/tools/gcc-arm/bin/../lib/gcc/arm-none-eabi/9.2.1/../../../../arm-none-eabi/lib/thumb/v7e-m+fp/hard\libc_nano.a(lib_a-reent.o)
 .data          0x20008d18        0x0 e:/gmv/codelite/tools/gcc-arm/bin/../lib/gcc/arm-none-eabi/9.2.1/../../../../arm-none-eabi/lib/thumb/v7e-m+fp/hard\libc_nano.a(lib_a-lock.o)
 *(.data.*)
 .data._impure_ptr
                0x20008d18        0x4 e:/gmv/codelite/tools/gcc-arm/bin/../lib/gcc/arm-none-eabi/9.2.1/../../../../arm-none-eabi/lib/thumb/v7e-m+fp/hard\libc_nano.a(lib_a-impure.o)
                0x20008d18                _impure_ptr
 .data.impure_data
                0x20008d1c       0x60 e:/gmv/codelite/tools/gcc-arm/bin/../lib/gcc/arm-none-eabi/9.2.1/../../../../arm-none-eabi/lib/thumb/v7e-m+fp/hard\libc_nano.a(lib_a-impure.o)
                0x20008d7c                . = ALIGN (0x4)

.igot.plt       0x20008d7c        0x0
 .igot.plt      0x20008d7c        0x0 ./Debug/part2.c.o

.bss            0x20008d80     0x83c8
                0x20008d80                . = ALIGN (0x4)
                0x20008d80                _sbss = .
 *(.bss)
 .bss           0x20008d80        0x0 ./Debug/part2.c.o
 .bss           0x20008d80        0x0 ./Debug/dispatch.s.o
 .bss           0x20008d80        0x0 ./Debug/part1.c.o
 .bss           0x20008d80        0x0 ./Debug/driver_src_stm32f4xx_syscfg.c.o
 .bss           0x20008d80        0x0 ./Debug/sciTinyTimber.c.o
 .bss           0x20008d80        0x0 ./Debug/canTinyTimber.c.o
 .bss           0x20008d80        0x0 ./Debug/driver_src_stm32f4xx_usart.c.o
 .bss           0x20008d80        0x0 ./Debug/driver_src_stm32f4xx_can.c.o
 .bss           0x20008d80        0x0 ./Debug/part0.c.o
 .bss           0x20008d80       0x40 ./Debug/application.c.o
                0x20008d80                readBuffer
 .bss           0x20008dc0        0x0 ./Debug/startup.c.o
 .bss           0x20008dc0       0x18 ./Debug/TinyTimber.c.o
                0x20008dc0                msgQ
                0x20008dc4                timerQ
                0x20008dc8                runAsHardware
                0x20008dcc                doIRQSchedule
                0x20008dd0                timestamp
                0x20008dd4                overflows
 .bss           0x20008dd8        0x0 ./Debug/driver_src_stm32f4xx_tim.c.o
 .bss           0x20008dd8        0x0 ./Debug/driver_src_stm32f4xx_exti.c.o
 .bss           0x20008dd8        0x0 ./Debug/driver_src_stm32f4xx_dac.c.o
 .bss           0x20008dd8        0x0 ./Debug/driver_src_stm32f4xx_gpio.c.o
 .bss           0x20008dd8        0x0 ./Debug/driver_src_stm32f4xx_rcc.c.o
 .bss           0x20008dd8        0x0 e:/gmv/codelite/tools/gcc-arm/bin/../lib/gcc/arm-none-eabi/9.2.1/../../../../arm-none-eabi/lib/thumb/v7e-m+fp/hard\libc_nano.a(lib_a-atoi.o)
 .bss           0x20008dd8        0x0 e:/gmv/codelite/tools/gcc-arm/bin/../lib/gcc/arm-none-eabi/9.2.1/../../../../arm-none-eabi/lib/thumb/v7e-m+fp/hard\libc_nano.a(lib_a-sprintf.o)
 .bss           0x20008dd8        0x0 e:/gmv/codelite/tools/gcc-arm/bin/../lib/gcc/arm-none-eabi/9.2.1/../../../../arm-none-eabi/lib/thumb/v7e-m+fp/hard\libc_nano.a(lib_a-strtol.o)
 .bss           0x20008dd8        0x0 e:/gmv/codelite/tools/gcc-arm/bin/../lib/gcc/arm-none-eabi/9.2.1/../../../../arm-none-eabi/lib/thumb/v7e-m+fp/hard\libc_nano.a(lib_a-ctype_.o)
 .bss           0x20008dd8        0x0 e:/gmv/codelite/tools/gcc-arm/bin/../lib/gcc/arm-none-eabi/9.2.1/../../../../arm-none-eabi/lib/thumb/v7e-m+fp/hard\libc_nano.a(lib_a-impure.o)
 .bss           0x20008dd8        0x0 e:/gmv/codelite/tools/gcc-arm/bin/../lib/gcc/arm-none-eabi/9.2.1/../../../../arm-none-eabi/lib/thumb/v7e-m+fp/hard\libc_nano.a(lib_a-nano-svfprintf.o)
 .bss           0x20008dd8        0x0 e:/gmv/codelite/tools/gcc-arm/bin/../lib/gcc/arm-none-eabi/9.2.1/../../../../arm-none-eabi/lib/thumb/v7e-m+fp/hard\libc_nano.a(lib_a-nano-vfprintf_i.o)
 .bss           0x20008dd8        0x0 e:/gmv/codelite/tools/gcc-arm/bin/../lib/gcc/arm-none-eabi/9.2.1/../../../../arm-none-eabi/lib/thumb/v7e-m+fp/hard\libc_nano.a(lib_a-memchr.o)
 .bss           0x20008dd8        0x0 e:/gmv/codelite/tools/gcc-arm/bin/../lib/gcc/arm-none-eabi/9.2.1/../../../../arm-none-eabi/lib/thumb/v7e-m+fp/hard\libc_nano.a(lib_a-memcpy-stub.o)
 .bss           0x20008dd8        0x0 e:/gmv/codelite/tools/gcc-arm/bin/../lib/gcc/arm-none-eabi/9.2.1/../../../../arm-none-eabi/lib/thumb/v7e-m+fp/hard\libc_nano.a(lib_a-memmove.o)
 .bss           0x20008dd8        0x0 e:/gmv/codelite/tools/gcc-arm/bin/../lib/gcc/arm-none-eabi/9.2.1/../../../../arm-none-eabi/lib/thumb/v7e-m+fp/hard\libc_nano.a(lib_a-nano-freer.o)
 .bss           0x20008dd8        0x0 e:/gmv/codelite/tools/gcc-arm/bin/../lib/gcc/arm-none-eabi/9.2.1/../../../../arm-none-eabi/lib/thumb/v7e-m+fp/hard\libc_nano.a(lib_a-nano-mallocr.o)
 .bss           0x20008dd8        0x0 e:/gmv/codelite/tools/gcc-arm/bin/../lib/gcc/arm-none-eabi/9.2.1/../../../../arm-none-eabi/lib/thumb/v7e-m+fp/hard\libc_nano.a(lib_a-nano-reallocr.o)
 .bss           0x20008dd8        0x0 e:/gmv/codelite/tools/gcc-arm/bin/../lib/gcc/arm-none-eabi/9.2.1/../../../../arm-none-eabi/lib/thumb/v7e-m+fp/hard\libc_nano.a(lib_a-sbrkr.o)
 .bss           0x20008dd8        0x0 e:/gmv/codelite/tools/gcc-arm/bin/../lib/gcc/arm-none-eabi/9.2.1/../../../../arm-none-eabi/lib/thumb/v7e-m+fp/hard\libc_nano.a(lib_a-mlock.o)
 .bss           0x20008dd8        0x0 e:/gmv/codelite/tools/gcc-arm/bin/../lib/gcc/arm-none-eabi/9.2.1/../../../../arm-none-eabi/lib/thumb/v7e-m+fp/hard\libc_nano.a(lib_a-nano-msizer.o)
 .bss           0x20008dd8        0x0 e:/gmv/codelite/tools/gcc-arm/bin/../lib/gcc/arm-none-eabi/9.2.1/../../../../arm-none-eabi/lib/thumb/v7e-m+fp/hard\libc_nano.a(lib_a-reent.o)
 .bss           0x20008dd8        0x0 e:/gmv/codelite/tools/gcc-arm/bin/../lib/gcc/arm-none-eabi/9.2.1/../../../../arm-none-eabi/lib/thumb/v7e-m+fp/hard\libc_nano.a(lib_a-lock.o)
 *(.bss.*)
 .bss.__malloc_free_list
                0x20008dd8        0x4 e:/gmv/codelite/tools/gcc-arm/bin/../lib/gcc/arm-none-eabi/9.2.1/../../../../arm-none-eabi/lib/thumb/v7e-m+fp/hard\libc_nano.a(lib_a-nano-mallocr.o)
                0x20008dd8                __malloc_free_list
 .bss.__malloc_sbrk_start
                0x20008ddc        0x4 e:/gmv/codelite/tools/gcc-arm/bin/../lib/gcc/arm-none-eabi/9.2.1/../../../../arm-none-eabi/lib/thumb/v7e-m+fp/hard\libc_nano.a(lib_a-nano-mallocr.o)
                0x20008ddc                __malloc_sbrk_start
 *(COMMON)
 COMMON         0x20008de0     0x8358 ./Debug/TinyTimber.c.o
                0x20008de0                otable
                0x20008dec                upcoming
                0x20008df0                threads
                0x20008e40                mtable
                0x20008e4c                thread0
                0x20008e60                messages
                0x20009130                __heap_end
                0x20009138                stacks
 COMMON         0x20011138        0x4 e:/gmv/codelite/tools/gcc-arm/bin/../lib/gcc/arm-none-eabi/9.2.1/../../../../arm-none-eabi/lib/thumb/v7e-m+fp/hard\libc_nano.a(lib_a-reent.o)
                0x20011138                errno
 COMMON         0x2001113c        0x9 e:/gmv/codelite/tools/gcc-arm/bin/../lib/gcc/arm-none-eabi/9.2.1/../../../../arm-none-eabi/lib/thumb/v7e-m+fp/hard\libc_nano.a(lib_a-lock.o)
                0x2001113c                __lock___atexit_recursive_mutex
                0x2001113d                __lock___arc4random_mutex
                0x2001113e                __lock___env_recursive_mutex
                0x2001113f                __lock___sinit_recursive_mutex
                0x20011140                __lock___malloc_recursive_mutex
                0x20011141                __lock___at_quick_exit_mutex
                0x20011142                __lock___dd_hash_mutex
                0x20011143                __lock___tz_mutex
                0x20011144                __lock___sfp_recursive_mutex
                0x20011148                . = ALIGN (0x4)
 *fill*         0x20011145        0x3 
                0x20011148                _ebss = .
                0x20011148                PROVIDE (end = _ebss)
                [!provide]                PROVIDE (_end = _ebss)
OUTPUT(./Debug/RTS-Lab.elf elf32-littlearm)

.debug_info     0x00000000     0xcacd
 .debug_info    0x00000000      0xc22 ./Debug/part2.c.o
 .debug_info    0x00000c22      0xe1c ./Debug/part1.c.o
 .debug_info    0x00001a3e      0x2c4 ./Debug/driver_src_stm32f4xx_syscfg.c.o
 .debug_info    0x00001d02      0x9d1 ./Debug/sciTinyTimber.c.o
 .debug_info    0x000026d3      0xdb4 ./Debug/canTinyTimber.c.o
 .debug_info    0x00003487      0xa68 ./Debug/driver_src_stm32f4xx_usart.c.o
 .debug_info    0x00003eef      0xc60 ./Debug/driver_src_stm32f4xx_can.c.o
 .debug_info    0x00004b4f      0xef1 ./Debug/part0.c.o
 .debug_info    0x00005a40      0xfa8 ./Debug/application.c.o
 .debug_info    0x000069e8      0xade ./Debug/startup.c.o
 .debug_info    0x000074c6     0x183c ./Debug/TinyTimber.c.o
 .debug_info    0x00008d02     0x1e26 ./Debug/driver_src_stm32f4xx_tim.c.o
 .debug_info    0x0000ab28      0x383 ./Debug/driver_src_stm32f4xx_exti.c.o
 .debug_info    0x0000aeab      0x6af ./Debug/driver_src_stm32f4xx_dac.c.o
 .debug_info    0x0000b55a      0x67f ./Debug/driver_src_stm32f4xx_gpio.c.o
 .debug_info    0x0000bbd9      0xef4 ./Debug/driver_src_stm32f4xx_rcc.c.o

.debug_abbrev   0x00000000     0x25fe
 .debug_abbrev  0x00000000      0x277 ./Debug/part2.c.o
 .debug_abbrev  0x00000277      0x286 ./Debug/part1.c.o
 .debug_abbrev  0x000004fd      0x164 ./Debug/driver_src_stm32f4xx_syscfg.c.o
 .debug_abbrev  0x00000661      0x273 ./Debug/sciTinyTimber.c.o
 .debug_abbrev  0x000008d4      0x277 ./Debug/canTinyTimber.c.o
 .debug_abbrev  0x00000b4b      0x1a8 ./Debug/driver_src_stm32f4xx_usart.c.o
 .debug_abbrev  0x00000cf3      0x238 ./Debug/driver_src_stm32f4xx_can.c.o
 .debug_abbrev  0x00000f2b      0x2ae ./Debug/part0.c.o
 .debug_abbrev  0x000011d9      0x369 ./Debug/application.c.o
 .debug_abbrev  0x00001542      0x286 ./Debug/startup.c.o
 .debug_abbrev  0x000017c8      0x4f2 ./Debug/TinyTimber.c.o
 .debug_abbrev  0x00001cba      0x1c2 ./Debug/driver_src_stm32f4xx_tim.c.o
 .debug_abbrev  0x00001e7c      0x1ea ./Debug/driver_src_stm32f4xx_exti.c.o
 .debug_abbrev  0x00002066      0x1b9 ./Debug/driver_src_stm32f4xx_dac.c.o
 .debug_abbrev  0x0000221f      0x1e6 ./Debug/driver_src_stm32f4xx_gpio.c.o
 .debug_abbrev  0x00002405      0x1f9 ./Debug/driver_src_stm32f4xx_rcc.c.o

.debug_aranges  0x00000000      0x208
 .debug_aranges
                0x00000000       0x20 ./Debug/part2.c.o
 .debug_aranges
                0x00000020       0x20 ./Debug/part1.c.o
 .debug_aranges
                0x00000040       0x20 ./Debug/driver_src_stm32f4xx_syscfg.c.o
 .debug_aranges
                0x00000060       0x20 ./Debug/sciTinyTimber.c.o
 .debug_aranges
                0x00000080       0x20 ./Debug/canTinyTimber.c.o
 .debug_aranges
                0x000000a0       0x20 ./Debug/driver_src_stm32f4xx_usart.c.o
 .debug_aranges
                0x000000c0       0x20 ./Debug/driver_src_stm32f4xx_can.c.o
 .debug_aranges
                0x000000e0       0x20 ./Debug/part0.c.o
 .debug_aranges
                0x00000100       0x20 ./Debug/application.c.o
 .debug_aranges
                0x00000120       0x28 ./Debug/startup.c.o
 .debug_aranges
                0x00000148       0x20 ./Debug/TinyTimber.c.o
 .debug_aranges
                0x00000168       0x20 ./Debug/driver_src_stm32f4xx_tim.c.o
 .debug_aranges
                0x00000188       0x20 ./Debug/driver_src_stm32f4xx_exti.c.o
 .debug_aranges
                0x000001a8       0x20 ./Debug/driver_src_stm32f4xx_dac.c.o
 .debug_aranges
                0x000001c8       0x20 ./Debug/driver_src_stm32f4xx_gpio.c.o
 .debug_aranges
                0x000001e8       0x20 ./Debug/driver_src_stm32f4xx_rcc.c.o

.debug_line     0x00000000     0x4f7e
 .debug_line    0x00000000      0x29f ./Debug/part2.c.o
 .debug_line    0x0000029f      0x3c5 ./Debug/part1.c.o
 .debug_line    0x00000664      0x1f4 ./Debug/driver_src_stm32f4xx_syscfg.c.o
 .debug_line    0x00000858      0x2a3 ./Debug/sciTinyTimber.c.o
 .debug_line    0x00000afb      0x407 ./Debug/canTinyTimber.c.o
 .debug_line    0x00000f02      0x566 ./Debug/driver_src_stm32f4xx_usart.c.o
 .debug_line    0x00001468      0x8ab ./Debug/driver_src_stm32f4xx_can.c.o
 .debug_line    0x00001d13      0x484 ./Debug/part0.c.o
 .debug_line    0x00002197      0x2c6 ./Debug/application.c.o
 .debug_line    0x0000245d      0x35f ./Debug/startup.c.o
 .debug_line    0x000027bc      0xa6d ./Debug/TinyTimber.c.o
 .debug_line    0x00003229      0xb79 ./Debug/driver_src_stm32f4xx_tim.c.o
 .debug_line    0x00003da2      0x2d3 ./Debug/driver_src_stm32f4xx_exti.c.o
 .debug_line    0x00004075      0x3a9 ./Debug/driver_src_stm32f4xx_dac.c.o
 .debug_line    0x0000441e      0x404 ./Debug/driver_src_stm32f4xx_gpio.c.o
 .debug_line    0x00004822      0x75c ./Debug/driver_src_stm32f4xx_rcc.c.o

.debug_str      0x00000000     0x3a16
 .debug_str     0x00000000      0x62f ./Debug/part2.c.o
                                0x6b8 (size before relaxing)
 .debug_str     0x0000062f       0xe4 ./Debug/part1.c.o
                                0x6fc (size before relaxing)
 .debug_str     0x00000713      0x1ab ./Debug/driver_src_stm32f4xx_syscfg.c.o
                                0x358 (size before relaxing)
 .debug_str     0x000008be      0x69d ./Debug/sciTinyTimber.c.o
                                0x8bd (size before relaxing)
 .debug_str     0x00000f5b      0x20f ./Debug/canTinyTimber.c.o
                                0xa5e (size before relaxing)
 .debug_str     0x0000116a      0x479 ./Debug/driver_src_stm32f4xx_usart.c.o
                                0x6d9 (size before relaxing)
 .debug_str     0x000015e3      0x3b4 ./Debug/driver_src_stm32f4xx_can.c.o
                                0x788 (size before relaxing)
 .debug_str     0x00001997      0x155 ./Debug/part0.c.o
                                0x744 (size before relaxing)
 .debug_str     0x00001aec      0x116 ./Debug/application.c.o
                                0x807 (size before relaxing)
 .debug_str     0x00001c02      0x3fd ./Debug/startup.c.o
                                0x7e0 (size before relaxing)
 .debug_str     0x00001fff      0x3c2 ./Debug/TinyTimber.c.o
                                0xc9d (size before relaxing)
 .debug_str     0x000023c1      0xa82 ./Debug/driver_src_stm32f4xx_tim.c.o
                                0xe1a (size before relaxing)
 .debug_str     0x00002e43       0xfc ./Debug/driver_src_stm32f4xx_exti.c.o
                                0x396 (size before relaxing)
 .debug_str     0x00002f3f      0x236 ./Debug/driver_src_stm32f4xx_dac.c.o
                                0x49d (size before relaxing)
 .debug_str     0x00003175      0x17d ./Debug/driver_src_stm32f4xx_gpio.c.o
                                0x4ed (size before relaxing)
 .debug_str     0x000032f2      0x724 ./Debug/driver_src_stm32f4xx_rcc.c.o
                                0x9df (size before relaxing)

.comment        0x00000000       0x79
 .comment       0x00000000       0x79 ./Debug/part2.c.o
                                 0x7a (size before relaxing)
 .comment       0x00000079       0x7a ./Debug/part1.c.o
 .comment       0x00000079       0x7a ./Debug/driver_src_stm32f4xx_syscfg.c.o
 .comment       0x00000079       0x7a ./Debug/sciTinyTimber.c.o
 .comment       0x00000079       0x7a ./Debug/canTinyTimber.c.o
 .comment       0x00000079       0x7a ./Debug/driver_src_stm32f4xx_usart.c.o
 .comment       0x00000079       0x7a ./Debug/driver_src_stm32f4xx_can.c.o
 .comment       0x00000079       0x7a ./Debug/part0.c.o
 .comment       0x00000079       0x7a ./Debug/application.c.o
 .comment       0x00000079       0x7a ./Debug/startup.c.o
 .comment       0x00000079       0x7a ./Debug/TinyTimber.c.o
 .comment       0x00000079       0x7a ./Debug/driver_src_stm32f4xx_tim.c.o
 .comment       0x00000079       0x7a ./Debug/driver_src_stm32f4xx_exti.c.o
 .comment       0x00000079       0x7a ./Debug/driver_src_stm32f4xx_dac.c.o
 .comment       0x00000079       0x7a ./Debug/driver_src_stm32f4xx_gpio.c.o
 .comment       0x00000079       0x7a ./Debug/driver_src_stm32f4xx_rcc.c.o

.ARM.attributes
                0x00000000       0x32
 .ARM.attributes
                0x00000000       0x34 ./Debug/part2.c.o
 .ARM.attributes
                0x00000034       0x25 ./Debug/dispatch.s.o
 .ARM.attributes
                0x00000059       0x34 ./Debug/part1.c.o
 .ARM.attributes
                0x0000008d       0x34 ./Debug/driver_src_stm32f4xx_syscfg.c.o
 .ARM.attributes
                0x000000c1       0x34 ./Debug/sciTinyTimber.c.o
 .ARM.attributes
                0x000000f5       0x34 ./Debug/canTinyTimber.c.o
 .ARM.attributes
                0x00000129       0x34 ./Debug/driver_src_stm32f4xx_usart.c.o
 .ARM.attributes
                0x0000015d       0x34 ./Debug/driver_src_stm32f4xx_can.c.o
 .ARM.attributes
                0x00000191       0x34 ./Debug/part0.c.o
 .ARM.attributes
                0x000001c5       0x34 ./Debug/application.c.o
 .ARM.attributes
                0x000001f9       0x34 ./Debug/startup.c.o
 .ARM.attributes
                0x0000022d       0x34 ./Debug/TinyTimber.c.o
 .ARM.attributes
                0x00000261       0x34 ./Debug/driver_src_stm32f4xx_tim.c.o
 .ARM.attributes
                0x00000295       0x34 ./Debug/driver_src_stm32f4xx_exti.c.o
 .ARM.attributes
                0x000002c9       0x34 ./Debug/driver_src_stm32f4xx_dac.c.o
 .ARM.attributes
                0x000002fd       0x34 ./Debug/driver_src_stm32f4xx_gpio.c.o
 .ARM.attributes
                0x00000331       0x34 ./Debug/driver_src_stm32f4xx_rcc.c.o
 .ARM.attributes
                0x00000365       0x34 e:/gmv/codelite/tools/gcc-arm/bin/../lib/gcc/arm-none-eabi/9.2.1/../../../../arm-none-eabi/lib/thumb/v7e-m+fp/hard\libc_nano.a(lib_a-atoi.o)
 .ARM.attributes
                0x00000399       0x34 e:/gmv/codelite/tools/gcc-arm/bin/../lib/gcc/arm-none-eabi/9.2.1/../../../../arm-none-eabi/lib/thumb/v7e-m+fp/hard\libc_nano.a(lib_a-sprintf.o)
 .ARM.attributes
                0x000003cd       0x34 e:/gmv/codelite/tools/gcc-arm/bin/../lib/gcc/arm-none-eabi/9.2.1/../../../../arm-none-eabi/lib/thumb/v7e-m+fp/hard\libc_nano.a(lib_a-strtol.o)
 .ARM.attributes
                0x00000401       0x32 e:/gmv/codelite/tools/gcc-arm/bin/../lib/gcc/arm-none-eabi/9.2.1/../../../../arm-none-eabi/lib/thumb/v7e-m+fp/hard\libc_nano.a(lib_a-ctype_.o)
 .ARM.attributes
                0x00000433       0x32 e:/gmv/codelite/tools/gcc-arm/bin/../lib/gcc/arm-none-eabi/9.2.1/../../../../arm-none-eabi/lib/thumb/v7e-m+fp/hard\libc_nano.a(lib_a-impure.o)
 .ARM.attributes
                0x00000465       0x34 e:/gmv/codelite/tools/gcc-arm/bin/../lib/gcc/arm-none-eabi/9.2.1/../../../../arm-none-eabi/lib/thumb/v7e-m+fp/hard\libc_nano.a(lib_a-nano-svfprintf.o)
 .ARM.attributes
                0x00000499       0x34 e:/gmv/codelite/tools/gcc-arm/bin/../lib/gcc/arm-none-eabi/9.2.1/../../../../arm-none-eabi/lib/thumb/v7e-m+fp/hard\libc_nano.a(lib_a-nano-vfprintf_i.o)
 .ARM.attributes
                0x000004cd       0x1c e:/gmv/codelite/tools/gcc-arm/bin/../lib/gcc/arm-none-eabi/9.2.1/../../../../arm-none-eabi/lib/thumb/v7e-m+fp/hard\libc_nano.a(lib_a-memchr.o)
 .ARM.attributes
                0x000004e9       0x34 e:/gmv/codelite/tools/gcc-arm/bin/../lib/gcc/arm-none-eabi/9.2.1/../../../../arm-none-eabi/lib/thumb/v7e-m+fp/hard\libc_nano.a(lib_a-memcpy-stub.o)
 .ARM.attributes
                0x0000051d       0x34 e:/gmv/codelite/tools/gcc-arm/bin/../lib/gcc/arm-none-eabi/9.2.1/../../../../arm-none-eabi/lib/thumb/v7e-m+fp/hard\libc_nano.a(lib_a-memmove.o)
 .ARM.attributes
                0x00000551       0x34 e:/gmv/codelite/tools/gcc-arm/bin/../lib/gcc/arm-none-eabi/9.2.1/../../../../arm-none-eabi/lib/thumb/v7e-m+fp/hard\libc_nano.a(lib_a-nano-freer.o)
 .ARM.attributes
                0x00000585       0x34 e:/gmv/codelite/tools/gcc-arm/bin/../lib/gcc/arm-none-eabi/9.2.1/../../../../arm-none-eabi/lib/thumb/v7e-m+fp/hard\libc_nano.a(lib_a-nano-mallocr.o)
 .ARM.attributes
                0x000005b9       0x34 e:/gmv/codelite/tools/gcc-arm/bin/../lib/gcc/arm-none-eabi/9.2.1/../../../../arm-none-eabi/lib/thumb/v7e-m+fp/hard\libc_nano.a(lib_a-nano-reallocr.o)
 .ARM.attributes
                0x000005ed       0x34 e:/gmv/codelite/tools/gcc-arm/bin/../lib/gcc/arm-none-eabi/9.2.1/../../../../arm-none-eabi/lib/thumb/v7e-m+fp/hard\libc_nano.a(lib_a-sbrkr.o)
 .ARM.attributes
                0x00000621       0x34 e:/gmv/codelite/tools/gcc-arm/bin/../lib/gcc/arm-none-eabi/9.2.1/../../../../arm-none-eabi/lib/thumb/v7e-m+fp/hard\libc_nano.a(lib_a-mlock.o)
 .ARM.attributes
                0x00000655       0x34 e:/gmv/codelite/tools/gcc-arm/bin/../lib/gcc/arm-none-eabi/9.2.1/../../../../arm-none-eabi/lib/thumb/v7e-m+fp/hard\libc_nano.a(lib_a-nano-msizer.o)
 .ARM.attributes
                0x00000689       0x34 e:/gmv/codelite/tools/gcc-arm/bin/../lib/gcc/arm-none-eabi/9.2.1/../../../../arm-none-eabi/lib/thumb/v7e-m+fp/hard\libc_nano.a(lib_a-reent.o)
 .ARM.attributes
                0x000006bd       0x34 e:/gmv/codelite/tools/gcc-arm/bin/../lib/gcc/arm-none-eabi/9.2.1/../../../../arm-none-eabi/lib/thumb/v7e-m+fp/hard\libc_nano.a(lib_a-lock.o)

.debug_frame    0x00000000     0x3894
 .debug_frame   0x00000000       0xd0 ./Debug/part2.c.o
 .debug_frame   0x000000d0      0x168 ./Debug/part1.c.o
 .debug_frame   0x00000238      0x11c ./Debug/driver_src_stm32f4xx_syscfg.c.o
 .debug_frame   0x00000354      0x11c ./Debug/sciTinyTimber.c.o
 .debug_frame   0x00000470      0x100 ./Debug/canTinyTimber.c.o
 .debug_frame   0x00000570      0x490 ./Debug/driver_src_stm32f4xx_usart.c.o
 .debug_frame   0x00000a00      0x3f8 ./Debug/driver_src_stm32f4xx_can.c.o
 .debug_frame   0x00000df8      0x1c4 ./Debug/part0.c.o
 .debug_frame   0x00000fbc      0x10c ./Debug/application.c.o
 .debug_frame   0x000010c8      0x14c ./Debug/startup.c.o
 .debug_frame   0x00001214      0x57c ./Debug/TinyTimber.c.o
 .debug_frame   0x00001790      0xe54 ./Debug/driver_src_stm32f4xx_tim.c.o
 .debug_frame   0x000025e4      0x148 ./Debug/driver_src_stm32f4xx_exti.c.o
 .debug_frame   0x0000272c      0x2ac ./Debug/driver_src_stm32f4xx_dac.c.o
 .debug_frame   0x000029d8      0x23c ./Debug/driver_src_stm32f4xx_gpio.c.o
 .debug_frame   0x00002c14      0x814 ./Debug/driver_src_stm32f4xx_rcc.c.o
 .debug_frame   0x00003428       0x30 e:/gmv/codelite/tools/gcc-arm/bin/../lib/gcc/arm-none-eabi/9.2.1/../../../../arm-none-eabi/lib/thumb/v7e-m+fp/hard\libc_nano.a(lib_a-atoi.o)
 .debug_frame   0x00003458       0x6c e:/gmv/codelite/tools/gcc-arm/bin/../lib/gcc/arm-none-eabi/9.2.1/../../../../arm-none-eabi/lib/thumb/v7e-m+fp/hard\libc_nano.a(lib_a-sprintf.o)
 .debug_frame   0x000034c4       0x64 e:/gmv/codelite/tools/gcc-arm/bin/../lib/gcc/arm-none-eabi/9.2.1/../../../../arm-none-eabi/lib/thumb/v7e-m+fp/hard\libc_nano.a(lib_a-strtol.o)
 .debug_frame   0x00003528       0x90 e:/gmv/codelite/tools/gcc-arm/bin/../lib/gcc/arm-none-eabi/9.2.1/../../../../arm-none-eabi/lib/thumb/v7e-m+fp/hard\libc_nano.a(lib_a-nano-svfprintf.o)
 .debug_frame   0x000035b8       0x60 e:/gmv/codelite/tools/gcc-arm/bin/../lib/gcc/arm-none-eabi/9.2.1/../../../../arm-none-eabi/lib/thumb/v7e-m+fp/hard\libc_nano.a(lib_a-nano-vfprintf_i.o)
 .debug_frame   0x00003618       0x28 e:/gmv/codelite/tools/gcc-arm/bin/../lib/gcc/arm-none-eabi/9.2.1/../../../../arm-none-eabi/lib/thumb/v7e-m+fp/hard\libc_nano.a(lib_a-memcpy-stub.o)
 .debug_frame   0x00003640       0x28 e:/gmv/codelite/tools/gcc-arm/bin/../lib/gcc/arm-none-eabi/9.2.1/../../../../arm-none-eabi/lib/thumb/v7e-m+fp/hard\libc_nano.a(lib_a-memmove.o)
 .debug_frame   0x00003668       0x38 e:/gmv/codelite/tools/gcc-arm/bin/../lib/gcc/arm-none-eabi/9.2.1/../../../../arm-none-eabi/lib/thumb/v7e-m+fp/hard\libc_nano.a(lib_a-nano-freer.o)
 .debug_frame   0x000036a0       0x30 e:/gmv/codelite/tools/gcc-arm/bin/../lib/gcc/arm-none-eabi/9.2.1/../../../../arm-none-eabi/lib/thumb/v7e-m+fp/hard\libc_nano.a(lib_a-nano-mallocr.o)
 .debug_frame   0x000036d0       0x3c e:/gmv/codelite/tools/gcc-arm/bin/../lib/gcc/arm-none-eabi/9.2.1/../../../../arm-none-eabi/lib/thumb/v7e-m+fp/hard\libc_nano.a(lib_a-nano-reallocr.o)
 .debug_frame   0x0000370c       0x2c e:/gmv/codelite/tools/gcc-arm/bin/../lib/gcc/arm-none-eabi/9.2.1/../../../../arm-none-eabi/lib/thumb/v7e-m+fp/hard\libc_nano.a(lib_a-sbrkr.o)
 .debug_frame   0x00003738       0x30 e:/gmv/codelite/tools/gcc-arm/bin/../lib/gcc/arm-none-eabi/9.2.1/../../../../arm-none-eabi/lib/thumb/v7e-m+fp/hard\libc_nano.a(lib_a-mlock.o)
 .debug_frame   0x00003768       0x20 e:/gmv/codelite/tools/gcc-arm/bin/../lib/gcc/arm-none-eabi/9.2.1/../../../../arm-none-eabi/lib/thumb/v7e-m+fp/hard\libc_nano.a(lib_a-nano-msizer.o)
 .debug_frame   0x00003788       0x5c e:/gmv/codelite/tools/gcc-arm/bin/../lib/gcc/arm-none-eabi/9.2.1/../../../../arm-none-eabi/lib/thumb/v7e-m+fp/hard\libc_nano.a(lib_a-reent.o)
 .debug_frame   0x000037e4       0xb0 e:/gmv/codelite/tools/gcc-arm/bin/../lib/gcc/arm-none-eabi/9.2.1/../../../../arm-none-eabi/lib/thumb/v7e-m+fp/hard\libc_nano.a(lib_a-lock.o)

.debug_ranges   0x00000000       0x18
 .debug_ranges  0x00000000       0x18 ./Debug/startup.c.o

Cross Reference Table

Symbol                                            File
ABORT                                             ./Debug/TinyTimber.c.o
CAN_CancelTransmit                                ./Debug/driver_src_stm32f4xx_can.c.o
CAN_ClearFlag                                     ./Debug/driver_src_stm32f4xx_can.c.o
CAN_ClearITPendingBit                             ./Debug/driver_src_stm32f4xx_can.c.o
CAN_DBGFreeze                                     ./Debug/driver_src_stm32f4xx_can.c.o
CAN_DeInit                                        ./Debug/driver_src_stm32f4xx_can.c.o
                                                  ./Debug/startup.c.o
CAN_FIFORelease                                   ./Debug/driver_src_stm32f4xx_can.c.o
CAN_FilterInit                                    ./Debug/driver_src_stm32f4xx_can.c.o
                                                  ./Debug/startup.c.o
CAN_GetFlagStatus                                 ./Debug/driver_src_stm32f4xx_can.c.o
                                                  ./Debug/canTinyTimber.c.o
CAN_GetITStatus                                   ./Debug/driver_src_stm32f4xx_can.c.o
CAN_GetLSBTransmitErrorCounter                    ./Debug/driver_src_stm32f4xx_can.c.o
CAN_GetLastErrorCode                              ./Debug/driver_src_stm32f4xx_can.c.o
CAN_GetReceiveErrorCounter                        ./Debug/driver_src_stm32f4xx_can.c.o
CAN_ITConfig                                      ./Debug/driver_src_stm32f4xx_can.c.o
                                                  ./Debug/canTinyTimber.c.o
CAN_Init                                          ./Debug/driver_src_stm32f4xx_can.c.o
                                                  ./Debug/canTinyTimber.c.o
CAN_MessagePending                                ./Debug/driver_src_stm32f4xx_can.c.o
CAN_OperatingModeRequest                          ./Debug/driver_src_stm32f4xx_can.c.o
CAN_Receive                                       ./Debug/driver_src_stm32f4xx_can.c.o
                                                  ./Debug/canTinyTimber.c.o
CAN_SlaveStartBank                                ./Debug/driver_src_stm32f4xx_can.c.o
CAN_Sleep                                         ./Debug/driver_src_stm32f4xx_can.c.o
CAN_StructInit                                    ./Debug/driver_src_stm32f4xx_can.c.o
                                                  ./Debug/canTinyTimber.c.o
CAN_TTComModeCmd                                  ./Debug/driver_src_stm32f4xx_can.c.o
CAN_Transmit                                      ./Debug/driver_src_stm32f4xx_can.c.o
                                                  ./Debug/canTinyTimber.c.o
CAN_TransmitStatus                                ./Debug/driver_src_stm32f4xx_can.c.o
CAN_WakeUp                                        ./Debug/driver_src_stm32f4xx_can.c.o
CURRENT_OFFSET                                    ./Debug/TinyTimber.c.o
                                                  ./Debug/part1.c.o
DAC_ClearFlag                                     ./Debug/driver_src_stm32f4xx_dac.c.o
DAC_ClearITPendingBit                             ./Debug/driver_src_stm32f4xx_dac.c.o
DAC_Cmd                                           ./Debug/driver_src_stm32f4xx_dac.c.o
                                                  ./Debug/startup.c.o
DAC_DMACmd                                        ./Debug/driver_src_stm32f4xx_dac.c.o
DAC_DeInit                                        ./Debug/driver_src_stm32f4xx_dac.c.o
                                                  ./Debug/startup.c.o
DAC_DualSoftwareTriggerCmd                        ./Debug/driver_src_stm32f4xx_dac.c.o
DAC_GetDataOutputValue                            ./Debug/driver_src_stm32f4xx_dac.c.o
DAC_GetFlagStatus                                 ./Debug/driver_src_stm32f4xx_dac.c.o
DAC_GetITStatus                                   ./Debug/driver_src_stm32f4xx_dac.c.o
DAC_ITConfig                                      ./Debug/driver_src_stm32f4xx_dac.c.o
DAC_Init                                          ./Debug/driver_src_stm32f4xx_dac.c.o
                                                  ./Debug/startup.c.o
DAC_SetChannel1Data                               ./Debug/driver_src_stm32f4xx_dac.c.o
DAC_SetChannel2Data                               ./Debug/driver_src_stm32f4xx_dac.c.o
                                                  ./Debug/startup.c.o
DAC_SetDualChannelData                            ./Debug/driver_src_stm32f4xx_dac.c.o
DAC_SoftwareTriggerCmd                            ./Debug/driver_src_stm32f4xx_dac.c.o
DAC_StructInit                                    ./Debug/driver_src_stm32f4xx_dac.c.o
                                                  ./Debug/startup.c.o
DAC_WaveGenerationCmd                             ./Debug/driver_src_stm32f4xx_dac.c.o
DUMP                                              ./Debug/TinyTimber.c.o
                                                  ./Debug/canTinyTimber.c.o
                                                  ./Debug/dispatch.s.o
DUMPC                                             ./Debug/TinyTimber.c.o
DUMPD                                             ./Debug/TinyTimber.c.o
                                                  ./Debug/dispatch.s.o
DUMPH                                             ./Debug/TinyTimber.c.o
                                                  ./Debug/dispatch.s.o
EXTI_ClearFlag                                    ./Debug/driver_src_stm32f4xx_exti.c.o
EXTI_ClearITPendingBit                            ./Debug/driver_src_stm32f4xx_exti.c.o
EXTI_DeInit                                       ./Debug/driver_src_stm32f4xx_exti.c.o
                                                  ./Debug/startup.c.o
EXTI_GenerateSWInterrupt                          ./Debug/driver_src_stm32f4xx_exti.c.o
EXTI_GetFlagStatus                                ./Debug/driver_src_stm32f4xx_exti.c.o
EXTI_GetITStatus                                  ./Debug/driver_src_stm32f4xx_exti.c.o
EXTI_Init                                         ./Debug/driver_src_stm32f4xx_exti.c.o
                                                  ./Debug/startup.c.o
EXTI_StructInit                                   ./Debug/driver_src_stm32f4xx_exti.c.o
                                                  ./Debug/startup.c.o
GPIO_DeInit                                       ./Debug/driver_src_stm32f4xx_gpio.c.o
                                                  ./Debug/startup.c.o
GPIO_Init                                         ./Debug/driver_src_stm32f4xx_gpio.c.o
                                                  ./Debug/startup.c.o
GPIO_PinAFConfig                                  ./Debug/driver_src_stm32f4xx_gpio.c.o
                                                  ./Debug/startup.c.o
GPIO_PinLockConfig                                ./Debug/driver_src_stm32f4xx_gpio.c.o
GPIO_ReadInputData                                ./Debug/driver_src_stm32f4xx_gpio.c.o
GPIO_ReadInputDataBit                             ./Debug/driver_src_stm32f4xx_gpio.c.o
GPIO_ReadOutputData                               ./Debug/driver_src_stm32f4xx_gpio.c.o
GPIO_ReadOutputDataBit                            ./Debug/driver_src_stm32f4xx_gpio.c.o
GPIO_ResetBits                                    ./Debug/driver_src_stm32f4xx_gpio.c.o
GPIO_SetBits                                      ./Debug/driver_src_stm32f4xx_gpio.c.o
GPIO_StructInit                                   ./Debug/driver_src_stm32f4xx_gpio.c.o
                                                  ./Debug/startup.c.o
GPIO_ToggleBits                                   ./Debug/driver_src_stm32f4xx_gpio.c.o
GPIO_Write                                        ./Debug/driver_src_stm32f4xx_gpio.c.o
GPIO_WriteBit                                     ./Debug/driver_src_stm32f4xx_gpio.c.o
                                                  ./Debug/TinyTimber.c.o
                                                  ./Debug/startup.c.o
RCC_AHB1PeriphClockCmd                            ./Debug/driver_src_stm32f4xx_rcc.c.o
                                                  ./Debug/startup.c.o
RCC_AHB1PeriphClockLPModeCmd                      ./Debug/driver_src_stm32f4xx_rcc.c.o
RCC_AHB1PeriphResetCmd                            ./Debug/driver_src_stm32f4xx_rcc.c.o
                                                  ./Debug/driver_src_stm32f4xx_gpio.c.o
RCC_AHB2PeriphClockCmd                            ./Debug/driver_src_stm32f4xx_rcc.c.o
RCC_AHB2PeriphClockLPModeCmd                      ./Debug/driver_src_stm32f4xx_rcc.c.o
RCC_AHB2PeriphResetCmd                            ./Debug/driver_src_stm32f4xx_rcc.c.o
RCC_AHB3PeriphClockCmd                            ./Debug/driver_src_stm32f4xx_rcc.c.o
RCC_AHB3PeriphClockLPModeCmd                      ./Debug/driver_src_stm32f4xx_rcc.c.o
RCC_AHB3PeriphResetCmd                            ./Debug/driver_src_stm32f4xx_rcc.c.o
RCC_APB1PeriphClockCmd                            ./Debug/driver_src_stm32f4xx_rcc.c.o
                                                  ./Debug/startup.c.o
RCC_APB1PeriphClockLPModeCmd                      ./Debug/driver_src_stm32f4xx_rcc.c.o
                                                  ./Debug/startup.c.o
RCC_APB1PeriphResetCmd                            ./Debug/driver_src_stm32f4xx_rcc.c.o
                                                  ./Debug/driver_src_stm32f4xx_dac.c.o
                                                  ./Debug/driver_src_stm32f4xx_tim.c.o
                                                  ./Debug/driver_src_stm32f4xx_can.c.o
                                                  ./Debug/driver_src_stm32f4xx_usart.c.o
RCC_APB2PeriphClockCmd                            ./Debug/driver_src_stm32f4xx_rcc.c.o
                                                  ./Debug/startup.c.o
RCC_APB2PeriphClockLPModeCmd                      ./Debug/driver_src_stm32f4xx_rcc.c.o
RCC_APB2PeriphResetCmd                            ./Debug/driver_src_stm32f4xx_rcc.c.o
                                                  ./Debug/driver_src_stm32f4xx_tim.c.o
                                                  ./Debug/driver_src_stm32f4xx_usart.c.o
                                                  ./Debug/driver_src_stm32f4xx_syscfg.c.o
RCC_AdjustHSICalibrationValue                     ./Debug/driver_src_stm32f4xx_rcc.c.o
RCC_BackupResetCmd                                ./Debug/driver_src_stm32f4xx_rcc.c.o
RCC_ClearFlag                                     ./Debug/driver_src_stm32f4xx_rcc.c.o
RCC_ClearITPendingBit                             ./Debug/driver_src_stm32f4xx_rcc.c.o
RCC_ClockSecuritySystemCmd                        ./Debug/driver_src_stm32f4xx_rcc.c.o
RCC_DeInit                                        ./Debug/driver_src_stm32f4xx_rcc.c.o
RCC_GetClocksFreq                                 ./Debug/driver_src_stm32f4xx_rcc.c.o
                                                  ./Debug/driver_src_stm32f4xx_usart.c.o
RCC_GetFlagStatus                                 ./Debug/driver_src_stm32f4xx_rcc.c.o
RCC_GetITStatus                                   ./Debug/driver_src_stm32f4xx_rcc.c.o
RCC_GetSYSCLKSource                               ./Debug/driver_src_stm32f4xx_rcc.c.o
RCC_HCLKConfig                                    ./Debug/driver_src_stm32f4xx_rcc.c.o
RCC_HSEConfig                                     ./Debug/driver_src_stm32f4xx_rcc.c.o
RCC_HSICmd                                        ./Debug/driver_src_stm32f4xx_rcc.c.o
RCC_I2SCLKConfig                                  ./Debug/driver_src_stm32f4xx_rcc.c.o
RCC_ITConfig                                      ./Debug/driver_src_stm32f4xx_rcc.c.o
RCC_LSEConfig                                     ./Debug/driver_src_stm32f4xx_rcc.c.o
RCC_LSICmd                                        ./Debug/driver_src_stm32f4xx_rcc.c.o
RCC_LTDCCLKDivConfig                              ./Debug/driver_src_stm32f4xx_rcc.c.o
RCC_MCO1Config                                    ./Debug/driver_src_stm32f4xx_rcc.c.o
RCC_MCO2Config                                    ./Debug/driver_src_stm32f4xx_rcc.c.o
RCC_PCLK1Config                                   ./Debug/driver_src_stm32f4xx_rcc.c.o
RCC_PCLK2Config                                   ./Debug/driver_src_stm32f4xx_rcc.c.o
RCC_PLLCmd                                        ./Debug/driver_src_stm32f4xx_rcc.c.o
RCC_PLLConfig                                     ./Debug/driver_src_stm32f4xx_rcc.c.o
RCC_PLLI2SCmd                                     ./Debug/driver_src_stm32f4xx_rcc.c.o
RCC_PLLI2SConfig                                  ./Debug/driver_src_stm32f4xx_rcc.c.o
RCC_PLLSAICmd                                     ./Debug/driver_src_stm32f4xx_rcc.c.o
RCC_PLLSAIConfig                                  ./Debug/driver_src_stm32f4xx_rcc.c.o
RCC_RTCCLKCmd                                     ./Debug/driver_src_stm32f4xx_rcc.c.o
RCC_RTCCLKConfig                                  ./Debug/driver_src_stm32f4xx_rcc.c.o
RCC_SAIBlockACLKConfig                            ./Debug/driver_src_stm32f4xx_rcc.c.o
RCC_SAIBlockBCLKConfig                            ./Debug/driver_src_stm32f4xx_rcc.c.o
RCC_SAIPLLI2SClkDivConfig                         ./Debug/driver_src_stm32f4xx_rcc.c.o
RCC_SAIPLLSAIClkDivConfig                         ./Debug/driver_src_stm32f4xx_rcc.c.o
RCC_SYSCLKConfig                                  ./Debug/driver_src_stm32f4xx_rcc.c.o
RCC_TIMCLKPresConfig                              ./Debug/driver_src_stm32f4xx_rcc.c.o
RCC_WaitForHSEStartUp                             ./Debug/driver_src_stm32f4xx_rcc.c.o
SETPC                                             ./Debug/TinyTimber.c.o
SETSTACK                                          ./Debug/TinyTimber.c.o
SYSCFG_CompensationCellCmd                        ./Debug/driver_src_stm32f4xx_syscfg.c.o
SYSCFG_DeInit                                     ./Debug/driver_src_stm32f4xx_syscfg.c.o
SYSCFG_ETH_MediaInterfaceConfig                   ./Debug/driver_src_stm32f4xx_syscfg.c.o
SYSCFG_EXTILineConfig                             ./Debug/driver_src_stm32f4xx_syscfg.c.o
                                                  ./Debug/startup.c.o
SYSCFG_GetCompensationCellStatus                  ./Debug/driver_src_stm32f4xx_syscfg.c.o
SYSCFG_MemoryRemapConfig                          ./Debug/driver_src_stm32f4xx_syscfg.c.o
SYSCFG_MemorySwappingBank                         ./Debug/driver_src_stm32f4xx_syscfg.c.o
TIMER_INIT                                        ./Debug/TinyTimber.c.o
TIM_ARRPreloadConfig                              ./Debug/driver_src_stm32f4xx_tim.c.o
TIM_BDTRConfig                                    ./Debug/driver_src_stm32f4xx_tim.c.o
TIM_BDTRStructInit                                ./Debug/driver_src_stm32f4xx_tim.c.o
TIM_CCPreloadControl                              ./Debug/driver_src_stm32f4xx_tim.c.o
TIM_CCxCmd                                        ./Debug/driver_src_stm32f4xx_tim.c.o
TIM_CCxNCmd                                       ./Debug/driver_src_stm32f4xx_tim.c.o
TIM_ClearFlag                                     ./Debug/driver_src_stm32f4xx_tim.c.o
TIM_ClearITPendingBit                             ./Debug/driver_src_stm32f4xx_tim.c.o
                                                  ./Debug/TinyTimber.c.o
TIM_ClearOC1Ref                                   ./Debug/driver_src_stm32f4xx_tim.c.o
TIM_ClearOC2Ref                                   ./Debug/driver_src_stm32f4xx_tim.c.o
TIM_ClearOC3Ref                                   ./Debug/driver_src_stm32f4xx_tim.c.o
TIM_ClearOC4Ref                                   ./Debug/driver_src_stm32f4xx_tim.c.o
TIM_Cmd                                           ./Debug/driver_src_stm32f4xx_tim.c.o
                                                  ./Debug/TinyTimber.c.o
TIM_CounterModeConfig                             ./Debug/driver_src_stm32f4xx_tim.c.o
TIM_CtrlPWMOutputs                                ./Debug/driver_src_stm32f4xx_tim.c.o
TIM_DMACmd                                        ./Debug/driver_src_stm32f4xx_tim.c.o
TIM_DMAConfig                                     ./Debug/driver_src_stm32f4xx_tim.c.o
TIM_DeInit                                        ./Debug/driver_src_stm32f4xx_tim.c.o
                                                  ./Debug/TinyTimber.c.o
TIM_ETRClockMode1Config                           ./Debug/driver_src_stm32f4xx_tim.c.o
TIM_ETRClockMode2Config                           ./Debug/driver_src_stm32f4xx_tim.c.o
TIM_ETRConfig                                     ./Debug/driver_src_stm32f4xx_tim.c.o
TIM_EncoderInterfaceConfig                        ./Debug/driver_src_stm32f4xx_tim.c.o
TIM_ForcedOC1Config                               ./Debug/driver_src_stm32f4xx_tim.c.o
TIM_ForcedOC2Config                               ./Debug/driver_src_stm32f4xx_tim.c.o
TIM_ForcedOC3Config                               ./Debug/driver_src_stm32f4xx_tim.c.o
TIM_ForcedOC4Config                               ./Debug/driver_src_stm32f4xx_tim.c.o
TIM_GenerateEvent                                 ./Debug/driver_src_stm32f4xx_tim.c.o
TIM_GetCapture1                                   ./Debug/driver_src_stm32f4xx_tim.c.o
TIM_GetCapture2                                   ./Debug/driver_src_stm32f4xx_tim.c.o
TIM_GetCapture3                                   ./Debug/driver_src_stm32f4xx_tim.c.o
TIM_GetCapture4                                   ./Debug/driver_src_stm32f4xx_tim.c.o
TIM_GetCounter                                    ./Debug/driver_src_stm32f4xx_tim.c.o
                                                  ./Debug/TinyTimber.c.o
TIM_GetFlagStatus                                 ./Debug/driver_src_stm32f4xx_tim.c.o
TIM_GetITStatus                                   ./Debug/driver_src_stm32f4xx_tim.c.o
TIM_GetPrescaler                                  ./Debug/driver_src_stm32f4xx_tim.c.o
TIM_ICInit                                        ./Debug/driver_src_stm32f4xx_tim.c.o
TIM_ICStructInit                                  ./Debug/driver_src_stm32f4xx_tim.c.o
TIM_ITConfig                                      ./Debug/driver_src_stm32f4xx_tim.c.o
                                                  ./Debug/TinyTimber.c.o
TIM_ITRxExternalClockConfig                       ./Debug/driver_src_stm32f4xx_tim.c.o
TIM_InternalClockConfig                           ./Debug/driver_src_stm32f4xx_tim.c.o
TIM_OC1FastConfig                                 ./Debug/driver_src_stm32f4xx_tim.c.o
TIM_OC1Init                                       ./Debug/driver_src_stm32f4xx_tim.c.o
TIM_OC1NPolarityConfig                            ./Debug/driver_src_stm32f4xx_tim.c.o
TIM_OC1PolarityConfig                             ./Debug/driver_src_stm32f4xx_tim.c.o
TIM_OC1PreloadConfig                              ./Debug/driver_src_stm32f4xx_tim.c.o
TIM_OC2FastConfig                                 ./Debug/driver_src_stm32f4xx_tim.c.o
TIM_OC2Init                                       ./Debug/driver_src_stm32f4xx_tim.c.o
TIM_OC2NPolarityConfig                            ./Debug/driver_src_stm32f4xx_tim.c.o
TIM_OC2PolarityConfig                             ./Debug/driver_src_stm32f4xx_tim.c.o
TIM_OC2PreloadConfig                              ./Debug/driver_src_stm32f4xx_tim.c.o
TIM_OC3FastConfig                                 ./Debug/driver_src_stm32f4xx_tim.c.o
TIM_OC3Init                                       ./Debug/driver_src_stm32f4xx_tim.c.o
TIM_OC3NPolarityConfig                            ./Debug/driver_src_stm32f4xx_tim.c.o
TIM_OC3PolarityConfig                             ./Debug/driver_src_stm32f4xx_tim.c.o
TIM_OC3PreloadConfig                              ./Debug/driver_src_stm32f4xx_tim.c.o
TIM_OC4FastConfig                                 ./Debug/driver_src_stm32f4xx_tim.c.o
TIM_OC4Init                                       ./Debug/driver_src_stm32f4xx_tim.c.o
TIM_OC4PolarityConfig                             ./Debug/driver_src_stm32f4xx_tim.c.o
TIM_OC4PreloadConfig                              ./Debug/driver_src_stm32f4xx_tim.c.o
TIM_OCStructInit                                  ./Debug/driver_src_stm32f4xx_tim.c.o
TIM_PWMIConfig                                    ./Debug/driver_src_stm32f4xx_tim.c.o
TIM_PrescalerConfig                               ./Debug/driver_src_stm32f4xx_tim.c.o
TIM_RemapConfig                                   ./Debug/driver_src_stm32f4xx_tim.c.o
TIM_SelectCCDMA                                   ./Debug/driver_src_stm32f4xx_tim.c.o
TIM_SelectCOM                                     ./Debug/driver_src_stm32f4xx_tim.c.o
TIM_SelectHallSensor                              ./Debug/driver_src_stm32f4xx_tim.c.o
TIM_SelectInputTrigger                            ./Debug/driver_src_stm32f4xx_tim.c.o
TIM_SelectMasterSlaveMode                         ./Debug/driver_src_stm32f4xx_tim.c.o
TIM_SelectOCxM                                    ./Debug/driver_src_stm32f4xx_tim.c.o
TIM_SelectOnePulseMode                            ./Debug/driver_src_stm32f4xx_tim.c.o
TIM_SelectOutputTrigger                           ./Debug/driver_src_stm32f4xx_tim.c.o
TIM_SelectSlaveMode                               ./Debug/driver_src_stm32f4xx_tim.c.o
TIM_SetAutoreload                                 ./Debug/driver_src_stm32f4xx_tim.c.o
TIM_SetClockDivision                              ./Debug/driver_src_stm32f4xx_tim.c.o
TIM_SetCompare1                                   ./Debug/driver_src_stm32f4xx_tim.c.o
                                                  ./Debug/TinyTimber.c.o
TIM_SetCompare2                                   ./Debug/driver_src_stm32f4xx_tim.c.o
TIM_SetCompare3                                   ./Debug/driver_src_stm32f4xx_tim.c.o
TIM_SetCompare4                                   ./Debug/driver_src_stm32f4xx_tim.c.o
TIM_SetCounter                                    ./Debug/driver_src_stm32f4xx_tim.c.o
                                                  ./Debug/TinyTimber.c.o
TIM_SetIC1Prescaler                               ./Debug/driver_src_stm32f4xx_tim.c.o
TIM_SetIC2Prescaler                               ./Debug/driver_src_stm32f4xx_tim.c.o
TIM_SetIC3Prescaler                               ./Debug/driver_src_stm32f4xx_tim.c.o
TIM_SetIC4Prescaler                               ./Debug/driver_src_stm32f4xx_tim.c.o
TIM_TIxExternalClockConfig                        ./Debug/driver_src_stm32f4xx_tim.c.o
TIM_TimeBaseInit                                  ./Debug/driver_src_stm32f4xx_tim.c.o
                                                  ./Debug/TinyTimber.c.o
TIM_TimeBaseStructInit                            ./Debug/driver_src_stm32f4xx_tim.c.o
                                                  ./Debug/TinyTimber.c.o
TIM_UpdateDisableConfig                           ./Debug/driver_src_stm32f4xx_tim.c.o
TIM_UpdateRequestConfig                           ./Debug/driver_src_stm32f4xx_tim.c.o
T_RESET                                           ./Debug/TinyTimber.c.o
T_SAMPLE                                          ./Debug/TinyTimber.c.o
USART_ClearFlag                                   ./Debug/driver_src_stm32f4xx_usart.c.o
USART_ClearITPendingBit                           ./Debug/driver_src_stm32f4xx_usart.c.o
USART_ClockInit                                   ./Debug/driver_src_stm32f4xx_usart.c.o
USART_ClockStructInit                             ./Debug/driver_src_stm32f4xx_usart.c.o
USART_Cmd                                         ./Debug/driver_src_stm32f4xx_usart.c.o
USART_DMACmd                                      ./Debug/driver_src_stm32f4xx_usart.c.o
USART_DeInit                                      ./Debug/driver_src_stm32f4xx_usart.c.o
USART_GetFlagStatus                               ./Debug/driver_src_stm32f4xx_usart.c.o
                                                  ./Debug/TinyTimber.c.o
                                                  ./Debug/sciTinyTimber.c.o
USART_GetITStatus                                 ./Debug/driver_src_stm32f4xx_usart.c.o
USART_HalfDuplexCmd                               ./Debug/driver_src_stm32f4xx_usart.c.o
USART_ITConfig                                    ./Debug/driver_src_stm32f4xx_usart.c.o
                                                  ./Debug/sciTinyTimber.c.o
USART_Init                                        ./Debug/driver_src_stm32f4xx_usart.c.o
USART_IrDACmd                                     ./Debug/driver_src_stm32f4xx_usart.c.o
USART_IrDAConfig                                  ./Debug/driver_src_stm32f4xx_usart.c.o
USART_LINBreakDetectLengthConfig                  ./Debug/driver_src_stm32f4xx_usart.c.o
USART_LINCmd                                      ./Debug/driver_src_stm32f4xx_usart.c.o
USART_OneBitMethodCmd                             ./Debug/driver_src_stm32f4xx_usart.c.o
USART_OverSampling8Cmd                            ./Debug/driver_src_stm32f4xx_usart.c.o
USART_ReceiveData                                 ./Debug/driver_src_stm32f4xx_usart.c.o
                                                  ./Debug/sciTinyTimber.c.o
USART_ReceiverWakeUpCmd                           ./Debug/driver_src_stm32f4xx_usart.c.o
USART_SendBreak                                   ./Debug/driver_src_stm32f4xx_usart.c.o
USART_SendData                                    ./Debug/driver_src_stm32f4xx_usart.c.o
                                                  ./Debug/TinyTimber.c.o
                                                  ./Debug/sciTinyTimber.c.o
USART_SetAddress                                  ./Debug/driver_src_stm32f4xx_usart.c.o
USART_SetGuardTime                                ./Debug/driver_src_stm32f4xx_usart.c.o
USART_SetPrescaler                                ./Debug/driver_src_stm32f4xx_usart.c.o
USART_SmartCardCmd                                ./Debug/driver_src_stm32f4xx_usart.c.o
USART_SmartCardNACKCmd                            ./Debug/driver_src_stm32f4xx_usart.c.o
USART_StructInit                                  ./Debug/driver_src_stm32f4xx_usart.c.o
USART_WakeUpConfig                                ./Debug/driver_src_stm32f4xx_usart.c.o
__heap_end                                        ./Debug/TinyTimber.c.o
__lock___arc4random_mutex                         e:/gmv/codelite/tools/gcc-arm/bin/../lib/gcc/arm-none-eabi/9.2.1/../../../../arm-none-eabi/lib/thumb/v7e-m+fp/hard\libc_nano.a(lib_a-lock.o)
__lock___at_quick_exit_mutex                      e:/gmv/codelite/tools/gcc-arm/bin/../lib/gcc/arm-none-eabi/9.2.1/../../../../arm-none-eabi/lib/thumb/v7e-m+fp/hard\libc_nano.a(lib_a-lock.o)
__lock___atexit_recursive_mutex                   e:/gmv/codelite/tools/gcc-arm/bin/../lib/gcc/arm-none-eabi/9.2.1/../../../../arm-none-eabi/lib/thumb/v7e-m+fp/hard\libc_nano.a(lib_a-lock.o)
__lock___dd_hash_mutex                            e:/gmv/codelite/tools/gcc-arm/bin/../lib/gcc/arm-none-eabi/9.2.1/../../../../arm-none-eabi/lib/thumb/v7e-m+fp/hard\libc_nano.a(lib_a-lock.o)
__lock___env_recursive_mutex                      e:/gmv/codelite/tools/gcc-arm/bin/../lib/gcc/arm-none-eabi/9.2.1/../../../../arm-none-eabi/lib/thumb/v7e-m+fp/hard\libc_nano.a(lib_a-lock.o)
__lock___malloc_recursive_mutex                   e:/gmv/codelite/tools/gcc-arm/bin/../lib/gcc/arm-none-eabi/9.2.1/../../../../arm-none-eabi/lib/thumb/v7e-m+fp/hard\libc_nano.a(lib_a-lock.o)
                                                  e:/gmv/codelite/tools/gcc-arm/bin/../lib/gcc/arm-none-eabi/9.2.1/../../../../arm-none-eabi/lib/thumb/v7e-m+fp/hard\libc_nano.a(lib_a-mlock.o)
__lock___sfp_recursive_mutex                      e:/gmv/codelite/tools/gcc-arm/bin/../lib/gcc/arm-none-eabi/9.2.1/../../../../arm-none-eabi/lib/thumb/v7e-m+fp/hard\libc_nano.a(lib_a-lock.o)
__lock___sinit_recursive_mutex                    e:/gmv/codelite/tools/gcc-arm/bin/../lib/gcc/arm-none-eabi/9.2.1/../../../../arm-none-eabi/lib/thumb/v7e-m+fp/hard\libc_nano.a(lib_a-lock.o)
__lock___tz_mutex                                 e:/gmv/codelite/tools/gcc-arm/bin/../lib/gcc/arm-none-eabi/9.2.1/../../../../arm-none-eabi/lib/thumb/v7e-m+fp/hard\libc_nano.a(lib_a-lock.o)
__malloc_free_list                                e:/gmv/codelite/tools/gcc-arm/bin/../lib/gcc/arm-none-eabi/9.2.1/../../../../arm-none-eabi/lib/thumb/v7e-m+fp/hard\libc_nano.a(lib_a-nano-mallocr.o)
                                                  e:/gmv/codelite/tools/gcc-arm/bin/../lib/gcc/arm-none-eabi/9.2.1/../../../../arm-none-eabi/lib/thumb/v7e-m+fp/hard\libc_nano.a(lib_a-nano-freer.o)
__malloc_lock                                     e:/gmv/codelite/tools/gcc-arm/bin/../lib/gcc/arm-none-eabi/9.2.1/../../../../arm-none-eabi/lib/thumb/v7e-m+fp/hard\libc_nano.a(lib_a-mlock.o)
                                                  e:/gmv/codelite/tools/gcc-arm/bin/../lib/gcc/arm-none-eabi/9.2.1/../../../../arm-none-eabi/lib/thumb/v7e-m+fp/hard\libc_nano.a(lib_a-nano-mallocr.o)
                                                  e:/gmv/codelite/tools/gcc-arm/bin/../lib/gcc/arm-none-eabi/9.2.1/../../../../arm-none-eabi/lib/thumb/v7e-m+fp/hard\libc_nano.a(lib_a-nano-freer.o)