Archive member included to satisfy reference by file (symbol)

c:/cseapp/codelite/tools/gcc-arm/bin/../lib/gcc/arm-none-eabi/9.2.1/../../../../arm-none-eabi/lib/thumb/v7e-m+fp/hard\libc_nano.a(lib_a-atoi.o)
                              ./Debug/part0.c.o (atoi)
c:/cseapp/codelite/tools/gcc-arm/bin/../lib/gcc/arm-none-eabi/9.2.1/../../../../arm-none-eabi/lib/thumb/v7e-m+fp/hard\libc_nano.a(lib_a-sprintf.o)
                              ./Debug/application.c.o (sprintf)
c:/cseapp/codelite/tools/gcc-arm/bin/../lib/gcc/arm-none-eabi/9.2.1/../../../../arm-none-eabi/lib/thumb/v7e-m+fp/hard\libc_nano.a(lib_a-strtol.o)
                              c:/cseapp/codelite/tools/gcc-arm/bin/../lib/gcc/arm-none-eabi/9.2.1/../../../../arm-none-eabi/lib/thumb/v7e-m+fp/hard\libc_nano.a(lib_a-atoi.o) (_strtol_r)
c:/cseapp/codelite/tools/gcc-arm/bin/../lib/gcc/arm-none-eabi/9.2.1/../../../../arm-none-eabi/lib/thumb/v7e-m+fp/hard\libc_nano.a(lib_a-ctype_.o)
                              c:/cseapp/codelite/tools/gcc-arm/bin/../lib/gcc/arm-none-eabi/9.2.1/../../../../arm-none-eabi/lib/thumb/v7e-m+fp/hard\libc_nano.a(lib_a-strtol.o) (_ctype_)
c:/cseapp/codelite/tools/gcc-arm/bin/../lib/gcc/arm-none-eabi/9.2.1/../../../../arm-none-eabi/lib/thumb/v7e-m+fp/hard\libc_nano.a(lib_a-impure.o)
                              c:/cseapp/codelite/tools/gcc-arm/bin/../lib/gcc/arm-none-eabi/9.2.1/../../../../arm-none-eabi/lib/thumb/v7e-m+fp/hard\libc_nano.a(lib_a-sprintf.o) (_impure_ptr)
c:/cseapp/codelite/tools/gcc-arm/bin/../lib/gcc/arm-none-eabi/9.2.1/../../../../arm-none-eabi/lib/thumb/v7e-m+fp/hard\libc_nano.a(lib_a-nano-svfprintf.o)
                              c:/cseapp/codelite/tools/gcc-arm/bin/../lib/gcc/arm-none-eabi/9.2.1/../../../../arm-none-eabi/lib/thumb/v7e-m+fp/hard\libc_nano.a(lib_a-sprintf.o) (_svfprintf_r)
c:/cseapp/codelite/tools/gcc-arm/bin/../lib/gcc/arm-none-eabi/9.2.1/../../../../arm-none-eabi/lib/thumb/v7e-m+fp/hard\libc_nano.a(lib_a-nano-vfprintf_i.o)
                              c:/cseapp/codelite/tools/gcc-arm/bin/../lib/gcc/arm-none-eabi/9.2.1/../../../../arm-none-eabi/lib/thumb/v7e-m+fp/hard\libc_nano.a(lib_a-nano-svfprintf.o) (_printf_i)
c:/cseapp/codelite/tools/gcc-arm/bin/../lib/gcc/arm-none-eabi/9.2.1/../../../../arm-none-eabi/lib/thumb/v7e-m+fp/hard\libc_nano.a(lib_a-memchr.o)
                              c:/cseapp/codelite/tools/gcc-arm/bin/../lib/gcc/arm-none-eabi/9.2.1/../../../../arm-none-eabi/lib/thumb/v7e-m+fp/hard\libc_nano.a(lib_a-nano-svfprintf.o) (memchr)
c:/cseapp/codelite/tools/gcc-arm/bin/../lib/gcc/arm-none-eabi/9.2.1/../../../../arm-none-eabi/lib/thumb/v7e-m+fp/hard\libc_nano.a(lib_a-memcpy-stub.o)
                              c:/cseapp/codelite/tools/gcc-arm/bin/../lib/gcc/arm-none-eabi/9.2.1/../../../../arm-none-eabi/lib/thumb/v7e-m+fp/hard\libc_nano.a(lib_a-nano-svfprintf.o) (memcpy)
c:/cseapp/codelite/tools/gcc-arm/bin/../lib/gcc/arm-none-eabi/9.2.1/../../../../arm-none-eabi/lib/thumb/v7e-m+fp/hard\libc_nano.a(lib_a-memmove.o)
                              c:/cseapp/codelite/tools/gcc-arm/bin/../lib/gcc/arm-none-eabi/9.2.1/../../../../arm-none-eabi/lib/thumb/v7e-m+fp/hard\libc_nano.a(lib_a-nano-svfprintf.o) (memmove)
c:/cseapp/codelite/tools/gcc-arm/bin/../lib/gcc/arm-none-eabi/9.2.1/../../../../arm-none-eabi/lib/thumb/v7e-m+fp/hard\libc_nano.a(lib_a-nano-freer.o)
                              c:/cseapp/codelite/tools/gcc-arm/bin/../lib/gcc/arm-none-eabi/9.2.1/../../../../arm-none-eabi/lib/thumb/v7e-m+fp/hard\libc_nano.a(lib_a-nano-svfprintf.o) (_free_r)
c:/cseapp/codelite/tools/gcc-arm/bin/../lib/gcc/arm-none-eabi/9.2.1/../../../../arm-none-eabi/lib/thumb/v7e-m+fp/hard\libc_nano.a(lib_a-nano-mallocr.o)
                              c:/cseapp/codelite/tools/gcc-arm/bin/../lib/gcc/arm-none-eabi/9.2.1/../../../../arm-none-eabi/lib/thumb/v7e-m+fp/hard\libc_nano.a(lib_a-nano-svfprintf.o) (_malloc_r)
c:/cseapp/codelite/tools/gcc-arm/bin/../lib/gcc/arm-none-eabi/9.2.1/../../../../arm-none-eabi/lib/thumb/v7e-m+fp/hard\libc_nano.a(lib_a-nano-reallocr.o)
                              c:/cseapp/codelite/tools/gcc-arm/bin/../lib/gcc/arm-none-eabi/9.2.1/../../../../arm-none-eabi/lib/thumb/v7e-m+fp/hard\libc_nano.a(lib_a-nano-svfprintf.o) (_realloc_r)
c:/cseapp/codelite/tools/gcc-arm/bin/../lib/gcc/arm-none-eabi/9.2.1/../../../../arm-none-eabi/lib/thumb/v7e-m+fp/hard\libc_nano.a(lib_a-sbrkr.o)
                              c:/cseapp/codelite/tools/gcc-arm/bin/../lib/gcc/arm-none-eabi/9.2.1/../../../../arm-none-eabi/lib/thumb/v7e-m+fp/hard\libc_nano.a(lib_a-nano-mallocr.o) (_sbrk_r)
c:/cseapp/codelite/tools/gcc-arm/bin/../lib/gcc/arm-none-eabi/9.2.1/../../../../arm-none-eabi/lib/thumb/v7e-m+fp/hard\libc_nano.a(lib_a-mlock.o)
                              c:/cseapp/codelite/tools/gcc-arm/bin/../lib/gcc/arm-none-eabi/9.2.1/../../../../arm-none-eabi/lib/thumb/v7e-m+fp/hard\libc_nano.a(lib_a-nano-freer.o) (__malloc_lock)
[...]
Memory Configuration

Name             Origin             Length             Attributes
RAM              0x20000000         0x0001c000         xrw
*default*        0x00000000         0xffffffff

Linker script and memory map

LOAD ./Debug/part2.c.o
LOAD ./Debug/driver_src_stm32f4xx_rcc.c.o
LOAD ./Debug/sciTinyTimber.c.o
LOAD ./Debug/TinyTimber.c.o
LOAD ./Debug/dispatch.s.o
LOAD ./Debug/application.c.o
LOAD ./Debug/driver_src_stm32f4xx_dac.c.o
LOAD ./Debug/canTinyTimber.c.o
LOAD ./Debug/driver_src_stm32f4xx_usart.c.o
LOAD ./Debug/part1.c.o
LOAD ./Debug/startup.c.o
LOAD ./Debug/part0.c.o
LOAD ./Debug/driver_src_stm32f4xx_tim.c.o
LOAD ./Debug/driver_src_stm32f4xx_gpio.c.o
LOAD ./Debug/driver_src_stm32f4xx_can.c.o
LOAD ./Debug/driver_src_stm32f4xx_exti.c.o
LOAD ./Debug/driver_src_stm32f4xx_syscfg.c.o
LOAD c:/cseapp/codelite/tools/gcc-arm/bin/../lib/gcc/arm-none-eabi/9.2.1/../../../../arm-none-eabi/lib/thumb/v7e-m+fp/hard\libstdc++_nano.a
LOAD c:/cseapp/codelite/tools/gcc-arm/bin/../lib/gcc/arm-none-eabi/9.2.1/../../../../arm-none-eabi/lib/thumb/v7e-m+fp/hard\libm.a
START GROUP
LOAD c:/cseapp/codelite/tools/gcc-arm/bin/../lib/gcc/arm-none-eabi/9.2.1/thumb/v7e-m+fp/hard\libgcc.a
LOAD c:/cseapp/codelite/tools/gcc-arm/bin/../lib/gcc/arm-none-eabi/9.2.1/../../../../arm-none-eabi/lib/thumb/v7e-m+fp/hard\libc_nano.a
END GROUP
START GROUP
LOAD c:/cseapp/codelite/tools/gcc-arm/bin/../lib/gcc/arm-none-eabi/9.2.1/thumb/v7e-m+fp/hard\libgcc.a
LOAD c:/cseapp/codelite/tools/gcc-arm/bin/../lib/gcc/arm-none-eabi/9.2.1/../../../../arm-none-eabi/lib/thumb/v7e-m+fp/hard\libc_nano.a
END GROUP

.text           0x20000000     0x8ad8
                0x20000000                . = ALIGN (0x4)
 *(.start_section)
 .start_section
                0x20000000       0x1c ./Debug/startup.c.o
                0x20000000                startup
 *(.text)
 .text          0x2000001c      0x1c0 ./Debug/part2.c.o
                0x2000001c                nextBeat
                0x20000070                nextSilence
                0x2000010a                setTempo
                0x20000148                setPeriods
                0x2000018a                togglePlaying
 .text          0x200001dc      0xcb0 ./Debug/driver_src_stm32f4xx_rcc.c.o
                0x200001dc                RCC_DeInit
                0x2000024c                RCC_HSEConfig
                0x20000274                RCC_WaitForHSEStartUp
                0x200002c4                RCC_AdjustHSICalibrationValue
                0x20000300                RCC_HSICmd
                0x20000320                RCC_LSEConfig
                0x20000364                RCC_LSICmd
                0x20000384                RCC_PLLConfig
                0x200003c4                RCC_PLLCmd
                0x200003e4                RCC_PLLI2SConfig
                0x20000410                RCC_PLLI2SCmd
                0x20000430                RCC_PLLSAIConfig
                0x20000464                RCC_PLLSAICmd
                0x20000484                RCC_ClockSecuritySystemCmd
                0x200004a4                RCC_MCO1Config
                0x200004e4                RCC_MCO2Config
                0x20000524                RCC_SYSCLKConfig
                0x2000055c                RCC_GetSYSCLKSource
                0x2000057c                RCC_HCLKConfig
                0x200005b4                RCC_PCLK1Config
                0x200005ec                RCC_PCLK2Config
                0x20000628                RCC_GetClocksFreq
                0x20000784                RCC_RTCCLKConfig
                0x200007e0                RCC_RTCCLKCmd
                0x20000800                RCC_BackupResetCmd
                0x20000820                RCC_I2SCLKConfig
                0x20000840                RCC_SAIPLLI2SClkDivConfig
                0x20000880                RCC_SAIPLLSAIClkDivConfig
                0x200008c0                RCC_SAIBlockACLKConfig
                0x200008fc                RCC_SAIBlockBCLKConfig
                0x20000938                RCC_LTDCCLKDivConfig
                0x20000974                RCC_TIMCLKPresConfig
                0x20000994                RCC_AHB1PeriphClockCmd
                0x200009d4                RCC_AHB2PeriphClockCmd
                0x20000a14                RCC_AHB3PeriphClockCmd
                0x20000a54                RCC_APB1PeriphClockCmd
                0x20000a94                RCC_APB2PeriphClockCmd
                0x20000ad4                RCC_AHB1PeriphResetCmd
                0x20000b14                RCC_AHB2PeriphResetCmd
                0x20000b54                RCC_AHB3PeriphResetCmd
                0x20000b94                RCC_APB1PeriphResetCmd
                0x20000bd4                RCC_APB2PeriphResetCmd
                0x20000c14                RCC_AHB1PeriphClockLPModeCmd
                0x20000c54                RCC_AHB2PeriphClockLPModeCmd
                0x20000c94                RCC_AHB3PeriphClockLPModeCmd
                0x20000cd4                RCC_APB1PeriphClockLPModeCmd
                0x20000d14                RCC_APB2PeriphClockLPModeCmd
                0x20000d54                RCC_ITConfig
                0x20000da0                RCC_GetFlagStatus
                0x20000e14                RCC_ClearFlag
                0x20000e34                RCC_GetITStatus
                0x20000e6c                RCC_ClearITPendingBit
 .text          0x20000e8c      0x294 ./Debug/sciTinyTimber.c.o
                0x20000f14                sci_init
                0x20000fba                sci_write
                0x20001010                sci_writechar
                0x20001046                sci_interrupt
 .text          0x20001120      0xf54 ./Debug/TinyTimber.c.o
                0x200011a8                DUMP
                0x200011e2                DUMPH
                0x20001240                DUMPD
                0x200012e4                sei
                0x20001302                cli
                0x20001320                _sbrk
                0x20001364                SETSTACK
                0x200013cc                SETPC
                0x200013f0                TIMER_INIT
                0x20001488                DUMPC
                0x200014bc                vect_USART1
                0x20001524                vect_CAN1
                0x2000158c                vect_EXTI9_5
                0x200015f4                enqueueByDeadline
                0x2000164c                enqueueByBaseline
                0x200016a4                dequeue
                0x200016f4                dequeue_pool
                0x20001744                insert
                0x20001768                push
                0x2000178c                pop
                0x2000180e                vect_TIM5
                0x200018a0                __svc_dispatch
                0x200018b0                __pendSV_dispatch
                0x20001a20                async
                0x20001b5c                sync
                0x20001c68                ABORT
                0x20001d1c                T_RESET
                0x20001d58                T_SAMPLE
                0x20001d98                CURRENT_OFFSET
                0x20001f44                install
                0x20002010                tinytimber
 .text          0x20002074       0xf4 ./Debug/dispatch.s.o
                0x20002074                vect_SVCall
                0x20002078                vect_PendSV
 .text          0x20002168      0x614 ./Debug/application.c.o
                0x20002168                receiver
                0x200021e0                reader
                0x20002240                CANHandler
                0x20002430                keyHandler
                0x20002584                print
                0x200025bc                receiveKey
                0x20002690                recieveBPM
                0x200026f0                startApp
                0x2000273c                main
 .text          0x2000277c      0x450 ./Debug/driver_src_stm32f4xx_dac.c.o
                0x2000277c                DAC_DeInit
                0x20002798                DAC_Init
                0x20002800                DAC_StructInit
                0x2000282c                DAC_Cmd
                0x20002878                DAC_SoftwareTriggerCmd
                0x200028c8                DAC_DualSoftwareTriggerCmd
                0x20002904                DAC_WaveGenerationCmd
                0x20002950                DAC_SetChannel1Data
                0x20002988                DAC_SetChannel2Data
                0x200029c0                DAC_SetDualChannelData
                0x20002a18                DAC_GetDataOutputValue
                0x20002a4c                DAC_DMACmd
                0x20002a9c                DAC_ITConfig
                0x20002ae8                DAC_GetFlagStatus
                0x20002b24                DAC_ClearFlag
                0x20002b4c                DAC_GetITStatus
                0x20002ba4                DAC_ClearITPendingBit
 .text          0x20002bcc      0x434 ./Debug/canTinyTimber.c.o
                0x20002c54                can_init
                0x20002d0c                can_interrupt
                0x20002e94                can_receive
                0x20002f5e                can_send
 .text          0x20003000      0x970 ./Debug/driver_src_stm32f4xx_usart.c.o
                0x20003000                USART_DeInit
                0x20003118                USART_Init
                0x2000328c                USART_StructInit
                0x200032c6                USART_ClockInit
                0x2000331c                USART_ClockStructInit
                0x20003348                USART_Cmd
                0x20003388                USART_SetPrescaler
                0x200033c2                USART_OverSampling8Cmd
                0x20003406                USART_OneBitMethodCmd
                0x20003446                USART_SendData
                0x2000346a                USART_ReceiveData
                0x2000348a                USART_SetAddress
                0x200034c4                USART_ReceiverWakeUpCmd
                0x20003504                USART_WakeUpConfig
                0x2000353c                USART_LINBreakDetectLengthConfig
                0x20003574                USART_LINCmd
                0x200035b4                USART_SendBreak
                0x200035d8                USART_HalfDuplexCmd
                0x20003618                USART_SetGuardTime
                0x20003654                USART_SmartCardCmd
                0x20003694                USART_SmartCardNACKCmd
                0x200036d4                USART_IrDAConfig
                0x2000370c                USART_IrDACmd
                0x2000374c                USART_DMACmd
                0x20003794                USART_ITConfig
                0x20003824                USART_GetFlagStatus
                0x2000385c                USART_ClearFlag
                0x2000387e                USART_GetITStatus
                0x20003934                USART_ClearITPendingBit
 .text          0x20003970      0x3dc ./Debug/part1.c.o
                0x20003970                toggleDeadlinesToneGenerator
                0x20003996                toggleMute
                0x200039b6                volume
                0x200039fa                setDAC
                0x20003a88                dummySetDac
                0x20003b84                setSilence
                0x20003ba0                setPeriod
                0x20003bbc                toggleDeadlinesBackgroundTask
                0x20003be2                load
                0x20003c2c                runLoad
                0x20003c7c                dummyRunLoad
 .text          0x20003d4c      0x32c ./Debug/startup.c.o
 .text          0x20004078      0x3ec ./Debug/part0.c.o
                0x20004078                setMelodyPeriods
                0x200040d4                setKey
                0x200040f0                readBufferAdd
                0x2000411c                endBuffer
                0x2000414c                addThreeHist
                0x2000419c                emptyThreeHist
                0x200041d0                sumBuffer
                0x200041f6                medianBuffer
                0x20004286                calculateEdgesGeneral
                0x20004318                generatePeriodGeneral
                0x20004408                setMelodyPeriodsGeneral
 .text          0x20004464     0x1c1c ./Debug/driver_src_stm32f4xx_tim.c.o
                0x20004464                TIM_DeInit
                0x20004624                TIM_TimeBaseInit
                0x200046fc                TIM_TimeBaseStructInit
                0x20004730                TIM_PrescalerConfig
                0x20004758                TIM_CounterModeConfig
                0x20004790                TIM_SetCounter
                0x200047ac                TIM_SetAutoreload
                0x200047c8                TIM_GetCounter
                0x200047e0                TIM_GetPrescaler
                0x200047fa                TIM_UpdateDisableConfig
                0x2000483a                TIM_UpdateRequestConfig
                0x2000487a                TIM_ARRPreloadConfig
                0x200048ba                TIM_SelectOnePulseMode
                0x200048f2                TIM_SetClockDivision
                0x2000492a                TIM_Cmd
                0x2000496a                TIM_OC1Init
                0x20004a60                TIM_OC2Init
                0x20004b70                TIM_OC3Init
                0x20004c7c                TIM_OC4Init
                0x20004d4c                TIM_OCStructInit
                0x20004d90                TIM_SelectOCxM
                0x20004e46                TIM_SetCompare1
                0x20004e62                TIM_SetCompare2
                0x20004e7e                TIM_SetCompare3
                0x20004e9a                TIM_SetCompare4
                0x20004eb6                TIM_ForcedOC1Config
                0x20004eee                TIM_ForcedOC2Config
                0x20004f2a                TIM_ForcedOC3Config
                0x20004f62                TIM_ForcedOC4Config
                0x20004f9e                TIM_OC1PreloadConfig
                0x20004fd6                TIM_OC2PreloadConfig
                0x20005012                TIM_OC3PreloadConfig
                0x2000504a                TIM_OC4PreloadConfig
                0x20005086                TIM_OC1FastConfig
                0x200050be                TIM_OC2FastConfig
                0x200050fa                TIM_OC3FastConfig
                0x20005132                TIM_OC4FastConfig
                0x2000516e                TIM_ClearOC1Ref
                0x200051a6                TIM_ClearOC2Ref
                0x200051e2                TIM_ClearOC3Ref
                0x2000521a                TIM_ClearOC4Ref
                0x20005256                TIM_OC1PolarityConfig
                0x2000528e                TIM_OC1NPolarityConfig
                0x200052c6                TIM_OC2PolarityConfig
                0x20005302                TIM_OC2NPolarityConfig
                0x2000533e                TIM_OC3PolarityConfig
                0x2000537a                TIM_OC3NPolarityConfig
                0x200053b6                TIM_OC4PolarityConfig
                0x200053f2                TIM_CCxCmd
                0x20005448                TIM_CCxNCmd
                0x2000549e                TIM_ICInit
                0x20005546                TIM_ICStructInit
                0x20005578                TIM_PWMIConfig
                0x20005630                TIM_GetCapture1
                0x20005648                TIM_GetCapture2
                0x20005660                TIM_GetCapture3
                0x20005678                TIM_GetCapture4
                0x20005690                TIM_SetIC1Prescaler
                0x200056c8                TIM_SetIC2Prescaler
                0x20005704                TIM_SetIC3Prescaler
                0x2000573c                TIM_SetIC4Prescaler
                0x20005778                TIM_BDTRConfig
                0x200057c8                TIM_BDTRStructInit
                0x20005806                TIM_CtrlPWMOutputs
                0x20005852                TIM_SelectCOM
                0x20005892                TIM_CCPreloadControl
                0x200058d2                TIM_ITConfig
                0x2000591a                TIM_GenerateEvent
                0x20005938                TIM_GetFlagStatus
                0x20005970                TIM_ClearFlag
                0x20005992                TIM_GetITStatus
                0x200059e6                TIM_ClearITPendingBit
                0x20005a08                TIM_DMAConfig
                0x20005a32                TIM_DMACmd
                0x20005a7a                TIM_SelectCCDMA
                0x20005aba                TIM_InternalClockConfig
                0x20005ade                TIM_ITRxExternalClockConfig
                0x20005b0c                TIM_TIxExternalClockConfig
                0x20005b68                TIM_ETRClockMode1Config
                0x20005bc6                TIM_ETRClockMode2Config
                0x20005c04                TIM_SelectInputTrigger
                0x20005c3c                TIM_SelectOutputTrigger
                0x20005c74                TIM_SelectSlaveMode
                0x20005cac                TIM_SelectMasterSlaveMode
                0x20005ce4                TIM_ETRConfig
                0x20005d38                TIM_EncoderInterfaceConfig
                0x20005dd0                TIM_SelectHallSensor
                0x20005e10                TIM_RemapConfig
 .text          0x20006080      0x4d8 ./Debug/driver_src_stm32f4xx_gpio.c.o
                0x20006080                GPIO_DeInit
                0x200061e4                GPIO_Init
                0x20006302                GPIO_StructInit
                0x20006336                GPIO_PinLockConfig
                0x2000637a                GPIO_ReadInputDataBit
                0x200063ae                GPIO_ReadInputData
                0x200063c8                GPIO_ReadOutputDataBit
                0x200063fc                GPIO_ReadOutputData
                0x20006416                GPIO_SetBits
                0x20006434                GPIO_ResetBits
                0x20006452                GPIO_WriteBit
                0x20006482                GPIO_Write
                0x200064a0                GPIO_ToggleBits
                0x200064c4                GPIO_PinAFConfig
 .text          0x20006558     0x11b4 ./Debug/driver_src_stm32f4xx_can.c.o
                0x20006558                CAN_DeInit
                0x200065a0                CAN_Init
                0x20006742                CAN_FilterInit
                0x200068c8                CAN_StructInit
                0x2000691e                CAN_SlaveStartBank
                0x20006980                CAN_DBGFreeze
                0x200069b8                CAN_TTComModeCmd
                0x20006a50                CAN_Transmit
                0x20006bf2                CAN_TransmitStatus
                0x20006cf8                CAN_CancelTransmit
                0x20006d50                CAN_Receive
                0x20006ecc                CAN_FIFORelease
                0x20006f04                CAN_MessagePending
                0x20006f4e                CAN_OperatingModeRequest
                0x2000704a                CAN_Sleep
                0x20007084                CAN_WakeUp
                0x200070da                CAN_GetLastErrorCode
                0x20007100                CAN_GetReceiveErrorCounter
                0x20007122                CAN_GetLSBTransmitErrorCounter
                0x20007144                CAN_ITConfig
                0x20007180                CAN_GetFlagStatus
                0x2000724e                CAN_ClearFlag
                0x200072c0                CAN_GetITStatus
                0x20007524                CAN_ClearITPendingBit
 .text          0x2000770c      0x210 ./Debug/driver_src_stm32f4xx_exti.c.o
                0x2000770c                EXTI_DeInit
                0x20007740                EXTI_Init
                0x20007824                EXTI_StructInit
                0x20007850                EXTI_GenerateSWInterrupt
                0x20007874                EXTI_GetFlagStatus
                0x200078a8                EXTI_ClearFlag
                0x200078c8                EXTI_GetITStatus
                0x200078fc                EXTI_ClearITPendingBit
 .text          0x2000791c      0x154 ./Debug/driver_src_stm32f4xx_syscfg.c.o
                0x2000791c                SYSCFG_DeInit
                0x20007938                SYSCFG_MemoryRemapConfig
                0x20007958                SYSCFG_MemorySwappingBank
                0x20007978                SYSCFG_EXTILineConfig
                0x200079fc                SYSCFG_ETH_MediaInterfaceConfig
                0x20007a1c                SYSCFG_CompensationCellCmd
                0x20007a3c                SYSCFG_GetCompensationCellStatus
 .text          0x20007a70        0x0 c:/cseapp/codelite/tools/gcc-arm/bin/../lib/gcc/arm-none-eabi/9.2.1/../../../../arm-none-eabi/lib/thumb/v7e-m+fp/hard\libc_nano.a(lib_a-atoi.o)
 .text          0x20007a70        0x0 c:/cseapp/codelite/tools/gcc-arm/bin/../lib/gcc/arm-none-eabi/9.2.1/../../../../arm-none-eabi/lib/thumb/v7e-m+fp/hard\libc_nano.a(lib_a-sprintf.o)
 .text          0x20007a70        0x0 c:/cseapp/codelite/tools/gcc-arm/bin/../lib/gcc/arm-none-eabi/9.2.1/../../../../arm-none-eabi/lib/thumb/v7e-m+fp/hard\libc_nano.a(lib_a-strtol.o)
 .text          0x20007a70        0x0 c:/cseapp/codelite/tools/gcc-arm/bin/../lib/gcc/arm-none-eabi/9.2.1/../../../../arm-none-eabi/lib/thumb/v7e-m+fp/hard\libc_nano.a(lib_a-ctype_.o)
 .text          0x20007a70        0x0 c:/cseapp/codelite/tools/gcc-arm/bin/../lib/gcc/arm-none-eabi/9.2.1/../../../../arm-none-eabi/lib/thumb/v7e-m+fp/hard\libc_nano.a(lib_a-impure.o)
 .text          0x20007a70        0x0 c:/cseapp/codelite/tools/gcc-arm/bin/../lib/gcc/arm-none-eabi/9.2.1/../../../../arm-none-eabi/lib/thumb/v7e-m+fp/hard\libc_nano.a(lib_a-nano-svfprintf.o)
 .text          0x20007a70        0x0 c:/cseapp/codelite/tools/gcc-arm/bin/../lib/gcc/arm-none-eabi/9.2.1/../../../../arm-none-eabi/lib/thumb/v7e-m+fp/hard\libc_nano.a(lib_a-nano-vfprintf_i.o)
 .text          0x20007a70       0xa0 c:/cseapp/codelite/tools/gcc-arm/bin/../lib/gcc/arm-none-eabi/9.2.1/../../../../arm-none-eabi/lib/thumb/v7e-m+fp/hard\libc_nano.a(lib_a-memchr.o)
                0x20007a70                memchr
 .text          0x20007b10        0x0 c:/cseapp/codelite/tools/gcc-arm/bin/../lib/gcc/arm-none-eabi/9.2.1/../../../../arm-none-eabi/lib/thumb/v7e-m+fp/hard\libc_nano.a(lib_a-memcpy-stub.o)
 .text          0x20007b10        0x0 c:/cseapp/codelite/tools/gcc-arm/bin/../lib/gcc/arm-none-eabi/9.2.1/../../../../arm-none-eabi/lib/thumb/v7e-m+fp/hard\libc_nano.a(lib_a-memmove.o)
 .text          0x20007b10        0x0 c:/cseapp/codelite/tools/gcc-arm/bin/../lib/gcc/arm-none-eabi/9.2.1/../../../../arm-none-eabi/lib/thumb/v7e-m+fp/hard\libc_nano.a(lib_a-nano-freer.o)
 .text          0x20007b10        0x0 c:/cseapp/codelite/tools/gcc-arm/bin/../lib/gcc/arm-none-eabi/9.2.1/../../../../arm-none-eabi/lib/thumb/v7e-m+fp/hard\libc_nano.a(lib_a-nano-mallocr.o)
 .text          0x20007b10        0x0 c:/cseapp/codelite/tools/gcc-arm/bin/../lib/gcc/arm-none-eabi/9.2.1/../../../../arm-none-eabi/lib/thumb/v7e-m+fp/hard\libc_nano.a(lib_a-nano-reallocr.o)
 .text          0x20007b10        0x0 c:/cseapp/codelite/tools/gcc-arm/bin/../lib/gcc/arm-none-eabi/9.2.1/../../../../arm-none-eabi/lib/thumb/v7e-m+fp/hard\libc_nano.a(lib_a-sbrkr.o)
 .text          0x20007b10        0x0 c:/cseapp/codelite/tools/gcc-arm/bin/../lib/gcc/arm-none-eabi/9.2.1/../../../../arm-none-eabi/lib/thumb/v7e-m+fp/hard\libc_nano.a(lib_a-mlock.o)
 .text          0x20007b10        0x0 c:/cseapp/codelite/tools/gcc-arm/bin/../lib/gcc/arm-none-eabi/9.2.1/../../../../arm-none-eabi/lib/thumb/v7e-m+fp/hard\libc_nano.a(lib_a-nano-msizer.o)
 .text          0x20007b10        0x0 c:/cseapp/codelite/tools/gcc-arm/bin/../lib/gcc/arm-none-eabi/9.2.1/../../../../arm-none-eabi/lib/thumb/v7e-m+fp/hard\libc_nano.a(lib_a-reent.o)
 .text          0x20007b10        0x0 c:/cseapp/codelite/tools/gcc-arm/bin/../lib/gcc/arm-none-eabi/9.2.1/../../../../arm-none-eabi/lib/thumb/v7e-m+fp/hard\libc_nano.a(lib_a-lock.o)
 *(.text.*)
 .text.atoi     0x20007b10        0x8 c:/cseapp/codelite/tools/gcc-arm/bin/../lib/gcc/arm-none-eabi/9.2.1/../../../../arm-none-eabi/lib/thumb/v7e-m+fp/hard\libc_nano.a(lib_a-atoi.o)
                0x20007b10                atoi
 .text._atoi_r  0x20007b18        0x8 c:/cseapp/codelite/tools/gcc-arm/bin/../lib/gcc/arm-none-eabi/9.2.1/../../../../arm-none-eabi/lib/thumb/v7e-m+fp/hard\libc_nano.a(lib_a-atoi.o)
                0x20007b18                _atoi_r
 .text._sprintf_r
                0x20007b20       0x38 c:/cseapp/codelite/tools/gcc-arm/bin/../lib/gcc/arm-none-eabi/9.2.1/../../../../arm-none-eabi/lib/thumb/v7e-m+fp/hard\libc_nano.a(lib_a-sprintf.o)
                0x20007b20                _sprintf_r
                0x20007b20                _siprintf_r
 .text.sprintf  0x20007b58       0x40 c:/cseapp/codelite/tools/gcc-arm/bin/../lib/gcc/arm-none-eabi/9.2.1/../../../../arm-none-eabi/lib/thumb/v7e-m+fp/hard\libc_nano.a(lib_a-sprintf.o)
                0x20007b58                siprintf
                0x20007b58                sprintf
 .text._strtol_l.isra.0
                0x20007b98       0xf4 c:/cseapp/codelite/tools/gcc-arm/bin/../lib/gcc/arm-none-eabi/9.2.1/../../../../arm-none-eabi/lib/thumb/v7e-m+fp/hard\libc_nano.a(lib_a-strtol.o)
 .text._strtol_r
                0x20007c8c        0x4 c:/cseapp/codelite/tools/gcc-arm/bin/../lib/gcc/arm-none-eabi/9.2.1/../../../../arm-none-eabi/lib/thumb/v7e-m+fp/hard\libc_nano.a(lib_a-strtol.o)
                0x20007c8c                _strtol_r
 .text.strtol_l
                0x20007c90       0x14 c:/cseapp/codelite/tools/gcc-arm/bin/../lib/gcc/arm-none-eabi/9.2.1/../../../../arm-none-eabi/lib/thumb/v7e-m+fp/hard\libc_nano.a(lib_a-strtol.o)
                0x20007c90                strtol_l
 .text.strtol   0x20007ca4       0x14 c:/cseapp/codelite/tools/gcc-arm/bin/../lib/gcc/arm-none-eabi/9.2.1/../../../../arm-none-eabi/lib/thumb/v7e-m+fp/hard\libc_nano.a(lib_a-strtol.o)
                0x20007ca4                strtol
 .text.__ssputs_r
                0x20007cb8       0xb6 c:/cseapp/codelite/tools/gcc-arm/bin/../lib/gcc/arm-none-eabi/9.2.1/../../../../arm-none-eabi/lib/thumb/v7e-m+fp/hard\libc_nano.a(lib_a-nano-svfprintf.o)
                0x20007cb8                __ssputs_r
 .text.__ssprint_r
                0x20007d6e       0xf6 c:/cseapp/codelite/tools/gcc-arm/bin/../lib/gcc/arm-none-eabi/9.2.1/../../../../arm-none-eabi/lib/thumb/v7e-m+fp/hard\libc_nano.a(lib_a-nano-svfprintf.o)
                0x20007d6e                __ssprint_r
 .text._svfprintf_r
                0x20007e64      0x200 c:/cseapp/codelite/tools/gcc-arm/bin/../lib/gcc/arm-none-eabi/9.2.1/../../../../arm-none-eabi/lib/thumb/v7e-m+fp/hard\libc_nano.a(lib_a-nano-svfprintf.o)
                0x20007e64                _svfiprintf_r
                0x20007e64                _svfprintf_r
 .text._printf_common
                0x20008064       0xda c:/cseapp/codelite/tools/gcc-arm/bin/../lib/gcc/arm-none-eabi/9.2.1/../../../../arm-none-eabi/lib/thumb/v7e-m+fp/hard\libc_nano.a(lib_a-nano-vfprintf_i.o)
                0x20008064                _printf_common
 *fill*         0x2000813e        0x2 
 .text._printf_i
                0x20008140      0x24c c:/cseapp/codelite/tools/gcc-arm/bin/../lib/gcc/arm-none-eabi/9.2.1/../../../../arm-none-eabi/lib/thumb/v7e-m+fp/hard\libc_nano.a(lib_a-nano-vfprintf_i.o)
                0x20008140                _printf_i
 .text.memcpy   0x2000838c       0x1c c:/cseapp/codelite/tools/gcc-arm/bin/../lib/gcc/arm-none-eabi/9.2.1/../../../../arm-none-eabi/lib/thumb/v7e-m+fp/hard\libc_nano.a(lib_a-memcpy-stub.o)
                0x2000838c                memcpy
 .text.memmove  0x200083a8       0x34 c:/cseapp/codelite/tools/gcc-arm/bin/../lib/gcc/arm-none-eabi/9.2.1/../../../../arm-none-eabi/lib/thumb/v7e-m+fp/hard\libc_nano.a(lib_a-memmove.o)
                0x200083a8                memmove
 .text._free_r  0x200083dc       0xa0 c:/cseapp/codelite/tools/gcc-arm/bin/../lib/gcc/arm-none-eabi/9.2.1/../../../../arm-none-eabi/lib/thumb/v7e-m+fp/hard\libc_nano.a(lib_a-nano-freer.o)
                0x200083dc                _free_r
 .text._malloc_r
                0x2000847c       0xb4 c:/cseapp/codelite/tools/gcc-arm/bin/../lib/gcc/arm-none-eabi/9.2.1/../../../../arm-none-eabi/lib/thumb/v7e-m+fp/hard\libc_nano.a(lib_a-nano-mallocr.o)
                0x2000847c                _malloc_r
 .text._realloc_r
                0x20008530       0x4c c:/cseapp/codelite/tools/gcc-arm/bin/../lib/gcc/arm-none-eabi/9.2.1/../../../../arm-none-eabi/lib/thumb/v7e-m+fp/hard\libc_nano.a(lib_a-nano-reallocr.o)
                0x20008530                _realloc_r
 .text._sbrk_r  0x2000857c       0x20 c:/cseapp/codelite/tools/gcc-arm/bin/../lib/gcc/arm-none-eabi/9.2.1/../../../../arm-none-eabi/lib/thumb/v7e-m+fp/hard\libc_nano.a(lib_a-sbrkr.o)
                0x2000857c                _sbrk_r
 .text.__malloc_lock
                0x2000859c        0xc c:/cseapp/codelite/tools/gcc-arm/bin/../lib/gcc/arm-none-eabi/9.2.1/../../../../arm-none-eabi/lib/thumb/v7e-m+fp/hard\libc_nano.a(lib_a-mlock.o)
                0x2000859c                __malloc_lock
 .text.__malloc_unlock
                0x200085a8        0xc c:/cseapp/codelite/tools/gcc-arm/bin/../lib/gcc/arm-none-eabi/9.2.1/../../../../arm-none-eabi/lib/thumb/v7e-m+fp/hard\libc_nano.a(lib_a-mlock.o)
                0x200085a8                __malloc_unlock
 .text._malloc_usable_size_r
                0x200085b4       0x10 c:/cseapp/codelite/tools/gcc-arm/bin/../lib/gcc/arm-none-eabi/9.2.1/../../../../arm-none-eabi/lib/thumb/v7e-m+fp/hard\libc_nano.a(lib_a-nano-msizer.o)
                0x200085b4                _malloc_usable_size_r
 .text.cleanup_glue
                0x200085c4       0x1a c:/cseapp/codelite/tools/gcc-arm/bin/../lib/gcc/arm-none-eabi/9.2.1/../../../../arm-none-eabi/lib/thumb/v7e-m+fp/hard\libc_nano.a(lib_a-reent.o)
                0x200085c4                cleanup_glue
 *fill*         0x200085de        0x2 
 .text._reclaim_reent
                0x200085e0       0xb8 c:/cseapp/codelite/tools/gcc-arm/bin/../lib/gcc/arm-none-eabi/9.2.1/../../../../arm-none-eabi/lib/thumb/v7e-m+fp/hard\libc_nano.a(lib_a-reent.o)
                0x200085e0                _reclaim_reent
 .text.__retarget_lock_init
                0x20008698        0x2 c:/cseapp/codelite/tools/gcc-arm/bin/../lib/gcc/arm-none-eabi/9.2.1/../../../../arm-none-eabi/lib/thumb/v7e-m+fp/hard\libc_nano.a(lib_a-lock.o)
                0x20008698                __retarget_lock_init
 .text.__retarget_lock_init_recursive
                0x2000869a        0x2 c:/cseapp/codelite/tools/gcc-arm/bin/../lib/gcc/arm-none-eabi/9.2.1/../../../../arm-none-eabi/lib/thumb/v7e-m+fp/hard\libc_nano.a(lib_a-lock.o)
                0x2000869a                __retarget_lock_init_recursive
 .text.__retarget_lock_close
                0x2000869c        0x2 c:/cseapp/codelite/tools/gcc-arm/bin/../lib/gcc/arm-none-eabi/9.2.1/../../../../arm-none-eabi/lib/thumb/v7e-m+fp/hard\libc_nano.a(lib_a-lock.o)
                0x2000869c                __retarget_lock_close
 .text.__retarget_lock_close_recursive
                0x2000869e        0x2 c:/cseapp/codelite/tools/gcc-arm/bin/../lib/gcc/arm-none-eabi/9.2.1/../../../../arm-none-eabi/lib/thumb/v7e-m+fp/hard\libc_nano.a(lib_a-lock.o)
                0x2000869e                __retarget_lock_close_recursive
 .text.__retarget_lock_acquire
                0x200086a0        0x2 c:/cseapp/codelite/tools/gcc-arm/bin/../lib/gcc/arm-none-eabi/9.2.1/../../../../arm-none-eabi/lib/thumb/v7e-m+fp/hard\libc_nano.a(lib_a-lock.o)
                0x200086a0                __retarget_lock_acquire
 .text.__retarget_lock_acquire_recursive
                0x200086a2        0x2 c:/cseapp/codelite/tools/gcc-arm/bin/../lib/gcc/arm-none-eabi/9.2.1/../../../../arm-none-eabi/lib/thumb/v7e-m+fp/hard\libc_nano.a(lib_a-lock.o)
                0x200086a2                __retarget_lock_acquire_recursive
 .text.__retarget_lock_try_acquire
                0x200086a4        0x4 c:/cseapp/codelite/tools/gcc-arm/bin/../lib/gcc/arm-none-eabi/9.2.1/../../../../arm-none-eabi/lib/thumb/v7e-m+fp/hard\libc_nano.a(lib_a-lock.o)
                0x200086a4                __retarget_lock_try_acquire
 .text.__retarget_lock_try_acquire_recursive
                0x200086a8        0x4 c:/cseapp/codelite/tools/gcc-arm/bin/../lib/gcc/arm-none-eabi/9.2.1/../../../../arm-none-eabi/lib/thumb/v7e-m+fp/hard\libc_nano.a(lib_a-lock.o)
                0x200086a8                __retarget_lock_try_acquire_recursive
 .text.__retarget_lock_release
                0x200086ac        0x2 c:/cseapp/codelite/tools/gcc-arm/bin/../lib/gcc/arm-none-eabi/9.2.1/../../../../arm-none-eabi/lib/thumb/v7e-m+fp/hard\libc_nano.a(lib_a-lock.o)
                0x200086ac                __retarget_lock_release
 .text.__retarget_lock_release_recursive
                0x200086ae        0x2 c:/cseapp/codelite/tools/gcc-arm/bin/../lib/gcc/arm-none-eabi/9.2.1/../../../../arm-none-eabi/lib/thumb/v7e-m+fp/hard\libc_nano.a(lib_a-lock.o)
                0x200086ae                __retarget_lock_release_recursive
 *(.rodata)
 .rodata        0x200086b0       0x81 ./Debug/TinyTimber.c.o
 *fill*         0x20008731        0x3 
 .rodata        0x20008734      0x141 ./Debug/application.c.o
                0x20008734                length
                0x20008738                brotherJohn
                0x200087b8                brotherJohnBeatLength
                0x200087d8                brotherJohnBeatLength1
 *fill*         0x20008875        0x3 
 .rodata        0x20008878       0x8a ./Debug/canTinyTimber.c.o
 *fill*         0x20008902        0x2 
 .rodata        0x20008904       0x98 ./Debug/part0.c.o
                0x20008904                notePeriods
                0x20008968                notePeriodsGeneral
 *(.rodata*)
 .rodata._ctype_
                0x2000899c      0x101 c:/cseapp/codelite/tools/gcc-arm/bin/../lib/gcc/arm-none-eabi/9.2.1/../../../../arm-none-eabi/lib/thumb/v7e-m+fp/hard\libc_nano.a(lib_a-ctype_.o)
                0x2000899c                _ctype_
 *fill*         0x20008a9d        0x3 
 .rodata._global_impure_ptr
                0x20008aa0        0x4 c:/cseapp/codelite/tools/gcc-arm/bin/../lib/gcc/arm-none-eabi/9.2.1/../../../../arm-none-eabi/lib/thumb/v7e-m+fp/hard\libc_nano.a(lib_a-impure.o)
                0x20008aa0                _global_impure_ptr
 .rodata._svfprintf_r.str1.1
                0x20008aa4       0x11 c:/cseapp/codelite/tools/gcc-arm/bin/../lib/gcc/arm-none-eabi/9.2.1/../../../../arm-none-eabi/lib/thumb/v7e-m+fp/hard\libc_nano.a(lib_a-nano-svfprintf.o)
 .rodata._printf_i.str1.1
                0x20008ab5       0x22 c:/cseapp/codelite/tools/gcc-arm/bin/../lib/gcc/arm-none-eabi/9.2.1/../../../../arm-none-eabi/lib/thumb/v7e-m+fp/hard\libc_nano.a(lib_a-nano-vfprintf_i.o)
 *(.glue_7)
 .glue_7        0x20008ad7        0x0 linker stubs
 *(.glue_7t)
 .glue_7t       0x20008ad7        0x0 linker stubs
                0x20008ad8                . = ALIGN (0x4)
 *fill*         0x20008ad7        0x1 

.vfp11_veneer   0x20008ad8        0x0
 .vfp11_veneer  0x20008ad8        0x0 linker stubs

.v4_bx          0x20008ad8        0x0
 .v4_bx         0x20008ad8        0x0 linker stubs

.iplt           0x20008ad8        0x0
 .iplt          0x20008ad8        0x0 ./Debug/part2.c.o

.rel.dyn        0x20008ad8        0x0
 .rel.iplt      0x20008ad8        0x0 ./Debug/part2.c.o

.data           0x20008ad8      0x690
                0x20008ad8                . = ALIGN (0x4)
 *(.data)
 .data          0x20008ad8        0x0 ./Debug/part2.c.o
 .data          0x20008ad8       0x10 ./Debug/driver_src_stm32f4xx_rcc.c.o
 .data          0x20008ae8        0x0 ./Debug/sciTinyTimber.c.o
 .data          0x20008ae8       0x24 ./Debug/TinyTimber.c.o
                0x20008ae8                hex
                0x20008afc                msgPool
                0x20008b00                threadPool
                0x20008b04                activeStack
                0x20008b08                current
 .data          0x20008b0c       0x84 ./Debug/dispatch.s.o
 .data          0x20008b90      0x574 ./Debug/application.c.o
                0x20008b90                app
                0x20008ba0                toneGenerator
                0x20008bbc                melody
                0x20008bd0                musicPlayer
                0x20008c6c                sci0
                0x2000908c                can0
 .data          0x20009104        0x0 ./Debug/driver_src_stm32f4xx_dac.c.o
 .data          0x20009104        0x0 ./Debug/canTinyTimber.c.o
 .data          0x20009104        0x0 ./Debug/driver_src_stm32f4xx_usart.c.o
 .data          0x20009104        0x0 ./Debug/part1.c.o
 .data          0x20009104        0x0 ./Debug/startup.c.o
 .data          0x20009104        0x0 ./Debug/part0.c.o
 .data          0x20009104        0x0 ./Debug/driver_src_stm32f4xx_tim.c.o
 .data          0x20009104        0x0 ./Debug/driver_src_stm32f4xx_gpio.c.o
 .data          0x20009104        0x0 ./Debug/driver_src_stm32f4xx_can.c.o
 .data          0x20009104        0x0 ./Debug/driver_src_stm32f4xx_exti.c.o
 .data          0x20009104        0x0 ./Debug/driver_src_stm32f4xx_syscfg.c.o
 .data          0x20009104        0x0 c:/cseapp/codelite/tools/gcc-arm/bin/../lib/gcc/arm-none-eabi/9.2.1/../../../../arm-none-eabi/lib/thumb/v7e-m+fp/hard\libc_nano.a(lib_a-atoi.o)
 .data          0x20009104        0x0 c:/cseapp/codelite/tools/gcc-arm/bin/../lib/gcc/arm-none-eabi/9.2.1/../../../../arm-none-eabi/lib/thumb/v7e-m+fp/hard\libc_nano.a(lib_a-sprintf.o)
 .data          0x20009104        0x0 c:/cseapp/codelite/tools/gcc-arm/bin/../lib/gcc/arm-none-eabi/9.2.1/../../../../arm-none-eabi/lib/thumb/v7e-m+fp/hard\libc_nano.a(lib_a-strtol.o)
 .data          0x20009104        0x0 c:/cseapp/codelite/tools/gcc-arm/bin/../lib/gcc/arm-none-eabi/9.2.1/../../../../arm-none-eabi/lib/thumb/v7e-m+fp/hard\libc_nano.a(lib_a-ctype_.o)
 .data          0x20009104        0x0 c:/cseapp/codelite/tools/gcc-arm/bin/../lib/gcc/arm-none-eabi/9.2.1/../../../../arm-none-eabi/lib/thumb/v7e-m+fp/hard\libc_nano.a(lib_a-impure.o)
 .data          0x20009104        0x0 c:/cseapp/codelite/tools/gcc-arm/bin/../lib/gcc/arm-none-eabi/9.2.1/../../../../arm-none-eabi/lib/thumb/v7e-m+fp/hard\libc_nano.a(lib_a-nano-svfprintf.o)
 .data          0x20009104        0x0 c:/cseapp/codelite/tools/gcc-arm/bin/../lib/gcc/arm-none-eabi/9.2.1/../../../../arm-none-eabi/lib/thumb/v7e-m+fp/hard\libc_nano.a(lib_a-nano-vfprintf_i.o)
 .data          0x20009104        0x0 c:/cseapp/codelite/tools/gcc-arm/bin/../lib/gcc/arm-none-eabi/9.2.1/../../../../arm-none-eabi/lib/thumb/v7e-m+fp/hard\libc_nano.a(lib_a-memchr.o)
 .data          0x20009104        0x0 c:/cseapp/codelite/tools/gcc-arm/bin/../lib/gcc/arm-none-eabi/9.2.1/../../../../arm-none-eabi/lib/thumb/v7e-m+fp/hard\libc_nano.a(lib_a-memcpy-stub.o)
 .data          0x20009104        0x0 c:/cseapp/codelite/tools/gcc-arm/bin/../lib/gcc/arm-none-eabi/9.2.1/../../../../arm-none-eabi/lib/thumb/v7e-m+fp/hard\libc_nano.a(lib_a-memmove.o)
 .data          0x20009104        0x0 c:/cseapp/codelite/tools/gcc-arm/bin/../lib/gcc/arm-none-eabi/9.2.1/../../../../arm-none-eabi/lib/thumb/v7e-m+fp/hard\libc_nano.a(lib_a-nano-freer.o)
 .data          0x20009104        0x0 c:/cseapp/codelite/tools/gcc-arm/bin/../lib/gcc/arm-none-eabi/9.2.1/../../../../arm-none-eabi/lib/thumb/v7e-m+fp/hard\libc_nano.a(lib_a-nano-mallocr.o)
 .data          0x20009104        0x0 c:/cseapp/codelite/tools/gcc-arm/bin/../lib/gcc/arm-none-eabi/9.2.1/../../../../arm-none-eabi/lib/thumb/v7e-m+fp/hard\libc_nano.a(lib_a-nano-reallocr.o)
 .data          0x20009104        0x0 c:/cseapp/codelite/tools/gcc-arm/bin/../lib/gcc/arm-none-eabi/9.2.1/../../../../arm-none-eabi/lib/thumb/v7e-m+fp/hard\libc_nano.a(lib_a-sbrkr.o)
 .data          0x20009104        0x0 c:/cseapp/codelite/tools/gcc-arm/bin/../lib/gcc/arm-none-eabi/9.2.1/../../../../arm-none-eabi/lib/thumb/v7e-m+fp/hard\libc_nano.a(lib_a-mlock.o)
 .data          0x20009104        0x0 c:/cseapp/codelite/tools/gcc-arm/bin/../lib/gcc/arm-none-eabi/9.2.1/../../../../arm-none-eabi/lib/thumb/v7e-m+fp/hard\libc_nano.a(lib_a-nano-msizer.o)
 .data          0x20009104        0x0 c:/cseapp/codelite/tools/gcc-arm/bin/../lib/gcc/arm-none-eabi/9.2.1/../../../../arm-none-eabi/lib/thumb/v7e-m+fp/hard\libc_nano.a(lib_a-reent.o)
 .data          0x20009104        0x0 c:/cseapp/codelite/tools/gcc-arm/bin/../lib/gcc/arm-none-eabi/9.2.1/../../../../arm-none-eabi/lib/thumb/v7e-m+fp/hard\libc_nano.a(lib_a-lock.o)
 *(.data.*)
 .data._impure_ptr
                0x20009104        0x4 c:/cseapp/codelite/tools/gcc-arm/bin/../lib/gcc/arm-none-eabi/9.2.1/../../../../arm-none-eabi/lib/thumb/v7e-m+fp/hard\libc_nano.a(lib_a-impure.o)
                0x20009104                _impure_ptr
 .data.impure_data
                0x20009108       0x60 c:/cseapp/codelite/tools/gcc-arm/bin/../lib/gcc/arm-none-eabi/9.2.1/../../../../arm-none-eabi/lib/thumb/v7e-m+fp/hard\libc_nano.a(lib_a-impure.o)
                0x20009168                . = ALIGN (0x4)

.igot.plt       0x20009168        0x0
 .igot.plt      0x20009168        0x0 ./Debug/part2.c.o

.bss            0x20009168     0x83c8
                0x20009168                . = ALIGN (0x4)
                0x20009168                _sbss = .
 *(.bss)
 .bss           0x20009168        0x0 ./Debug/part2.c.o
 .bss           0x20009168        0x0 ./Debug/driver_src_stm32f4xx_rcc.c.o
 .bss           0x20009168        0x0 ./Debug/sciTinyTimber.c.o
 .bss           0x20009168       0x18 ./Debug/TinyTimber.c.o
                0x20009168                msgQ
                0x2000916c                timerQ
                0x20009170                runAsHardware
                0x20009174                doIRQSchedule
                0x20009178                timestamp
                0x2000917c                overflows
 .bss           0x20009180        0x0 ./Debug/dispatch.s.o
 .bss           0x20009180       0x40 ./Debug/application.c.o
                0x20009180                readBuffer
 .bss           0x200091c0        0x0 ./Debug/driver_src_stm32f4xx_dac.c.o
 .bss           0x200091c0        0x0 ./Debug/canTinyTimber.c.o
 .bss           0x200091c0        0x0 ./Debug/driver_src_stm32f4xx_usart.c.o
 .bss           0x200091c0        0x0 ./Debug/part1.c.o
 .bss           0x200091c0        0x0 ./Debug/startup.c.o
 .bss           0x200091c0        0x0 ./Debug/part0.c.o
 .bss           0x200091c0        0x0 ./Debug/driver_src_stm32f4xx_tim.c.o
 .bss           0x200091c0        0x0 ./Debug/driver_src_stm32f4xx_gpio.c.o
 .bss           0x200091c0        0x0 ./Debug/driver_src_stm32f4xx_can.c.o
 .bss           0x200091c0        0x0 ./Debug/driver_src_stm32f4xx_exti.c.o
 .bss           0x200091c0        0x0 ./Debug/driver_src_stm32f4xx_syscfg.c.o
 .bss           0x200091c0        0x0 c:/cseapp/codelite/tools/gcc-arm/bin/../lib/gcc/arm-none-eabi/9.2.1/../../../../arm-none-eabi/lib/thumb/v7e-m+fp/hard\libc_nano.a(lib_a-atoi.o)
 .bss           0x200091c0        0x0 c:/cseapp/codelite/tools/gcc-arm/bin/../lib/gcc/arm-none-eabi/9.2.1/../../../../arm-none-eabi/lib/thumb/v7e-m+fp/hard\libc_nano.a(lib_a-sprintf.o)
 .bss           0x200091c0        0x0 c:/cseapp/codelite/tools/gcc-arm/bin/../lib/gcc/arm-none-eabi/9.2.1/../../../../arm-none-eabi/lib/thumb/v7e-m+fp/hard\libc_nano.a(lib_a-strtol.o)
 .bss           0x200091c0        0x0 c:/cseapp/codelite/tools/gcc-arm/bin/../lib/gcc/arm-none-eabi/9.2.1/../../../../arm-none-eabi/lib/thumb/v7e-m+fp/hard\libc_nano.a(lib_a-ctype_.o)
 .bss           0x200091c0        0x0 c:/cseapp/codelite/tools/gcc-arm/bin/../lib/gcc/arm-none-eabi/9.2.1/../../../../arm-none-eabi/lib/thumb/v7e-m+fp/hard\libc_nano.a(lib_a-impure.o)
 .bss           0x200091c0        0x0 c:/cseapp/codelite/tools/gcc-arm/bin/../lib/gcc/arm-none-eabi/9.2.1/../../../../arm-none-eabi/lib/thumb/v7e-m+fp/hard\libc_nano.a(lib_a-nano-svfprintf.o)
 .bss           0x200091c0        0x0 c:/cseapp/codelite/tools/gcc-arm/bin/../lib/gcc/arm-none-eabi/9.2.1/../../../../arm-none-eabi/lib/thumb/v7e-m+fp/hard\libc_nano.a(lib_a-nano-vfprintf_i.o)
 .bss           0x200091c0        0x0 c:/cseapp/codelite/tools/gcc-arm/bin/../lib/gcc/arm-none-eabi/9.2.1/../../../../arm-none-eabi/lib/thumb/v7e-m+fp/hard\libc_nano.a(lib_a-memchr.o)
 .bss           0x200091c0        0x0 c:/cseapp/codelite/tools/gcc-arm/bin/../lib/gcc/arm-none-eabi/9.2.1/../../../../arm-none-eabi/lib/thumb/v7e-m+fp/hard\libc_nano.a(lib_a-memcpy-stub.o)
 .bss           0x200091c0        0x0 c:/cseapp/codelite/tools/gcc-arm/bin/../lib/gcc/arm-none-eabi/9.2.1/../../../../arm-none-eabi/lib/thumb/v7e-m+fp/hard\libc_nano.a(lib_a-memmove.o)
 .bss           0x200091c0        0x0 c:/cseapp/codelite/tools/gcc-arm/bin/../lib/gcc/arm-none-eabi/9.2.1/../../../../arm-none-eabi/lib/thumb/v7e-m+fp/hard\libc_nano.a(lib_a-nano-freer.o)
 .bss           0x200091c0        0x0 c:/cseapp/codelite/tools/gcc-arm/bin/../lib/gcc/arm-none-eabi/9.2.1/../../../../arm-none-eabi/lib/thumb/v7e-m+fp/hard\libc_nano.a(lib_a-nano-mallocr.o)
 .bss           0x200091c0        0x0 c:/cseapp/codelite/tools/gcc-arm/bin/../lib/gcc/arm-none-eabi/9.2.1/../../../../arm-none-eabi/lib/thumb/v7e-m+fp/hard\libc_nano.a(lib_a-nano-reallocr.o)
 .bss           0x200091c0        0x0 c:/cseapp/codelite/tools/gcc-arm/bin/../lib/gcc/arm-none-eabi/9.2.1/../../../../arm-none-eabi/lib/thumb/v7e-m+fp/hard\libc_nano.a(lib_a-sbrkr.o)
 .bss           0x200091c0        0x0 c:/cseapp/codelite/tools/gcc-arm/bin/../lib/gcc/arm-none-eabi/9.2.1/../../../../arm-none-eabi/lib/thumb/v7e-m+fp/hard\libc_nano.a(lib_a-mlock.o)
 .bss           0x200091c0        0x0 c:/cseapp/codelite/tools/gcc-arm/bin/../lib/gcc/arm-none-eabi/9.2.1/../../../../arm-none-eabi/lib/thumb/v7e-m+fp/hard\libc_nano.a(lib_a-nano-msizer.o)
 .bss           0x200091c0        0x0 c:/cseapp/codelite/tools/gcc-arm/bin/../lib/gcc/arm-none-eabi/9.2.1/../../../../arm-none-eabi/lib/thumb/v7e-m+fp/hard\libc_nano.a(lib_a-reent.o)
 .bss           0x200091c0        0x0 c:/cseapp/codelite/tools/gcc-arm/bin/../lib/gcc/arm-none-eabi/9.2.1/../../../../arm-none-eabi/lib/thumb/v7e-m+fp/hard\libc_nano.a(lib_a-lock.o)
 *(.bss.*)
 .bss.__malloc_free_list
                0x200091c0        0x4 c:/cseapp/codelite/tools/gcc-arm/bin/../lib/gcc/arm-none-eabi/9.2.1/../../../../arm-none-eabi/lib/thumb/v7e-m+fp/hard\libc_nano.a(lib_a-nano-mallocr.o)
                0x200091c0                __malloc_free_list
 .bss.__malloc_sbrk_start
                0x200091c4        0x4 c:/cseapp/codelite/tools/gcc-arm/bin/../lib/gcc/arm-none-eabi/9.2.1/../../../../arm-none-eabi/lib/thumb/v7e-m+fp/hard\libc_nano.a(lib_a-nano-mallocr.o)
                0x200091c4                __malloc_sbrk_start
 *(COMMON)
 COMMON         0x200091c8     0x8358 ./Debug/TinyTimber.c.o
                0x200091c8                otable
                0x200091d4                upcoming
                0x200091d8                threads
                0x20009228                mtable
                0x20009234                thread0
                0x20009248                messages
                0x20009518                __heap_end
                0x20009520                stacks
 COMMON         0x20011520        0x4 c:/cseapp/codelite/tools/gcc-arm/bin/../lib/gcc/arm-none-eabi/9.2.1/../../../../arm-none-eabi/lib/thumb/v7e-m+fp/hard\libc_nano.a(lib_a-reent.o)
                0x20011520                errno
 COMMON         0x20011524        0x9 c:/cseapp/codelite/tools/gcc-arm/bin/../lib/gcc/arm-none-eabi/9.2.1/../../../../arm-none-eabi/lib/thumb/v7e-m+fp/hard\libc_nano.a(lib_a-lock.o)
                0x20011524                __lock___atexit_recursive_mutex
                0x20011525                __lock___arc4random_mutex
                0x20011526                __lock___env_recursive_mutex
                0x20011527                __lock___sinit_recursive_mutex
                0x20011528                __lock___malloc_recursive_mutex
                0x20011529                __lock___at_quick_exit_mutex
                0x2001152a                __lock___dd_hash_mutex
                0x2001152b                __lock___tz_mutex
                0x2001152c                __lock___sfp_recursive_mutex
                0x20011530                . = ALIGN (0x4)
 *fill*         0x2001152d        0x3 
                0x20011530                _ebss = .
                0x20011530                PROVIDE (end = _ebss)
                [!provide]                PROVIDE (_end = _ebss)
OUTPUT(./Debug/RTS-Lab.elf elf32-littlearm)

.debug_info     0x00000000     0xd056
 .debug_info    0x00000000      0xc85 ./Debug/part2.c.o
 .debug_info    0x00000c85      0xef4 ./Debug/driver_src_stm32f4xx_rcc.c.o
 .debug_info    0x00001b79      0x9d1 ./Debug/sciTinyTimber.c.o
 .debug_info    0x0000254a     0x183c ./Debug/TinyTimber.c.o
 .debug_info    0x00003d86     0x1464 ./Debug/application.c.o
 .debug_info    0x000051ea      0x6af ./Debug/driver_src_stm32f4xx_dac.c.o
 .debug_info    0x00005899      0xdb4 ./Debug/canTinyTimber.c.o
 .debug_info    0x0000664d      0xa68 ./Debug/driver_src_stm32f4xx_usart.c.o
 .debug_info    0x000070b5      0xe86 ./Debug/part1.c.o
 .debug_info    0x00007f3b      0xade ./Debug/startup.c.o
 .debug_info    0x00008a19      0xef1 ./Debug/part0.c.o
 .debug_info    0x0000990a     0x1e26 ./Debug/driver_src_stm32f4xx_tim.c.o
 .debug_info    0x0000b730      0x67f ./Debug/driver_src_stm32f4xx_gpio.c.o
 .debug_info    0x0000bdaf      0xc60 ./Debug/driver_src_stm32f4xx_can.c.o
 .debug_info    0x0000ca0f      0x383 ./Debug/driver_src_stm32f4xx_exti.c.o
 .debug_info    0x0000cd92      0x2c4 ./Debug/driver_src_stm32f4xx_syscfg.c.o

.debug_abbrev   0x00000000     0x2636
 .debug_abbrev  0x00000000      0x295 ./Debug/part2.c.o
 .debug_abbrev  0x00000295      0x1f9 ./Debug/driver_src_stm32f4xx_rcc.c.o
 .debug_abbrev  0x0000048e      0x273 ./Debug/sciTinyTimber.c.o
 .debug_abbrev  0x00000701      0x4f2 ./Debug/TinyTimber.c.o
 .debug_abbrev  0x00000bf3      0x383 ./Debug/application.c.o
 .debug_abbrev  0x00000f76      0x1b9 ./Debug/driver_src_stm32f4xx_dac.c.o
 .debug_abbrev  0x0000112f      0x277 ./Debug/canTinyTimber.c.o
 .debug_abbrev  0x000013a6      0x1a8 ./Debug/driver_src_stm32f4xx_usart.c.o
 .debug_abbrev  0x0000154e      0x286 ./Debug/part1.c.o
 .debug_abbrev  0x000017d4      0x286 ./Debug/startup.c.o
 .debug_abbrev  0x00001a5a      0x2ae ./Debug/part0.c.o
 .debug_abbrev  0x00001d08      0x1c2 ./Debug/driver_src_stm32f4xx_tim.c.o
 .debug_abbrev  0x00001eca      0x1e6 ./Debug/driver_src_stm32f4xx_gpio.c.o
 .debug_abbrev  0x000020b0      0x238 ./Debug/driver_src_stm32f4xx_can.c.o
 .debug_abbrev  0x000022e8      0x1ea ./Debug/driver_src_stm32f4xx_exti.c.o
 .debug_abbrev  0x000024d2      0x164 ./Debug/driver_src_stm32f4xx_syscfg.c.o

.debug_aranges  0x00000000      0x208
 .debug_aranges
                0x00000000       0x20 ./Debug/part2.c.o
 .debug_aranges
                0x00000020       0x20 ./Debug/driver_src_stm32f4xx_rcc.c.o
 .debug_aranges
                0x00000040       0x20 ./Debug/sciTinyTimber.c.o
 .debug_aranges
                0x00000060       0x20 ./Debug/TinyTimber.c.o
 .debug_aranges
                0x00000080       0x20 ./Debug/application.c.o
 .debug_aranges
                0x000000a0       0x20 ./Debug/driver_src_stm32f4xx_dac.c.o
 .debug_aranges
                0x000000c0       0x20 ./Debug/canTinyTimber.c.o
 .debug_aranges
                0x000000e0       0x20 ./Debug/driver_src_stm32f4xx_usart.c.o
 .debug_aranges
                0x00000100       0x20 ./Debug/part1.c.o
 .debug_aranges
                0x00000120       0x28 ./Debug/startup.c.o
 .debug_aranges
                0x00000148       0x20 ./Debug/part0.c.o
 .debug_aranges
                0x00000168       0x20 ./Debug/driver_src_stm32f4xx_tim.c.o
 .debug_aranges
                0x00000188       0x20 ./Debug/driver_src_stm32f4xx_gpio.c.o
 .debug_aranges
                0x000001a8       0x20 ./Debug/driver_src_stm32f4xx_can.c.o
 .debug_aranges
                0x000001c8       0x20 ./Debug/driver_src_stm32f4xx_exti.c.o
 .debug_aranges
                0x000001e8       0x20 ./Debug/driver_src_stm32f4xx_syscfg.c.o

.debug_line     0x00000000     0x50e5
 .debug_line    0x00000000      0x2c0 ./Debug/part2.c.o
 .debug_line    0x000002c0      0x765 ./Debug/driver_src_stm32f4xx_rcc.c.o
 .debug_line    0x00000a25      0x2ab ./Debug/sciTinyTimber.c.o
 .debug_line    0x00000cd0      0xa76 ./Debug/TinyTimber.c.o
 .debug_line    0x00001746      0x378 ./Debug/application.c.o
 .debug_line    0x00001abe      0x3b2 ./Debug/driver_src_stm32f4xx_dac.c.o
 .debug_line    0x00001e70      0x410 ./Debug/canTinyTimber.c.o
 .debug_line    0x00002280      0x56f ./Debug/driver_src_stm32f4xx_usart.c.o
 .debug_line    0x000027ef      0x3e1 ./Debug/part1.c.o
 .debug_line    0x00002bd0      0x368 ./Debug/startup.c.o
 .debug_line    0x00002f38      0x492 ./Debug/part0.c.o
 .debug_line    0x000033ca      0xb82 ./Debug/driver_src_stm32f4xx_tim.c.o
 .debug_line    0x00003f4c      0x40d ./Debug/driver_src_stm32f4xx_gpio.c.o
 .debug_line    0x00004359      0x8b4 ./Debug/driver_src_stm32f4xx_can.c.o
 .debug_line    0x00004c0d      0x2dc ./Debug/driver_src_stm32f4xx_exti.c.o
 .debug_line    0x00004ee9      0x1fc ./Debug/driver_src_stm32f4xx_syscfg.c.o

.debug_str      0x00000000     0x3a79
 .debug_str     0x00000000      0x647 ./Debug/part2.c.o
                                0x6d7 (size before relaxing)
 .debug_str     0x00000647      0x801 ./Debug/driver_src_stm32f4xx_rcc.c.o
                                0x9e1 (size before relaxing)
 .debug_str     0x00000e48      0x64d ./Debug/sciTinyTimber.c.o
                                0x8bf (size before relaxing)
 .debug_str     0x00001495      0x449 ./Debug/TinyTimber.c.o
                                0xc9f (size before relaxing)
 .debug_str     0x000018de      0x20e ./Debug/application.c.o
                                0x923 (size before relaxing)
 .debug_str     0x00001aec      0x298 ./Debug/driver_src_stm32f4xx_dac.c.o
                                0x49f (size before relaxing)
 .debug_str     0x00001d84      0x12f ./Debug/canTinyTimber.c.o
                                0xa60 (size before relaxing)
 .debug_str     0x00001eb3      0x421 ./Debug/driver_src_stm32f4xx_usart.c.o
                                0x6db (size before relaxing)
 .debug_str     0x000022d4       0xfa ./Debug/part1.c.o
                                0x713 (size before relaxing)
 .debug_str     0x000023ce      0x406 ./Debug/startup.c.o
                                0x7e2 (size before relaxing)
 .debug_str     0x000027d4      0x136 ./Debug/part0.c.o
                                0x746 (size before relaxing)
 .debug_str     0x0000290a      0xa83 ./Debug/driver_src_stm32f4xx_tim.c.o
                                0xe1c (size before relaxing)
 .debug_str     0x0000338d      0x17e ./Debug/driver_src_stm32f4xx_gpio.c.o
                                0x4ef (size before relaxing)
 .debug_str     0x0000350b      0x2f7 ./Debug/driver_src_stm32f4xx_can.c.o
                                0x78a (size before relaxing)
 .debug_str     0x00003802       0xfd ./Debug/driver_src_stm32f4xx_exti.c.o
                                0x398 (size before relaxing)
 .debug_str     0x000038ff      0x17a ./Debug/driver_src_stm32f4xx_syscfg.c.o
                                0x35a (size before relaxing)

.comment        0x00000000       0x79
 .comment       0x00000000       0x79 ./Debug/part2.c.o
                                 0x7a (size before relaxing)
 .comment       0x00000079       0x7a ./Debug/driver_src_stm32f4xx_rcc.c.o
 .comment       0x00000079       0x7a ./Debug/sciTinyTimber.c.o
 .comment       0x00000079       0x7a ./Debug/TinyTimber.c.o
 .comment       0x00000079       0x7a ./Debug/application.c.o
 .comment       0x00000079       0x7a ./Debug/driver_src_stm32f4xx_dac.c.o
 .comment       0x00000079       0x7a ./Debug/canTinyTimber.c.o
 .comment       0x00000079       0x7a ./Debug/driver_src_stm32f4xx_usart.c.o
 .comment       0x00000079       0x7a ./Debug/part1.c.o
 .comment       0x00000079       0x7a ./Debug/startup.c.o
 .comment       0x00000079       0x7a ./Debug/part0.c.o
 .comment       0x00000079       0x7a ./Debug/driver_src_stm32f4xx_tim.c.o
 .comment       0x00000079       0x7a ./Debug/driver_src_stm32f4xx_gpio.c.o
 .comment       0x00000079       0x7a ./Debug/driver_src_stm32f4xx_can.c.o
 .comment       0x00000079       0x7a ./Debug/driver_src_stm32f4xx_exti.c.o
 .comment       0x00000079       0x7a ./Debug/driver_src_stm32f4xx_syscfg.c.o

.ARM.attributes
                0x00000000       0x32
 .ARM.attributes
                0x00000000       0x34 ./Debug/part2.c.o
 .ARM.attributes
                0x00000034       0x34 ./Debug/driver_src_stm32f4xx_rcc.c.o
 .ARM.attributes
                0x00000068       0x34 ./Debug/sciTinyTimber.c.o
 .ARM.attributes
                0x0000009c       0x34 ./Debug/TinyTimber.c.o
 .ARM.attributes
                0x000000d0       0x25 ./Debug/dispatch.s.o
 .ARM.attributes
                0x000000f5       0x34 ./Debug/application.c.o
 .ARM.attributes
                0x00000129       0x34 ./Debug/driver_src_stm32f4xx_dac.c.o
 .ARM.attributes
                0x0000015d       0x34 ./Debug/canTinyTimber.c.o
 .ARM.attributes
                0x00000191       0x34 ./Debug/driver_src_stm32f4xx_usart.c.o
 .ARM.attributes
                0x000001c5       0x34 ./Debug/part1.c.o
 .ARM.attributes
                0x000001f9       0x34 ./Debug/startup.c.o
 .ARM.attributes
                0x0000022d       0x34 ./Debug/part0.c.o
 .ARM.attributes
                0x00000261       0x34 ./Debug/driver_src_stm32f4xx_tim.c.o
 .ARM.attributes
                0x00000295       0x34 ./Debug/driver_src_stm32f4xx_gpio.c.o
 .ARM.attributes
                0x000002c9       0x34 ./Debug/driver_src_stm32f4xx_can.c.o
 .ARM.attributes
                0x000002fd       0x34 ./Debug/driver_src_stm32f4xx_exti.c.o
 .ARM.attributes
                0x00000331       0x34 ./Debug/driver_src_stm32f4xx_syscfg.c.o
 .ARM.attributes
                0x00000365       0x34 c:/cseapp/codelite/tools/gcc-arm/bin/../lib/gcc/arm-none-eabi/9.2.1/../../../../arm-none-eabi/lib/thumb/v7e-m+fp/hard\libc_nano.a(lib_a-atoi.o)
 .ARM.attributes
                0x00000399       0x34 c:/cseapp/codelite/tools/gcc-arm/bin/../lib/gcc/arm-none-eabi/9.2.1/../../../../arm-none-eabi/lib/thumb/v7e-m+fp/hard\libc_nano.a(lib_a-sprintf.o)
 .ARM.attributes
                0x000003cd       0x34 c:/cseapp/codelite/tools/gcc-arm/bin/../lib/gcc/arm-none-eabi/9.2.1/../../../../arm-none-eabi/lib/thumb/v7e-m+fp/hard\libc_nano.a(lib_a-strtol.o)
 .ARM.attributes
                0x00000401       0x32 c:/cseapp/codelite/tools/gcc-arm/bin/../lib/gcc/arm-none-eabi/9.2.1/../../../../arm-none-eabi/lib/thumb/v7e-m+fp/hard\libc_nano.a(lib_a-ctype_.o)
 .ARM.attributes
                0x00000433       0x32 c:/cseapp/codelite/tools/gcc-arm/bin/../lib/gcc/arm-none-eabi/9.2.1/../../../../arm-none-eabi/lib/thumb/v7e-m+fp/hard\libc_nano.a(lib_a-impure.o)
 .ARM.attributes
                0x00000465       0x34 c:/cseapp/codelite/tools/gcc-arm/bin/../lib/gcc/arm-none-eabi/9.2.1/../../../../arm-none-eabi/lib/thumb/v7e-m+fp/hard\libc_nano.a(lib_a-nano-svfprintf.o)
 .ARM.attributes
                0x00000499       0x34 c:/cseapp/codelite/tools/gcc-arm/bin/../lib/gcc/arm-none-eabi/9.2.1/../../../../arm-none-eabi/lib/thumb/v7e-m+fp/hard\libc_nano.a(lib_a-nano-vfprintf_i.o)
 .ARM.attributes
                0x000004cd       0x1c c:/cseapp/codelite/tools/gcc-arm/bin/../lib/gcc/arm-none-eabi/9.2.1/../../../../arm-none-eabi/lib/thumb/v7e-m+fp/hard\libc_nano.a(lib_a-memchr.o)
 .ARM.attributes
                0x000004e9       0x34 c:/cseapp/codelite/tools/gcc-arm/bin/../lib/gcc/arm-none-eabi/9.2.1/../../../../arm-none-eabi/lib/thumb/v7e-m+fp/hard\libc_nano.a(lib_a-memcpy-stub.o)
 .ARM.attributes
                0x0000051d       0x34 c:/cseapp/codelite/tools/gcc-arm/bin/../lib/gcc/arm-none-eabi/9.2.1/../../../../arm-none-eabi/lib/thumb/v7e-m+fp/hard\libc_nano.a(lib_a-memmove.o)
 .ARM.attributes
                0x00000551       0x34 c:/cseapp/codelite/tools/gcc-arm/bin/../lib/gcc/arm-none-eabi/9.2.1/../../../../arm-none-eabi/lib/thumb/v7e-m+fp/hard\libc_nano.a(lib_a-nano-freer.o)
 .ARM.attributes
                0x00000585       0x34 c:/cseapp/codelite/tools/gcc-arm/bin/../lib/gcc/arm-none-eabi/9.2.1/../../../../arm-none-eabi/lib/thumb/v7e-m+fp/hard\libc_nano.a(lib_a-nano-mallocr.o)
 .ARM.attributes
                0x000005b9       0x34 c:/cseapp/codelite/tools/gcc-arm/bin/../lib/gcc/arm-none-eabi/9.2.1/../../../../arm-none-eabi/lib/thumb/v7e-m+fp/hard\libc_nano.a(lib_a-nano-reallocr.o)
 .ARM.attributes
                0x000005ed       0x34 c:/cseapp/codelite/tools/gcc-arm/bin/../lib/gcc/arm-none-eabi/9.2.1/../../../../arm-none-eabi/lib/thumb/v7e-m+fp/hard\libc_nano.a(lib_a-sbrkr.o)
 .ARM.attributes
                0x00000621       0x34 c:/cseapp/codelite/tools/gcc-arm/bin/../lib/gcc/arm-none-eabi/9.2.1/../../../../arm-none-eabi/lib/thumb/v7e-m+fp/hard\libc_nano.a(lib_a-mlock.o)
 .ARM.attributes
                0x00000655       0x34 c:/cseapp/codelite/tools/gcc-arm/bin/../lib/gcc/arm-none-eabi/9.2.1/../../../../arm-none-eabi/lib/thumb/v7e-m+fp/hard\libc_nano.a(lib_a-nano-msizer.o)
 .ARM.attributes
                0x00000689       0x34 c:/cseapp/codelite/tools/gcc-arm/bin/../lib/gcc/arm-none-eabi/9.2.1/../../../../arm-none-eabi/lib/thumb/v7e-m+fp/hard\libc_nano.a(lib_a-reent.o)
 .ARM.attributes
                0x000006bd       0x34 c:/cseapp/codelite/tools/gcc-arm/bin/../lib/gcc/arm-none-eabi/9.2.1/../../../../arm-none-eabi/lib/thumb/v7e-m+fp/hard\libc_nano.a(lib_a-lock.o)

.debug_frame    0x00000000     0x3954
 .debug_frame   0x00000000       0xf4 ./Debug/part2.c.o
 .debug_frame   0x000000f4      0x814 ./Debug/driver_src_stm32f4xx_rcc.c.o
 .debug_frame   0x00000908      0x11c ./Debug/sciTinyTimber.c.o
 .debug_frame   0x00000a24      0x57c ./Debug/TinyTimber.c.o
 .debug_frame   0x00000fa0      0x158 ./Debug/application.c.o
 .debug_frame   0x000010f8      0x2ac ./Debug/driver_src_stm32f4xx_dac.c.o
 .debug_frame   0x000013a4      0x100 ./Debug/canTinyTimber.c.o
 .debug_frame   0x000014a4      0x490 ./Debug/driver_src_stm32f4xx_usart.c.o
 .debug_frame   0x00001934      0x1b8 ./Debug/part1.c.o
 .debug_frame   0x00001aec      0x14c ./Debug/startup.c.o
 .debug_frame   0x00001c38      0x1c4 ./Debug/part0.c.o
 .debug_frame   0x00001dfc      0xe54 ./Debug/driver_src_stm32f4xx_tim.c.o
 .debug_frame   0x00002c50      0x23c ./Debug/driver_src_stm32f4xx_gpio.c.o
 .debug_frame   0x00002e8c      0x3f8 ./Debug/driver_src_stm32f4xx_can.c.o
 .debug_frame   0x00003284      0x148 ./Debug/driver_src_stm32f4xx_exti.c.o
 .debug_frame   0x000033cc      0x11c ./Debug/driver_src_stm32f4xx_syscfg.c.o
 .debug_frame   0x000034e8       0x30 c:/cseapp/codelite/tools/gcc-arm/bin/../lib/gcc/arm-none-eabi/9.2.1/../../../../arm-none-eabi/lib/thumb/v7e-m+fp/hard\libc_nano.a(lib_a-atoi.o)
 .debug_frame   0x00003518       0x6c c:/cseapp/codelite/tools/gcc-arm/bin/../lib/gcc/arm-none-eabi/9.2.1/../../../../arm-none-eabi/lib/thumb/v7e-m+fp/hard\libc_nano.a(lib_a-sprintf.o)
 .debug_frame   0x00003584       0x64 c:/cseapp/codelite/tools/gcc-arm/bin/../lib/gcc/arm-none-eabi/9.2.1/../../../../arm-none-eabi/lib/thumb/v7e-m+fp/hard\libc_nano.a(lib_a-strtol.o)
 .debug_frame   0x000035e8       0x90 c:/cseapp/codelite/tools/gcc-arm/bin/../lib/gcc/arm-none-eabi/9.2.1/../../../../arm-none-eabi/lib/thumb/v7e-m+fp/hard\libc_nano.a(lib_a-nano-svfprintf.o)
 .debug_frame   0x00003678       0x60 c:/cseapp/codelite/tools/gcc-arm/bin/../lib/gcc/arm-none-eabi/9.2.1/../../../../arm-none-eabi/lib/thumb/v7e-m+fp/hard\libc_nano.a(lib_a-nano-vfprintf_i.o)
 .debug_frame   0x000036d8       0x28 c:/cseapp/codelite/tools/gcc-arm/bin/../lib/gcc/arm-none-eabi/9.2.1/../../../../arm-none-eabi/lib/thumb/v7e-m+fp/hard\libc_nano.a(lib_a-memcpy-stub.o)
 .debug_frame   0x00003700       0x28 c:/cseapp/codelite/tools/gcc-arm/bin/../lib/gcc/arm-none-eabi/9.2.1/../../../../arm-none-eabi/lib/thumb/v7e-m+fp/hard\libc_nano.a(lib_a-memmove.o)
 .debug_frame   0x00003728       0x38 c:/cseapp/codelite/tools/gcc-arm/bin/../lib/gcc/arm-none-eabi/9.2.1/../../../../arm-none-eabi/lib/thumb/v7e-m+fp/hard\libc_nano.a(lib_a-nano-freer.o)
 .debug_frame   0x00003760       0x30 c:/cseapp/codelite/tools/gcc-arm/bin/../lib/gcc/arm-none-eabi/9.2.1/../../../../arm-none-eabi/lib/thumb/v7e-m+fp/hard\libc_nano.a(lib_a-nano-mallocr.o)
 .debug_frame   0x00003790       0x3c c:/cseapp/codelite/tools/gcc-arm/bin/../lib/gcc/arm-none-eabi/9.2.1/../../../../arm-none-eabi/lib/thumb/v7e-m+fp/hard\libc_nano.a(lib_a-nano-reallocr.o)
 .debug_frame   0x000037cc       0x2c c:/cseapp/codelite/tools/gcc-arm/bin/../lib/gcc/arm-none-eabi/9.2.1/../../../../arm-none-eabi/lib/thumb/v7e-m+fp/hard\libc_nano.a(lib_a-sbrkr.o)
 .debug_frame   0x000037f8       0x30 c:/cseapp/codelite/tools/gcc-arm/bin/../lib/gcc/arm-none-eabi/9.2.1/../../../../arm-none-eabi/lib/thumb/v7e-m+fp/hard\libc_nano.a(lib_a-mlock.o)
 .debug_frame   0x00003828       0x20 c:/cseapp/codelite/tools/gcc-arm/bin/../lib/gcc/arm-none-eabi/9.2.1/../../../../arm-none-eabi/lib/thumb/v7e-m+fp/hard\libc_nano.a(lib_a-nano-msizer.o)
 .debug_frame   0x00003848       0x5c c:/cseapp/codelite/tools/gcc-arm/bin/../lib/gcc/arm-none-eabi/9.2.1/../../../../arm-none-eabi/lib/thumb/v7e-m+fp/hard\libc_nano.a(lib_a-reent.o)
 .debug_frame   0x000038a4       0xb0 c:/cseapp/codelite/tools/gcc-arm/bin/../lib/gcc/arm-none-eabi/9.2.1/../../../../arm-none-eabi/lib/thumb/v7e-m+fp/hard\libc_nano.a(lib_a-lock.o)

.debug_ranges   0x00000000       0x18
 .debug_ranges  0x00000000       0x18 ./Debug/startup.c.o

Cross Reference Table

Symbol                                            File
ABORT                                             ./Debug/TinyTimber.c.o
CANHandler                                        ./Debug/application.c.o
CAN_CancelTransmit                                ./Debug/driver_src_stm32f4xx_can.c.o
CAN_ClearFlag                                     ./Debug/driver_src_stm32f4xx_can.c.o
CAN_ClearITPendingBit                             ./Debug/driver_src_stm32f4xx_can.c.o
CAN_DBGFreeze                                     ./Debug/driver_src_stm32f4xx_can.c.o
CAN_DeInit                                        ./Debug/driver_src_stm32f4xx_can.c.o
                                                  ./Debug/startup.c.o
CAN_FIFORelease                                   ./Debug/driver_src_stm32f4xx_can.c.o
CAN_FilterInit                                    ./Debug/driver_src_stm32f4xx_can.c.o
                                                  ./Debug/startup.c.o
CAN_GetFlagStatus                                 ./Debug/driver_src_stm32f4xx_can.c.o
                                                  ./Debug/canTinyTimber.c.o
CAN_GetITStatus                                   ./Debug/driver_src_stm32f4xx_can.c.o
CAN_GetLSBTransmitErrorCounter                    ./Debug/driver_src_stm32f4xx_can.c.o
CAN_GetLastErrorCode                              ./Debug/driver_src_stm32f4xx_can.c.o
CAN_GetReceiveErrorCounter                        ./Debug/driver_src_stm32f4xx_can.c.o
CAN_ITConfig                                      ./Debug/driver_src_stm32f4xx_can.c.o
                                                  ./Debug/canTinyTimber.c.o
CAN_Init                                          ./Debug/driver_src_stm32f4xx_can.c.o
                                                  ./Debug/canTinyTimber.c.o
CAN_MessagePending                                ./Debug/driver_src_stm32f4xx_can.c.o
CAN_OperatingModeRequest                          ./Debug/driver_src_stm32f4xx_can.c.o
CAN_Receive                                       ./Debug/driver_src_stm32f4xx_can.c.o
                                                  ./Debug/canTinyTimber.c.o
CAN_SlaveStartBank                                ./Debug/driver_src_stm32f4xx_can.c.o
CAN_Sleep                                         ./Debug/driver_src_stm32f4xx_can.c.o
CAN_StructInit                                    ./Debug/driver_src_stm32f4xx_can.c.o
                                                  ./Debug/canTinyTimber.c.o
CAN_TTComModeCmd                                  ./Debug/driver_src_stm32f4xx_can.c.o
CAN_Transmit                                      ./Debug/driver_src_stm32f4xx_can.c.o
                                                  ./Debug/canTinyTimber.c.o
CAN_TransmitStatus                                ./Debug/driver_src_stm32f4xx_can.c.o
CAN_WakeUp                                        ./Debug/driver_src_stm32f4xx_can.c.o
CURRENT_OFFSET                                    ./Debug/TinyTimber.c.o
                                                  ./Debug/part1.c.o
DAC_ClearFlag                                     ./Debug/driver_src_stm32f4xx_dac.c.o
DAC_ClearITPendingBit                             ./Debug/driver_src_stm32f4xx_dac.c.o
DAC_Cmd                                           ./Debug/driver_src_stm32f4xx_dac.c.o
                                                  ./Debug/startup.c.o
DAC_DMACmd                                        ./Debug/driver_src_stm32f4xx_dac.c.o
DAC_DeInit                                        ./Debug/driver_src_stm32f4xx_dac.c.o
                                                  ./Debug/startup.c.o
DAC_DualSoftwareTriggerCmd                        ./Debug/driver_src_stm32f4xx_dac.c.o
DAC_GetDataOutputValue                            ./Debug/driver_src_stm32f4xx_dac.c.o
DAC_GetFlagStatus                                 ./Debug/driver_src_stm32f4xx_dac.c.o
DAC_GetITStatus                                   ./Debug/driver_src_stm32f4xx_dac.c.o
DAC_ITConfig                                      ./Debug/driver_src_stm32f4xx_dac.c.o
DAC_Init                                          ./Debug/driver_src_stm32f4xx_dac.c.o
                                                  ./Debug/startup.c.o
DAC_SetChannel1Data                               ./Debug/driver_src_stm32f4xx_dac.c.o
DAC_SetChannel2Data                               ./Debug/driver_src_stm32f4xx_dac.c.o
                                                  ./Debug/startup.c.o
DAC_SetDualChannelData                            ./Debug/driver_src_stm32f4xx_dac.c.o
DAC_SoftwareTriggerCmd                            ./Debug/driver_src_stm32f4xx_dac.c.o
DAC_StructInit                                    ./Debug/driver_src_stm32f4xx_dac.c.o
                                                  ./Debug/startup.c.o
DAC_WaveGenerationCmd                             ./Debug/driver_src_stm32f4xx_dac.c.o
DUMP                                              ./Debug/TinyTimber.c.o
                                                  ./Debug/canTinyTimber.c.o
                                                  ./Debug/dispatch.s.o
DUMPC                                             ./Debug/TinyTimber.c.o
DUMPD                                             ./Debug/TinyTimber.c.o
                                                  ./Debug/dispatch.s.o
DUMPH                                             ./Debug/TinyTimber.c.o
                                                  ./Debug/dispatch.s.o
EXTI_ClearFlag                                    ./Debug/driver_src_stm32f4xx_exti.c.o
EXTI_ClearITPendingBit                            ./Debug/driver_src_stm32f4xx_exti.c.o
EXTI_DeInit                                       ./Debug/driver_src_stm32f4xx_exti.c.o
                                                  ./Debug/startup.c.o
EXTI_GenerateSWInterrupt                          ./Debug/driver_src_stm32f4xx_exti.c.o
EXTI_GetFlagStatus                                ./Debug/driver_src_stm32f4xx_exti.c.o
EXTI_GetITStatus                                  ./Debug/driver_src_stm32f4xx_exti.c.o
EXTI_Init                                         ./Debug/driver_src_stm32f4xx_exti.c.o
                                                  ./Debug/startup.c.o
EXTI_StructInit                                   ./Debug/driver_src_stm32f4xx_exti.c.o
                                                  ./Debug/startup.c.o
GPIO_DeInit                                       ./Debug/driver_src_stm32f4xx_gpio.c.o
                                                  ./Debug/startup.c.o
GPIO_Init                                         ./Debug/driver_src_stm32f4xx_gpio.c.o
                                                  ./Debug/startup.c.o
GPIO_PinAFConfig                                  ./Debug/driver_src_stm32f4xx_gpio.c.o
                                                  ./Debug/startup.c.o
GPIO_PinLockConfig                                ./Debug/driver_src_stm32f4xx_gpio.c.o
GPIO_ReadInputData                                ./Debug/driver_src_stm32f4xx_gpio.c.o
GPIO_ReadInputDataBit                             ./Debug/driver_src_stm32f4xx_gpio.c.o
GPIO_ReadOutputData                               ./Debug/driver_src_stm32f4xx_gpio.c.o
GPIO_ReadOutputDataBit                            ./Debug/driver_src_stm32f4xx_gpio.c.o
GPIO_ResetBits                                    ./Debug/driver_src_stm32f4xx_gpio.c.o
GPIO_SetBits                                      ./Debug/driver_src_stm32f4xx_gpio.c.o
GPIO_StructInit                                   ./Debug/driver_src_stm32f4xx_gpio.c.o
                                                  ./Debug/startup.c.o
GPIO_ToggleBits                                   ./Debug/driver_src_stm32f4xx_gpio.c.o
GPIO_Write                                        ./Debug/driver_src_stm32f4xx_gpio.c.o
GPIO_WriteBit                                     ./Debug/driver_src_stm32f4xx_gpio.c.o
                                                  ./Debug/startup.c.o
                                                  ./Debug/TinyTimber.c.o
RCC_AHB1PeriphClockCmd                            ./Debug/driver_src_stm32f4xx_rcc.c.o
                                                  ./Debug/startup.c.o
RCC_AHB1PeriphClockLPModeCmd                      ./Debug/driver_src_stm32f4xx_rcc.c.o
RCC_AHB1PeriphResetCmd                            ./Debug/driver_src_stm32f4xx_rcc.c.o
                                                  ./Debug/driver_src_stm32f4xx_gpio.c.o
RCC_AHB2PeriphClockCmd                            ./Debug/driver_src_stm32f4xx_rcc.c.o
RCC_AHB2PeriphClockLPModeCmd                      ./Debug/driver_src_stm32f4xx_rcc.c.o
RCC_AHB2PeriphResetCmd                            ./Debug/driver_src_stm32f4xx_rcc.c.o
RCC_AHB3PeriphClockCmd                            ./Debug/driver_src_stm32f4xx_rcc.c.o
RCC_AHB3PeriphClockLPModeCmd                      ./Debug/driver_src_stm32f4xx_rcc.c.o
RCC_AHB3PeriphResetCmd                            ./Debug/driver_src_stm32f4xx_rcc.c.o
RCC_APB1PeriphClockCmd                            ./Debug/driver_src_stm32f4xx_rcc.c.o
                                                  ./Debug/startup.c.o
RCC_APB1PeriphClockLPModeCmd                      ./Debug/driver_src_stm32f4xx_rcc.c.o
                                                  ./Debug/startup.c.o
RCC_APB1PeriphResetCmd                            ./Debug/driver_src_stm32f4xx_rcc.c.o
                                                  ./Debug/driver_src_stm32f4xx_can.c.o
                                                  ./Debug/driver_src_stm32f4xx_tim.c.o
                                                  ./Debug/driver_src_stm32f4xx_usart.c.o
                                                  ./Debug/driver_src_stm32f4xx_dac.c.o
RCC_APB2PeriphClockCmd                            ./Debug/driver_src_stm32f4xx_rcc.c.o
                                                  ./Debug/startup.c.o
RCC_APB2PeriphClockLPModeCmd                      ./Debug/driver_src_stm32f4xx_rcc.c.o
RCC_APB2PeriphResetCmd                            ./Debug/driver_src_stm32f4xx_rcc.c.o
                                                  ./Debug/driver_src_stm32f4xx_syscfg.c.o
                                                  ./Debug/driver_src_stm32f4xx_tim.c.o
                                                  ./Debug/driver_src_stm32f4xx_usart.c.o
RCC_AdjustHSICalibrationValue                     ./Debug/driver_src_stm32f4xx_rcc.c.o
RCC_BackupResetCmd                                ./Debug/driver_src_stm32f4xx_rcc.c.o
RCC_ClearFlag                                     ./Debug/driver_src_stm32f4xx_rcc.c.o
RCC_ClearITPendingBit                             ./Debug/driver_src_stm32f4xx_rcc.c.o
RCC_ClockSecuritySystemCmd                        ./Debug/driver_src_stm32f4xx_rcc.c.o
RCC_DeInit                                        ./Debug/driver_src_stm32f4xx_rcc.c.o
RCC_GetClocksFreq                                 ./Debug/driver_src_stm32f4xx_rcc.c.o
                                                  ./Debug/driver_src_stm32f4xx_usart.c.o
RCC_GetFlagStatus                                 ./Debug/driver_src_stm32f4xx_rcc.c.o
RCC_GetITStatus                                   ./Debug/driver_src_stm32f4xx_rcc.c.o
RCC_GetSYSCLKSource                               ./Debug/driver_src_stm32f4xx_rcc.c.o
RCC_HCLKConfig                                    ./Debug/driver_src_stm32f4xx_rcc.c.o
RCC_HSEConfig                                     ./Debug/driver_src_stm32f4xx_rcc.c.o
RCC_HSICmd                                        ./Debug/driver_src_stm32f4xx_rcc.c.o
RCC_I2SCLKConfig                                  ./Debug/driver_src_stm32f4xx_rcc.c.o
RCC_ITConfig                                      ./Debug/driver_src_stm32f4xx_rcc.c.o
RCC_LSEConfig                                     ./Debug/driver_src_stm32f4xx_rcc.c.o
RCC_LSICmd                                        ./Debug/driver_src_stm32f4xx_rcc.c.o
RCC_LTDCCLKDivConfig                              ./Debug/driver_src_stm32f4xx_rcc.c.o
RCC_MCO1Config                                    ./Debug/driver_src_stm32f4xx_rcc.c.o
RCC_MCO2Config                                    ./Debug/driver_src_stm32f4xx_rcc.c.o
RCC_PCLK1Config                                   ./Debug/driver_src_stm32f4xx_rcc.c.o
RCC_PCLK2Config                                   ./Debug/driver_src_stm32f4xx_rcc.c.o
RCC_PLLCmd                                        ./Debug/driver_src_stm32f4xx_rcc.c.o
RCC_PLLConfig                                     ./Debug/driver_src_stm32f4xx_rcc.c.o
RCC_PLLI2SCmd                                     ./Debug/driver_src_stm32f4xx_rcc.c.o
RCC_PLLI2SConfig                                  ./Debug/driver_src_stm32f4xx_rcc.c.o
RCC_PLLSAICmd                                     ./Debug/driver_src_stm32f4xx_rcc.c.o
RCC_PLLSAIConfig                                  ./Debug/driver_src_stm32f4xx_rcc.c.o
RCC_RTCCLKCmd                                     ./Debug/driver_src_stm32f4xx_rcc.c.o
RCC_RTCCLKConfig                                  ./Debug/driver_src_stm32f4xx_rcc.c.o
RCC_SAIBlockACLKConfig                            ./Debug/driver_src_stm32f4xx_rcc.c.o
RCC_SAIBlockBCLKConfig                            ./Debug/driver_src_stm32f4xx_rcc.c.o
RCC_SAIPLLI2SClkDivConfig                         ./Debug/driver_src_stm32f4xx_rcc.c.o
RCC_SAIPLLSAIClkDivConfig                         ./Debug/driver_src_stm32f4xx_rcc.c.o
RCC_SYSCLKConfig                                  ./Debug/driver_src_stm32f4xx_rcc.c.o
RCC_TIMCLKPresConfig                              ./Debug/driver_src_stm32f4xx_rcc.c.o
RCC_WaitForHSEStartUp                             ./Debug/driver_src_stm32f4xx_rcc.c.o
SETPC                                             ./Debug/TinyTimber.c.o
SETSTACK                                          ./Debug/TinyTimber.c.o
SYSCFG_CompensationCellCmd                        ./Debug/driver_src_stm32f4xx_syscfg.c.o
SYSCFG_DeInit                                     ./Debug/driver_src_stm32f4xx_syscfg.c.o
SYSCFG_ETH_MediaInterfaceConfig                   ./Debug/driver_src_stm32f4xx_syscfg.c.o
SYSCFG_EXTILineConfig                             ./Debug/driver_src_stm32f4xx_syscfg.c.o
                                                  ./Debug/startup.c.o
SYSCFG_GetCompensationCellStatus                  ./Debug/driver_src_stm32f4xx_syscfg.c.o
SYSCFG_MemoryRemapConfig                          ./Debug/driver_src_stm32f4xx_syscfg.c.o
SYSCFG_MemorySwappingBank                         ./Debug/driver_src_stm32f4xx_syscfg.c.o
TIMER_INIT                                        ./Debug/TinyTimber.c.o
TIM_ARRPreloadConfig                              ./Debug/driver_src_stm32f4xx_tim.c.o
TIM_BDTRConfig                                    ./Debug/driver_src_stm32f4xx_tim.c.o
TIM_BDTRStructInit                                ./Debug/driver_src_stm32f4xx_tim.c.o
TIM_CCPreloadControl                              ./Debug/driver_src_stm32f4xx_tim.c.o
TIM_CCxCmd                                        ./Debug/driver_src_stm32f4xx_tim.c.o
TIM_CCxNCmd                                       ./Debug/driver_src_stm32f4xx_tim.c.o
TIM_ClearFlag                                     ./Debug/driver_src_stm32f4xx_tim.c.o
TIM_ClearITPendingBit                             ./Debug/driver_src_stm32f4xx_tim.c.o
                                                  ./Debug/TinyTimber.c.o
TIM_ClearOC1Ref                                   ./Debug/driver_src_stm32f4xx_tim.c.o
TIM_ClearOC2Ref                                   ./Debug/driver_src_stm32f4xx_tim.c.o
TIM_ClearOC3Ref                                   ./Debug/driver_src_stm32f4xx_tim.c.o
TIM_ClearOC4Ref                                   ./Debug/driver_src_stm32f4xx_tim.c.o
TIM_Cmd                                           ./Debug/driver_src_stm32f4xx_tim.c.o
                                                  ./Debug/TinyTimber.c.o
TIM_CounterModeConfig                             ./Debug/driver_src_stm32f4xx_tim.c.o
TIM_CtrlPWMOutputs                                ./Debug/driver_src_stm32f4xx_tim.c.o
TIM_DMACmd                                        ./Debug/driver_src_stm32f4xx_tim.c.o
TIM_DMAConfig                                     ./Debug/driver_src_stm32f4xx_tim.c.o
TIM_DeInit                                        ./Debug/driver_src_stm32f4xx_tim.c.o
                                                  ./Debug/TinyTimber.c.o
TIM_ETRClockMode1Config                           ./Debug/driver_src_stm32f4xx_tim.c.o
TIM_ETRClockMode2Config                           ./Debug/driver_src_stm32f4xx_tim.c.o
TIM_ETRConfig                                     ./Debug/driver_src_stm32f4xx_tim.c.o
TIM_EncoderInterfaceConfig                        ./Debug/driver_src_stm32f4xx_tim.c.o
TIM_ForcedOC1Config                               ./Debug/driver_src_stm32f4xx_tim.c.o
TIM_ForcedOC2Config                               ./Debug/driver_src_stm32f4xx_tim.c.o
TIM_ForcedOC3Config                               ./Debug/driver_src_stm32f4xx_tim.c.o
TIM_ForcedOC4Config                               ./Debug/driver_src_stm32f4xx_tim.c.o
TIM_GenerateEvent                                 ./Debug/driver_src_stm32f4xx_tim.c.o
TIM_GetCapture1                                   ./Debug/driver_src_stm32f4xx_tim.c.o
TIM_GetCapture2                                   ./Debug/driver_src_stm32f4xx_tim.c.o
TIM_GetCapture3                                   ./Debug/driver_src_stm32f4xx_tim.c.o
TIM_GetCapture4                                   ./Debug/driver_src_stm32f4xx_tim.c.o
TIM_GetCounter                                    ./Debug/driver_src_stm32f4xx_tim.c.o
                                                  ./Debug/TinyTimber.c.o
TIM_GetFlagStatus                                 ./Debug/driver_src_stm32f4xx_tim.c.o
TIM_GetITStatus                                   ./Debug/driver_src_stm32f4xx_tim.c.o
TIM_GetPrescaler                                  ./Debug/driver_src_stm32f4xx_tim.c.o
TIM_ICInit                                        ./Debug/driver_src_stm32f4xx_tim.c.o
TIM_ICStructInit                                  ./Debug/driver_src_stm32f4xx_tim.c.o
TIM_ITConfig                                      ./Debug/driver_src_stm32f4xx_tim.c.o
                                                  ./Debug/TinyTimber.c.o
TIM_ITRxExternalClockConfig                       ./Debug/driver_src_stm32f4xx_tim.c.o
TIM_InternalClockConfig                           ./Debug/driver_src_stm32f4xx_tim.c.o
TIM_OC1FastConfig                                 ./Debug/driver_src_stm32f4xx_tim.c.o
TIM_OC1Init                                       ./Debug/driver_src_stm32f4xx_tim.c.o
TIM_OC1NPolarityConfig                            ./Debug/driver_src_stm32f4xx_tim.c.o
TIM_OC1PolarityConfig                             ./Debug/driver_src_stm32f4xx_tim.c.o
TIM_OC1PreloadConfig                              ./Debug/driver_src_stm32f4xx_tim.c.o
TIM_OC2FastConfig                                 ./Debug/driver_src_stm32f4xx_tim.c.o
TIM_OC2Init                                       ./Debug/driver_src_stm32f4xx_tim.c.o
TIM_OC2NPolarityConfig                            ./Debug/driver_src_stm32f4xx_tim.c.o
TIM_OC2PolarityConfig                             ./Debug/driver_src_stm32f4xx_tim.c.o
TIM_OC2PreloadConfig                              ./Debug/driver_src_stm32f4xx_tim.c.o
TIM_OC3FastConfig                                 ./Debug/driver_src_stm32f4xx_tim.c.o
TIM_OC3Init                                       ./Debug/driver_src_stm32f4xx_tim.c.o
TIM_OC3NPolarityConfig                            ./Debug/driver_src_stm32f4xx_tim.c.o
TIM_OC3PolarityConfig                             ./Debug/driver_src_stm32f4xx_tim.c.o
TIM_OC3PreloadConfig                              ./Debug/driver_src_stm32f4xx_tim.c.o
TIM_OC4FastConfig                                 ./Debug/driver_src_stm32f4xx_tim.c.o
TIM_OC4Init                                       ./Debug/driver_src_stm32f4xx_tim.c.o
TIM_OC4PolarityConfig                             ./Debug/driver_src_stm32f4xx_tim.c.o
TIM_OC4PreloadConfig                              ./Debug/driver_src_stm32f4xx_tim.c.o
TIM_OCStructInit                                  ./Debug/driver_src_stm32f4xx_tim.c.o
TIM_PWMIConfig                                    ./Debug/driver_src_stm32f4xx_tim.c.o
TIM_PrescalerConfig                               ./Debug/driver_src_stm32f4xx_tim.c.o
TIM_RemapConfig                                   ./Debug/driver_src_stm32f4xx_tim.c.o
TIM_SelectCCDMA                                   ./Debug/driver_src_stm32f4xx_tim.c.o
TIM_SelectCOM                                     ./Debug/driver_src_stm32f4xx_tim.c.o
TIM_SelectHallSensor                              ./Debug/driver_src_stm32f4xx_tim.c.o
TIM_SelectInputTrigger                            ./Debug/driver_src_stm32f4xx_tim.c.o
TIM_SelectMasterSlaveMode                         ./Debug/driver_src_stm32f4xx_tim.c.o
TIM_SelectOCxM                                    ./Debug/driver_src_stm32f4xx_tim.c.o
TIM_SelectOnePulseMode                            ./Debug/driver_src_stm32f4xx_tim.c.o
TIM_SelectOutputTrigger                           ./Debug/driver_src_stm32f4xx_tim.c.o
TIM_SelectSlaveMode                               ./Debug/driver_src_stm32f4xx_tim.c.o
TIM_SetAutoreload                                 ./Debug/driver_src_stm32f4xx_tim.c.o
TIM_SetClockDivision                              ./Debug/driver_src_stm32f4xx_tim.c.o
TIM_SetCompare1                                   ./Debug/driver_src_stm32f4xx_tim.c.o
                                                  ./Debug/TinyTimber.c.o
TIM_SetCompare2                                   ./Debug/driver_src_stm32f4xx_tim.c.o
TIM_SetCompare3                                   ./Debug/driver_src_stm32f4xx_tim.c.o
TIM_SetCompare4                                   ./Debug/driver_src_stm32f4xx_tim.c.o
TIM_SetCounter                                    ./Debug/driver_src_stm32f4xx_tim.c.o
                                                  ./Debug/TinyTimber.c.o
TIM_SetIC1Prescaler                               ./Debug/driver_src_stm32f4xx_tim.c.o
TIM_SetIC2Prescaler                               ./Debug/driver_src_stm32f4xx_tim.c.o
TIM_SetIC3Prescaler                               ./Debug/driver_src_stm32f4xx_tim.c.o
TIM_SetIC4Prescaler                               ./Debug/driver_src_stm32f4xx_tim.c.o
TIM_TIxExternalClockConfig                        ./Debug/driver_src_stm32f4xx_tim.c.o
TIM_TimeBaseInit                                  ./Debug/driver_src_stm32f4xx_tim.c.o
                                                  ./Debug/TinyTimber.c.o
TIM_TimeBaseStructInit                            ./Debug/driver_src_stm32f4xx_tim.c.o
                                                  ./Debug/TinyTimber.c.o
TIM_UpdateDisableConfig                           ./Debug/driver_src_stm32f4xx_tim.c.o
TIM_UpdateRequestConfig                           ./Debug/driver_src_stm32f4xx_tim.c.o
T_RESET                                           ./Debug/TinyTimber.c.o
T_SAMPLE                                          ./Debug/TinyTimber.c.o
USART_ClearFlag                                   ./Debug/driver_src_stm32f4xx_usart.c.o
USART_ClearITPendingBit                           ./Debug/driver_src_stm32f4xx_usart.c.o
USART_ClockInit                                   ./Debug/driver_src_stm32f4xx_usart.c.o
USART_ClockStructInit                             ./Debug/driver_src_stm32f4xx_usart.c.o
USART_Cmd                                         ./Debug/driver_src_stm32f4xx_usart.c.o
USART_DMACmd                                      ./Debug/driver_src_stm32f4xx_usart.c.o
USART_DeInit                                      ./Debug/driver_src_stm32f4xx_usart.c.o
USART_GetFlagStatus                               ./Debug/driver_src_stm32f4xx_usart.c.o
                                                  ./Debug/TinyTimber.c.o
                                                  ./Debug/sciTinyTimber.c.o
USART_GetITStatus                                 ./Debug/driver_src_stm32f4xx_usart.c.o
USART_HalfDuplexCmd                               ./Debug/driver_src_stm32f4xx_usart.c.o
USART_ITConfig                                    ./Debug/driver_src_stm32f4xx_usart.c.o
                                                  ./Debug/sciTinyTimber.c.o
USART_Init                                        ./Debug/driver_src_stm32f4xx_usart.c.o
USART_IrDACmd                                     ./Debug/driver_src_stm32f4xx_usart.c.o
USART_IrDAConfig                                  ./Debug/driver_src_stm32f4xx_usart.c.o
USART_LINBreakDetectLengthConfig                  ./Debug/driver_src_stm32f4xx_usart.c.o
USART_LINCmd                                      ./Debug/driver_src_stm32f4xx_usart.c.o
USART_OneBitMethodCmd                             ./Debug/driver_src_stm32f4xx_usart.c.o
USART_OverSampling8Cmd                            ./Debug/driver_src_stm32f4xx_usart.c.o
USART_ReceiveData                                 ./Debug/driver_src_stm32f4xx_usart.c.o
                                                  ./Debug/sciTinyTimber.c.o
USART_ReceiverWakeUpCmd                           ./Debug/driver_src_stm32f4xx_usart.c.o
USART_SendBreak                                   ./Debug/driver_src_stm32f4xx_usart.c.o
USART_SendData                                    ./Debug/driver_src_stm32f4xx_usart.c.o
                                                  ./Debug/TinyTimber.c.o
                                                  ./Debug/sciTinyTimber.c.o
USART_SetAddress                                  ./Debug/driver_src_stm32f4xx_usart.c.o
USART_SetGuardTime                                ./Debug/driver_src_stm32f4xx_usart.c.o
USART_SetPrescaler                                ./Debug/driver_src_stm32f4xx_usart.c.o
USART_SmartCardCmd                                ./Debug/driver_src_stm32f4xx_usart.c.o
USART_SmartCardNACKCmd                            ./Debug/driver_src_stm32f4xx_usart.c.o
USART_StructInit                                  ./Debug/driver_src_stm32f4xx_usart.c.o
USART_WakeUpConfig                                ./Debug/driver_src_stm32f4xx_usart.c.o
__heap_end                                        ./Debug/TinyTimber.c.o
__lock___arc4random_mutex                         c:/cseapp/codelite/tools/gcc-arm/bin/../lib/gcc/arm-none-eabi/9.2.1/../../../../arm-none-eabi/lib/thumb/v7e-m+fp/hard\libc_nano.a(lib_a-lock.o)
__lock___at_quick_exit_mutex                      c:/cseapp/codelite/tools/gcc-arm/bin/../lib/gcc/arm-none-eabi/9.2.1/../../../../arm-none-eabi/lib/thumb/v7e-m+fp/hard\libc_nano.a(lib_a-lock.o)
__lock___atexit_recursive_mutex                   c:/cseapp/codelite/tools/gcc-arm/bin/../lib/gcc/arm-none-eabi/9.2.1/../../../../arm-none-eabi/lib/thumb/v7e-m+fp/hard\libc_nano.a(lib_a-lock.o)
__lock___dd_hash_mutex                            c:/cseapp/codelite/tools/gcc-arm/bin/../lib/gcc/arm-none-eabi/9.2.1/../../../../arm-none-eabi/lib/thumb/v7e-m+fp/hard\libc_nano.a(lib_a-lock.o)
__lock___env_recursive_mutex                      c:/cseapp/codelite/tools/gcc-arm/bin/../lib/gcc/arm-none-eabi/9.2.1/../../../../arm-none-eabi/lib/thumb/v7e-m+fp/hard\libc_nano.a(lib_a-lock.o)
__lock___malloc_recursive_mutex                   c:/cseapp/codelite/tools/gcc-arm/bin/../lib/gcc/arm-none-eabi/9.2.1/../../../../arm-none-eabi/lib/thumb/v7e-m+fp/hard\libc_nano.a(lib_a-lock.o)
                                                  c:/cseapp/codelite/tools/gcc-arm/bin/../lib/gcc/arm-none-eabi/9.2.1/../../../../arm-none-eabi/lib/thumb/v7e-m+fp/hard\libc_nano.a(lib_a-mlock.o)
__lock___sfp_recursive_mutex                      c:/cseapp/codelite/tools/gcc-arm/bin/../lib/gcc/arm-none-eabi/9.2.1/../../../../arm-none-eabi/lib/thumb/v7e-m+fp/hard\libc_nano.a(lib_a-lock.o)
__lock___sinit_recursive_mutex                    c:/cseapp/codelite/tools/gcc-arm/bin/../lib/gcc/arm-none-eabi/9.2.1/../../../../arm-none-eabi/lib/thumb/v7e-m+fp/hard\libc_nano.a(lib_a-lock.o)
__lock___tz_mutex                                 c:/cseapp/codelite/tools/gcc-arm/bin/../lib/gcc/arm-none-eabi/9.2.1/../../../../arm-none-eabi/lib/thumb/v7e-m+fp/hard\libc_nano.a(lib_a-lock.o)