Archive member included to satisfy reference by file (symbol)

c:/cseapp/codelite/tools/gcc-arm/bin/../lib/gcc/arm-none-eabi/9.2.1/../../../../arm-none-eabi/lib/thumb/v7e-m+fp/hard\libc_nano.a(lib_a-atoi.o)
                              ./Debug/part0.c.o (atoi)
c:/cseapp/codelite/tools/gcc-arm/bin/../lib/gcc/arm-none-eabi/9.2.1/../../../../arm-none-eabi/lib/thumb/v7e-m+fp/hard\libc_nano.a(lib_a-sprintf.o)
                              ./Debug/part2.c.o (sprintf)
c:/cseapp/codelite/tools/gcc-arm/bin/../lib/gcc/arm-none-eabi/9.2.1/../../../../arm-none-eabi/lib/thumb/v7e-m+fp/hard\libc_nano.a(lib_a-strtol.o)
                              c:/cseapp/codelite/tools/gcc-arm/bin/../lib/gcc/arm-none-eabi/9.2.1/../../../../arm-none-eabi/lib/thumb/v7e-m+fp/hard\libc_nano.a(lib_a-atoi.o) (_strtol_r)
c:/cseapp/codelite/tools/gcc-arm/bin/../lib/gcc/arm-none-eabi/9.2.1/../../../../arm-none-eabi/lib/thumb/v7e-m+fp/hard\libc_nano.a(lib_a-ctype_.o)
                              c:/cseapp/codelite/tools/gcc-arm/bin/../lib/gcc/arm-none-eabi/9.2.1/../../../../arm-none-eabi/lib/thumb/v7e-m+fp/hard\libc_nano.a(lib_a-strtol.o) (_ctype_)
c:/cseapp/codelite/tools/gcc-arm/bin/../lib/gcc/arm-none-eabi/9.2.1/../../../../arm-none-eabi/lib/thumb/v7e-m+fp/hard\libc_nano.a(lib_a-impure.o)
                              c:/cseapp/codelite/tools/gcc-arm/bin/../lib/gcc/arm-none-eabi/9.2.1/../../../../arm-none-eabi/lib/thumb/v7e-m+fp/hard\libc_nano.a(lib_a-sprintf.o) (_impure_ptr)
c:/cseapp/codelite/tools/gcc-arm/bin/../lib/gcc/arm-none-eabi/9.2.1/../../../../arm-none-eabi/lib/thumb/v7e-m+fp/hard\libc_nano.a(lib_a-nano-svfprintf.o)
                              c:/cseapp/codelite/tools/gcc-arm/bin/../lib/gcc/arm-none-eabi/9.2.1/../../../../arm-none-eabi/lib/thumb/v7e-m+fp/hard\libc_nano.a(lib_a-sprintf.o) (_svfprintf_r)
c:/cseapp/codelite/tools/gcc-arm/bin/../lib/gcc/arm-none-eabi/9.2.1/../../../../arm-none-eabi/lib/thumb/v7e-m+fp/hard\libc_nano.a(lib_a-nano-vfprintf_i.o)
                              c:/cseapp/codelite/tools/gcc-arm/bin/../lib/gcc/arm-none-eabi/9.2.1/../../../../arm-none-eabi/lib/thumb/v7e-m+fp/hard\libc_nano.a(lib_a-nano-svfprintf.o) (_printf_i)
c:/cseapp/codelite/tools/gcc-arm/bin/../lib/gcc/arm-none-eabi/9.2.1/../../../../arm-none-eabi/lib/thumb/v7e-m+fp/hard\libc_nano.a(lib_a-memchr.o)
                              c:/cseapp/codelite/tools/gcc-arm/bin/../lib/gcc/arm-none-eabi/9.2.1/../../../../arm-none-eabi/lib/thumb/v7e-m+fp/hard\libc_nano.a(lib_a-nano-svfprintf.o) (memchr)
c:/cseapp/codelite/tools/gcc-arm/bin/../lib/gcc/arm-none-eabi/9.2.1/../../../../arm-none-eabi/lib/thumb/v7e-m+fp/hard\libc_nano.a(lib_a-memcpy-stub.o)
                              c:/cseapp/codelite/tools/gcc-arm/bin/../lib/gcc/arm-none-eabi/9.2.1/../../../../arm-none-eabi/lib/thumb/v7e-m+fp/hard\libc_nano.a(lib_a-nano-svfprintf.o) (memcpy)
c:/cseapp/codelite/tools/gcc-arm/bin/../lib/gcc/arm-none-eabi/9.2.1/../../../../arm-none-eabi/lib/thumb/v7e-m+fp/hard\libc_nano.a(lib_a-memmove.o)
                              c:/cseapp/codelite/tools/gcc-arm/bin/../lib/gcc/arm-none-eabi/9.2.1/../../../../arm-none-eabi/lib/thumb/v7e-m+fp/hard\libc_nano.a(lib_a-nano-svfprintf.o) (memmove)
c:/cseapp/codelite/tools/gcc-arm/bin/../lib/gcc/arm-none-eabi/9.2.1/../../../../arm-none-eabi/lib/thumb/v7e-m+fp/hard\libc_nano.a(lib_a-nano-freer.o)
                              c:/cseapp/codelite/tools/gcc-arm/bin/../lib/gcc/arm-none-eabi/9.2.1/../../../../arm-none-eabi/lib/thumb/v7e-m+fp/hard\libc_nano.a(lib_a-nano-svfprintf.o) (_free_r)
c:/cseapp/codelite/tools/gcc-arm/bin/../lib/gcc/arm-none-eabi/9.2.1/../../../../arm-none-eabi/lib/thumb/v7e-m+fp/hard\libc_nano.a(lib_a-nano-mallocr.o)
                              c:/cseapp/codelite/tools/gcc-arm/bin/../lib/gcc/arm-none-eabi/9.2.1/../../../../arm-none-eabi/lib/thumb/v7e-m+fp/hard\libc_nano.a(lib_a-nano-svfprintf.o) (_malloc_r)
c:/cseapp/codelite/tools/gcc-arm/bin/../lib/gcc/arm-none-eabi/9.2.1/../../../../arm-none-eabi/lib/thumb/v7e-m+fp/hard\libc_nano.a(lib_a-nano-reallocr.o)
                              c:/cseapp/codelite/tools/gcc-arm/bin/../lib/gcc/arm-none-eabi/9.2.1/../../../../arm-none-eabi/lib/thumb/v7e-m+fp/hard\libc_nano.a(lib_a-nano-svfprintf.o) (_realloc_r)
c:/cseapp/codelite/tools/gcc-arm/bin/../lib/gcc/arm-none-eabi/9.2.1/../../../../arm-none-eabi/lib/thumb/v7e-m+fp/hard\libc_nano.a(lib_a-sbrkr.o)
                              c:/cseapp/codelite/tools/gcc-arm/bin/../lib/gcc/arm-none-eabi/9.2.1/../../../../arm-none-eabi/lib/thumb/v7e-m+fp/hard\libc_nano.a(lib_a-nano-mallocr.o) (_sbrk_r)
c:/cseapp/codelite/tools/gcc-arm/bin/../lib/gcc/arm-none-eabi/9.2.1/../../../../arm-none-eabi/lib/thumb/v7e-m+fp/hard\libc_nano.a(lib_a-mlock.o)
                              c:/cseapp/codelite/tools/gcc-arm/bin/../lib/gcc/arm-none-eabi/9.2.1/../../../../arm-none-eabi/lib/thumb/v7e-m+fp/hard\libc_nano.a(lib_a-nano-freer.o) (__malloc_lock)
[...]
Memory Configuration

Name             Origin             Length             Attributes
RAM              0x20000000         0x0001c000         xrw
*default*        0x00000000         0xffffffff

Linker script and memory map

LOAD ./Debug/part0.c.o
LOAD ./Debug/part2.c.o
LOAD ./Debug/canTinyTimber.c.o
LOAD ./Debug/startup.c.o
LOAD ./Debug/dispatch.s.o
LOAD ./Debug/application.c.o
LOAD ./Debug/sioTinyTimber.c.o
LOAD ./Debug/TinyTimber.c.o
LOAD ./Debug/sciTinyTimber.c.o
LOAD ./Debug/driver_src_stm32f4xx_usart.c.o
LOAD ./Debug/part1.c.o
LOAD ./Debug/driver_src_stm32f4xx_rcc.c.o
LOAD ./Debug/driver_src_stm32f4xx_can.c.o
LOAD ./Debug/driver_src_stm32f4xx_tim.c.o
LOAD ./Debug/driver_src_stm32f4xx_dac.c.o
LOAD ./Debug/driver_src_stm32f4xx_gpio.c.o
LOAD ./Debug/driver_src_stm32f4xx_syscfg.c.o
LOAD ./Debug/driver_src_stm32f4xx_exti.c.o
LOAD c:/cseapp/codelite/tools/gcc-arm/bin/../lib/gcc/arm-none-eabi/9.2.1/../../../../arm-none-eabi/lib/thumb/v7e-m+fp/hard\libstdc++_nano.a
LOAD c:/cseapp/codelite/tools/gcc-arm/bin/../lib/gcc/arm-none-eabi/9.2.1/../../../../arm-none-eabi/lib/thumb/v7e-m+fp/hard\libm.a
START GROUP
LOAD c:/cseapp/codelite/tools/gcc-arm/bin/../lib/gcc/arm-none-eabi/9.2.1/thumb/v7e-m+fp/hard\libgcc.a
LOAD c:/cseapp/codelite/tools/gcc-arm/bin/../lib/gcc/arm-none-eabi/9.2.1/../../../../arm-none-eabi/lib/thumb/v7e-m+fp/hard\libc_nano.a
END GROUP
START GROUP
LOAD c:/cseapp/codelite/tools/gcc-arm/bin/../lib/gcc/arm-none-eabi/9.2.1/thumb/v7e-m+fp/hard\libgcc.a
LOAD c:/cseapp/codelite/tools/gcc-arm/bin/../lib/gcc/arm-none-eabi/9.2.1/../../../../arm-none-eabi/lib/thumb/v7e-m+fp/hard\libc_nano.a
END GROUP

.text           0x20000000     0x942c
                0x20000000                . = ALIGN (0x4)
 *(.start_section)
 .start_section
                0x20000000       0x1c ./Debug/startup.c.o
                0x20000000                startup
 *(.text)
 .text          0x2000001c      0x3ec ./Debug/part0.c.o
                0x2000001c                setMelodyPeriods
                0x20000078                setKey
                0x20000094                readBufferAdd
                0x200000c0                endBuffer
                0x200000f0                addThreeHist
                0x20000140                emptyThreeHist
                0x20000174                sumBuffer
                0x2000019a                medianBuffer
                0x2000022a                calculateEdgesGeneral
                0x200002bc                generatePeriodGeneral
                0x200003ac                setMelodyPeriodsGeneral
 .text          0x20000408      0x704 ./Debug/part2.c.o
                0x20000408                nextBeat
                0x20000524                blinkLed
                0x20000578                nextSilence
                0x20000642                setTempo
                0x20000680                setPeriods
                0x200006c4                togglePlaying
                0x20000720                toggleRisingTrigger
                0x20000746                resetInterTimer
                0x2000076a                pressAndHold
                0x200007b8                setButtonAction
                0x200009e0                printWithSerial
                0x20000a14                addInterBuffer
                0x20000a98                emptyInterBuffer
                0x20000acc                getBpmInterBuffer
 .text          0x20000b0c      0x444 ./Debug/canTinyTimber.c.o
                0x20000b94                can_init
                0x20000c54                can_interrupt
                0x20000ddc                can_receive
                0x20000ea6                can_send
 .text          0x20000f50      0x32c ./Debug/startup.c.o
 .text          0x2000127c       0xf4 ./Debug/dispatch.s.o
                0x2000127c                vect_SVCall
                0x20001280                vect_PendSV
 .text          0x20001370      0x748 ./Debug/application.c.o
                0x20001370                tapTheTempo
                0x2000141c                receiver
                0x2000148c                reader
                0x200014ec                CANHandler
                0x200016dc                keyHandler
                0x200016f4                defaultLab
                0x20001848                print
                0x20001880                receiveKey
                0x20001954                recieveBPM
                0x200019b4                sendCANMsg
                0x20001a08                startApp
                0x20001a64                main
 .text          0x20001ab8      0x1b0 ./Debug/sioTinyTimber.c.o
                0x20001b40                sio_init
                0x20001b70                sio_read
                0x20001b90                sio_write
                0x20001bb2                sio_toggle
                0x20001bd0                sio_trig
                0x20001c10                sio_interrupt
 .text          0x20001c68      0xf54 ./Debug/TinyTimber.c.o
                0x20001cf0                DUMP
                0x20001d2a                DUMPH
                0x20001d88                DUMPD
                0x20001e2c                sei
                0x20001e4a                cli
                0x20001e68                _sbrk
                0x20001eac                SETSTACK
                0x20001f14                SETPC
                0x20001f38                TIMER_INIT
                0x20001fd0                DUMPC
                0x20002004                vect_USART1
                0x2000206c                vect_CAN1
                0x200020d4                vect_EXTI9_5
                0x2000213c                enqueueByDeadline
                0x20002194                enqueueByBaseline
                0x200021ec                dequeue
                0x2000223c                dequeue_pool
                0x2000228c                insert
                0x200022b0                push
                0x200022d4                pop
                0x20002356                vect_TIM5
                0x200023e8                __svc_dispatch
                0x200023f8                __pendSV_dispatch
                0x20002568                async
                0x200026a4                sync
                0x200027b0                ABORT
                0x20002864                T_RESET
                0x200028a0                T_SAMPLE
                0x200028e0                CURRENT_OFFSET
                0x20002a8c                install
                0x20002b58                tinytimber
 .text          0x20002bbc      0x294 ./Debug/sciTinyTimber.c.o
                0x20002c44                sci_init
                0x20002cea                sci_write
                0x20002d40                sci_writechar
                0x20002d76                sci_interrupt
 .text          0x20002e50      0x970 ./Debug/driver_src_stm32f4xx_usart.c.o
                0x20002e50                USART_DeInit
                0x20002f68                USART_Init
                0x200030dc                USART_StructInit
                0x20003116                USART_ClockInit
                0x2000316c                USART_ClockStructInit
                0x20003198                USART_Cmd
                0x200031d8                USART_SetPrescaler
                0x20003212                USART_OverSampling8Cmd
                0x20003256                USART_OneBitMethodCmd
                0x20003296                USART_SendData
                0x200032ba                USART_ReceiveData
                0x200032da                USART_SetAddress
                0x20003314                USART_ReceiverWakeUpCmd
                0x20003354                USART_WakeUpConfig
                0x2000338c                USART_LINBreakDetectLengthConfig
                0x200033c4                USART_LINCmd
                0x20003404                USART_SendBreak
                0x20003428                USART_HalfDuplexCmd
                0x20003468                USART_SetGuardTime
                0x200034a4                USART_SmartCardCmd
                0x200034e4                USART_SmartCardNACKCmd
                0x20003524                USART_IrDAConfig
                0x2000355c                USART_IrDACmd
                0x2000359c                USART_DMACmd
                0x200035e4                USART_ITConfig
                0x20003674                USART_GetFlagStatus
                0x200036ac                USART_ClearFlag
                0x200036ce                USART_GetITStatus
                0x20003784                USART_ClearITPendingBit
 .text          0x200037c0      0x3dc ./Debug/part1.c.o
                0x200037c0                toggleDeadlinesToneGenerator
                0x200037e6                toggleMute
                0x20003806                volume
                0x2000384a                setDAC
                0x200038d8                dummySetDac
                0x200039d4                setSilence
                0x200039f0                setPeriod
                0x20003a0c                toggleDeadlinesBackgroundTask
                0x20003a32                load
                0x20003a7c                runLoad
                0x20003acc                dummyRunLoad
 .text          0x20003b9c      0xcb0 ./Debug/driver_src_stm32f4xx_rcc.c.o
                0x20003b9c                RCC_DeInit
                0x20003c0c                RCC_HSEConfig
                0x20003c34                RCC_WaitForHSEStartUp
                0x20003c84                RCC_AdjustHSICalibrationValue
                0x20003cc0                RCC_HSICmd
                0x20003ce0                RCC_LSEConfig
                0x20003d24                RCC_LSICmd
                0x20003d44                RCC_PLLConfig
                0x20003d84                RCC_PLLCmd
                0x20003da4                RCC_PLLI2SConfig
                0x20003dd0                RCC_PLLI2SCmd
                0x20003df0                RCC_PLLSAIConfig
                0x20003e24                RCC_PLLSAICmd
                0x20003e44                RCC_ClockSecuritySystemCmd
                0x20003e64                RCC_MCO1Config
                0x20003ea4                RCC_MCO2Config
                0x20003ee4                RCC_SYSCLKConfig
                0x20003f1c                RCC_GetSYSCLKSource
                0x20003f3c                RCC_HCLKConfig
                0x20003f74                RCC_PCLK1Config
                0x20003fac                RCC_PCLK2Config
                0x20003fe8                RCC_GetClocksFreq
                0x20004144                RCC_RTCCLKConfig
                0x200041a0                RCC_RTCCLKCmd
                0x200041c0                RCC_BackupResetCmd
                0x200041e0                RCC_I2SCLKConfig
                0x20004200                RCC_SAIPLLI2SClkDivConfig
                0x20004240                RCC_SAIPLLSAIClkDivConfig
                0x20004280                RCC_SAIBlockACLKConfig
                0x200042bc                RCC_SAIBlockBCLKConfig
                0x200042f8                RCC_LTDCCLKDivConfig
                0x20004334                RCC_TIMCLKPresConfig
                0x20004354                RCC_AHB1PeriphClockCmd
                0x20004394                RCC_AHB2PeriphClockCmd
                0x200043d4                RCC_AHB3PeriphClockCmd
                0x20004414                RCC_APB1PeriphClockCmd
                0x20004454                RCC_APB2PeriphClockCmd
                0x20004494                RCC_AHB1PeriphResetCmd
                0x200044d4                RCC_AHB2PeriphResetCmd
                0x20004514                RCC_AHB3PeriphResetCmd
                0x20004554                RCC_APB1PeriphResetCmd
                0x20004594                RCC_APB2PeriphResetCmd
                0x200045d4                RCC_AHB1PeriphClockLPModeCmd
                0x20004614                RCC_AHB2PeriphClockLPModeCmd
                0x20004654                RCC_AHB3PeriphClockLPModeCmd
                0x20004694                RCC_APB1PeriphClockLPModeCmd
                0x200046d4                RCC_APB2PeriphClockLPModeCmd
                0x20004714                RCC_ITConfig
                0x20004760                RCC_GetFlagStatus
                0x200047d4                RCC_ClearFlag
                0x200047f4                RCC_GetITStatus
                0x2000482c                RCC_ClearITPendingBit
 .text          0x2000484c     0x11b4 ./Debug/driver_src_stm32f4xx_can.c.o
                0x2000484c                CAN_DeInit
                0x20004894                CAN_Init
                0x20004a36                CAN_FilterInit
                0x20004bbc                CAN_StructInit
                0x20004c12                CAN_SlaveStartBank
                0x20004c74                CAN_DBGFreeze
                0x20004cac                CAN_TTComModeCmd
                0x20004d44                CAN_Transmit
                0x20004ee6                CAN_TransmitStatus
                0x20004fec                CAN_CancelTransmit
                0x20005044                CAN_Receive
                0x200051c0                CAN_FIFORelease
                0x200051f8                CAN_MessagePending
                0x20005242                CAN_OperatingModeRequest
                0x2000533e                CAN_Sleep
                0x20005378                CAN_WakeUp
                0x200053ce                CAN_GetLastErrorCode
                0x200053f4                CAN_GetReceiveErrorCounter
                0x20005416                CAN_GetLSBTransmitErrorCounter
                0x20005438                CAN_ITConfig
                0x20005474                CAN_GetFlagStatus
                0x20005542                CAN_ClearFlag
                0x200055b4                CAN_GetITStatus
                0x20005818                CAN_ClearITPendingBit
 .text          0x20005a00     0x1c1c ./Debug/driver_src_stm32f4xx_tim.c.o
                0x20005a00                TIM_DeInit
                0x20005bc0                TIM_TimeBaseInit
                0x20005c98                TIM_TimeBaseStructInit
                0x20005ccc                TIM_PrescalerConfig
                0x20005cf4                TIM_CounterModeConfig
                0x20005d2c                TIM_SetCounter
                0x20005d48                TIM_SetAutoreload
                0x20005d64                TIM_GetCounter
                0x20005d7c                TIM_GetPrescaler
                0x20005d96                TIM_UpdateDisableConfig
                0x20005dd6                TIM_UpdateRequestConfig
                0x20005e16                TIM_ARRPreloadConfig
                0x20005e56                TIM_SelectOnePulseMode
                0x20005e8e                TIM_SetClockDivision
                0x20005ec6                TIM_Cmd
                0x20005f06                TIM_OC1Init
                0x20005ffc                TIM_OC2Init
                0x2000610c                TIM_OC3Init
                0x20006218                TIM_OC4Init
                0x200062e8                TIM_OCStructInit
                0x2000632c                TIM_SelectOCxM
                0x200063e2                TIM_SetCompare1
                0x200063fe                TIM_SetCompare2
                0x2000641a                TIM_SetCompare3
                0x20006436                TIM_SetCompare4
                0x20006452                TIM_ForcedOC1Config
                0x2000648a                TIM_ForcedOC2Config
                0x200064c6                TIM_ForcedOC3Config
                0x200064fe                TIM_ForcedOC4Config
                0x2000653a                TIM_OC1PreloadConfig
                0x20006572                TIM_OC2PreloadConfig
                0x200065ae                TIM_OC3PreloadConfig
                0x200065e6                TIM_OC4PreloadConfig
                0x20006622                TIM_OC1FastConfig
                0x2000665a                TIM_OC2FastConfig
                0x20006696                TIM_OC3FastConfig
                0x200066ce                TIM_OC4FastConfig
                0x2000670a                TIM_ClearOC1Ref
                0x20006742                TIM_ClearOC2Ref
                0x2000677e                TIM_ClearOC3Ref
                0x200067b6                TIM_ClearOC4Ref
                0x200067f2                TIM_OC1PolarityConfig
                0x2000682a                TIM_OC1NPolarityConfig
                0x20006862                TIM_OC2PolarityConfig
                0x2000689e                TIM_OC2NPolarityConfig
                0x200068da                TIM_OC3PolarityConfig
                0x20006916                TIM_OC3NPolarityConfig
                0x20006952                TIM_OC4PolarityConfig
                0x2000698e                TIM_CCxCmd
                0x200069e4                TIM_CCxNCmd
                0x20006a3a                TIM_ICInit
                0x20006ae2                TIM_ICStructInit
                0x20006b14                TIM_PWMIConfig
                0x20006bcc                TIM_GetCapture1
                0x20006be4                TIM_GetCapture2
                0x20006bfc                TIM_GetCapture3
                0x20006c14                TIM_GetCapture4
                0x20006c2c                TIM_SetIC1Prescaler
                0x20006c64                TIM_SetIC2Prescaler
                0x20006ca0                TIM_SetIC3Prescaler
                0x20006cd8                TIM_SetIC4Prescaler
                0x20006d14                TIM_BDTRConfig
                0x20006d64                TIM_BDTRStructInit
                0x20006da2                TIM_CtrlPWMOutputs
                0x20006dee                TIM_SelectCOM
                0x20006e2e                TIM_CCPreloadControl
                0x20006e6e                TIM_ITConfig
                0x20006eb6                TIM_GenerateEvent
                0x20006ed4                TIM_GetFlagStatus
                0x20006f0c                TIM_ClearFlag
                0x20006f2e                TIM_GetITStatus
                0x20006f82                TIM_ClearITPendingBit
                0x20006fa4                TIM_DMAConfig
                0x20006fce                TIM_DMACmd
                0x20007016                TIM_SelectCCDMA
                0x20007056                TIM_InternalClockConfig
                0x2000707a                TIM_ITRxExternalClockConfig
                0x200070a8                TIM_TIxExternalClockConfig
                0x20007104                TIM_ETRClockMode1Config
                0x20007162                TIM_ETRClockMode2Config
                0x200071a0                TIM_SelectInputTrigger
                0x200071d8                TIM_SelectOutputTrigger
                0x20007210                TIM_SelectSlaveMode
                0x20007248                TIM_SelectMasterSlaveMode
                0x20007280                TIM_ETRConfig
                0x200072d4                TIM_EncoderInterfaceConfig
                0x2000736c                TIM_SelectHallSensor
                0x200073ac                TIM_RemapConfig
 .text          0x2000761c      0x450 ./Debug/driver_src_stm32f4xx_dac.c.o
                0x2000761c                DAC_DeInit
                0x20007638                DAC_Init
                0x200076a0                DAC_StructInit
                0x200076cc                DAC_Cmd
                0x20007718                DAC_SoftwareTriggerCmd
                0x20007768                DAC_DualSoftwareTriggerCmd
                0x200077a4                DAC_WaveGenerationCmd
                0x200077f0                DAC_SetChannel1Data
                0x20007828                DAC_SetChannel2Data
                0x20007860                DAC_SetDualChannelData
                0x200078b8                DAC_GetDataOutputValue
                0x200078ec                DAC_DMACmd
                0x2000793c                DAC_ITConfig
                0x20007988                DAC_GetFlagStatus
                0x200079c4                DAC_ClearFlag
                0x200079ec                DAC_GetITStatus
                0x20007a44                DAC_ClearITPendingBit
 .text          0x20007a6c      0x4d8 ./Debug/driver_src_stm32f4xx_gpio.c.o
                0x20007a6c                GPIO_DeInit
                0x20007bd0                GPIO_Init
                0x20007cee                GPIO_StructInit
                0x20007d22                GPIO_PinLockConfig
                0x20007d66                GPIO_ReadInputDataBit
                0x20007d9a                GPIO_ReadInputData
                0x20007db4                GPIO_ReadOutputDataBit
                0x20007de8                GPIO_ReadOutputData
                0x20007e02                GPIO_SetBits
                0x20007e20                GPIO_ResetBits
                0x20007e3e                GPIO_WriteBit
                0x20007e6e                GPIO_Write
                0x20007e8c                GPIO_ToggleBits
                0x20007eb0                GPIO_PinAFConfig
 .text          0x20007f44      0x154 ./Debug/driver_src_stm32f4xx_syscfg.c.o
                0x20007f44                SYSCFG_DeInit
                0x20007f60                SYSCFG_MemoryRemapConfig
                0x20007f80                SYSCFG_MemorySwappingBank
                0x20007fa0                SYSCFG_EXTILineConfig
                0x20008024                SYSCFG_ETH_MediaInterfaceConfig
                0x20008044                SYSCFG_CompensationCellCmd
                0x20008064                SYSCFG_GetCompensationCellStatus
 .text          0x20008098      0x210 ./Debug/driver_src_stm32f4xx_exti.c.o
                0x20008098                EXTI_DeInit
                0x200080cc                EXTI_Init
                0x200081b0                EXTI_StructInit
                0x200081dc                EXTI_GenerateSWInterrupt
                0x20008200                EXTI_GetFlagStatus
                0x20008234                EXTI_ClearFlag
                0x20008254                EXTI_GetITStatus
                0x20008288                EXTI_ClearITPendingBit
 .text          0x200082a8        0x0 c:/cseapp/codelite/tools/gcc-arm/bin/../lib/gcc/arm-none-eabi/9.2.1/../../../../arm-none-eabi/lib/thumb/v7e-m+fp/hard\libc_nano.a(lib_a-atoi.o)
 .text          0x200082a8        0x0 c:/cseapp/codelite/tools/gcc-arm/bin/../lib/gcc/arm-none-eabi/9.2.1/../../../../arm-none-eabi/lib/thumb/v7e-m+fp/hard\libc_nano.a(lib_a-sprintf.o)
 .text          0x200082a8        0x0 c:/cseapp/codelite/tools/gcc-arm/bin/../lib/gcc/arm-none-eabi/9.2.1/../../../../arm-none-eabi/lib/thumb/v7e-m+fp/hard\libc_nano.a(lib_a-strtol.o)
 .text          0x200082a8        0x0 c:/cseapp/codelite/tools/gcc-arm/bin/../lib/gcc/arm-none-eabi/9.2.1/../../../../arm-none-eabi/lib/thumb/v7e-m+fp/hard\libc_nano.a(lib_a-ctype_.o)
 .text          0x200082a8        0x0 c:/cseapp/codelite/tools/gcc-arm/bin/../lib/gcc/arm-none-eabi/9.2.1/../../../../arm-none-eabi/lib/thumb/v7e-m+fp/hard\libc_nano.a(lib_a-impure.o)
 .text          0x200082a8        0x0 c:/cseapp/codelite/tools/gcc-arm/bin/../lib/gcc/arm-none-eabi/9.2.1/../../../../arm-none-eabi/lib/thumb/v7e-m+fp/hard\libc_nano.a(lib_a-nano-svfprintf.o)
 .text          0x200082a8        0x0 c:/cseapp/codelite/tools/gcc-arm/bin/../lib/gcc/arm-none-eabi/9.2.1/../../../../arm-none-eabi/lib/thumb/v7e-m+fp/hard\libc_nano.a(lib_a-nano-vfprintf_i.o)
 *fill*         0x200082a8        0x8 
 .text          0x200082b0       0xa0 c:/cseapp/codelite/tools/gcc-arm/bin/../lib/gcc/arm-none-eabi/9.2.1/../../../../arm-none-eabi/lib/thumb/v7e-m+fp/hard\libc_nano.a(lib_a-memchr.o)
                0x200082b0                memchr
 .text          0x20008350        0x0 c:/cseapp/codelite/tools/gcc-arm/bin/../lib/gcc/arm-none-eabi/9.2.1/../../../../arm-none-eabi/lib/thumb/v7e-m+fp/hard\libc_nano.a(lib_a-memcpy-stub.o)
 .text          0x20008350        0x0 c:/cseapp/codelite/tools/gcc-arm/bin/../lib/gcc/arm-none-eabi/9.2.1/../../../../arm-none-eabi/lib/thumb/v7e-m+fp/hard\libc_nano.a(lib_a-memmove.o)
 .text          0x20008350        0x0 c:/cseapp/codelite/tools/gcc-arm/bin/../lib/gcc/arm-none-eabi/9.2.1/../../../../arm-none-eabi/lib/thumb/v7e-m+fp/hard\libc_nano.a(lib_a-nano-freer.o)
 .text          0x20008350        0x0 c:/cseapp/codelite/tools/gcc-arm/bin/../lib/gcc/arm-none-eabi/9.2.1/../../../../arm-none-eabi/lib/thumb/v7e-m+fp/hard\libc_nano.a(lib_a-nano-mallocr.o)
 .text          0x20008350        0x0 c:/cseapp/codelite/tools/gcc-arm/bin/../lib/gcc/arm-none-eabi/9.2.1/../../../../arm-none-eabi/lib/thumb/v7e-m+fp/hard\libc_nano.a(lib_a-nano-reallocr.o)
 .text          0x20008350        0x0 c:/cseapp/codelite/tools/gcc-arm/bin/../lib/gcc/arm-none-eabi/9.2.1/../../../../arm-none-eabi/lib/thumb/v7e-m+fp/hard\libc_nano.a(lib_a-sbrkr.o)
 .text          0x20008350        0x0 c:/cseapp/codelite/tools/gcc-arm/bin/../lib/gcc/arm-none-eabi/9.2.1/../../../../arm-none-eabi/lib/thumb/v7e-m+fp/hard\libc_nano.a(lib_a-mlock.o)
 .text          0x20008350        0x0 c:/cseapp/codelite/tools/gcc-arm/bin/../lib/gcc/arm-none-eabi/9.2.1/../../../../arm-none-eabi/lib/thumb/v7e-m+fp/hard\libc_nano.a(lib_a-nano-msizer.o)
 .text          0x20008350        0x0 c:/cseapp/codelite/tools/gcc-arm/bin/../lib/gcc/arm-none-eabi/9.2.1/../../../../arm-none-eabi/lib/thumb/v7e-m+fp/hard\libc_nano.a(lib_a-reent.o)
 .text          0x20008350        0x0 c:/cseapp/codelite/tools/gcc-arm/bin/../lib/gcc/arm-none-eabi/9.2.1/../../../../arm-none-eabi/lib/thumb/v7e-m+fp/hard\libc_nano.a(lib_a-lock.o)
 *(.text.*)
 .text.atoi     0x20008350        0x8 c:/cseapp/codelite/tools/gcc-arm/bin/../lib/gcc/arm-none-eabi/9.2.1/../../../../arm-none-eabi/lib/thumb/v7e-m+fp/hard\libc_nano.a(lib_a-atoi.o)
                0x20008350                atoi
 .text._atoi_r  0x20008358        0x8 c:/cseapp/codelite/tools/gcc-arm/bin/../lib/gcc/arm-none-eabi/9.2.1/../../../../arm-none-eabi/lib/thumb/v7e-m+fp/hard\libc_nano.a(lib_a-atoi.o)
                0x20008358                _atoi_r
 .text._sprintf_r
                0x20008360       0x38 c:/cseapp/codelite/tools/gcc-arm/bin/../lib/gcc/arm-none-eabi/9.2.1/../../../../arm-none-eabi/lib/thumb/v7e-m+fp/hard\libc_nano.a(lib_a-sprintf.o)
                0x20008360                _sprintf_r
                0x20008360                _siprintf_r
 .text.sprintf  0x20008398       0x40 c:/cseapp/codelite/tools/gcc-arm/bin/../lib/gcc/arm-none-eabi/9.2.1/../../../../arm-none-eabi/lib/thumb/v7e-m+fp/hard\libc_nano.a(lib_a-sprintf.o)
                0x20008398                siprintf
                0x20008398                sprintf
 .text._strtol_l.isra.0
                0x200083d8       0xf4 c:/cseapp/codelite/tools/gcc-arm/bin/../lib/gcc/arm-none-eabi/9.2.1/../../../../arm-none-eabi/lib/thumb/v7e-m+fp/hard\libc_nano.a(lib_a-strtol.o)
 .text._strtol_r
                0x200084cc        0x4 c:/cseapp/codelite/tools/gcc-arm/bin/../lib/gcc/arm-none-eabi/9.2.1/../../../../arm-none-eabi/lib/thumb/v7e-m+fp/hard\libc_nano.a(lib_a-strtol.o)
                0x200084cc                _strtol_r
 .text.strtol_l
                0x200084d0       0x14 c:/cseapp/codelite/tools/gcc-arm/bin/../lib/gcc/arm-none-eabi/9.2.1/../../../../arm-none-eabi/lib/thumb/v7e-m+fp/hard\libc_nano.a(lib_a-strtol.o)
                0x200084d0                strtol_l
 .text.strtol   0x200084e4       0x14 c:/cseapp/codelite/tools/gcc-arm/bin/../lib/gcc/arm-none-eabi/9.2.1/../../../../arm-none-eabi/lib/thumb/v7e-m+fp/hard\libc_nano.a(lib_a-strtol.o)
                0x200084e4                strtol
 .text.__ssputs_r
                0x200084f8       0xb6 c:/cseapp/codelite/tools/gcc-arm/bin/../lib/gcc/arm-none-eabi/9.2.1/../../../../arm-none-eabi/lib/thumb/v7e-m+fp/hard\libc_nano.a(lib_a-nano-svfprintf.o)
                0x200084f8                __ssputs_r
 .text.__ssprint_r
                0x200085ae       0xf6 c:/cseapp/codelite/tools/gcc-arm/bin/../lib/gcc/arm-none-eabi/9.2.1/../../../../arm-none-eabi/lib/thumb/v7e-m+fp/hard\libc_nano.a(lib_a-nano-svfprintf.o)
                0x200085ae                __ssprint_r
 .text._svfprintf_r
                0x200086a4      0x200 c:/cseapp/codelite/tools/gcc-arm/bin/../lib/gcc/arm-none-eabi/9.2.1/../../../../arm-none-eabi/lib/thumb/v7e-m+fp/hard\libc_nano.a(lib_a-nano-svfprintf.o)
                0x200086a4                _svfiprintf_r
                0x200086a4                _svfprintf_r
 .text._printf_common
                0x200088a4       0xda c:/cseapp/codelite/tools/gcc-arm/bin/../lib/gcc/arm-none-eabi/9.2.1/../../../../arm-none-eabi/lib/thumb/v7e-m+fp/hard\libc_nano.a(lib_a-nano-vfprintf_i.o)
                0x200088a4                _printf_common
 *fill*         0x2000897e        0x2 
 .text._printf_i
                0x20008980      0x24c c:/cseapp/codelite/tools/gcc-arm/bin/../lib/gcc/arm-none-eabi/9.2.1/../../../../arm-none-eabi/lib/thumb/v7e-m+fp/hard\libc_nano.a(lib_a-nano-vfprintf_i.o)
                0x20008980                _printf_i
 .text.memcpy   0x20008bcc       0x1c c:/cseapp/codelite/tools/gcc-arm/bin/../lib/gcc/arm-none-eabi/9.2.1/../../../../arm-none-eabi/lib/thumb/v7e-m+fp/hard\libc_nano.a(lib_a-memcpy-stub.o)
                0x20008bcc                memcpy
 .text.memmove  0x20008be8       0x34 c:/cseapp/codelite/tools/gcc-arm/bin/../lib/gcc/arm-none-eabi/9.2.1/../../../../arm-none-eabi/lib/thumb/v7e-m+fp/hard\libc_nano.a(lib_a-memmove.o)
                0x20008be8                memmove
 .text._free_r  0x20008c1c       0xa0 c:/cseapp/codelite/tools/gcc-arm/bin/../lib/gcc/arm-none-eabi/9.2.1/../../../../arm-none-eabi/lib/thumb/v7e-m+fp/hard\libc_nano.a(lib_a-nano-freer.o)
                0x20008c1c                _free_r
 .text._malloc_r
                0x20008cbc       0xb4 c:/cseapp/codelite/tools/gcc-arm/bin/../lib/gcc/arm-none-eabi/9.2.1/../../../../arm-none-eabi/lib/thumb/v7e-m+fp/hard\libc_nano.a(lib_a-nano-mallocr.o)
                0x20008cbc                _malloc_r
 .text._realloc_r
                0x20008d70       0x4c c:/cseapp/codelite/tools/gcc-arm/bin/../lib/gcc/arm-none-eabi/9.2.1/../../../../arm-none-eabi/lib/thumb/v7e-m+fp/hard\libc_nano.a(lib_a-nano-reallocr.o)
                0x20008d70                _realloc_r
 .text._sbrk_r  0x20008dbc       0x20 c:/cseapp/codelite/tools/gcc-arm/bin/../lib/gcc/arm-none-eabi/9.2.1/../../../../arm-none-eabi/lib/thumb/v7e-m+fp/hard\libc_nano.a(lib_a-sbrkr.o)
                0x20008dbc                _sbrk_r
 .text.__malloc_lock
                0x20008ddc        0xc c:/cseapp/codelite/tools/gcc-arm/bin/../lib/gcc/arm-none-eabi/9.2.1/../../../../arm-none-eabi/lib/thumb/v7e-m+fp/hard\libc_nano.a(lib_a-mlock.o)
                0x20008ddc                __malloc_lock
 .text.__malloc_unlock
                0x20008de8        0xc c:/cseapp/codelite/tools/gcc-arm/bin/../lib/gcc/arm-none-eabi/9.2.1/../../../../arm-none-eabi/lib/thumb/v7e-m+fp/hard\libc_nano.a(lib_a-mlock.o)
                0x20008de8                __malloc_unlock
 .text._malloc_usable_size_r
                0x20008df4       0x10 c:/cseapp/codelite/tools/gcc-arm/bin/../lib/gcc/arm-none-eabi/9.2.1/../../../../arm-none-eabi/lib/thumb/v7e-m+fp/hard\libc_nano.a(lib_a-nano-msizer.o)
                0x20008df4                _malloc_usable_size_r
 .text.cleanup_glue
                0x20008e04       0x1a c:/cseapp/codelite/tools/gcc-arm/bin/../lib/gcc/arm-none-eabi/9.2.1/../../../../arm-none-eabi/lib/thumb/v7e-m+fp/hard\libc_nano.a(lib_a-reent.o)
                0x20008e04                cleanup_glue
 *fill*         0x20008e1e        0x2 
 .text._reclaim_reent
                0x20008e20       0xb8 c:/cseapp/codelite/tools/gcc-arm/bin/../lib/gcc/arm-none-eabi/9.2.1/../../../../arm-none-eabi/lib/thumb/v7e-m+fp/hard\libc_nano.a(lib_a-reent.o)
                0x20008e20                _reclaim_reent
 .text.__retarget_lock_init
                0x20008ed8        0x2 c:/cseapp/codelite/tools/gcc-arm/bin/../lib/gcc/arm-none-eabi/9.2.1/../../../../arm-none-eabi/lib/thumb/v7e-m+fp/hard\libc_nano.a(lib_a-lock.o)
                0x20008ed8                __retarget_lock_init
 .text.__retarget_lock_init_recursive
                0x20008eda        0x2 c:/cseapp/codelite/tools/gcc-arm/bin/../lib/gcc/arm-none-eabi/9.2.1/../../../../arm-none-eabi/lib/thumb/v7e-m+fp/hard\libc_nano.a(lib_a-lock.o)
                0x20008eda                __retarget_lock_init_recursive
 .text.__retarget_lock_close
                0x20008edc        0x2 c:/cseapp/codelite/tools/gcc-arm/bin/../lib/gcc/arm-none-eabi/9.2.1/../../../../arm-none-eabi/lib/thumb/v7e-m+fp/hard\libc_nano.a(lib_a-lock.o)
                0x20008edc                __retarget_lock_close
 .text.__retarget_lock_close_recursive
                0x20008ede        0x2 c:/cseapp/codelite/tools/gcc-arm/bin/../lib/gcc/arm-none-eabi/9.2.1/../../../../arm-none-eabi/lib/thumb/v7e-m+fp/hard\libc_nano.a(lib_a-lock.o)
                0x20008ede                __retarget_lock_close_recursive
 .text.__retarget_lock_acquire
                0x20008ee0        0x2 c:/cseapp/codelite/tools/gcc-arm/bin/../lib/gcc/arm-none-eabi/9.2.1/../../../../arm-none-eabi/lib/thumb/v7e-m+fp/hard\libc_nano.a(lib_a-lock.o)
                0x20008ee0                __retarget_lock_acquire
 .text.__retarget_lock_acquire_recursive
                0x20008ee2        0x2 c:/cseapp/codelite/tools/gcc-arm/bin/../lib/gcc/arm-none-eabi/9.2.1/../../../../arm-none-eabi/lib/thumb/v7e-m+fp/hard\libc_nano.a(lib_a-lock.o)
                0x20008ee2                __retarget_lock_acquire_recursive
 .text.__retarget_lock_try_acquire
                0x20008ee4        0x4 c:/cseapp/codelite/tools/gcc-arm/bin/../lib/gcc/arm-none-eabi/9.2.1/../../../../arm-none-eabi/lib/thumb/v7e-m+fp/hard\libc_nano.a(lib_a-lock.o)
                0x20008ee4                __retarget_lock_try_acquire
 .text.__retarget_lock_try_acquire_recursive
                0x20008ee8        0x4 c:/cseapp/codelite/tools/gcc-arm/bin/../lib/gcc/arm-none-eabi/9.2.1/../../../../arm-none-eabi/lib/thumb/v7e-m+fp/hard\libc_nano.a(lib_a-lock.o)
                0x20008ee8                __retarget_lock_try_acquire_recursive
 .text.__retarget_lock_release
                0x20008eec        0x2 c:/cseapp/codelite/tools/gcc-arm/bin/../lib/gcc/arm-none-eabi/9.2.1/../../../../arm-none-eabi/lib/thumb/v7e-m+fp/hard\libc_nano.a(lib_a-lock.o)
                0x20008eec                __retarget_lock_release
 .text.__retarget_lock_release_recursive
                0x20008eee        0x2 c:/cseapp/codelite/tools/gcc-arm/bin/../lib/gcc/arm-none-eabi/9.2.1/../../../../arm-none-eabi/lib/thumb/v7e-m+fp/hard\libc_nano.a(lib_a-lock.o)
                0x20008eee                __retarget_lock_release_recursive
 *(.rodata)
 .rodata        0x20008ef0       0x98 ./Debug/part0.c.o
                0x20008ef0                notePeriods
                0x20008f54                notePeriodsGeneral
 .rodata        0x20008f88       0x9d ./Debug/part2.c.o
 *fill*         0x20009025        0x3 
 .rodata        0x20009028       0xb2 ./Debug/canTinyTimber.c.o
 *fill*         0x200090da        0x2 
 .rodata        0x200090dc      0x16d ./Debug/application.c.o
                0x200090dc                length
                0x200090e0                brotherJohn
                0x20009160                brotherJohnBeatLength
                0x20009180                brotherJohnBeatLength1
 *fill*         0x20009249        0x3 
 .rodata        0x2000924c       0x23 ./Debug/sioTinyTimber.c.o
 *fill*         0x2000926f        0x1 
 .rodata        0x20009270       0x81 ./Debug/TinyTimber.c.o
 *(.rodata*)
 .rodata._ctype_
                0x200092f1      0x101 c:/cseapp/codelite/tools/gcc-arm/bin/../lib/gcc/arm-none-eabi/9.2.1/../../../../arm-none-eabi/lib/thumb/v7e-m+fp/hard\libc_nano.a(lib_a-ctype_.o)
                0x200092f1                _ctype_
 *fill*         0x200093f2        0x2 
 .rodata._global_impure_ptr
                0x200093f4        0x4 c:/cseapp/codelite/tools/gcc-arm/bin/../lib/gcc/arm-none-eabi/9.2.1/../../../../arm-none-eabi/lib/thumb/v7e-m+fp/hard\libc_nano.a(lib_a-impure.o)
                0x200093f4                _global_impure_ptr
 .rodata._svfprintf_r.str1.1
                0x200093f8       0x11 c:/cseapp/codelite/tools/gcc-arm/bin/../lib/gcc/arm-none-eabi/9.2.1/../../../../arm-none-eabi/lib/thumb/v7e-m+fp/hard\libc_nano.a(lib_a-nano-svfprintf.o)
 .rodata._printf_i.str1.1
                0x20009409       0x22 c:/cseapp/codelite/tools/gcc-arm/bin/../lib/gcc/arm-none-eabi/9.2.1/../../../../arm-none-eabi/lib/thumb/v7e-m+fp/hard\libc_nano.a(lib_a-nano-vfprintf_i.o)
 *(.glue_7)
 .glue_7        0x2000942b        0x0 linker stubs
 *(.glue_7t)
 .glue_7t       0x2000942b        0x0 linker stubs
                0x2000942c                . = ALIGN (0x4)
 *fill*         0x2000942b        0x1 

.vfp11_veneer   0x2000942c        0x0
 .vfp11_veneer  0x2000942c        0x0 linker stubs

.v4_bx          0x2000942c        0x0
 .v4_bx         0x2000942c        0x0 linker stubs

.iplt           0x2000942c        0x0
 .iplt          0x2000942c        0x0 ./Debug/part0.c.o

.rel.dyn        0x2000942c        0x0
 .rel.iplt      0x2000942c        0x0 ./Debug/part0.c.o

.data           0x2000942c      0x6d4
                0x2000942c                . = ALIGN (0x4)
 *(.data)
 .data          0x2000942c        0x0 ./Debug/part0.c.o
 .data          0x2000942c        0x0 ./Debug/part2.c.o
 .data          0x2000942c        0x0 ./Debug/canTinyTimber.c.o
 .data          0x2000942c        0x0 ./Debug/startup.c.o
 .data          0x2000942c       0x84 ./Debug/dispatch.s.o
 .data          0x200094b0      0x5b8 ./Debug/application.c.o
                0x200094b0                app
                0x200094c0                sysIO
                0x200094d4                toneGenerator
                0x200094f0                melody
                0x20009504                musicPlayer
                0x200095ac                sci0
                0x200099cc                userButton
                0x200099f0                can0
 .data          0x20009a68        0x0 ./Debug/sioTinyTimber.c.o
 .data          0x20009a68       0x24 ./Debug/TinyTimber.c.o
                0x20009a68                hex
                0x20009a7c                msgPool
                0x20009a80                threadPool
                0x20009a84                activeStack
                0x20009a88                current
 .data          0x20009a8c        0x0 ./Debug/sciTinyTimber.c.o
 .data          0x20009a8c        0x0 ./Debug/driver_src_stm32f4xx_usart.c.o
 .data          0x20009a8c        0x0 ./Debug/part1.c.o
 .data          0x20009a8c       0x10 ./Debug/driver_src_stm32f4xx_rcc.c.o
 .data          0x20009a9c        0x0 ./Debug/driver_src_stm32f4xx_can.c.o
 .data          0x20009a9c        0x0 ./Debug/driver_src_stm32f4xx_tim.c.o
 .data          0x20009a9c        0x0 ./Debug/driver_src_stm32f4xx_dac.c.o
 .data          0x20009a9c        0x0 ./Debug/driver_src_stm32f4xx_gpio.c.o
 .data          0x20009a9c        0x0 ./Debug/driver_src_stm32f4xx_syscfg.c.o
 .data          0x20009a9c        0x0 ./Debug/driver_src_stm32f4xx_exti.c.o
 .data          0x20009a9c        0x0 c:/cseapp/codelite/tools/gcc-arm/bin/../lib/gcc/arm-none-eabi/9.2.1/../../../../arm-none-eabi/lib/thumb/v7e-m+fp/hard\libc_nano.a(lib_a-atoi.o)
 .data          0x20009a9c        0x0 c:/cseapp/codelite/tools/gcc-arm/bin/../lib/gcc/arm-none-eabi/9.2.1/../../../../arm-none-eabi/lib/thumb/v7e-m+fp/hard\libc_nano.a(lib_a-sprintf.o)
 .data          0x20009a9c        0x0 c:/cseapp/codelite/tools/gcc-arm/bin/../lib/gcc/arm-none-eabi/9.2.1/../../../../arm-none-eabi/lib/thumb/v7e-m+fp/hard\libc_nano.a(lib_a-strtol.o)
 .data          0x20009a9c        0x0 c:/cseapp/codelite/tools/gcc-arm/bin/../lib/gcc/arm-none-eabi/9.2.1/../../../../arm-none-eabi/lib/thumb/v7e-m+fp/hard\libc_nano.a(lib_a-ctype_.o)
 .data          0x20009a9c        0x0 c:/cseapp/codelite/tools/gcc-arm/bin/../lib/gcc/arm-none-eabi/9.2.1/../../../../arm-none-eabi/lib/thumb/v7e-m+fp/hard\libc_nano.a(lib_a-impure.o)
 .data          0x20009a9c        0x0 c:/cseapp/codelite/tools/gcc-arm/bin/../lib/gcc/arm-none-eabi/9.2.1/../../../../arm-none-eabi/lib/thumb/v7e-m+fp/hard\libc_nano.a(lib_a-nano-svfprintf.o)
 .data          0x20009a9c        0x0 c:/cseapp/codelite/tools/gcc-arm/bin/../lib/gcc/arm-none-eabi/9.2.1/../../../../arm-none-eabi/lib/thumb/v7e-m+fp/hard\libc_nano.a(lib_a-nano-vfprintf_i.o)
 .data          0x20009a9c        0x0 c:/cseapp/codelite/tools/gcc-arm/bin/../lib/gcc/arm-none-eabi/9.2.1/../../../../arm-none-eabi/lib/thumb/v7e-m+fp/hard\libc_nano.a(lib_a-memchr.o)
 .data          0x20009a9c        0x0 c:/cseapp/codelite/tools/gcc-arm/bin/../lib/gcc/arm-none-eabi/9.2.1/../../../../arm-none-eabi/lib/thumb/v7e-m+fp/hard\libc_nano.a(lib_a-memcpy-stub.o)
 .data          0x20009a9c        0x0 c:/cseapp/codelite/tools/gcc-arm/bin/../lib/gcc/arm-none-eabi/9.2.1/../../../../arm-none-eabi/lib/thumb/v7e-m+fp/hard\libc_nano.a(lib_a-memmove.o)
 .data          0x20009a9c        0x0 c:/cseapp/codelite/tools/gcc-arm/bin/../lib/gcc/arm-none-eabi/9.2.1/../../../../arm-none-eabi/lib/thumb/v7e-m+fp/hard\libc_nano.a(lib_a-nano-freer.o)
 .data          0x20009a9c        0x0 c:/cseapp/codelite/tools/gcc-arm/bin/../lib/gcc/arm-none-eabi/9.2.1/../../../../arm-none-eabi/lib/thumb/v7e-m+fp/hard\libc_nano.a(lib_a-nano-mallocr.o)
 .data          0x20009a9c        0x0 c:/cseapp/codelite/tools/gcc-arm/bin/../lib/gcc/arm-none-eabi/9.2.1/../../../../arm-none-eabi/lib/thumb/v7e-m+fp/hard\libc_nano.a(lib_a-nano-reallocr.o)
 .data          0x20009a9c        0x0 c:/cseapp/codelite/tools/gcc-arm/bin/../lib/gcc/arm-none-eabi/9.2.1/../../../../arm-none-eabi/lib/thumb/v7e-m+fp/hard\libc_nano.a(lib_a-sbrkr.o)
 .data          0x20009a9c        0x0 c:/cseapp/codelite/tools/gcc-arm/bin/../lib/gcc/arm-none-eabi/9.2.1/../../../../arm-none-eabi/lib/thumb/v7e-m+fp/hard\libc_nano.a(lib_a-mlock.o)
 .data          0x20009a9c        0x0 c:/cseapp/codelite/tools/gcc-arm/bin/../lib/gcc/arm-none-eabi/9.2.1/../../../../arm-none-eabi/lib/thumb/v7e-m+fp/hard\libc_nano.a(lib_a-nano-msizer.o)
 .data          0x20009a9c        0x0 c:/cseapp/codelite/tools/gcc-arm/bin/../lib/gcc/arm-none-eabi/9.2.1/../../../../arm-none-eabi/lib/thumb/v7e-m+fp/hard\libc_nano.a(lib_a-reent.o)
 .data          0x20009a9c        0x0 c:/cseapp/codelite/tools/gcc-arm/bin/../lib/gcc/arm-none-eabi/9.2.1/../../../../arm-none-eabi/lib/thumb/v7e-m+fp/hard\libc_nano.a(lib_a-lock.o)
 *(.data.*)
 .data._impure_ptr
                0x20009a9c        0x4 c:/cseapp/codelite/tools/gcc-arm/bin/../lib/gcc/arm-none-eabi/9.2.1/../../../../arm-none-eabi/lib/thumb/v7e-m+fp/hard\libc_nano.a(lib_a-impure.o)
                0x20009a9c                _impure_ptr
 .data.impure_data
                0x20009aa0       0x60 c:/cseapp/codelite/tools/gcc-arm/bin/../lib/gcc/arm-none-eabi/9.2.1/../../../../arm-none-eabi/lib/thumb/v7e-m+fp/hard\libc_nano.a(lib_a-impure.o)
                0x20009b00                . = ALIGN (0x4)

.igot.plt       0x20009b00        0x0
 .igot.plt      0x20009b00        0x0 ./Debug/part0.c.o

.bss            0x20009b00     0x83e8
                0x20009b00                . = ALIGN (0x4)
                0x20009b00                _sbss = .
 *(.bss)
 .bss           0x20009b00        0x0 ./Debug/part0.c.o
 .bss           0x20009b00        0x0 ./Debug/part2.c.o
 .bss           0x20009b00        0x0 ./Debug/canTinyTimber.c.o
 .bss           0x20009b00        0x0 ./Debug/startup.c.o
 .bss           0x20009b00        0x0 ./Debug/dispatch.s.o
 .bss           0x20009b00       0x5c ./Debug/application.c.o
                0x20009b00                interBuffer
                0x20009b1c                readBuffer
 .bss           0x20009b5c        0x0 ./Debug/sioTinyTimber.c.o
 .bss           0x20009b5c       0x18 ./Debug/TinyTimber.c.o
                0x20009b5c                msgQ
                0x20009b60                timerQ
                0x20009b64                runAsHardware
                0x20009b68                doIRQSchedule
                0x20009b6c                timestamp
                0x20009b70                overflows
 .bss           0x20009b74        0x0 ./Debug/sciTinyTimber.c.o
 .bss           0x20009b74        0x0 ./Debug/driver_src_stm32f4xx_usart.c.o
 .bss           0x20009b74        0x0 ./Debug/part1.c.o
 .bss           0x20009b74        0x0 ./Debug/driver_src_stm32f4xx_rcc.c.o
 .bss           0x20009b74        0x0 ./Debug/driver_src_stm32f4xx_can.c.o
 .bss           0x20009b74        0x0 ./Debug/driver_src_stm32f4xx_tim.c.o
 .bss           0x20009b74        0x0 ./Debug/driver_src_stm32f4xx_dac.c.o
 .bss           0x20009b74        0x0 ./Debug/driver_src_stm32f4xx_gpio.c.o
 .bss           0x20009b74        0x0 ./Debug/driver_src_stm32f4xx_syscfg.c.o
 .bss           0x20009b74        0x0 ./Debug/driver_src_stm32f4xx_exti.c.o
 .bss           0x20009b74        0x0 c:/cseapp/codelite/tools/gcc-arm/bin/../lib/gcc/arm-none-eabi/9.2.1/../../../../arm-none-eabi/lib/thumb/v7e-m+fp/hard\libc_nano.a(lib_a-atoi.o)
 .bss           0x20009b74        0x0 c:/cseapp/codelite/tools/gcc-arm/bin/../lib/gcc/arm-none-eabi/9.2.1/../../../../arm-none-eabi/lib/thumb/v7e-m+fp/hard\libc_nano.a(lib_a-sprintf.o)
 .bss           0x20009b74        0x0 c:/cseapp/codelite/tools/gcc-arm/bin/../lib/gcc/arm-none-eabi/9.2.1/../../../../arm-none-eabi/lib/thumb/v7e-m+fp/hard\libc_nano.a(lib_a-strtol.o)
 .bss           0x20009b74        0x0 c:/cseapp/codelite/tools/gcc-arm/bin/../lib/gcc/arm-none-eabi/9.2.1/../../../../arm-none-eabi/lib/thumb/v7e-m+fp/hard\libc_nano.a(lib_a-ctype_.o)
 .bss           0x20009b74        0x0 c:/cseapp/codelite/tools/gcc-arm/bin/../lib/gcc/arm-none-eabi/9.2.1/../../../../arm-none-eabi/lib/thumb/v7e-m+fp/hard\libc_nano.a(lib_a-impure.o)
 .bss           0x20009b74        0x0 c:/cseapp/codelite/tools/gcc-arm/bin/../lib/gcc/arm-none-eabi/9.2.1/../../../../arm-none-eabi/lib/thumb/v7e-m+fp/hard\libc_nano.a(lib_a-nano-svfprintf.o)
 .bss           0x20009b74        0x0 c:/cseapp/codelite/tools/gcc-arm/bin/../lib/gcc/arm-none-eabi/9.2.1/../../../../arm-none-eabi/lib/thumb/v7e-m+fp/hard\libc_nano.a(lib_a-nano-vfprintf_i.o)
 .bss           0x20009b74        0x0 c:/cseapp/codelite/tools/gcc-arm/bin/../lib/gcc/arm-none-eabi/9.2.1/../../../../arm-none-eabi/lib/thumb/v7e-m+fp/hard\libc_nano.a(lib_a-memchr.o)
 .bss           0x20009b74        0x0 c:/cseapp/codelite/tools/gcc-arm/bin/../lib/gcc/arm-none-eabi/9.2.1/../../../../arm-none-eabi/lib/thumb/v7e-m+fp/hard\libc_nano.a(lib_a-memcpy-stub.o)
 .bss           0x20009b74        0x0 c:/cseapp/codelite/tools/gcc-arm/bin/../lib/gcc/arm-none-eabi/9.2.1/../../../../arm-none-eabi/lib/thumb/v7e-m+fp/hard\libc_nano.a(lib_a-memmove.o)
 .bss           0x20009b74        0x0 c:/cseapp/codelite/tools/gcc-arm/bin/../lib/gcc/arm-none-eabi/9.2.1/../../../../arm-none-eabi/lib/thumb/v7e-m+fp/hard\libc_nano.a(lib_a-nano-freer.o)
 .bss           0x20009b74        0x0 c:/cseapp/codelite/tools/gcc-arm/bin/../lib/gcc/arm-none-eabi/9.2.1/../../../../arm-none-eabi/lib/thumb/v7e-m+fp/hard\libc_nano.a(lib_a-nano-mallocr.o)
 .bss           0x20009b74        0x0 c:/cseapp/codelite/tools/gcc-arm/bin/../lib/gcc/arm-none-eabi/9.2.1/../../../../arm-none-eabi/lib/thumb/v7e-m+fp/hard\libc_nano.a(lib_a-nano-reallocr.o)
 .bss           0x20009b74        0x0 c:/cseapp/codelite/tools/gcc-arm/bin/../lib/gcc/arm-none-eabi/9.2.1/../../../../arm-none-eabi/lib/thumb/v7e-m+fp/hard\libc_nano.a(lib_a-sbrkr.o)
 .bss           0x20009b74        0x0 c:/cseapp/codelite/tools/gcc-arm/bin/../lib/gcc/arm-none-eabi/9.2.1/../../../../arm-none-eabi/lib/thumb/v7e-m+fp/hard\libc_nano.a(lib_a-mlock.o)
 .bss           0x20009b74        0x0 c:/cseapp/codelite/tools/gcc-arm/bin/../lib/gcc/arm-none-eabi/9.2.1/../../../../arm-none-eabi/lib/thumb/v7e-m+fp/hard\libc_nano.a(lib_a-nano-msizer.o)
 .bss           0x20009b74        0x0 c:/cseapp/codelite/tools/gcc-arm/bin/../lib/gcc/arm-none-eabi/9.2.1/../../../../arm-none-eabi/lib/thumb/v7e-m+fp/hard\libc_nano.a(lib_a-reent.o)
 .bss           0x20009b74        0x0 c:/cseapp/codelite/tools/gcc-arm/bin/../lib/gcc/arm-none-eabi/9.2.1/../../../../arm-none-eabi/lib/thumb/v7e-m+fp/hard\libc_nano.a(lib_a-lock.o)
 *(.bss.*)
 .bss.__malloc_free_list
                0x20009b74        0x4 c:/cseapp/codelite/tools/gcc-arm/bin/../lib/gcc/arm-none-eabi/9.2.1/../../../../arm-none-eabi/lib/thumb/v7e-m+fp/hard\libc_nano.a(lib_a-nano-mallocr.o)
                0x20009b74                __malloc_free_list
 .bss.__malloc_sbrk_start
                0x20009b78        0x4 c:/cseapp/codelite/tools/gcc-arm/bin/../lib/gcc/arm-none-eabi/9.2.1/../../../../arm-none-eabi/lib/thumb/v7e-m+fp/hard\libc_nano.a(lib_a-nano-mallocr.o)
                0x20009b78                __malloc_sbrk_start
 *(COMMON)
 *fill*         0x20009b7c        0x4 
 COMMON         0x20009b80     0x8358 ./Debug/TinyTimber.c.o
                0x20009b80                otable
                0x20009b8c                upcoming
                0x20009b90                threads
                0x20009be0                mtable
                0x20009bec                thread0
                0x20009c00                messages
                0x20009ed0                __heap_end
                0x20009ed8                stacks
 COMMON         0x20011ed8        0x4 c:/cseapp/codelite/tools/gcc-arm/bin/../lib/gcc/arm-none-eabi/9.2.1/../../../../arm-none-eabi/lib/thumb/v7e-m+fp/hard\libc_nano.a(lib_a-reent.o)
                0x20011ed8                errno
 COMMON         0x20011edc        0x9 c:/cseapp/codelite/tools/gcc-arm/bin/../lib/gcc/arm-none-eabi/9.2.1/../../../../arm-none-eabi/lib/thumb/v7e-m+fp/hard\libc_nano.a(lib_a-lock.o)
                0x20011edc                __lock___atexit_recursive_mutex
                0x20011edd                __lock___arc4random_mutex
                0x20011ede                __lock___env_recursive_mutex
                0x20011edf                __lock___sinit_recursive_mutex
                0x20011ee0                __lock___malloc_recursive_mutex
                0x20011ee1                __lock___at_quick_exit_mutex
                0x20011ee2                __lock___dd_hash_mutex
                0x20011ee3                __lock___tz_mutex
                0x20011ee4                __lock___sfp_recursive_mutex
                0x20011ee8                . = ALIGN (0x4)
 *fill*         0x20011ee5        0x3 
                0x20011ee8                _ebss = .
                0x20011ee8                PROVIDE (end = _ebss)
                [!provide]                PROVIDE (_end = _ebss)
OUTPUT(./Debug/RTS-Lab.elf elf32-littlearm)

.debug_info     0x00000000     0xe478
 .debug_info    0x00000000      0xef1 ./Debug/part0.c.o
 .debug_info    0x00000ef1     0x1315 ./Debug/part2.c.o
 .debug_info    0x00002206      0xdb4 ./Debug/canTinyTimber.c.o
 .debug_info    0x00002fba      0xade ./Debug/startup.c.o
 .debug_info    0x00003a98     0x1790 ./Debug/application.c.o
 .debug_info    0x00005228      0xa66 ./Debug/sioTinyTimber.c.o
 .debug_info    0x00005c8e     0x183c ./Debug/TinyTimber.c.o
 .debug_info    0x000074ca      0x9d1 ./Debug/sciTinyTimber.c.o
 .debug_info    0x00007e9b      0xa68 ./Debug/driver_src_stm32f4xx_usart.c.o
 .debug_info    0x00008903      0xe86 ./Debug/part1.c.o
 .debug_info    0x00009789      0xef4 ./Debug/driver_src_stm32f4xx_rcc.c.o
 .debug_info    0x0000a67d      0xc60 ./Debug/driver_src_stm32f4xx_can.c.o
 .debug_info    0x0000b2dd     0x1e26 ./Debug/driver_src_stm32f4xx_tim.c.o
 .debug_info    0x0000d103      0x6af ./Debug/driver_src_stm32f4xx_dac.c.o
 .debug_info    0x0000d7b2      0x67f ./Debug/driver_src_stm32f4xx_gpio.c.o
 .debug_info    0x0000de31      0x2c4 ./Debug/driver_src_stm32f4xx_syscfg.c.o
 .debug_info    0x0000e0f5      0x383 ./Debug/driver_src_stm32f4xx_exti.c.o

.debug_abbrev   0x00000000     0x28de
 .debug_abbrev  0x00000000      0x2ae ./Debug/part0.c.o
 .debug_abbrev  0x000002ae      0x2e7 ./Debug/part2.c.o
 .debug_abbrev  0x00000595      0x277 ./Debug/canTinyTimber.c.o
 .debug_abbrev  0x0000080c      0x286 ./Debug/startup.c.o
 .debug_abbrev  0x00000a92      0x385 ./Debug/application.c.o
 .debug_abbrev  0x00000e17      0x254 ./Debug/sioTinyTimber.c.o
 .debug_abbrev  0x0000106b      0x4f2 ./Debug/TinyTimber.c.o
 .debug_abbrev  0x0000155d      0x273 ./Debug/sciTinyTimber.c.o
 .debug_abbrev  0x000017d0      0x1a8 ./Debug/driver_src_stm32f4xx_usart.c.o
 .debug_abbrev  0x00001978      0x286 ./Debug/part1.c.o
 .debug_abbrev  0x00001bfe      0x1f9 ./Debug/driver_src_stm32f4xx_rcc.c.o
 .debug_abbrev  0x00001df7      0x238 ./Debug/driver_src_stm32f4xx_can.c.o
 .debug_abbrev  0x0000202f      0x1c2 ./Debug/driver_src_stm32f4xx_tim.c.o
 .debug_abbrev  0x000021f1      0x1b9 ./Debug/driver_src_stm32f4xx_dac.c.o
 .debug_abbrev  0x000023aa      0x1e6 ./Debug/driver_src_stm32f4xx_gpio.c.o
 .debug_abbrev  0x00002590      0x164 ./Debug/driver_src_stm32f4xx_syscfg.c.o
 .debug_abbrev  0x000026f4      0x1ea ./Debug/driver_src_stm32f4xx_exti.c.o

.debug_aranges  0x00000000      0x228
 .debug_aranges
                0x00000000       0x20 ./Debug/part0.c.o
 .debug_aranges
                0x00000020       0x20 ./Debug/part2.c.o
 .debug_aranges
                0x00000040       0x20 ./Debug/canTinyTimber.c.o
 .debug_aranges
                0x00000060       0x28 ./Debug/startup.c.o
 .debug_aranges
                0x00000088       0x20 ./Debug/application.c.o
 .debug_aranges
                0x000000a8       0x20 ./Debug/sioTinyTimber.c.o
 .debug_aranges
                0x000000c8       0x20 ./Debug/TinyTimber.c.o
 .debug_aranges
                0x000000e8       0x20 ./Debug/sciTinyTimber.c.o
 .debug_aranges
                0x00000108       0x20 ./Debug/driver_src_stm32f4xx_usart.c.o
 .debug_aranges
                0x00000128       0x20 ./Debug/part1.c.o
 .debug_aranges
                0x00000148       0x20 ./Debug/driver_src_stm32f4xx_rcc.c.o
 .debug_aranges
                0x00000168       0x20 ./Debug/driver_src_stm32f4xx_can.c.o
 .debug_aranges
                0x00000188       0x20 ./Debug/driver_src_stm32f4xx_tim.c.o
 .debug_aranges
                0x000001a8       0x20 ./Debug/driver_src_stm32f4xx_dac.c.o
 .debug_aranges
                0x000001c8       0x20 ./Debug/driver_src_stm32f4xx_gpio.c.o
 .debug_aranges
                0x000001e8       0x20 ./Debug/driver_src_stm32f4xx_syscfg.c.o
 .debug_aranges
                0x00000208       0x20 ./Debug/driver_src_stm32f4xx_exti.c.o

.debug_line     0x00000000     0x5620
 .debug_line    0x00000000      0x496 ./Debug/part0.c.o
 .debug_line    0x00000496      0x48a ./Debug/part2.c.o
 .debug_line    0x00000920      0x416 ./Debug/canTinyTimber.c.o
 .debug_line    0x00000d36      0x36e ./Debug/startup.c.o
 .debug_line    0x000010a4      0x3e3 ./Debug/application.c.o
 .debug_line    0x00001487      0x2ba ./Debug/sioTinyTimber.c.o
 .debug_line    0x00001741      0xa7c ./Debug/TinyTimber.c.o
 .debug_line    0x000021bd      0x2af ./Debug/sciTinyTimber.c.o
 .debug_line    0x0000246c      0x575 ./Debug/driver_src_stm32f4xx_usart.c.o
 .debug_line    0x000029e1      0x3e5 ./Debug/part1.c.o
 .debug_line    0x00002dc6      0x76b ./Debug/driver_src_stm32f4xx_rcc.c.o
 .debug_line    0x00003531      0x8ba ./Debug/driver_src_stm32f4xx_can.c.o
 .debug_line    0x00003deb      0xb88 ./Debug/driver_src_stm32f4xx_tim.c.o
 .debug_line    0x00004973      0x3b8 ./Debug/driver_src_stm32f4xx_dac.c.o
 .debug_line    0x00004d2b      0x413 ./Debug/driver_src_stm32f4xx_gpio.c.o
 .debug_line    0x0000513e      0x200 ./Debug/driver_src_stm32f4xx_syscfg.c.o
 .debug_line    0x0000533e      0x2e2 ./Debug/driver_src_stm32f4xx_exti.c.o

.debug_str      0x00000000     0x3c4f
 .debug_str     0x00000000      0x6b7 ./Debug/part0.c.o
                                0x74a (size before relaxing)
 .debug_str     0x000006b7      0x2d7 ./Debug/part2.c.o
                                0x900 (size before relaxing)
 .debug_str     0x0000098e      0x7e2 ./Debug/canTinyTimber.c.o
                                0xa64 (size before relaxing)
 .debug_str     0x00001170      0x485 ./Debug/startup.c.o
                                0x7e6 (size before relaxing)
 .debug_str     0x000015f5      0x15f ./Debug/application.c.o
                                0x9fd (size before relaxing)
 .debug_str     0x00001754       0x77 ./Debug/sioTinyTimber.c.o
                                0x9da (size before relaxing)
 .debug_str     0x000017cb      0x3b9 ./Debug/TinyTimber.c.o
                                0xca3 (size before relaxing)
 .debug_str     0x00001b84       0x71 ./Debug/sciTinyTimber.c.o
                                0x8c3 (size before relaxing)
 .debug_str     0x00001bf5      0x485 ./Debug/driver_src_stm32f4xx_usart.c.o
                                0x6df (size before relaxing)
 .debug_str     0x0000207a       0xfc ./Debug/part1.c.o
                                0x717 (size before relaxing)
 .debug_str     0x00002176      0x727 ./Debug/driver_src_stm32f4xx_rcc.c.o
                                0x9e5 (size before relaxing)
 .debug_str     0x0000289d      0x2f9 ./Debug/driver_src_stm32f4xx_can.c.o
                                0x78e (size before relaxing)
 .debug_str     0x00002b96      0xa85 ./Debug/driver_src_stm32f4xx_tim.c.o
                                0xe20 (size before relaxing)
 .debug_str     0x0000361b      0x239 ./Debug/driver_src_stm32f4xx_dac.c.o
                                0x4a3 (size before relaxing)
 .debug_str     0x00003854      0x180 ./Debug/driver_src_stm32f4xx_gpio.c.o
                                0x4f3 (size before relaxing)
 .debug_str     0x000039d4      0x17c ./Debug/driver_src_stm32f4xx_syscfg.c.o
                                0x35e (size before relaxing)
 .debug_str     0x00003b50       0xff ./Debug/driver_src_stm32f4xx_exti.c.o
                                0x39c (size before relaxing)

.comment        0x00000000       0x79
 .comment       0x00000000       0x79 ./Debug/part0.c.o
                                 0x7a (size before relaxing)
 .comment       0x00000079       0x7a ./Debug/part2.c.o
 .comment       0x00000079       0x7a ./Debug/canTinyTimber.c.o
 .comment       0x00000079       0x7a ./Debug/startup.c.o
 .comment       0x00000079       0x7a ./Debug/application.c.o
 .comment       0x00000079       0x7a ./Debug/sioTinyTimber.c.o
 .comment       0x00000079       0x7a ./Debug/TinyTimber.c.o
 .comment       0x00000079       0x7a ./Debug/sciTinyTimber.c.o
 .comment       0x00000079       0x7a ./Debug/driver_src_stm32f4xx_usart.c.o
 .comment       0x00000079       0x7a ./Debug/part1.c.o
 .comment       0x00000079       0x7a ./Debug/driver_src_stm32f4xx_rcc.c.o
 .comment       0x00000079       0x7a ./Debug/driver_src_stm32f4xx_can.c.o
 .comment       0x00000079       0x7a ./Debug/driver_src_stm32f4xx_tim.c.o
 .comment       0x00000079       0x7a ./Debug/driver_src_stm32f4xx_dac.c.o
 .comment       0x00000079       0x7a ./Debug/driver_src_stm32f4xx_gpio.c.o
 .comment       0x00000079       0x7a ./Debug/driver_src_stm32f4xx_syscfg.c.o
 .comment       0x00000079       0x7a ./Debug/driver_src_stm32f4xx_exti.c.o

.ARM.attributes
                0x00000000       0x32
 .ARM.attributes
                0x00000000       0x34 ./Debug/part0.c.o
 .ARM.attributes
                0x00000034       0x34 ./Debug/part2.c.o
 .ARM.attributes
                0x00000068       0x34 ./Debug/canTinyTimber.c.o
 .ARM.attributes
                0x0000009c       0x34 ./Debug/startup.c.o
 .ARM.attributes
                0x000000d0       0x25 ./Debug/dispatch.s.o
 .ARM.attributes
                0x000000f5       0x34 ./Debug/application.c.o
 .ARM.attributes
                0x00000129       0x34 ./Debug/sioTinyTimber.c.o
 .ARM.attributes
                0x0000015d       0x34 ./Debug/TinyTimber.c.o
 .ARM.attributes
                0x00000191       0x34 ./Debug/sciTinyTimber.c.o
 .ARM.attributes
                0x000001c5       0x34 ./Debug/driver_src_stm32f4xx_usart.c.o
 .ARM.attributes
                0x000001f9       0x34 ./Debug/part1.c.o
 .ARM.attributes
                0x0000022d       0x34 ./Debug/driver_src_stm32f4xx_rcc.c.o
 .ARM.attributes
                0x00000261       0x34 ./Debug/driver_src_stm32f4xx_can.c.o
 .ARM.attributes
                0x00000295       0x34 ./Debug/driver_src_stm32f4xx_tim.c.o
 .ARM.attributes
                0x000002c9       0x34 ./Debug/driver_src_stm32f4xx_dac.c.o
 .ARM.attributes
                0x000002fd       0x34 ./Debug/driver_src_stm32f4xx_gpio.c.o
 .ARM.attributes
                0x00000331       0x34 ./Debug/driver_src_stm32f4xx_syscfg.c.o
 .ARM.attributes
                0x00000365       0x34 ./Debug/driver_src_stm32f4xx_exti.c.o
 .ARM.attributes
                0x00000399       0x34 c:/cseapp/codelite/tools/gcc-arm/bin/../lib/gcc/arm-none-eabi/9.2.1/../../../../arm-none-eabi/lib/thumb/v7e-m+fp/hard\libc_nano.a(lib_a-atoi.o)
 .ARM.attributes
                0x000003cd       0x34 c:/cseapp/codelite/tools/gcc-arm/bin/../lib/gcc/arm-none-eabi/9.2.1/../../../../arm-none-eabi/lib/thumb/v7e-m+fp/hard\libc_nano.a(lib_a-sprintf.o)
 .ARM.attributes
                0x00000401       0x34 c:/cseapp/codelite/tools/gcc-arm/bin/../lib/gcc/arm-none-eabi/9.2.1/../../../../arm-none-eabi/lib/thumb/v7e-m+fp/hard\libc_nano.a(lib_a-strtol.o)
 .ARM.attributes
                0x00000435       0x32 c:/cseapp/codelite/tools/gcc-arm/bin/../lib/gcc/arm-none-eabi/9.2.1/../../../../arm-none-eabi/lib/thumb/v7e-m+fp/hard\libc_nano.a(lib_a-ctype_.o)
 .ARM.attributes
                0x00000467       0x32 c:/cseapp/codelite/tools/gcc-arm/bin/../lib/gcc/arm-none-eabi/9.2.1/../../../../arm-none-eabi/lib/thumb/v7e-m+fp/hard\libc_nano.a(lib_a-impure.o)
 .ARM.attributes
                0x00000499       0x34 c:/cseapp/codelite/tools/gcc-arm/bin/../lib/gcc/arm-none-eabi/9.2.1/../../../../arm-none-eabi/lib/thumb/v7e-m+fp/hard\libc_nano.a(lib_a-nano-svfprintf.o)
 .ARM.attributes
                0x000004cd       0x34 c:/cseapp/codelite/tools/gcc-arm/bin/../lib/gcc/arm-none-eabi/9.2.1/../../../../arm-none-eabi/lib/thumb/v7e-m+fp/hard\libc_nano.a(lib_a-nano-vfprintf_i.o)
 .ARM.attributes
                0x00000501       0x1c c:/cseapp/codelite/tools/gcc-arm/bin/../lib/gcc/arm-none-eabi/9.2.1/../../../../arm-none-eabi/lib/thumb/v7e-m+fp/hard\libc_nano.a(lib_a-memchr.o)
 .ARM.attributes
                0x0000051d       0x34 c:/cseapp/codelite/tools/gcc-arm/bin/../lib/gcc/arm-none-eabi/9.2.1/../../../../arm-none-eabi/lib/thumb/v7e-m+fp/hard\libc_nano.a(lib_a-memcpy-stub.o)
 .ARM.attributes
                0x00000551       0x34 c:/cseapp/codelite/tools/gcc-arm/bin/../lib/gcc/arm-none-eabi/9.2.1/../../../../arm-none-eabi/lib/thumb/v7e-m+fp/hard\libc_nano.a(lib_a-memmove.o)
 .ARM.attributes
                0x00000585       0x34 c:/cseapp/codelite/tools/gcc-arm/bin/../lib/gcc/arm-none-eabi/9.2.1/../../../../arm-none-eabi/lib/thumb/v7e-m+fp/hard\libc_nano.a(lib_a-nano-freer.o)
 .ARM.attributes
                0x000005b9       0x34 c:/cseapp/codelite/tools/gcc-arm/bin/../lib/gcc/arm-none-eabi/9.2.1/../../../../arm-none-eabi/lib/thumb/v7e-m+fp/hard\libc_nano.a(lib_a-nano-mallocr.o)
 .ARM.attributes
                0x000005ed       0x34 c:/cseapp/codelite/tools/gcc-arm/bin/../lib/gcc/arm-none-eabi/9.2.1/../../../../arm-none-eabi/lib/thumb/v7e-m+fp/hard\libc_nano.a(lib_a-nano-reallocr.o)
 .ARM.attributes
                0x00000621       0x34 c:/cseapp/codelite/tools/gcc-arm/bin/../lib/gcc/arm-none-eabi/9.2.1/../../../../arm-none-eabi/lib/thumb/v7e-m+fp/hard\libc_nano.a(lib_a-sbrkr.o)
 .ARM.attributes
                0x00000655       0x34 c:/cseapp/codelite/tools/gcc-arm/bin/../lib/gcc/arm-none-eabi/9.2.1/../../../../arm-none-eabi/lib/thumb/v7e-m+fp/hard\libc_nano.a(lib_a-mlock.o)
 .ARM.attributes
                0x00000689       0x34 c:/cseapp/codelite/tools/gcc-arm/bin/../lib/gcc/arm-none-eabi/9.2.1/../../../../arm-none-eabi/lib/thumb/v7e-m+fp/hard\libc_nano.a(lib_a-nano-msizer.o)
 .ARM.attributes
                0x000006bd       0x34 c:/cseapp/codelite/tools/gcc-arm/bin/../lib/gcc/arm-none-eabi/9.2.1/../../../../arm-none-eabi/lib/thumb/v7e-m+fp/hard\libc_nano.a(lib_a-reent.o)
 .ARM.attributes
                0x000006f1       0x34 c:/cseapp/codelite/tools/gcc-arm/bin/../lib/gcc/arm-none-eabi/9.2.1/../../../../arm-none-eabi/lib/thumb/v7e-m+fp/hard\libc_nano.a(lib_a-lock.o)

.debug_frame    0x00000000     0x3c54
 .debug_frame   0x00000000      0x1c4 ./Debug/part0.c.o
 .debug_frame   0x000001c4      0x250 ./Debug/part2.c.o
 .debug_frame   0x00000414      0x100 ./Debug/canTinyTimber.c.o
 .debug_frame   0x00000514      0x14c ./Debug/startup.c.o
 .debug_frame   0x00000660      0x1c4 ./Debug/application.c.o
 .debug_frame   0x00000824      0x138 ./Debug/sioTinyTimber.c.o
 .debug_frame   0x0000095c      0x57c ./Debug/TinyTimber.c.o
 .debug_frame   0x00000ed8      0x11c ./Debug/sciTinyTimber.c.o
 .debug_frame   0x00000ff4      0x490 ./Debug/driver_src_stm32f4xx_usart.c.o
 .debug_frame   0x00001484      0x1b8 ./Debug/part1.c.o
 .debug_frame   0x0000163c      0x814 ./Debug/driver_src_stm32f4xx_rcc.c.o
 .debug_frame   0x00001e50      0x3f8 ./Debug/driver_src_stm32f4xx_can.c.o
 .debug_frame   0x00002248      0xe54 ./Debug/driver_src_stm32f4xx_tim.c.o
 .debug_frame   0x0000309c      0x2ac ./Debug/driver_src_stm32f4xx_dac.c.o
 .debug_frame   0x00003348      0x23c ./Debug/driver_src_stm32f4xx_gpio.c.o
 .debug_frame   0x00003584      0x11c ./Debug/driver_src_stm32f4xx_syscfg.c.o
 .debug_frame   0x000036a0      0x148 ./Debug/driver_src_stm32f4xx_exti.c.o
 .debug_frame   0x000037e8       0x30 c:/cseapp/codelite/tools/gcc-arm/bin/../lib/gcc/arm-none-eabi/9.2.1/../../../../arm-none-eabi/lib/thumb/v7e-m+fp/hard\libc_nano.a(lib_a-atoi.o)
 .debug_frame   0x00003818       0x6c c:/cseapp/codelite/tools/gcc-arm/bin/../lib/gcc/arm-none-eabi/9.2.1/../../../../arm-none-eabi/lib/thumb/v7e-m+fp/hard\libc_nano.a(lib_a-sprintf.o)
 .debug_frame   0x00003884       0x64 c:/cseapp/codelite/tools/gcc-arm/bin/../lib/gcc/arm-none-eabi/9.2.1/../../../../arm-none-eabi/lib/thumb/v7e-m+fp/hard\libc_nano.a(lib_a-strtol.o)
 .debug_frame   0x000038e8       0x90 c:/cseapp/codelite/tools/gcc-arm/bin/../lib/gcc/arm-none-eabi/9.2.1/../../../../arm-none-eabi/lib/thumb/v7e-m+fp/hard\libc_nano.a(lib_a-nano-svfprintf.o)
 .debug_frame   0x00003978       0x60 c:/cseapp/codelite/tools/gcc-arm/bin/../lib/gcc/arm-none-eabi/9.2.1/../../../../arm-none-eabi/lib/thumb/v7e-m+fp/hard\libc_nano.a(lib_a-nano-vfprintf_i.o)
 .debug_frame   0x000039d8       0x28 c:/cseapp/codelite/tools/gcc-arm/bin/../lib/gcc/arm-none-eabi/9.2.1/../../../../arm-none-eabi/lib/thumb/v7e-m+fp/hard\libc_nano.a(lib_a-memcpy-stub.o)
 .debug_frame   0x00003a00       0x28 c:/cseapp/codelite/tools/gcc-arm/bin/../lib/gcc/arm-none-eabi/9.2.1/../../../../arm-none-eabi/lib/thumb/v7e-m+fp/hard\libc_nano.a(lib_a-memmove.o)
 .debug_frame   0x00003a28       0x38 c:/cseapp/codelite/tools/gcc-arm/bin/../lib/gcc/arm-none-eabi/9.2.1/../../../../arm-none-eabi/lib/thumb/v7e-m+fp/hard\libc_nano.a(lib_a-nano-freer.o)
 .debug_frame   0x00003a60       0x30 c:/cseapp/codelite/tools/gcc-arm/bin/../lib/gcc/arm-none-eabi/9.2.1/../../../../arm-none-eabi/lib/thumb/v7e-m+fp/hard\libc_nano.a(lib_a-nano-mallocr.o)
 .debug_frame   0x00003a90       0x3c c:/cseapp/codelite/tools/gcc-arm/bin/../lib/gcc/arm-none-eabi/9.2.1/../../../../arm-none-eabi/lib/thumb/v7e-m+fp/hard\libc_nano.a(lib_a-nano-reallocr.o)
 .debug_frame   0x00003acc       0x2c c:/cseapp/codelite/tools/gcc-arm/bin/../lib/gcc/arm-none-eabi/9.2.1/../../../../arm-none-eabi/lib/thumb/v7e-m+fp/hard\libc_nano.a(lib_a-sbrkr.o)
 .debug_frame   0x00003af8       0x30 c:/cseapp/codelite/tools/gcc-arm/bin/../lib/gcc/arm-none-eabi/9.2.1/../../../../arm-none-eabi/lib/thumb/v7e-m+fp/hard\libc_nano.a(lib_a-mlock.o)
 .debug_frame   0x00003b28       0x20 c:/cseapp/codelite/tools/gcc-arm/bin/../lib/gcc/arm-none-eabi/9.2.1/../../../../arm-none-eabi/lib/thumb/v7e-m+fp/hard\libc_nano.a(lib_a-nano-msizer.o)
 .debug_frame   0x00003b48       0x5c c:/cseapp/codelite/tools/gcc-arm/bin/../lib/gcc/arm-none-eabi/9.2.1/../../../../arm-none-eabi/lib/thumb/v7e-m+fp/hard\libc_nano.a(lib_a-reent.o)
 .debug_frame   0x00003ba4       0xb0 c:/cseapp/codelite/tools/gcc-arm/bin/../lib/gcc/arm-none-eabi/9.2.1/../../../../arm-none-eabi/lib/thumb/v7e-m+fp/hard\libc_nano.a(lib_a-lock.o)

.debug_ranges   0x00000000       0x18
 .debug_ranges  0x00000000       0x18 ./Debug/startup.c.o

Cross Reference Table

Symbol                                            File
ABORT                                             ./Debug/TinyTimber.c.o
CANHandler                                        ./Debug/application.c.o
CAN_CancelTransmit                                ./Debug/driver_src_stm32f4xx_can.c.o
CAN_ClearFlag                                     ./Debug/driver_src_stm32f4xx_can.c.o
CAN_ClearITPendingBit                             ./Debug/driver_src_stm32f4xx_can.c.o
CAN_DBGFreeze                                     ./Debug/driver_src_stm32f4xx_can.c.o
CAN_DeInit                                        ./Debug/driver_src_stm32f4xx_can.c.o
                                                  ./Debug/startup.c.o
CAN_FIFORelease                                   ./Debug/driver_src_stm32f4xx_can.c.o
CAN_FilterInit                                    ./Debug/driver_src_stm32f4xx_can.c.o
                                                  ./Debug/startup.c.o
CAN_GetFlagStatus                                 ./Debug/driver_src_stm32f4xx_can.c.o
                                                  ./Debug/canTinyTimber.c.o
CAN_GetITStatus                                   ./Debug/driver_src_stm32f4xx_can.c.o
CAN_GetLSBTransmitErrorCounter                    ./Debug/driver_src_stm32f4xx_can.c.o
CAN_GetLastErrorCode                              ./Debug/driver_src_stm32f4xx_can.c.o
CAN_GetReceiveErrorCounter                        ./Debug/driver_src_stm32f4xx_can.c.o
CAN_ITConfig                                      ./Debug/driver_src_stm32f4xx_can.c.o
                                                  ./Debug/canTinyTimber.c.o
CAN_Init                                          ./Debug/driver_src_stm32f4xx_can.c.o
                                                  ./Debug/canTinyTimber.c.o
CAN_MessagePending                                ./Debug/driver_src_stm32f4xx_can.c.o
CAN_OperatingModeRequest                          ./Debug/driver_src_stm32f4xx_can.c.o
CAN_Receive                                       ./Debug/driver_src_stm32f4xx_can.c.o
                                                  ./Debug/canTinyTimber.c.o
CAN_SlaveStartBank                                ./Debug/driver_src_stm32f4xx_can.c.o
CAN_Sleep                                         ./Debug/driver_src_stm32f4xx_can.c.o
CAN_StructInit                                    ./Debug/driver_src_stm32f4xx_can.c.o
                                                  ./Debug/canTinyTimber.c.o
CAN_TTComModeCmd                                  ./Debug/driver_src_stm32f4xx_can.c.o
CAN_Transmit                                      ./Debug/driver_src_stm32f4xx_can.c.o
                                                  ./Debug/canTinyTimber.c.o
CAN_TransmitStatus                                ./Debug/driver_src_stm32f4xx_can.c.o
CAN_WakeUp                                        ./Debug/driver_src_stm32f4xx_can.c.o
CURRENT_OFFSET                                    ./Debug/TinyTimber.c.o
                                                  ./Debug/part1.c.o
DAC_ClearFlag                                     ./Debug/driver_src_stm32f4xx_dac.c.o
DAC_ClearITPendingBit                             ./Debug/driver_src_stm32f4xx_dac.c.o
DAC_Cmd                                           ./Debug/driver_src_stm32f4xx_dac.c.o
                                                  ./Debug/startup.c.o
DAC_DMACmd                                        ./Debug/driver_src_stm32f4xx_dac.c.o
DAC_DeInit                                        ./Debug/driver_src_stm32f4xx_dac.c.o
                                                  ./Debug/startup.c.o
DAC_DualSoftwareTriggerCmd                        ./Debug/driver_src_stm32f4xx_dac.c.o
DAC_GetDataOutputValue                            ./Debug/driver_src_stm32f4xx_dac.c.o
DAC_GetFlagStatus                                 ./Debug/driver_src_stm32f4xx_dac.c.o
DAC_GetITStatus                                   ./Debug/driver_src_stm32f4xx_dac.c.o
DAC_ITConfig                                      ./Debug/driver_src_stm32f4xx_dac.c.o
DAC_Init                                          ./Debug/driver_src_stm32f4xx_dac.c.o
                                                  ./Debug/startup.c.o
DAC_SetChannel1Data                               ./Debug/driver_src_stm32f4xx_dac.c.o
DAC_SetChannel2Data                               ./Debug/driver_src_stm32f4xx_dac.c.o
                                                  ./Debug/startup.c.o
DAC_SetDualChannelData                            ./Debug/driver_src_stm32f4xx_dac.c.o
DAC_SoftwareTriggerCmd                            ./Debug/driver_src_stm32f4xx_dac.c.o
DAC_StructInit                                    ./Debug/driver_src_stm32f4xx_dac.c.o
                                                  ./Debug/startup.c.o
DAC_WaveGenerationCmd                             ./Debug/driver_src_stm32f4xx_dac.c.o
DUMP                                              ./Debug/TinyTimber.c.o
                                                  ./Debug/sioTinyTimber.c.o
                                                  ./Debug/dispatch.s.o
                                                  ./Debug/canTinyTimber.c.o
DUMPC                                             ./Debug/TinyTimber.c.o
DUMPD                                             ./Debug/TinyTimber.c.o
                                                  ./Debug/dispatch.s.o
DUMPH                                             ./Debug/TinyTimber.c.o
                                                  ./Debug/dispatch.s.o
EXTI_ClearFlag                                    ./Debug/driver_src_stm32f4xx_exti.c.o
EXTI_ClearITPendingBit                            ./Debug/driver_src_stm32f4xx_exti.c.o
                                                  ./Debug/sioTinyTimber.c.o
EXTI_DeInit                                       ./Debug/driver_src_stm32f4xx_exti.c.o
                                                  ./Debug/startup.c.o
EXTI_GenerateSWInterrupt                          ./Debug/driver_src_stm32f4xx_exti.c.o
EXTI_GetFlagStatus                                ./Debug/driver_src_stm32f4xx_exti.c.o
EXTI_GetITStatus                                  ./Debug/driver_src_stm32f4xx_exti.c.o
                                                  ./Debug/sioTinyTimber.c.o
EXTI_Init                                         ./Debug/driver_src_stm32f4xx_exti.c.o
                                                  ./Debug/sioTinyTimber.c.o
                                                  ./Debug/startup.c.o
EXTI_StructInit                                   ./Debug/driver_src_stm32f4xx_exti.c.o
                                                  ./Debug/sioTinyTimber.c.o
                                                  ./Debug/startup.c.o
GPIO_DeInit                                       ./Debug/driver_src_stm32f4xx_gpio.c.o
                                                  ./Debug/startup.c.o
GPIO_Init                                         ./Debug/driver_src_stm32f4xx_gpio.c.o
                                                  ./Debug/startup.c.o
GPIO_PinAFConfig                                  ./Debug/driver_src_stm32f4xx_gpio.c.o
                                                  ./Debug/startup.c.o
GPIO_PinLockConfig                                ./Debug/driver_src_stm32f4xx_gpio.c.o
GPIO_ReadInputData                                ./Debug/driver_src_stm32f4xx_gpio.c.o
GPIO_ReadInputDataBit                             ./Debug/driver_src_stm32f4xx_gpio.c.o
                                                  ./Debug/sioTinyTimber.c.o
GPIO_ReadOutputData                               ./Debug/driver_src_stm32f4xx_gpio.c.o
GPIO_ReadOutputDataBit                            ./Debug/driver_src_stm32f4xx_gpio.c.o
GPIO_ResetBits                                    ./Debug/driver_src_stm32f4xx_gpio.c.o
GPIO_SetBits                                      ./Debug/driver_src_stm32f4xx_gpio.c.o
GPIO_StructInit                                   ./Debug/driver_src_stm32f4xx_gpio.c.o
                                                  ./Debug/startup.c.o
GPIO_ToggleBits                                   ./Debug/driver_src_stm32f4xx_gpio.c.o
                                                  ./Debug/sioTinyTimber.c.o
GPIO_Write                                        ./Debug/driver_src_stm32f4xx_gpio.c.o
GPIO_WriteBit                                     ./Debug/driver_src_stm32f4xx_gpio.c.o
                                                  ./Debug/TinyTimber.c.o
                                                  ./Debug/sioTinyTimber.c.o
                                                  ./Debug/startup.c.o
RCC_AHB1PeriphClockCmd                            ./Debug/driver_src_stm32f4xx_rcc.c.o
                                                  ./Debug/startup.c.o
RCC_AHB1PeriphClockLPModeCmd                      ./Debug/driver_src_stm32f4xx_rcc.c.o
RCC_AHB1PeriphResetCmd                            ./Debug/driver_src_stm32f4xx_rcc.c.o
                                                  ./Debug/driver_src_stm32f4xx_gpio.c.o
RCC_AHB2PeriphClockCmd                            ./Debug/driver_src_stm32f4xx_rcc.c.o
RCC_AHB2PeriphClockLPModeCmd                      ./Debug/driver_src_stm32f4xx_rcc.c.o
RCC_AHB2PeriphResetCmd                            ./Debug/driver_src_stm32f4xx_rcc.c.o
RCC_AHB3PeriphClockCmd                            ./Debug/driver_src_stm32f4xx_rcc.c.o
RCC_AHB3PeriphClockLPModeCmd                      ./Debug/driver_src_stm32f4xx_rcc.c.o
RCC_AHB3PeriphResetCmd                            ./Debug/driver_src_stm32f4xx_rcc.c.o
RCC_APB1PeriphClockCmd                            ./Debug/driver_src_stm32f4xx_rcc.c.o
                                                  ./Debug/startup.c.o
RCC_APB1PeriphClockLPModeCmd                      ./Debug/driver_src_stm32f4xx_rcc.c.o
                                                  ./Debug/startup.c.o
RCC_APB1PeriphResetCmd                            ./Debug/driver_src_stm32f4xx_rcc.c.o
                                                  ./Debug/driver_src_stm32f4xx_dac.c.o
                                                  ./Debug/driver_src_stm32f4xx_tim.c.o
                                                  ./Debug/driver_src_stm32f4xx_can.c.o
                                                  ./Debug/driver_src_stm32f4xx_usart.c.o
RCC_APB2PeriphClockCmd                            ./Debug/driver_src_stm32f4xx_rcc.c.o
                                                  ./Debug/startup.c.o
RCC_APB2PeriphClockLPModeCmd                      ./Debug/driver_src_stm32f4xx_rcc.c.o
RCC_APB2PeriphResetCmd                            ./Debug/driver_src_stm32f4xx_rcc.c.o
                                                  ./Debug/driver_src_stm32f4xx_syscfg.c.o
                                                  ./Debug/driver_src_stm32f4xx_tim.c.o
                                                  ./Debug/driver_src_stm32f4xx_usart.c.o
RCC_AdjustHSICalibrationValue                     ./Debug/driver_src_stm32f4xx_rcc.c.o
RCC_BackupResetCmd                                ./Debug/driver_src_stm32f4xx_rcc.c.o
RCC_ClearFlag                                     ./Debug/driver_src_stm32f4xx_rcc.c.o
RCC_ClearITPendingBit                             ./Debug/driver_src_stm32f4xx_rcc.c.o
RCC_ClockSecuritySystemCmd                        ./Debug/driver_src_stm32f4xx_rcc.c.o
RCC_DeInit                                        ./Debug/driver_src_stm32f4xx_rcc.c.o
RCC_GetClocksFreq                                 ./Debug/driver_src_stm32f4xx_rcc.c.o
                                                  ./Debug/driver_src_stm32f4xx_usart.c.o
RCC_GetFlagStatus                                 ./Debug/driver_src_stm32f4xx_rcc.c.o
RCC_GetITStatus                                   ./Debug/driver_src_stm32f4xx_rcc.c.o
RCC_GetSYSCLKSource                               ./Debug/driver_src_stm32f4xx_rcc.c.o
RCC_HCLKConfig                                    ./Debug/driver_src_stm32f4xx_rcc.c.o
RCC_HSEConfig                                     ./Debug/driver_src_stm32f4xx_rcc.c.o
RCC_HSICmd                                        ./Debug/driver_src_stm32f4xx_rcc.c.o
RCC_I2SCLKConfig                                  ./Debug/driver_src_stm32f4xx_rcc.c.o
RCC_ITConfig                                      ./Debug/driver_src_stm32f4xx_rcc.c.o
RCC_LSEConfig                                     ./Debug/driver_src_stm32f4xx_rcc.c.o
RCC_LSICmd                                        ./Debug/driver_src_stm32f4xx_rcc.c.o
RCC_LTDCCLKDivConfig                              ./Debug/driver_src_stm32f4xx_rcc.c.o
RCC_MCO1Config                                    ./Debug/driver_src_stm32f4xx_rcc.c.o
RCC_MCO2Config                                    ./Debug/driver_src_stm32f4xx_rcc.c.o
RCC_PCLK1Config                                   ./Debug/driver_src_stm32f4xx_rcc.c.o
RCC_PCLK2Config                                   ./Debug/driver_src_stm32f4xx_rcc.c.o
RCC_PLLCmd                                        ./Debug/driver_src_stm32f4xx_rcc.c.o
RCC_PLLConfig                                     ./Debug/driver_src_stm32f4xx_rcc.c.o
RCC_PLLI2SCmd                                     ./Debug/driver_src_stm32f4xx_rcc.c.o
RCC_PLLI2SConfig                                  ./Debug/driver_src_stm32f4xx_rcc.c.o
RCC_PLLSAICmd                                     ./Debug/driver_src_stm32f4xx_rcc.c.o
RCC_PLLSAIConfig                                  ./Debug/driver_src_stm32f4xx_rcc.c.o
RCC_RTCCLKCmd                                     ./Debug/driver_src_stm32f4xx_rcc.c.o
RCC_RTCCLKConfig                                  ./Debug/driver_src_stm32f4xx_rcc.c.o
RCC_SAIBlockACLKConfig                            ./Debug/driver_src_stm32f4xx_rcc.c.o
RCC_SAIBlockBCLKConfig                            ./Debug/driver_src_stm32f4xx_rcc.c.o
RCC_SAIPLLI2SClkDivConfig                         ./Debug/driver_src_stm32f4xx_rcc.c.o
RCC_SAIPLLSAIClkDivConfig                         ./Debug/driver_src_stm32f4xx_rcc.c.o
RCC_SYSCLKConfig                                  ./Debug/driver_src_stm32f4xx_rcc.c.o
RCC_TIMCLKPresConfig                              ./Debug/driver_src_stm32f4xx_rcc.c.o
RCC_WaitForHSEStartUp                             ./Debug/driver_src_stm32f4xx_rcc.c.o
SETPC                                             ./Debug/TinyTimber.c.o
SETSTACK                                          ./Debug/TinyTimber.c.o
SYSCFG_CompensationCellCmd                        ./Debug/driver_src_stm32f4xx_syscfg.c.o
SYSCFG_DeInit                                     ./Debug/driver_src_stm32f4xx_syscfg.c.o
SYSCFG_ETH_MediaInterfaceConfig                   ./Debug/driver_src_stm32f4xx_syscfg.c.o
SYSCFG_EXTILineConfig                             ./Debug/driver_src_stm32f4xx_syscfg.c.o
                                                  ./Debug/startup.c.o
SYSCFG_GetCompensationCellStatus                  ./Debug/driver_src_stm32f4xx_syscfg.c.o
SYSCFG_MemoryRemapConfig                          ./Debug/driver_src_stm32f4xx_syscfg.c.o
SYSCFG_MemorySwappingBank                         ./Debug/driver_src_stm32f4xx_syscfg.c.o
TIMER_INIT                                        ./Debug/TinyTimber.c.o
TIM_ARRPreloadConfig                              ./Debug/driver_src_stm32f4xx_tim.c.o
TIM_BDTRConfig                                    ./Debug/driver_src_stm32f4xx_tim.c.o
TIM_BDTRStructInit                                ./Debug/driver_src_stm32f4xx_tim.c.o
TIM_CCPreloadControl                              ./Debug/driver_src_stm32f4xx_tim.c.o
TIM_CCxCmd                                        ./Debug/driver_src_stm32f4xx_tim.c.o
TIM_CCxNCmd                                       ./Debug/driver_src_stm32f4xx_tim.c.o
TIM_ClearFlag                                     ./Debug/driver_src_stm32f4xx_tim.c.o
TIM_ClearITPendingBit                             ./Debug/driver_src_stm32f4xx_tim.c.o
                                                  ./Debug/TinyTimber.c.o
TIM_ClearOC1Ref                                   ./Debug/driver_src_stm32f4xx_tim.c.o
TIM_ClearOC2Ref                                   ./Debug/driver_src_stm32f4xx_tim.c.o
TIM_ClearOC3Ref                                   ./Debug/driver_src_stm32f4xx_tim.c.o
TIM_ClearOC4Ref                                   ./Debug/driver_src_stm32f4xx_tim.c.o
TIM_Cmd                                           ./Debug/driver_src_stm32f4xx_tim.c.o
                                                  ./Debug/TinyTimber.c.o
TIM_CounterModeConfig                             ./Debug/driver_src_stm32f4xx_tim.c.o
TIM_CtrlPWMOutputs                                ./Debug/driver_src_stm32f4xx_tim.c.o
TIM_DMACmd                                        ./Debug/driver_src_stm32f4xx_tim.c.o
TIM_DMAConfig                                     ./Debug/driver_src_stm32f4xx_tim.c.o
TIM_DeInit                                        ./Debug/driver_src_stm32f4xx_tim.c.o
                                                  ./Debug/TinyTimber.c.o
TIM_ETRClockMode1Config                           ./Debug/driver_src_stm32f4xx_tim.c.o
TIM_ETRClockMode2Config                           ./Debug/driver_src_stm32f4xx_tim.c.o
TIM_ETRConfig                                     ./Debug/driver_src_stm32f4xx_tim.c.o
TIM_EncoderInterfaceConfig                        ./Debug/driver_src_stm32f4xx_tim.c.o
TIM_ForcedOC1Config                               ./Debug/driver_src_stm32f4xx_tim.c.o
TIM_ForcedOC2Config                               ./Debug/driver_src_stm32f4xx_tim.c.o
TIM_ForcedOC3Config                               ./Debug/driver_src_stm32f4xx_tim.c.o
TIM_ForcedOC4Config                               ./Debug/driver_src_stm32f4xx_tim.c.o
TIM_GenerateEvent                                 ./Debug/driver_src_stm32f4xx_tim.c.o
TIM_GetCapture1                                   ./Debug/driver_src_stm32f4xx_tim.c.o
TIM_GetCapture2                                   ./Debug/driver_src_stm32f4xx_tim.c.o
TIM_GetCapture3                                   ./Debug/driver_src_stm32f4xx_tim.c.o
TIM_GetCapture4                                   ./Debug/driver_src_stm32f4xx_tim.c.o
TIM_GetCounter                                    ./Debug/driver_src_stm32f4xx_tim.c.o
                                                  ./Debug/TinyTimber.c.o
TIM_GetFlagStatus                                 ./Debug/driver_src_stm32f4xx_tim.c.o
TIM_GetITStatus                                   ./Debug/driver_src_stm32f4xx_tim.c.o
TIM_GetPrescaler                                  ./Debug/driver_src_stm32f4xx_tim.c.o
TIM_ICInit                                        ./Debug/driver_src_stm32f4xx_tim.c.o
TIM_ICStructInit                                  ./Debug/driver_src_stm32f4xx_tim.c.o
TIM_ITConfig                                      ./Debug/driver_src_stm32f4xx_tim.c.o
                                                  ./Debug/TinyTimber.c.o
TIM_ITRxExternalClockConfig                       ./Debug/driver_src_stm32f4xx_tim.c.o
TIM_InternalClockConfig                           ./Debug/driver_src_stm32f4xx_tim.c.o
TIM_OC1FastConfig                                 ./Debug/driver_src_stm32f4xx_tim.c.o
TIM_OC1Init                                       ./Debug/driver_src_stm32f4xx_tim.c.o
TIM_OC1NPolarityConfig                            ./Debug/driver_src_stm32f4xx_tim.c.o
TIM_OC1PolarityConfig                             ./Debug/driver_src_stm32f4xx_tim.c.o
TIM_OC1PreloadConfig                              ./Debug/driver_src_stm32f4xx_tim.c.o
TIM_OC2FastConfig                                 ./Debug/driver_src_stm32f4xx_tim.c.o
TIM_OC2Init                                       ./Debug/driver_src_stm32f4xx_tim.c.o
TIM_OC2NPolarityConfig                            ./Debug/driver_src_stm32f4xx_tim.c.o
TIM_OC2PolarityConfig                             ./Debug/driver_src_stm32f4xx_tim.c.o
TIM_OC2PreloadConfig                              ./Debug/driver_src_stm32f4xx_tim.c.o
TIM_OC3FastConfig                                 ./Debug/driver_src_stm32f4xx_tim.c.o
TIM_OC3Init                                       ./Debug/driver_src_stm32f4xx_tim.c.o
TIM_OC3NPolarityConfig                            ./Debug/driver_src_stm32f4xx_tim.c.o
TIM_OC3PolarityConfig                             ./Debug/driver_src_stm32f4xx_tim.c.o
TIM_OC3PreloadConfig                              ./Debug/driver_src_stm32f4xx_tim.c.o
TIM_OC4FastConfig                                 ./Debug/driver_src_stm32f4xx_tim.c.o
TIM_OC4Init                                       ./Debug/driver_src_stm32f4xx_tim.c.o
TIM_OC4PolarityConfig                             ./Debug/driver_src_stm32f4xx_tim.c.o
TIM_OC4PreloadConfig                              ./Debug/driver_src_stm32f4xx_tim.c.o
TIM_OCStructInit                                  ./Debug/driver_src_stm32f4xx_tim.c.o
TIM_PWMIConfig                                    ./Debug/driver_src_stm32f4xx_tim.c.o
TIM_PrescalerConfig                               ./Debug/driver_src_stm32f4xx_tim.c.o
TIM_RemapConfig                                   ./Debug/driver_src_stm32f4xx_tim.c.o
TIM_SelectCCDMA                                   ./Debug/driver_src_stm32f4xx_tim.c.o
TIM_SelectCOM                                     ./Debug/driver_src_stm32f4xx_tim.c.o
TIM_SelectHallSensor                              ./Debug/driver_src_stm32f4xx_tim.c.o
TIM_SelectInputTrigger                            ./Debug/driver_src_stm32f4xx_tim.c.o
TIM_SelectMasterSlaveMode                         ./Debug/driver_src_stm32f4xx_tim.c.o
TIM_SelectOCxM                                    ./Debug/driver_src_stm32f4xx_tim.c.o
TIM_SelectOnePulseMode                            ./Debug/driver_src_stm32f4xx_tim.c.o
TIM_SelectOutputTrigger                           ./Debug/driver_src_stm32f4xx_tim.c.o
TIM_SelectSlaveMode                               ./Debug/driver_src_stm32f4xx_tim.c.o
TIM_SetAutoreload                                 ./Debug/driver_src_stm32f4xx_tim.c.o
TIM_SetClockDivision                              ./Debug/driver_src_stm32f4xx_tim.c.o
TIM_SetCompare1                                   ./Debug/driver_src_stm32f4xx_tim.c.o
                                                  ./Debug/TinyTimber.c.o
TIM_SetCompare2                                   ./Debug/driver_src_stm32f4xx_tim.c.o
TIM_SetCompare3                                   ./Debug/driver_src_stm32f4xx_tim.c.o
TIM_SetCompare4                                   ./Debug/driver_src_stm32f4xx_tim.c.o
TIM_SetCounter                                    ./Debug/driver_src_stm32f4xx_tim.c.o
                                                  ./Debug/TinyTimber.c.o
TIM_SetIC1Prescaler                               ./Debug/driver_src_stm32f4xx_tim.c.o
TIM_SetIC2Prescaler                               ./Debug/driver_src_stm32f4xx_tim.c.o
TIM_SetIC3Prescaler                               ./Debug/driver_src_stm32f4xx_tim.c.o
TIM_SetIC4Prescaler                               ./Debug/driver_src_stm32f4xx_tim.c.o
TIM_TIxExternalClockConfig                        ./Debug/driver_src_stm32f4xx_tim.c.o
TIM_TimeBaseInit                                  ./Debug/driver_src_stm32f4xx_tim.c.o
                                                  ./Debug/TinyTimber.c.o
TIM_TimeBaseStructInit                            ./Debug/driver_src_stm32f4xx_tim.c.o
                                                  ./Debug/TinyTimber.c.o
TIM_UpdateDisableConfig                           ./Debug/driver_src_stm32f4xx_tim.c.o
TIM_UpdateRequestConfig                           ./Debug/driver_src_stm32f4xx_tim.c.o
T_RESET                                           ./Debug/TinyTimber.c.o
                                                  ./Debug/part2.c.o
T_SAMPLE                                          ./Debug/TinyTimber.c.o
                                                  ./Debug/part2.c.o
USART_ClearFlag                                   ./Debug/driver_src_stm32f4xx_usart.c.o
USART_ClearITPendingBit                           ./Debug/driver_src_stm32f4xx_usart.c.o
USART_ClockInit                                   ./Debug/driver_src_stm32f4xx_usart.c.o
USART_ClockStructInit                             ./Debug/driver_src_stm32f4xx_usart.c.o
USART_Cmd                                         ./Debug/driver_src_stm32f4xx_usart.c.o
USART_DMACmd                                      ./Debug/driver_src_stm32f4xx_usart.c.o
USART_DeInit                                      ./Debug/driver_src_stm32f4xx_usart.c.o
USART_GetFlagStatus                               ./Debug/driver_src_stm32f4xx_usart.c.o
                                                  ./Debug/sciTinyTimber.c.o
                                                  ./Debug/TinyTimber.c.o
USART_GetITStatus                                 ./Debug/driver_src_stm32f4xx_usart.c.o
USART_HalfDuplexCmd                               ./Debug/driver_src_stm32f4xx_usart.c.o
USART_ITConfig                                    ./Debug/driver_src_stm32f4xx_usart.c.o
                                                  ./Debug/sciTinyTimber.c.o
USART_Init                                        ./Debug/driver_src_stm32f4xx_usart.c.o
USART_IrDACmd                                     ./Debug/driver_src_stm32f4xx_usart.c.o
USART_IrDAConfig                                  ./Debug/driver_src_stm32f4xx_usart.c.o
USART_LINBreakDetectLengthConfig                  ./Debug/driver_src_stm32f4xx_usart.c.o
USART_LINCmd                                      ./Debug/driver_src_stm32f4xx_usart.c.o
USART_OneBitMethodCmd                             ./Debug/driver_src_stm32f4xx_usart.c.o
USART_OverSampling8Cmd                            ./Debug/driver_src_stm32f4xx_usart.c.o
USART_ReceiveData                                 ./Debug/driver_src_stm32f4xx_usart.c.o
                                                  ./Debug/sciTinyTimber.c.o
USART_ReceiverWakeUpCmd                           ./Debug/driver_src_stm32f4xx_usart.c.o
USART_SendBreak                                   ./Debug/driver_src_stm32f4xx_usart.c.o