Archive member included to satisfy reference by file (symbol)

c:/cseapp/codelite/tools/gcc-arm/bin/../lib/gcc/arm-none-eabi/9.2.1/../../../../arm-none-eabi/lib/thumb/v7e-m+fp/hard\libc_nano.a(lib_a-atoi.o)
                              ./Debug/part0.c.o (atoi)
c:/cseapp/codelite/tools/gcc-arm/bin/../lib/gcc/arm-none-eabi/9.2.1/../../../../arm-none-eabi/lib/thumb/v7e-m+fp/hard\libc_nano.a(lib_a-sprintf.o)
                              ./Debug/application.c.o (sprintf)
c:/cseapp/codelite/tools/gcc-arm/bin/../lib/gcc/arm-none-eabi/9.2.1/../../../../arm-none-eabi/lib/thumb/v7e-m+fp/hard\libc_nano.a(lib_a-strtol.o)
                              c:/cseapp/codelite/tools/gcc-arm/bin/../lib/gcc/arm-none-eabi/9.2.1/../../../../arm-none-eabi/lib/thumb/v7e-m+fp/hard\libc_nano.a(lib_a-atoi.o) (_strtol_r)
c:/cseapp/codelite/tools/gcc-arm/bin/../lib/gcc/arm-none-eabi/9.2.1/../../../../arm-none-eabi/lib/thumb/v7e-m+fp/hard\libc_nano.a(lib_a-ctype_.o)
                              c:/cseapp/codelite/tools/gcc-arm/bin/../lib/gcc/arm-none-eabi/9.2.1/../../../../arm-none-eabi/lib/thumb/v7e-m+fp/hard\libc_nano.a(lib_a-strtol.o) (_ctype_)
c:/cseapp/codelite/tools/gcc-arm/bin/../lib/gcc/arm-none-eabi/9.2.1/../../../../arm-none-eabi/lib/thumb/v7e-m+fp/hard\libc_nano.a(lib_a-impure.o)
                              c:/cseapp/codelite/tools/gcc-arm/bin/../lib/gcc/arm-none-eabi/9.2.1/../../../../arm-none-eabi/lib/thumb/v7e-m+fp/hard\libc_nano.a(lib_a-sprintf.o) (_impure_ptr)
c:/cseapp/codelite/tools/gcc-arm/bin/../lib/gcc/arm-none-eabi/9.2.1/../../../../arm-none-eabi/lib/thumb/v7e-m+fp/hard\libc_nano.a(lib_a-nano-svfprintf.o)
                              c:/cseapp/codelite/tools/gcc-arm/bin/../lib/gcc/arm-none-eabi/9.2.1/../../../../arm-none-eabi/lib/thumb/v7e-m+fp/hard\libc_nano.a(lib_a-sprintf.o) (_svfprintf_r)
c:/cseapp/codelite/tools/gcc-arm/bin/../lib/gcc/arm-none-eabi/9.2.1/../../../../arm-none-eabi/lib/thumb/v7e-m+fp/hard\libc_nano.a(lib_a-nano-vfprintf_i.o)
                              c:/cseapp/codelite/tools/gcc-arm/bin/../lib/gcc/arm-none-eabi/9.2.1/../../../../arm-none-eabi/lib/thumb/v7e-m+fp/hard\libc_nano.a(lib_a-nano-svfprintf.o) (_printf_i)
c:/cseapp/codelite/tools/gcc-arm/bin/../lib/gcc/arm-none-eabi/9.2.1/../../../../arm-none-eabi/lib/thumb/v7e-m+fp/hard\libc_nano.a(lib_a-memchr.o)
                              c:/cseapp/codelite/tools/gcc-arm/bin/../lib/gcc/arm-none-eabi/9.2.1/../../../../arm-none-eabi/lib/thumb/v7e-m+fp/hard\libc_nano.a(lib_a-nano-svfprintf.o) (memchr)
c:/cseapp/codelite/tools/gcc-arm/bin/../lib/gcc/arm-none-eabi/9.2.1/../../../../arm-none-eabi/lib/thumb/v7e-m+fp/hard\libc_nano.a(lib_a-memcpy-stub.o)
                              c:/cseapp/codelite/tools/gcc-arm/bin/../lib/gcc/arm-none-eabi/9.2.1/../../../../arm-none-eabi/lib/thumb/v7e-m+fp/hard\libc_nano.a(lib_a-nano-svfprintf.o) (memcpy)
c:/cseapp/codelite/tools/gcc-arm/bin/../lib/gcc/arm-none-eabi/9.2.1/../../../../arm-none-eabi/lib/thumb/v7e-m+fp/hard\libc_nano.a(lib_a-memmove.o)
                              c:/cseapp/codelite/tools/gcc-arm/bin/../lib/gcc/arm-none-eabi/9.2.1/../../../../arm-none-eabi/lib/thumb/v7e-m+fp/hard\libc_nano.a(lib_a-nano-svfprintf.o) (memmove)
c:/cseapp/codelite/tools/gcc-arm/bin/../lib/gcc/arm-none-eabi/9.2.1/../../../../arm-none-eabi/lib/thumb/v7e-m+fp/hard\libc_nano.a(lib_a-nano-freer.o)
                              c:/cseapp/codelite/tools/gcc-arm/bin/../lib/gcc/arm-none-eabi/9.2.1/../../../../arm-none-eabi/lib/thumb/v7e-m+fp/hard\libc_nano.a(lib_a-nano-svfprintf.o) (_free_r)
c:/cseapp/codelite/tools/gcc-arm/bin/../lib/gcc/arm-none-eabi/9.2.1/../../../../arm-none-eabi/lib/thumb/v7e-m+fp/hard\libc_nano.a(lib_a-nano-mallocr.o)
                              c:/cseapp/codelite/tools/gcc-arm/bin/../lib/gcc/arm-none-eabi/9.2.1/../../../../arm-none-eabi/lib/thumb/v7e-m+fp/hard\libc_nano.a(lib_a-nano-svfprintf.o) (_malloc_r)
c:/cseapp/codelite/tools/gcc-arm/bin/../lib/gcc/arm-none-eabi/9.2.1/../../../../arm-none-eabi/lib/thumb/v7e-m+fp/hard\libc_nano.a(lib_a-nano-reallocr.o)
                              c:/cseapp/codelite/tools/gcc-arm/bin/../lib/gcc/arm-none-eabi/9.2.1/../../../../arm-none-eabi/lib/thumb/v7e-m+fp/hard\libc_nano.a(lib_a-nano-svfprintf.o) (_realloc_r)
c:/cseapp/codelite/tools/gcc-arm/bin/../lib/gcc/arm-none-eabi/9.2.1/../../../../arm-none-eabi/lib/thumb/v7e-m+fp/hard\libc_nano.a(lib_a-sbrkr.o)
                              c:/cseapp/codelite/tools/gcc-arm/bin/../lib/gcc/arm-none-eabi/9.2.1/../../../../arm-none-eabi/lib/thumb/v7e-m+fp/hard\libc_nano.a(lib_a-nano-mallocr.o) (_sbrk_r)
c:/cseapp/codelite/tools/gcc-arm/bin/../lib/gcc/arm-none-eabi/9.2.1/../../../../arm-none-eabi/lib/thumb/v7e-m+fp/hard\libc_nano.a(lib_a-mlock.o)
                              c:/cseapp/codelite/tools/gcc-arm/bin/../lib/gcc/arm-none-eabi/9.2.1/../../../../arm-none-eabi/lib/thumb/v7e-m+fp/hard\libc_nano.a(lib_a-nano-freer.o) (__malloc_lock)
[...]
Memory Configuration

Name             Origin             Length             Attributes
RAM              0x20000000         0x0001c000         xrw
*default*        0x00000000         0xffffffff

Linker script and memory map

LOAD ./Debug/dispatch.s.o
LOAD ./Debug/sioTinyTimber.c.o
LOAD ./Debug/application.c.o
LOAD ./Debug/part1.c.o
LOAD ./Debug/TinyTimber.c.o
LOAD ./Debug/part2.c.o
LOAD ./Debug/startup.c.o
LOAD ./Debug/canTinyTimber.c.o
LOAD ./Debug/driver_src_stm32f4xx_syscfg.c.o
LOAD ./Debug/part0.c.o
LOAD ./Debug/driver_src_stm32f4xx_dac.c.o
LOAD ./Debug/driver_src_stm32f4xx_rcc.c.o
LOAD ./Debug/driver_src_stm32f4xx_gpio.c.o
LOAD ./Debug/driver_src_stm32f4xx_tim.c.o
LOAD ./Debug/driver_src_stm32f4xx_usart.c.o
LOAD ./Debug/driver_src_stm32f4xx_can.c.o
LOAD ./Debug/driver_src_stm32f4xx_exti.c.o
LOAD ./Debug/sciTinyTimber.c.o
LOAD c:/cseapp/codelite/tools/gcc-arm/bin/../lib/gcc/arm-none-eabi/9.2.1/../../../../arm-none-eabi/lib/thumb/v7e-m+fp/hard\libstdc++_nano.a
LOAD c:/cseapp/codelite/tools/gcc-arm/bin/../lib/gcc/arm-none-eabi/9.2.1/../../../../arm-none-eabi/lib/thumb/v7e-m+fp/hard\libm.a
START GROUP
LOAD c:/cseapp/codelite/tools/gcc-arm/bin/../lib/gcc/arm-none-eabi/9.2.1/thumb/v7e-m+fp/hard\libgcc.a
LOAD c:/cseapp/codelite/tools/gcc-arm/bin/../lib/gcc/arm-none-eabi/9.2.1/../../../../arm-none-eabi/lib/thumb/v7e-m+fp/hard\libc_nano.a
END GROUP
START GROUP
LOAD c:/cseapp/codelite/tools/gcc-arm/bin/../lib/gcc/arm-none-eabi/9.2.1/thumb/v7e-m+fp/hard\libgcc.a
LOAD c:/cseapp/codelite/tools/gcc-arm/bin/../lib/gcc/arm-none-eabi/9.2.1/../../../../arm-none-eabi/lib/thumb/v7e-m+fp/hard\libc_nano.a
END GROUP

.text           0x20000000     0x9430
                0x20000000                . = ALIGN (0x4)
 *(.start_section)
 .start_section
                0x20000000       0x1c ./Debug/startup.c.o
                0x20000000                startup
 *(.text)
 .text          0x2000001c       0xf4 ./Debug/dispatch.s.o
                0x2000001c                vect_SVCall
                0x20000020                vect_PendSV
 .text          0x20000110      0x1b0 ./Debug/sioTinyTimber.c.o
                0x20000198                sio_init
                0x200001c8                sio_read
                0x200001e8                sio_write
                0x2000020a                sio_toggle
                0x20000228                sio_trig
                0x20000268                sio_interrupt
 .text          0x200002c0      0x748 ./Debug/application.c.o
                0x200002c0                tapTheTempo
                0x2000036c                receiver
                0x200003dc                reader
                0x2000043c                CANHandler
                0x2000062c                keyHandler
                0x20000644                defaultLab
                0x20000798                print
                0x200007d0                receiveKey
                0x200008a4                recieveBPM
                0x20000904                sendCANMsg
                0x20000958                startApp
                0x200009b4                main
 .text          0x20000a08      0x3dc ./Debug/part1.c.o
                0x20000a08                toggleDeadlinesToneGenerator
                0x20000a2e                toggleMute
                0x20000a4e                volume
                0x20000a92                setDAC
                0x20000b20                dummySetDac
                0x20000c1c                setSilence
                0x20000c38                setPeriod
                0x20000c54                toggleDeadlinesBackgroundTask
                0x20000c7a                load
                0x20000cc4                runLoad
                0x20000d14                dummyRunLoad
 .text          0x20000de4      0xf54 ./Debug/TinyTimber.c.o
                0x20000e6c                DUMP
                0x20000ea6                DUMPH
                0x20000f04                DUMPD
                0x20000fa8                sei
                0x20000fc6                cli
                0x20000fe4                _sbrk
                0x20001028                SETSTACK
                0x20001090                SETPC
                0x200010b4                TIMER_INIT
                0x2000114c                DUMPC
                0x20001180                vect_USART1
                0x200011e8                vect_CAN1
                0x20001250                vect_EXTI9_5
                0x200012b8                enqueueByDeadline
                0x20001310                enqueueByBaseline
                0x20001368                dequeue
                0x200013b8                dequeue_pool
                0x20001408                insert
                0x2000142c                push
                0x20001450                pop
                0x200014d2                vect_TIM5
                0x20001564                __svc_dispatch
                0x20001574                __pendSV_dispatch
                0x200016e4                async
                0x20001820                sync
                0x2000192c                ABORT
                0x200019e0                T_RESET
                0x20001a1c                T_SAMPLE
                0x20001a5c                CURRENT_OFFSET
                0x20001c08                install
                0x20001cd4                tinytimber
 .text          0x20001d38      0x708 ./Debug/part2.c.o
                0x20001d38                nextBeat
                0x20001e50                blinkLed
                0x20001eac                nextSilence
                0x20001f76                setTempo
                0x20001fbc                setPeriods
                0x20002000                togglePlaying
                0x2000206c                toggleRisingTrigger
                0x20002092                resetInterTimer
                0x200020b6                pressAndHold
                0x20002104                setButtonAction
                0x20002314                printWithSerial
                0x20002348                addInterBuffer
                0x200023cc                emptyInterBuffer
                0x20002400                getBpmInterBuffer
 .text          0x20002440      0x32c ./Debug/startup.c.o
 .text          0x2000276c      0x444 ./Debug/canTinyTimber.c.o
                0x200027f4                can_init
                0x200028b4                can_interrupt
                0x20002a3c                can_receive
                0x20002b06                can_send
 .text          0x20002bb0      0x154 ./Debug/driver_src_stm32f4xx_syscfg.c.o
                0x20002bb0                SYSCFG_DeInit
                0x20002bcc                SYSCFG_MemoryRemapConfig
                0x20002bec                SYSCFG_MemorySwappingBank
                0x20002c0c                SYSCFG_EXTILineConfig
                0x20002c90                SYSCFG_ETH_MediaInterfaceConfig
                0x20002cb0                SYSCFG_CompensationCellCmd
                0x20002cd0                SYSCFG_GetCompensationCellStatus
 .text          0x20002d04      0x3ec ./Debug/part0.c.o
                0x20002d04                setMelodyPeriods
                0x20002d60                setKey
                0x20002d7c                readBufferAdd
                0x20002da8                endBuffer
                0x20002dd8                addThreeHist
                0x20002e28                emptyThreeHist
                0x20002e5c                sumBuffer
                0x20002e82                medianBuffer
                0x20002f12                calculateEdgesGeneral
                0x20002fa4                generatePeriodGeneral
                0x20003094                setMelodyPeriodsGeneral
 .text          0x200030f0      0x450 ./Debug/driver_src_stm32f4xx_dac.c.o
                0x200030f0                DAC_DeInit
                0x2000310c                DAC_Init
                0x20003174                DAC_StructInit
                0x200031a0                DAC_Cmd
                0x200031ec                DAC_SoftwareTriggerCmd
                0x2000323c                DAC_DualSoftwareTriggerCmd
                0x20003278                DAC_WaveGenerationCmd
                0x200032c4                DAC_SetChannel1Data
                0x200032fc                DAC_SetChannel2Data
                0x20003334                DAC_SetDualChannelData
                0x2000338c                DAC_GetDataOutputValue
                0x200033c0                DAC_DMACmd
                0x20003410                DAC_ITConfig
                0x2000345c                DAC_GetFlagStatus
                0x20003498                DAC_ClearFlag
                0x200034c0                DAC_GetITStatus
                0x20003518                DAC_ClearITPendingBit
 .text          0x20003540      0xcb0 ./Debug/driver_src_stm32f4xx_rcc.c.o
                0x20003540                RCC_DeInit
                0x200035b0                RCC_HSEConfig
                0x200035d8                RCC_WaitForHSEStartUp
                0x20003628                RCC_AdjustHSICalibrationValue
                0x20003664                RCC_HSICmd
                0x20003684                RCC_LSEConfig
                0x200036c8                RCC_LSICmd
                0x200036e8                RCC_PLLConfig
                0x20003728                RCC_PLLCmd
                0x20003748                RCC_PLLI2SConfig
                0x20003774                RCC_PLLI2SCmd
                0x20003794                RCC_PLLSAIConfig
                0x200037c8                RCC_PLLSAICmd
                0x200037e8                RCC_ClockSecuritySystemCmd
                0x20003808                RCC_MCO1Config
                0x20003848                RCC_MCO2Config
                0x20003888                RCC_SYSCLKConfig
                0x200038c0                RCC_GetSYSCLKSource
                0x200038e0                RCC_HCLKConfig
                0x20003918                RCC_PCLK1Config
                0x20003950                RCC_PCLK2Config
                0x2000398c                RCC_GetClocksFreq
                0x20003ae8                RCC_RTCCLKConfig
                0x20003b44                RCC_RTCCLKCmd
                0x20003b64                RCC_BackupResetCmd
                0x20003b84                RCC_I2SCLKConfig
                0x20003ba4                RCC_SAIPLLI2SClkDivConfig
                0x20003be4                RCC_SAIPLLSAIClkDivConfig
                0x20003c24                RCC_SAIBlockACLKConfig
                0x20003c60                RCC_SAIBlockBCLKConfig
                0x20003c9c                RCC_LTDCCLKDivConfig
                0x20003cd8                RCC_TIMCLKPresConfig
                0x20003cf8                RCC_AHB1PeriphClockCmd
                0x20003d38                RCC_AHB2PeriphClockCmd
                0x20003d78                RCC_AHB3PeriphClockCmd
                0x20003db8                RCC_APB1PeriphClockCmd
                0x20003df8                RCC_APB2PeriphClockCmd
                0x20003e38                RCC_AHB1PeriphResetCmd
                0x20003e78                RCC_AHB2PeriphResetCmd
                0x20003eb8                RCC_AHB3PeriphResetCmd
                0x20003ef8                RCC_APB1PeriphResetCmd
                0x20003f38                RCC_APB2PeriphResetCmd
                0x20003f78                RCC_AHB1PeriphClockLPModeCmd
                0x20003fb8                RCC_AHB2PeriphClockLPModeCmd
                0x20003ff8                RCC_AHB3PeriphClockLPModeCmd
                0x20004038                RCC_APB1PeriphClockLPModeCmd
                0x20004078                RCC_APB2PeriphClockLPModeCmd
                0x200040b8                RCC_ITConfig
                0x20004104                RCC_GetFlagStatus
                0x20004178                RCC_ClearFlag
                0x20004198                RCC_GetITStatus
                0x200041d0                RCC_ClearITPendingBit
 .text          0x200041f0      0x4d8 ./Debug/driver_src_stm32f4xx_gpio.c.o
                0x200041f0                GPIO_DeInit
                0x20004354                GPIO_Init
                0x20004472                GPIO_StructInit
                0x200044a6                GPIO_PinLockConfig
                0x200044ea                GPIO_ReadInputDataBit
                0x2000451e                GPIO_ReadInputData
                0x20004538                GPIO_ReadOutputDataBit
                0x2000456c                GPIO_ReadOutputData
                0x20004586                GPIO_SetBits
                0x200045a4                GPIO_ResetBits
                0x200045c2                GPIO_WriteBit
                0x200045f2                GPIO_Write
                0x20004610                GPIO_ToggleBits
                0x20004634                GPIO_PinAFConfig
 .text          0x200046c8     0x1c1c ./Debug/driver_src_stm32f4xx_tim.c.o
                0x200046c8                TIM_DeInit
                0x20004888                TIM_TimeBaseInit
                0x20004960                TIM_TimeBaseStructInit
                0x20004994                TIM_PrescalerConfig
                0x200049bc                TIM_CounterModeConfig
                0x200049f4                TIM_SetCounter
                0x20004a10                TIM_SetAutoreload
                0x20004a2c                TIM_GetCounter
                0x20004a44                TIM_GetPrescaler
                0x20004a5e                TIM_UpdateDisableConfig
                0x20004a9e                TIM_UpdateRequestConfig
                0x20004ade                TIM_ARRPreloadConfig
                0x20004b1e                TIM_SelectOnePulseMode
                0x20004b56                TIM_SetClockDivision
                0x20004b8e                TIM_Cmd
                0x20004bce                TIM_OC1Init
                0x20004cc4                TIM_OC2Init
                0x20004dd4                TIM_OC3Init
                0x20004ee0                TIM_OC4Init
                0x20004fb0                TIM_OCStructInit
                0x20004ff4                TIM_SelectOCxM
                0x200050aa                TIM_SetCompare1
                0x200050c6                TIM_SetCompare2
                0x200050e2                TIM_SetCompare3
                0x200050fe                TIM_SetCompare4
                0x2000511a                TIM_ForcedOC1Config
                0x20005152                TIM_ForcedOC2Config
                0x2000518e                TIM_ForcedOC3Config
                0x200051c6                TIM_ForcedOC4Config
                0x20005202                TIM_OC1PreloadConfig
                0x2000523a                TIM_OC2PreloadConfig
                0x20005276                TIM_OC3PreloadConfig
                0x200052ae                TIM_OC4PreloadConfig
                0x200052ea                TIM_OC1FastConfig
                0x20005322                TIM_OC2FastConfig
                0x2000535e                TIM_OC3FastConfig
                0x20005396                TIM_OC4FastConfig
                0x200053d2                TIM_ClearOC1Ref
                0x2000540a                TIM_ClearOC2Ref
                0x20005446                TIM_ClearOC3Ref
                0x2000547e                TIM_ClearOC4Ref
                0x200054ba                TIM_OC1PolarityConfig
                0x200054f2                TIM_OC1NPolarityConfig
                0x2000552a                TIM_OC2PolarityConfig
                0x20005566                TIM_OC2NPolarityConfig
                0x200055a2                TIM_OC3PolarityConfig
                0x200055de                TIM_OC3NPolarityConfig
                0x2000561a                TIM_OC4PolarityConfig
                0x20005656                TIM_CCxCmd
                0x200056ac                TIM_CCxNCmd
                0x20005702                TIM_ICInit
                0x200057aa                TIM_ICStructInit
                0x200057dc                TIM_PWMIConfig
                0x20005894                TIM_GetCapture1
                0x200058ac                TIM_GetCapture2
                0x200058c4                TIM_GetCapture3
                0x200058dc                TIM_GetCapture4
                0x200058f4                TIM_SetIC1Prescaler
                0x2000592c                TIM_SetIC2Prescaler
                0x20005968                TIM_SetIC3Prescaler
                0x200059a0                TIM_SetIC4Prescaler
                0x200059dc                TIM_BDTRConfig
                0x20005a2c                TIM_BDTRStructInit
                0x20005a6a                TIM_CtrlPWMOutputs
                0x20005ab6                TIM_SelectCOM
                0x20005af6                TIM_CCPreloadControl
                0x20005b36                TIM_ITConfig
                0x20005b7e                TIM_GenerateEvent
                0x20005b9c                TIM_GetFlagStatus
                0x20005bd4                TIM_ClearFlag
                0x20005bf6                TIM_GetITStatus
                0x20005c4a                TIM_ClearITPendingBit
                0x20005c6c                TIM_DMAConfig
                0x20005c96                TIM_DMACmd
                0x20005cde                TIM_SelectCCDMA
                0x20005d1e                TIM_InternalClockConfig
                0x20005d42                TIM_ITRxExternalClockConfig
                0x20005d70                TIM_TIxExternalClockConfig
                0x20005dcc                TIM_ETRClockMode1Config
                0x20005e2a                TIM_ETRClockMode2Config
                0x20005e68                TIM_SelectInputTrigger
                0x20005ea0                TIM_SelectOutputTrigger
                0x20005ed8                TIM_SelectSlaveMode
                0x20005f10                TIM_SelectMasterSlaveMode
                0x20005f48                TIM_ETRConfig
                0x20005f9c                TIM_EncoderInterfaceConfig
                0x20006034                TIM_SelectHallSensor
                0x20006074                TIM_RemapConfig
 .text          0x200062e4      0x970 ./Debug/driver_src_stm32f4xx_usart.c.o
                0x200062e4                USART_DeInit
                0x200063fc                USART_Init
                0x20006570                USART_StructInit
                0x200065aa                USART_ClockInit
                0x20006600                USART_ClockStructInit
                0x2000662c                USART_Cmd
                0x2000666c                USART_SetPrescaler
                0x200066a6                USART_OverSampling8Cmd
                0x200066ea                USART_OneBitMethodCmd
                0x2000672a                USART_SendData
                0x2000674e                USART_ReceiveData
                0x2000676e                USART_SetAddress
                0x200067a8                USART_ReceiverWakeUpCmd
                0x200067e8                USART_WakeUpConfig
                0x20006820                USART_LINBreakDetectLengthConfig
                0x20006858                USART_LINCmd
                0x20006898                USART_SendBreak
                0x200068bc                USART_HalfDuplexCmd
                0x200068fc                USART_SetGuardTime
                0x20006938                USART_SmartCardCmd
                0x20006978                USART_SmartCardNACKCmd
                0x200069b8                USART_IrDAConfig
                0x200069f0                USART_IrDACmd
                0x20006a30                USART_DMACmd
                0x20006a78                USART_ITConfig
                0x20006b08                USART_GetFlagStatus
                0x20006b40                USART_ClearFlag
                0x20006b62                USART_GetITStatus
                0x20006c18                USART_ClearITPendingBit
 .text          0x20006c54     0x11b4 ./Debug/driver_src_stm32f4xx_can.c.o
                0x20006c54                CAN_DeInit
                0x20006c9c                CAN_Init
                0x20006e3e                CAN_FilterInit
                0x20006fc4                CAN_StructInit
                0x2000701a                CAN_SlaveStartBank
                0x2000707c                CAN_DBGFreeze
                0x200070b4                CAN_TTComModeCmd
                0x2000714c                CAN_Transmit
                0x200072ee                CAN_TransmitStatus
                0x200073f4                CAN_CancelTransmit
                0x2000744c                CAN_Receive
                0x200075c8                CAN_FIFORelease
                0x20007600                CAN_MessagePending
                0x2000764a                CAN_OperatingModeRequest
                0x20007746                CAN_Sleep
                0x20007780                CAN_WakeUp
                0x200077d6                CAN_GetLastErrorCode
                0x200077fc                CAN_GetReceiveErrorCounter
                0x2000781e                CAN_GetLSBTransmitErrorCounter
                0x20007840                CAN_ITConfig
                0x2000787c                CAN_GetFlagStatus
                0x2000794a                CAN_ClearFlag
                0x200079bc                CAN_GetITStatus
                0x20007c20                CAN_ClearITPendingBit
 .text          0x20007e08      0x210 ./Debug/driver_src_stm32f4xx_exti.c.o
                0x20007e08                EXTI_DeInit
                0x20007e3c                EXTI_Init
                0x20007f20                EXTI_StructInit
                0x20007f4c                EXTI_GenerateSWInterrupt
                0x20007f70                EXTI_GetFlagStatus
                0x20007fa4                EXTI_ClearFlag
                0x20007fc4                EXTI_GetITStatus
                0x20007ff8                EXTI_ClearITPendingBit
 .text          0x20008018      0x294 ./Debug/sciTinyTimber.c.o
                0x200080a0                sci_init
                0x20008146                sci_write
                0x2000819c                sci_writechar
                0x200081d2                sci_interrupt
 .text          0x200082ac        0x0 c:/cseapp/codelite/tools/gcc-arm/bin/../lib/gcc/arm-none-eabi/9.2.1/../../../../arm-none-eabi/lib/thumb/v7e-m+fp/hard\libc_nano.a(lib_a-atoi.o)
 .text          0x200082ac        0x0 c:/cseapp/codelite/tools/gcc-arm/bin/../lib/gcc/arm-none-eabi/9.2.1/../../../../arm-none-eabi/lib/thumb/v7e-m+fp/hard\libc_nano.a(lib_a-sprintf.o)
 .text          0x200082ac        0x0 c:/cseapp/codelite/tools/gcc-arm/bin/../lib/gcc/arm-none-eabi/9.2.1/../../../../arm-none-eabi/lib/thumb/v7e-m+fp/hard\libc_nano.a(lib_a-strtol.o)
 .text          0x200082ac        0x0 c:/cseapp/codelite/tools/gcc-arm/bin/../lib/gcc/arm-none-eabi/9.2.1/../../../../arm-none-eabi/lib/thumb/v7e-m+fp/hard\libc_nano.a(lib_a-ctype_.o)
 .text          0x200082ac        0x0 c:/cseapp/codelite/tools/gcc-arm/bin/../lib/gcc/arm-none-eabi/9.2.1/../../../../arm-none-eabi/lib/thumb/v7e-m+fp/hard\libc_nano.a(lib_a-impure.o)
 .text          0x200082ac        0x0 c:/cseapp/codelite/tools/gcc-arm/bin/../lib/gcc/arm-none-eabi/9.2.1/../../../../arm-none-eabi/lib/thumb/v7e-m+fp/hard\libc_nano.a(lib_a-nano-svfprintf.o)
 .text          0x200082ac        0x0 c:/cseapp/codelite/tools/gcc-arm/bin/../lib/gcc/arm-none-eabi/9.2.1/../../../../arm-none-eabi/lib/thumb/v7e-m+fp/hard\libc_nano.a(lib_a-nano-vfprintf_i.o)
 *fill*         0x200082ac        0x4 
 .text          0x200082b0       0xa0 c:/cseapp/codelite/tools/gcc-arm/bin/../lib/gcc/arm-none-eabi/9.2.1/../../../../arm-none-eabi/lib/thumb/v7e-m+fp/hard\libc_nano.a(lib_a-memchr.o)
                0x200082b0                memchr
 .text          0x20008350        0x0 c:/cseapp/codelite/tools/gcc-arm/bin/../lib/gcc/arm-none-eabi/9.2.1/../../../../arm-none-eabi/lib/thumb/v7e-m+fp/hard\libc_nano.a(lib_a-memcpy-stub.o)
 .text          0x20008350        0x0 c:/cseapp/codelite/tools/gcc-arm/bin/../lib/gcc/arm-none-eabi/9.2.1/../../../../arm-none-eabi/lib/thumb/v7e-m+fp/hard\libc_nano.a(lib_a-memmove.o)
 .text          0x20008350        0x0 c:/cseapp/codelite/tools/gcc-arm/bin/../lib/gcc/arm-none-eabi/9.2.1/../../../../arm-none-eabi/lib/thumb/v7e-m+fp/hard\libc_nano.a(lib_a-nano-freer.o)
 .text          0x20008350        0x0 c:/cseapp/codelite/tools/gcc-arm/bin/../lib/gcc/arm-none-eabi/9.2.1/../../../../arm-none-eabi/lib/thumb/v7e-m+fp/hard\libc_nano.a(lib_a-nano-mallocr.o)
 .text          0x20008350        0x0 c:/cseapp/codelite/tools/gcc-arm/bin/../lib/gcc/arm-none-eabi/9.2.1/../../../../arm-none-eabi/lib/thumb/v7e-m+fp/hard\libc_nano.a(lib_a-nano-reallocr.o)
 .text          0x20008350        0x0 c:/cseapp/codelite/tools/gcc-arm/bin/../lib/gcc/arm-none-eabi/9.2.1/../../../../arm-none-eabi/lib/thumb/v7e-m+fp/hard\libc_nano.a(lib_a-sbrkr.o)
 .text          0x20008350        0x0 c:/cseapp/codelite/tools/gcc-arm/bin/../lib/gcc/arm-none-eabi/9.2.1/../../../../arm-none-eabi/lib/thumb/v7e-m+fp/hard\libc_nano.a(lib_a-mlock.o)
 .text          0x20008350        0x0 c:/cseapp/codelite/tools/gcc-arm/bin/../lib/gcc/arm-none-eabi/9.2.1/../../../../arm-none-eabi/lib/thumb/v7e-m+fp/hard\libc_nano.a(lib_a-nano-msizer.o)
 .text          0x20008350        0x0 c:/cseapp/codelite/tools/gcc-arm/bin/../lib/gcc/arm-none-eabi/9.2.1/../../../../arm-none-eabi/lib/thumb/v7e-m+fp/hard\libc_nano.a(lib_a-reent.o)
 .text          0x20008350        0x0 c:/cseapp/codelite/tools/gcc-arm/bin/../lib/gcc/arm-none-eabi/9.2.1/../../../../arm-none-eabi/lib/thumb/v7e-m+fp/hard\libc_nano.a(lib_a-lock.o)
 *(.text.*)
 .text.atoi     0x20008350        0x8 c:/cseapp/codelite/tools/gcc-arm/bin/../lib/gcc/arm-none-eabi/9.2.1/../../../../arm-none-eabi/lib/thumb/v7e-m+fp/hard\libc_nano.a(lib_a-atoi.o)
                0x20008350                atoi
 .text._atoi_r  0x20008358        0x8 c:/cseapp/codelite/tools/gcc-arm/bin/../lib/gcc/arm-none-eabi/9.2.1/../../../../arm-none-eabi/lib/thumb/v7e-m+fp/hard\libc_nano.a(lib_a-atoi.o)
                0x20008358                _atoi_r
 .text._sprintf_r
                0x20008360       0x38 c:/cseapp/codelite/tools/gcc-arm/bin/../lib/gcc/arm-none-eabi/9.2.1/../../../../arm-none-eabi/lib/thumb/v7e-m+fp/hard\libc_nano.a(lib_a-sprintf.o)
                0x20008360                _sprintf_r
                0x20008360                _siprintf_r
 .text.sprintf  0x20008398       0x40 c:/cseapp/codelite/tools/gcc-arm/bin/../lib/gcc/arm-none-eabi/9.2.1/../../../../arm-none-eabi/lib/thumb/v7e-m+fp/hard\libc_nano.a(lib_a-sprintf.o)
                0x20008398                siprintf
                0x20008398                sprintf
 .text._strtol_l.isra.0
                0x200083d8       0xf4 c:/cseapp/codelite/tools/gcc-arm/bin/../lib/gcc/arm-none-eabi/9.2.1/../../../../arm-none-eabi/lib/thumb/v7e-m+fp/hard\libc_nano.a(lib_a-strtol.o)
 .text._strtol_r
                0x200084cc        0x4 c:/cseapp/codelite/tools/gcc-arm/bin/../lib/gcc/arm-none-eabi/9.2.1/../../../../arm-none-eabi/lib/thumb/v7e-m+fp/hard\libc_nano.a(lib_a-strtol.o)
                0x200084cc                _strtol_r
 .text.strtol_l
                0x200084d0       0x14 c:/cseapp/codelite/tools/gcc-arm/bin/../lib/gcc/arm-none-eabi/9.2.1/../../../../arm-none-eabi/lib/thumb/v7e-m+fp/hard\libc_nano.a(lib_a-strtol.o)
                0x200084d0                strtol_l
 .text.strtol   0x200084e4       0x14 c:/cseapp/codelite/tools/gcc-arm/bin/../lib/gcc/arm-none-eabi/9.2.1/../../../../arm-none-eabi/lib/thumb/v7e-m+fp/hard\libc_nano.a(lib_a-strtol.o)
                0x200084e4                strtol
 .text.__ssputs_r
                0x200084f8       0xb6 c:/cseapp/codelite/tools/gcc-arm/bin/../lib/gcc/arm-none-eabi/9.2.1/../../../../arm-none-eabi/lib/thumb/v7e-m+fp/hard\libc_nano.a(lib_a-nano-svfprintf.o)
                0x200084f8                __ssputs_r
 .text.__ssprint_r
                0x200085ae       0xf6 c:/cseapp/codelite/tools/gcc-arm/bin/../lib/gcc/arm-none-eabi/9.2.1/../../../../arm-none-eabi/lib/thumb/v7e-m+fp/hard\libc_nano.a(lib_a-nano-svfprintf.o)
                0x200085ae                __ssprint_r
 .text._svfprintf_r
                0x200086a4      0x200 c:/cseapp/codelite/tools/gcc-arm/bin/../lib/gcc/arm-none-eabi/9.2.1/../../../../arm-none-eabi/lib/thumb/v7e-m+fp/hard\libc_nano.a(lib_a-nano-svfprintf.o)
                0x200086a4                _svfiprintf_r
                0x200086a4                _svfprintf_r
 .text._printf_common
                0x200088a4       0xda c:/cseapp/codelite/tools/gcc-arm/bin/../lib/gcc/arm-none-eabi/9.2.1/../../../../arm-none-eabi/lib/thumb/v7e-m+fp/hard\libc_nano.a(lib_a-nano-vfprintf_i.o)
                0x200088a4                _printf_common
 *fill*         0x2000897e        0x2 
 .text._printf_i
                0x20008980      0x24c c:/cseapp/codelite/tools/gcc-arm/bin/../lib/gcc/arm-none-eabi/9.2.1/../../../../arm-none-eabi/lib/thumb/v7e-m+fp/hard\libc_nano.a(lib_a-nano-vfprintf_i.o)
                0x20008980                _printf_i
 .text.memcpy   0x20008bcc       0x1c c:/cseapp/codelite/tools/gcc-arm/bin/../lib/gcc/arm-none-eabi/9.2.1/../../../../arm-none-eabi/lib/thumb/v7e-m+fp/hard\libc_nano.a(lib_a-memcpy-stub.o)
                0x20008bcc                memcpy
 .text.memmove  0x20008be8       0x34 c:/cseapp/codelite/tools/gcc-arm/bin/../lib/gcc/arm-none-eabi/9.2.1/../../../../arm-none-eabi/lib/thumb/v7e-m+fp/hard\libc_nano.a(lib_a-memmove.o)
                0x20008be8                memmove
 .text._free_r  0x20008c1c       0xa0 c:/cseapp/codelite/tools/gcc-arm/bin/../lib/gcc/arm-none-eabi/9.2.1/../../../../arm-none-eabi/lib/thumb/v7e-m+fp/hard\libc_nano.a(lib_a-nano-freer.o)
                0x20008c1c                _free_r
 .text._malloc_r
                0x20008cbc       0xb4 c:/cseapp/codelite/tools/gcc-arm/bin/../lib/gcc/arm-none-eabi/9.2.1/../../../../arm-none-eabi/lib/thumb/v7e-m+fp/hard\libc_nano.a(lib_a-nano-mallocr.o)
                0x20008cbc                _malloc_r
 .text._realloc_r
                0x20008d70       0x4c c:/cseapp/codelite/tools/gcc-arm/bin/../lib/gcc/arm-none-eabi/9.2.1/../../../../arm-none-eabi/lib/thumb/v7e-m+fp/hard\libc_nano.a(lib_a-nano-reallocr.o)
                0x20008d70                _realloc_r
 .text._sbrk_r  0x20008dbc       0x20 c:/cseapp/codelite/tools/gcc-arm/bin/../lib/gcc/arm-none-eabi/9.2.1/../../../../arm-none-eabi/lib/thumb/v7e-m+fp/hard\libc_nano.a(lib_a-sbrkr.o)
                0x20008dbc                _sbrk_r
 .text.__malloc_lock
                0x20008ddc        0xc c:/cseapp/codelite/tools/gcc-arm/bin/../lib/gcc/arm-none-eabi/9.2.1/../../../../arm-none-eabi/lib/thumb/v7e-m+fp/hard\libc_nano.a(lib_a-mlock.o)
                0x20008ddc                __malloc_lock
 .text.__malloc_unlock
                0x20008de8        0xc c:/cseapp/codelite/tools/gcc-arm/bin/../lib/gcc/arm-none-eabi/9.2.1/../../../../arm-none-eabi/lib/thumb/v7e-m+fp/hard\libc_nano.a(lib_a-mlock.o)
                0x20008de8                __malloc_unlock
 .text._malloc_usable_size_r
                0x20008df4       0x10 c:/cseapp/codelite/tools/gcc-arm/bin/../lib/gcc/arm-none-eabi/9.2.1/../../../../arm-none-eabi/lib/thumb/v7e-m+fp/hard\libc_nano.a(lib_a-nano-msizer.o)
                0x20008df4                _malloc_usable_size_r
 .text.cleanup_glue
                0x20008e04       0x1a c:/cseapp/codelite/tools/gcc-arm/bin/../lib/gcc/arm-none-eabi/9.2.1/../../../../arm-none-eabi/lib/thumb/v7e-m+fp/hard\libc_nano.a(lib_a-reent.o)
                0x20008e04                cleanup_glue
 *fill*         0x20008e1e        0x2 
 .text._reclaim_reent
                0x20008e20       0xb8 c:/cseapp/codelite/tools/gcc-arm/bin/../lib/gcc/arm-none-eabi/9.2.1/../../../../arm-none-eabi/lib/thumb/v7e-m+fp/hard\libc_nano.a(lib_a-reent.o)
                0x20008e20                _reclaim_reent
 .text.__retarget_lock_init
                0x20008ed8        0x2 c:/cseapp/codelite/tools/gcc-arm/bin/../lib/gcc/arm-none-eabi/9.2.1/../../../../arm-none-eabi/lib/thumb/v7e-m+fp/hard\libc_nano.a(lib_a-lock.o)
                0x20008ed8                __retarget_lock_init
 .text.__retarget_lock_init_recursive
                0x20008eda        0x2 c:/cseapp/codelite/tools/gcc-arm/bin/../lib/gcc/arm-none-eabi/9.2.1/../../../../arm-none-eabi/lib/thumb/v7e-m+fp/hard\libc_nano.a(lib_a-lock.o)
                0x20008eda                __retarget_lock_init_recursive
 .text.__retarget_lock_close
                0x20008edc        0x2 c:/cseapp/codelite/tools/gcc-arm/bin/../lib/gcc/arm-none-eabi/9.2.1/../../../../arm-none-eabi/lib/thumb/v7e-m+fp/hard\libc_nano.a(lib_a-lock.o)
                0x20008edc                __retarget_lock_close
 .text.__retarget_lock_close_recursive
                0x20008ede        0x2 c:/cseapp/codelite/tools/gcc-arm/bin/../lib/gcc/arm-none-eabi/9.2.1/../../../../arm-none-eabi/lib/thumb/v7e-m+fp/hard\libc_nano.a(lib_a-lock.o)
                0x20008ede                __retarget_lock_close_recursive
 .text.__retarget_lock_acquire
                0x20008ee0        0x2 c:/cseapp/codelite/tools/gcc-arm/bin/../lib/gcc/arm-none-eabi/9.2.1/../../../../arm-none-eabi/lib/thumb/v7e-m+fp/hard\libc_nano.a(lib_a-lock.o)
                0x20008ee0                __retarget_lock_acquire
 .text.__retarget_lock_acquire_recursive
                0x20008ee2        0x2 c:/cseapp/codelite/tools/gcc-arm/bin/../lib/gcc/arm-none-eabi/9.2.1/../../../../arm-none-eabi/lib/thumb/v7e-m+fp/hard\libc_nano.a(lib_a-lock.o)
                0x20008ee2                __retarget_lock_acquire_recursive
 .text.__retarget_lock_try_acquire
                0x20008ee4        0x4 c:/cseapp/codelite/tools/gcc-arm/bin/../lib/gcc/arm-none-eabi/9.2.1/../../../../arm-none-eabi/lib/thumb/v7e-m+fp/hard\libc_nano.a(lib_a-lock.o)
                0x20008ee4                __retarget_lock_try_acquire
 .text.__retarget_lock_try_acquire_recursive
                0x20008ee8        0x4 c:/cseapp/codelite/tools/gcc-arm/bin/../lib/gcc/arm-none-eabi/9.2.1/../../../../arm-none-eabi/lib/thumb/v7e-m+fp/hard\libc_nano.a(lib_a-lock.o)
                0x20008ee8                __retarget_lock_try_acquire_recursive
 .text.__retarget_lock_release
                0x20008eec        0x2 c:/cseapp/codelite/tools/gcc-arm/bin/../lib/gcc/arm-none-eabi/9.2.1/../../../../arm-none-eabi/lib/thumb/v7e-m+fp/hard\libc_nano.a(lib_a-lock.o)
                0x20008eec                __retarget_lock_release
 .text.__retarget_lock_release_recursive
                0x20008eee        0x2 c:/cseapp/codelite/tools/gcc-arm/bin/../lib/gcc/arm-none-eabi/9.2.1/../../../../arm-none-eabi/lib/thumb/v7e-m+fp/hard\libc_nano.a(lib_a-lock.o)
                0x20008eee                __retarget_lock_release_recursive
 *(.rodata)
 .rodata        0x20008ef0       0x23 ./Debug/sioTinyTimber.c.o
 *fill*         0x20008f13        0x1 
 .rodata        0x20008f14      0x16d ./Debug/application.c.o
                0x20008f14                length
                0x20008f18                brotherJohn
                0x20008f98                brotherJohnBeatLength
                0x20008fb8                brotherJohnBeatLength1
 *fill*         0x20009081        0x3 
 .rodata        0x20009084       0x81 ./Debug/TinyTimber.c.o
 *fill*         0x20009105        0x3 
 .rodata        0x20009108       0x9d ./Debug/part2.c.o
 *fill*         0x200091a5        0x3 
 .rodata        0x200091a8       0xb2 ./Debug/canTinyTimber.c.o
 *fill*         0x2000925a        0x2 
 .rodata        0x2000925c       0x98 ./Debug/part0.c.o
                0x2000925c                notePeriods
                0x200092c0                notePeriodsGeneral
 *(.rodata*)
 .rodata._ctype_
                0x200092f4      0x101 c:/cseapp/codelite/tools/gcc-arm/bin/../lib/gcc/arm-none-eabi/9.2.1/../../../../arm-none-eabi/lib/thumb/v7e-m+fp/hard\libc_nano.a(lib_a-ctype_.o)
                0x200092f4                _ctype_
 *fill*         0x200093f5        0x3 
 .rodata._global_impure_ptr
                0x200093f8        0x4 c:/cseapp/codelite/tools/gcc-arm/bin/../lib/gcc/arm-none-eabi/9.2.1/../../../../arm-none-eabi/lib/thumb/v7e-m+fp/hard\libc_nano.a(lib_a-impure.o)
                0x200093f8                _global_impure_ptr
 .rodata._svfprintf_r.str1.1
                0x200093fc       0x11 c:/cseapp/codelite/tools/gcc-arm/bin/../lib/gcc/arm-none-eabi/9.2.1/../../../../arm-none-eabi/lib/thumb/v7e-m+fp/hard\libc_nano.a(lib_a-nano-svfprintf.o)
 .rodata._printf_i.str1.1
                0x2000940d       0x22 c:/cseapp/codelite/tools/gcc-arm/bin/../lib/gcc/arm-none-eabi/9.2.1/../../../../arm-none-eabi/lib/thumb/v7e-m+fp/hard\libc_nano.a(lib_a-nano-vfprintf_i.o)
 *(.glue_7)
 .glue_7        0x2000942f        0x0 linker stubs
 *(.glue_7t)
 .glue_7t       0x2000942f        0x0 linker stubs
                0x20009430                . = ALIGN (0x4)
 *fill*         0x2000942f        0x1 

.vfp11_veneer   0x20009430        0x0
 .vfp11_veneer  0x20009430        0x0 linker stubs

.v4_bx          0x20009430        0x0
 .v4_bx         0x20009430        0x0 linker stubs

.iplt           0x20009430        0x0
 .iplt          0x20009430        0x0 ./Debug/dispatch.s.o

.rel.dyn        0x20009430        0x0
 .rel.iplt      0x20009430        0x0 ./Debug/dispatch.s.o

.data           0x20009430      0x6dc
                0x20009430                . = ALIGN (0x4)
 *(.data)
 .data          0x20009430       0x84 ./Debug/dispatch.s.o
 .data          0x200094b4        0x0 ./Debug/sioTinyTimber.c.o
 .data          0x200094b4      0x5c0 ./Debug/application.c.o
                0x200094b4                app
                0x200094c4                sysIO
                0x200094d8                toneGenerator
                0x200094f4                melody
                0x20009508                musicPlayer
                0x200095b8                sci0
                0x200099d8                userButton
                0x200099fc                can0
 .data          0x20009a74        0x0 ./Debug/part1.c.o
 .data          0x20009a74       0x24 ./Debug/TinyTimber.c.o
                0x20009a74                hex
                0x20009a88                msgPool
                0x20009a8c                threadPool
                0x20009a90                activeStack
                0x20009a94                current
 .data          0x20009a98        0x0 ./Debug/part2.c.o
 .data          0x20009a98        0x0 ./Debug/startup.c.o
 .data          0x20009a98        0x0 ./Debug/canTinyTimber.c.o
 .data          0x20009a98        0x0 ./Debug/driver_src_stm32f4xx_syscfg.c.o
 .data          0x20009a98        0x0 ./Debug/part0.c.o
 .data          0x20009a98        0x0 ./Debug/driver_src_stm32f4xx_dac.c.o
 .data          0x20009a98       0x10 ./Debug/driver_src_stm32f4xx_rcc.c.o
 .data          0x20009aa8        0x0 ./Debug/driver_src_stm32f4xx_gpio.c.o
 .data          0x20009aa8        0x0 ./Debug/driver_src_stm32f4xx_tim.c.o
 .data          0x20009aa8        0x0 ./Debug/driver_src_stm32f4xx_usart.c.o
 .data          0x20009aa8        0x0 ./Debug/driver_src_stm32f4xx_can.c.o
 .data          0x20009aa8        0x0 ./Debug/driver_src_stm32f4xx_exti.c.o
 .data          0x20009aa8        0x0 ./Debug/sciTinyTimber.c.o
 .data          0x20009aa8        0x0 c:/cseapp/codelite/tools/gcc-arm/bin/../lib/gcc/arm-none-eabi/9.2.1/../../../../arm-none-eabi/lib/thumb/v7e-m+fp/hard\libc_nano.a(lib_a-atoi.o)
 .data          0x20009aa8        0x0 c:/cseapp/codelite/tools/gcc-arm/bin/../lib/gcc/arm-none-eabi/9.2.1/../../../../arm-none-eabi/lib/thumb/v7e-m+fp/hard\libc_nano.a(lib_a-sprintf.o)
 .data          0x20009aa8        0x0 c:/cseapp/codelite/tools/gcc-arm/bin/../lib/gcc/arm-none-eabi/9.2.1/../../../../arm-none-eabi/lib/thumb/v7e-m+fp/hard\libc_nano.a(lib_a-strtol.o)
 .data          0x20009aa8        0x0 c:/cseapp/codelite/tools/gcc-arm/bin/../lib/gcc/arm-none-eabi/9.2.1/../../../../arm-none-eabi/lib/thumb/v7e-m+fp/hard\libc_nano.a(lib_a-ctype_.o)
 .data          0x20009aa8        0x0 c:/cseapp/codelite/tools/gcc-arm/bin/../lib/gcc/arm-none-eabi/9.2.1/../../../../arm-none-eabi/lib/thumb/v7e-m+fp/hard\libc_nano.a(lib_a-impure.o)
 .data          0x20009aa8        0x0 c:/cseapp/codelite/tools/gcc-arm/bin/../lib/gcc/arm-none-eabi/9.2.1/../../../../arm-none-eabi/lib/thumb/v7e-m+fp/hard\libc_nano.a(lib_a-nano-svfprintf.o)
 .data          0x20009aa8        0x0 c:/cseapp/codelite/tools/gcc-arm/bin/../lib/gcc/arm-none-eabi/9.2.1/../../../../arm-none-eabi/lib/thumb/v7e-m+fp/hard\libc_nano.a(lib_a-nano-vfprintf_i.o)
 .data          0x20009aa8        0x0 c:/cseapp/codelite/tools/gcc-arm/bin/../lib/gcc/arm-none-eabi/9.2.1/../../../../arm-none-eabi/lib/thumb/v7e-m+fp/hard\libc_nano.a(lib_a-memchr.o)
 .data          0x20009aa8        0x0 c:/cseapp/codelite/tools/gcc-arm/bin/../lib/gcc/arm-none-eabi/9.2.1/../../../../arm-none-eabi/lib/thumb/v7e-m+fp/hard\libc_nano.a(lib_a-memcpy-stub.o)
 .data          0x20009aa8        0x0 c:/cseapp/codelite/tools/gcc-arm/bin/../lib/gcc/arm-none-eabi/9.2.1/../../../../arm-none-eabi/lib/thumb/v7e-m+fp/hard\libc_nano.a(lib_a-memmove.o)
 .data          0x20009aa8        0x0 c:/cseapp/codelite/tools/gcc-arm/bin/../lib/gcc/arm-none-eabi/9.2.1/../../../../arm-none-eabi/lib/thumb/v7e-m+fp/hard\libc_nano.a(lib_a-nano-freer.o)
 .data          0x20009aa8        0x0 c:/cseapp/codelite/tools/gcc-arm/bin/../lib/gcc/arm-none-eabi/9.2.1/../../../../arm-none-eabi/lib/thumb/v7e-m+fp/hard\libc_nano.a(lib_a-nano-mallocr.o)
 .data          0x20009aa8        0x0 c:/cseapp/codelite/tools/gcc-arm/bin/../lib/gcc/arm-none-eabi/9.2.1/../../../../arm-none-eabi/lib/thumb/v7e-m+fp/hard\libc_nano.a(lib_a-nano-reallocr.o)
 .data          0x20009aa8        0x0 c:/cseapp/codelite/tools/gcc-arm/bin/../lib/gcc/arm-none-eabi/9.2.1/../../../../arm-none-eabi/lib/thumb/v7e-m+fp/hard\libc_nano.a(lib_a-sbrkr.o)
 .data          0x20009aa8        0x0 c:/cseapp/codelite/tools/gcc-arm/bin/../lib/gcc/arm-none-eabi/9.2.1/../../../../arm-none-eabi/lib/thumb/v7e-m+fp/hard\libc_nano.a(lib_a-mlock.o)
 .data          0x20009aa8        0x0 c:/cseapp/codelite/tools/gcc-arm/bin/../lib/gcc/arm-none-eabi/9.2.1/../../../../arm-none-eabi/lib/thumb/v7e-m+fp/hard\libc_nano.a(lib_a-nano-msizer.o)
 .data          0x20009aa8        0x0 c:/cseapp/codelite/tools/gcc-arm/bin/../lib/gcc/arm-none-eabi/9.2.1/../../../../arm-none-eabi/lib/thumb/v7e-m+fp/hard\libc_nano.a(lib_a-reent.o)
 .data          0x20009aa8        0x0 c:/cseapp/codelite/tools/gcc-arm/bin/../lib/gcc/arm-none-eabi/9.2.1/../../../../arm-none-eabi/lib/thumb/v7e-m+fp/hard\libc_nano.a(lib_a-lock.o)
 *(.data.*)
 .data._impure_ptr
                0x20009aa8        0x4 c:/cseapp/codelite/tools/gcc-arm/bin/../lib/gcc/arm-none-eabi/9.2.1/../../../../arm-none-eabi/lib/thumb/v7e-m+fp/hard\libc_nano.a(lib_a-impure.o)
                0x20009aa8                _impure_ptr
 .data.impure_data
                0x20009aac       0x60 c:/cseapp/codelite/tools/gcc-arm/bin/../lib/gcc/arm-none-eabi/9.2.1/../../../../arm-none-eabi/lib/thumb/v7e-m+fp/hard\libc_nano.a(lib_a-impure.o)
                0x20009b0c                . = ALIGN (0x4)

.igot.plt       0x20009b0c        0x0
 .igot.plt      0x20009b0c        0x0 ./Debug/dispatch.s.o

.bss            0x20009b10     0x83e8
                0x20009b10                . = ALIGN (0x4)
                0x20009b10                _sbss = .
 *(.bss)
 .bss           0x20009b10        0x0 ./Debug/dispatch.s.o
 .bss           0x20009b10        0x0 ./Debug/sioTinyTimber.c.o
 .bss           0x20009b10       0x5c ./Debug/application.c.o
                0x20009b10                interBuffer
                0x20009b2c                readBuffer
 .bss           0x20009b6c        0x0 ./Debug/part1.c.o
 .bss           0x20009b6c       0x18 ./Debug/TinyTimber.c.o
                0x20009b6c                msgQ
                0x20009b70                timerQ
                0x20009b74                runAsHardware
                0x20009b78                doIRQSchedule
                0x20009b7c                timestamp
                0x20009b80                overflows
 .bss           0x20009b84        0x0 ./Debug/part2.c.o
 .bss           0x20009b84        0x0 ./Debug/startup.c.o
 .bss           0x20009b84        0x0 ./Debug/canTinyTimber.c.o
 .bss           0x20009b84        0x0 ./Debug/driver_src_stm32f4xx_syscfg.c.o
 .bss           0x20009b84        0x0 ./Debug/part0.c.o
 .bss           0x20009b84        0x0 ./Debug/driver_src_stm32f4xx_dac.c.o
 .bss           0x20009b84        0x0 ./Debug/driver_src_stm32f4xx_rcc.c.o
 .bss           0x20009b84        0x0 ./Debug/driver_src_stm32f4xx_gpio.c.o
 .bss           0x20009b84        0x0 ./Debug/driver_src_stm32f4xx_tim.c.o
 .bss           0x20009b84        0x0 ./Debug/driver_src_stm32f4xx_usart.c.o
 .bss           0x20009b84        0x0 ./Debug/driver_src_stm32f4xx_can.c.o
 .bss           0x20009b84        0x0 ./Debug/driver_src_stm32f4xx_exti.c.o
 .bss           0x20009b84        0x0 ./Debug/sciTinyTimber.c.o
 .bss           0x20009b84        0x0 c:/cseapp/codelite/tools/gcc-arm/bin/../lib/gcc/arm-none-eabi/9.2.1/../../../../arm-none-eabi/lib/thumb/v7e-m+fp/hard\libc_nano.a(lib_a-atoi.o)
 .bss           0x20009b84        0x0 c:/cseapp/codelite/tools/gcc-arm/bin/../lib/gcc/arm-none-eabi/9.2.1/../../../../arm-none-eabi/lib/thumb/v7e-m+fp/hard\libc_nano.a(lib_a-sprintf.o)
 .bss           0x20009b84        0x0 c:/cseapp/codelite/tools/gcc-arm/bin/../lib/gcc/arm-none-eabi/9.2.1/../../../../arm-none-eabi/lib/thumb/v7e-m+fp/hard\libc_nano.a(lib_a-strtol.o)
 .bss           0x20009b84        0x0 c:/cseapp/codelite/tools/gcc-arm/bin/../lib/gcc/arm-none-eabi/9.2.1/../../../../arm-none-eabi/lib/thumb/v7e-m+fp/hard\libc_nano.a(lib_a-ctype_.o)
 .bss           0x20009b84        0x0 c:/cseapp/codelite/tools/gcc-arm/bin/../lib/gcc/arm-none-eabi/9.2.1/../../../../arm-none-eabi/lib/thumb/v7e-m+fp/hard\libc_nano.a(lib_a-impure.o)
 .bss           0x20009b84        0x0 c:/cseapp/codelite/tools/gcc-arm/bin/../lib/gcc/arm-none-eabi/9.2.1/../../../../arm-none-eabi/lib/thumb/v7e-m+fp/hard\libc_nano.a(lib_a-nano-svfprintf.o)
 .bss           0x20009b84        0x0 c:/cseapp/codelite/tools/gcc-arm/bin/../lib/gcc/arm-none-eabi/9.2.1/../../../../arm-none-eabi/lib/thumb/v7e-m+fp/hard\libc_nano.a(lib_a-nano-vfprintf_i.o)
 .bss           0x20009b84        0x0 c:/cseapp/codelite/tools/gcc-arm/bin/../lib/gcc/arm-none-eabi/9.2.1/../../../../arm-none-eabi/lib/thumb/v7e-m+fp/hard\libc_nano.a(lib_a-memchr.o)
 .bss           0x20009b84        0x0 c:/cseapp/codelite/tools/gcc-arm/bin/../lib/gcc/arm-none-eabi/9.2.1/../../../../arm-none-eabi/lib/thumb/v7e-m+fp/hard\libc_nano.a(lib_a-memcpy-stub.o)
 .bss           0x20009b84        0x0 c:/cseapp/codelite/tools/gcc-arm/bin/../lib/gcc/arm-none-eabi/9.2.1/../../../../arm-none-eabi/lib/thumb/v7e-m+fp/hard\libc_nano.a(lib_a-memmove.o)
 .bss           0x20009b84        0x0 c:/cseapp/codelite/tools/gcc-arm/bin/../lib/gcc/arm-none-eabi/9.2.1/../../../../arm-none-eabi/lib/thumb/v7e-m+fp/hard\libc_nano.a(lib_a-nano-freer.o)
 .bss           0x20009b84        0x0 c:/cseapp/codelite/tools/gcc-arm/bin/../lib/gcc/arm-none-eabi/9.2.1/../../../../arm-none-eabi/lib/thumb/v7e-m+fp/hard\libc_nano.a(lib_a-nano-mallocr.o)
 .bss           0x20009b84        0x0 c:/cseapp/codelite/tools/gcc-arm/bin/../lib/gcc/arm-none-eabi/9.2.1/../../../../arm-none-eabi/lib/thumb/v7e-m+fp/hard\libc_nano.a(lib_a-nano-reallocr.o)
 .bss           0x20009b84        0x0 c:/cseapp/codelite/tools/gcc-arm/bin/../lib/gcc/arm-none-eabi/9.2.1/../../../../arm-none-eabi/lib/thumb/v7e-m+fp/hard\libc_nano.a(lib_a-sbrkr.o)
 .bss           0x20009b84        0x0 c:/cseapp/codelite/tools/gcc-arm/bin/../lib/gcc/arm-none-eabi/9.2.1/../../../../arm-none-eabi/lib/thumb/v7e-m+fp/hard\libc_nano.a(lib_a-mlock.o)
 .bss           0x20009b84        0x0 c:/cseapp/codelite/tools/gcc-arm/bin/../lib/gcc/arm-none-eabi/9.2.1/../../../../arm-none-eabi/lib/thumb/v7e-m+fp/hard\libc_nano.a(lib_a-nano-msizer.o)
 .bss           0x20009b84        0x0 c:/cseapp/codelite/tools/gcc-arm/bin/../lib/gcc/arm-none-eabi/9.2.1/../../../../arm-none-eabi/lib/thumb/v7e-m+fp/hard\libc_nano.a(lib_a-reent.o)
 .bss           0x20009b84        0x0 c:/cseapp/codelite/tools/gcc-arm/bin/../lib/gcc/arm-none-eabi/9.2.1/../../../../arm-none-eabi/lib/thumb/v7e-m+fp/hard\libc_nano.a(lib_a-lock.o)
 *(.bss.*)
 .bss.__malloc_free_list
                0x20009b84        0x4 c:/cseapp/codelite/tools/gcc-arm/bin/../lib/gcc/arm-none-eabi/9.2.1/../../../../arm-none-eabi/lib/thumb/v7e-m+fp/hard\libc_nano.a(lib_a-nano-mallocr.o)
                0x20009b84                __malloc_free_list
 .bss.__malloc_sbrk_start
                0x20009b88        0x4 c:/cseapp/codelite/tools/gcc-arm/bin/../lib/gcc/arm-none-eabi/9.2.1/../../../../arm-none-eabi/lib/thumb/v7e-m+fp/hard\libc_nano.a(lib_a-nano-mallocr.o)
                0x20009b88                __malloc_sbrk_start
 *(COMMON)
 *fill*         0x20009b8c        0x4 
 COMMON         0x20009b90     0x8358 ./Debug/TinyTimber.c.o
                0x20009b90                otable
                0x20009b9c                upcoming
                0x20009ba0                threads
                0x20009bf0                mtable
                0x20009bfc                thread0
                0x20009c10                messages
                0x20009ee0                __heap_end
                0x20009ee8                stacks
 COMMON         0x20011ee8        0x4 c:/cseapp/codelite/tools/gcc-arm/bin/../lib/gcc/arm-none-eabi/9.2.1/../../../../arm-none-eabi/lib/thumb/v7e-m+fp/hard\libc_nano.a(lib_a-reent.o)
                0x20011ee8                errno
 COMMON         0x20011eec        0x9 c:/cseapp/codelite/tools/gcc-arm/bin/../lib/gcc/arm-none-eabi/9.2.1/../../../../arm-none-eabi/lib/thumb/v7e-m+fp/hard\libc_nano.a(lib_a-lock.o)
                0x20011eec                __lock___atexit_recursive_mutex
                0x20011eed                __lock___arc4random_mutex
                0x20011eee                __lock___env_recursive_mutex
                0x20011eef                __lock___sinit_recursive_mutex
                0x20011ef0                __lock___malloc_recursive_mutex
                0x20011ef1                __lock___at_quick_exit_mutex
                0x20011ef2                __lock___dd_hash_mutex
                0x20011ef3                __lock___tz_mutex
                0x20011ef4                __lock___sfp_recursive_mutex
                0x20011ef8                . = ALIGN (0x4)
 *fill*         0x20011ef5        0x3 
                0x20011ef8                _ebss = .
                0x20011ef8                PROVIDE (end = _ebss)
                [!provide]                PROVIDE (_end = _ebss)
OUTPUT(./Debug/RTS-Lab.elf elf32-littlearm)

.ARM.attributes
                0x00000000       0x35
 .ARM.attributes
                0x00000000       0x25 ./Debug/dispatch.s.o
 .ARM.attributes
                0x00000025       0x34 ./Debug/sioTinyTimber.c.o
 .ARM.attributes
                0x00000059       0x34 ./Debug/application.c.o
 .ARM.attributes
                0x0000008d       0x34 ./Debug/part1.c.o
 .ARM.attributes
                0x000000c1       0x34 ./Debug/TinyTimber.c.o
 .ARM.attributes
                0x000000f5       0x34 ./Debug/part2.c.o
 .ARM.attributes
                0x00000129       0x34 ./Debug/startup.c.o
 .ARM.attributes
                0x0000015d       0x34 ./Debug/canTinyTimber.c.o
 .ARM.attributes
                0x00000191       0x34 ./Debug/driver_src_stm32f4xx_syscfg.c.o
 .ARM.attributes
                0x000001c5       0x34 ./Debug/part0.c.o
 .ARM.attributes
                0x000001f9       0x34 ./Debug/driver_src_stm32f4xx_dac.c.o
 .ARM.attributes
                0x0000022d       0x34 ./Debug/driver_src_stm32f4xx_rcc.c.o
 .ARM.attributes
                0x00000261       0x34 ./Debug/driver_src_stm32f4xx_gpio.c.o
 .ARM.attributes
                0x00000295       0x34 ./Debug/driver_src_stm32f4xx_tim.c.o
 .ARM.attributes
                0x000002c9       0x34 ./Debug/driver_src_stm32f4xx_usart.c.o
 .ARM.attributes
                0x000002fd       0x34 ./Debug/driver_src_stm32f4xx_can.c.o
 .ARM.attributes
                0x00000331       0x34 ./Debug/driver_src_stm32f4xx_exti.c.o
 .ARM.attributes
                0x00000365       0x34 ./Debug/sciTinyTimber.c.o
 .ARM.attributes
                0x00000399       0x34 c:/cseapp/codelite/tools/gcc-arm/bin/../lib/gcc/arm-none-eabi/9.2.1/../../../../arm-none-eabi/lib/thumb/v7e-m+fp/hard\libc_nano.a(lib_a-atoi.o)
 .ARM.attributes
                0x000003cd       0x34 c:/cseapp/codelite/tools/gcc-arm/bin/../lib/gcc/arm-none-eabi/9.2.1/../../../../arm-none-eabi/lib/thumb/v7e-m+fp/hard\libc_nano.a(lib_a-sprintf.o)
 .ARM.attributes
                0x00000401       0x34 c:/cseapp/codelite/tools/gcc-arm/bin/../lib/gcc/arm-none-eabi/9.2.1/../../../../arm-none-eabi/lib/thumb/v7e-m+fp/hard\libc_nano.a(lib_a-strtol.o)
 .ARM.attributes
                0x00000435       0x32 c:/cseapp/codelite/tools/gcc-arm/bin/../lib/gcc/arm-none-eabi/9.2.1/../../../../arm-none-eabi/lib/thumb/v7e-m+fp/hard\libc_nano.a(lib_a-ctype_.o)
 .ARM.attributes
                0x00000467       0x32 c:/cseapp/codelite/tools/gcc-arm/bin/../lib/gcc/arm-none-eabi/9.2.1/../../../../arm-none-eabi/lib/thumb/v7e-m+fp/hard\libc_nano.a(lib_a-impure.o)
 .ARM.attributes
                0x00000499       0x34 c:/cseapp/codelite/tools/gcc-arm/bin/../lib/gcc/arm-none-eabi/9.2.1/../../../../arm-none-eabi/lib/thumb/v7e-m+fp/hard\libc_nano.a(lib_a-nano-svfprintf.o)
 .ARM.attributes
                0x000004cd       0x34 c:/cseapp/codelite/tools/gcc-arm/bin/../lib/gcc/arm-none-eabi/9.2.1/../../../../arm-none-eabi/lib/thumb/v7e-m+fp/hard\libc_nano.a(lib_a-nano-vfprintf_i.o)
 .ARM.attributes
                0x00000501       0x1c c:/cseapp/codelite/tools/gcc-arm/bin/../lib/gcc/arm-none-eabi/9.2.1/../../../../arm-none-eabi/lib/thumb/v7e-m+fp/hard\libc_nano.a(lib_a-memchr.o)
 .ARM.attributes
                0x0000051d       0x34 c:/cseapp/codelite/tools/gcc-arm/bin/../lib/gcc/arm-none-eabi/9.2.1/../../../../arm-none-eabi/lib/thumb/v7e-m+fp/hard\libc_nano.a(lib_a-memcpy-stub.o)
 .ARM.attributes
                0x00000551       0x34 c:/cseapp/codelite/tools/gcc-arm/bin/../lib/gcc/arm-none-eabi/9.2.1/../../../../arm-none-eabi/lib/thumb/v7e-m+fp/hard\libc_nano.a(lib_a-memmove.o)
 .ARM.attributes
                0x00000585       0x34 c:/cseapp/codelite/tools/gcc-arm/bin/../lib/gcc/arm-none-eabi/9.2.1/../../../../arm-none-eabi/lib/thumb/v7e-m+fp/hard\libc_nano.a(lib_a-nano-freer.o)
 .ARM.attributes
                0x000005b9       0x34 c:/cseapp/codelite/tools/gcc-arm/bin/../lib/gcc/arm-none-eabi/9.2.1/../../../../arm-none-eabi/lib/thumb/v7e-m+fp/hard\libc_nano.a(lib_a-nano-mallocr.o)
 .ARM.attributes
                0x000005ed       0x34 c:/cseapp/codelite/tools/gcc-arm/bin/../lib/gcc/arm-none-eabi/9.2.1/../../../../arm-none-eabi/lib/thumb/v7e-m+fp/hard\libc_nano.a(lib_a-nano-reallocr.o)
 .ARM.attributes
                0x00000621       0x34 c:/cseapp/codelite/tools/gcc-arm/bin/../lib/gcc/arm-none-eabi/9.2.1/../../../../arm-none-eabi/lib/thumb/v7e-m+fp/hard\libc_nano.a(lib_a-sbrkr.o)
 .ARM.attributes
                0x00000655       0x34 c:/cseapp/codelite/tools/gcc-arm/bin/../lib/gcc/arm-none-eabi/9.2.1/../../../../arm-none-eabi/lib/thumb/v7e-m+fp/hard\libc_nano.a(lib_a-mlock.o)
 .ARM.attributes
                0x00000689       0x34 c:/cseapp/codelite/tools/gcc-arm/bin/../lib/gcc/arm-none-eabi/9.2.1/../../../../arm-none-eabi/lib/thumb/v7e-m+fp/hard\libc_nano.a(lib_a-nano-msizer.o)
 .ARM.attributes
                0x000006bd       0x34 c:/cseapp/codelite/tools/gcc-arm/bin/../lib/gcc/arm-none-eabi/9.2.1/../../../../arm-none-eabi/lib/thumb/v7e-m+fp/hard\libc_nano.a(lib_a-reent.o)
 .ARM.attributes
                0x000006f1       0x34 c:/cseapp/codelite/tools/gcc-arm/bin/../lib/gcc/arm-none-eabi/9.2.1/../../../../arm-none-eabi/lib/thumb/v7e-m+fp/hard\libc_nano.a(lib_a-lock.o)

.comment        0x00000000       0x79
 .comment       0x00000000       0x79 ./Debug/sioTinyTimber.c.o
                                 0x7a (size before relaxing)
 .comment       0x00000079       0x7a ./Debug/application.c.o
 .comment       0x00000079       0x7a ./Debug/part1.c.o
 .comment       0x00000079       0x7a ./Debug/TinyTimber.c.o
 .comment       0x00000079       0x7a ./Debug/part2.c.o
 .comment       0x00000079       0x7a ./Debug/startup.c.o
 .comment       0x00000079       0x7a ./Debug/canTinyTimber.c.o
 .comment       0x00000079       0x7a ./Debug/driver_src_stm32f4xx_syscfg.c.o
 .comment       0x00000079       0x7a ./Debug/part0.c.o
 .comment       0x00000079       0x7a ./Debug/driver_src_stm32f4xx_dac.c.o
 .comment       0x00000079       0x7a ./Debug/driver_src_stm32f4xx_rcc.c.o
 .comment       0x00000079       0x7a ./Debug/driver_src_stm32f4xx_gpio.c.o
 .comment       0x00000079       0x7a ./Debug/driver_src_stm32f4xx_tim.c.o
 .comment       0x00000079       0x7a ./Debug/driver_src_stm32f4xx_usart.c.o
 .comment       0x00000079       0x7a ./Debug/driver_src_stm32f4xx_can.c.o
 .comment       0x00000079       0x7a ./Debug/driver_src_stm32f4xx_exti.c.o
 .comment       0x00000079       0x7a ./Debug/sciTinyTimber.c.o

.debug_info     0x00000000     0xe493
 .debug_info    0x00000000      0xa66 ./Debug/sioTinyTimber.c.o
 .debug_info    0x00000a66     0x17aa ./Debug/application.c.o
 .debug_info    0x00002210      0xe86 ./Debug/part1.c.o
 .debug_info    0x00003096     0x183c ./Debug/TinyTimber.c.o
 .debug_info    0x000048d2     0x1316 ./Debug/part2.c.o
 .debug_info    0x00005be8      0xade ./Debug/startup.c.o
 .debug_info    0x000066c6      0xdb4 ./Debug/canTinyTimber.c.o
 .debug_info    0x0000747a      0x2c4 ./Debug/driver_src_stm32f4xx_syscfg.c.o
 .debug_info    0x0000773e      0xef1 ./Debug/part0.c.o
 .debug_info    0x0000862f      0x6af ./Debug/driver_src_stm32f4xx_dac.c.o
 .debug_info    0x00008cde      0xef4 ./Debug/driver_src_stm32f4xx_rcc.c.o
 .debug_info    0x00009bd2      0x67f ./Debug/driver_src_stm32f4xx_gpio.c.o
 .debug_info    0x0000a251     0x1e26 ./Debug/driver_src_stm32f4xx_tim.c.o
 .debug_info    0x0000c077      0xa68 ./Debug/driver_src_stm32f4xx_usart.c.o
 .debug_info    0x0000cadf      0xc60 ./Debug/driver_src_stm32f4xx_can.c.o
 .debug_info    0x0000d73f      0x383 ./Debug/driver_src_stm32f4xx_exti.c.o
 .debug_info    0x0000dac2      0x9d1 ./Debug/sciTinyTimber.c.o

.debug_abbrev   0x00000000     0x28de
 .debug_abbrev  0x00000000      0x254 ./Debug/sioTinyTimber.c.o
 .debug_abbrev  0x00000254      0x385 ./Debug/application.c.o
 .debug_abbrev  0x000005d9      0x286 ./Debug/part1.c.o
 .debug_abbrev  0x0000085f      0x4f2 ./Debug/TinyTimber.c.o
 .debug_abbrev  0x00000d51      0x2e7 ./Debug/part2.c.o
 .debug_abbrev  0x00001038      0x286 ./Debug/startup.c.o
 .debug_abbrev  0x000012be      0x277 ./Debug/canTinyTimber.c.o
 .debug_abbrev  0x00001535      0x164 ./Debug/driver_src_stm32f4xx_syscfg.c.o
 .debug_abbrev  0x00001699      0x2ae ./Debug/part0.c.o
 .debug_abbrev  0x00001947      0x1b9 ./Debug/driver_src_stm32f4xx_dac.c.o
 .debug_abbrev  0x00001b00      0x1f9 ./Debug/driver_src_stm32f4xx_rcc.c.o
 .debug_abbrev  0x00001cf9      0x1e6 ./Debug/driver_src_stm32f4xx_gpio.c.o
 .debug_abbrev  0x00001edf      0x1c2 ./Debug/driver_src_stm32f4xx_tim.c.o
 .debug_abbrev  0x000020a1      0x1a8 ./Debug/driver_src_stm32f4xx_usart.c.o
 .debug_abbrev  0x00002249      0x238 ./Debug/driver_src_stm32f4xx_can.c.o
 .debug_abbrev  0x00002481      0x1ea ./Debug/driver_src_stm32f4xx_exti.c.o
 .debug_abbrev  0x0000266b      0x273 ./Debug/sciTinyTimber.c.o

.debug_aranges  0x00000000      0x228
 .debug_aranges
                0x00000000       0x20 ./Debug/sioTinyTimber.c.o
 .debug_aranges
                0x00000020       0x20 ./Debug/application.c.o
 .debug_aranges
                0x00000040       0x20 ./Debug/part1.c.o
 .debug_aranges
                0x00000060       0x20 ./Debug/TinyTimber.c.o
 .debug_aranges
                0x00000080       0x20 ./Debug/part2.c.o
 .debug_aranges
                0x000000a0       0x28 ./Debug/startup.c.o
 .debug_aranges
                0x000000c8       0x20 ./Debug/canTinyTimber.c.o
 .debug_aranges
                0x000000e8       0x20 ./Debug/driver_src_stm32f4xx_syscfg.c.o
 .debug_aranges
                0x00000108       0x20 ./Debug/part0.c.o
 .debug_aranges
                0x00000128       0x20 ./Debug/driver_src_stm32f4xx_dac.c.o
 .debug_aranges
                0x00000148       0x20 ./Debug/driver_src_stm32f4xx_rcc.c.o
 .debug_aranges
                0x00000168       0x20 ./Debug/driver_src_stm32f4xx_gpio.c.o
 .debug_aranges
                0x00000188       0x20 ./Debug/driver_src_stm32f4xx_tim.c.o
 .debug_aranges
                0x000001a8       0x20 ./Debug/driver_src_stm32f4xx_usart.c.o
 .debug_aranges
                0x000001c8       0x20 ./Debug/driver_src_stm32f4xx_can.c.o
 .debug_aranges
                0x000001e8       0x20 ./Debug/driver_src_stm32f4xx_exti.c.o
 .debug_aranges
                0x00000208       0x20 ./Debug/sciTinyTimber.c.o

.debug_line     0x00000000     0x5684
 .debug_line    0x00000000      0x2c0 ./Debug/sioTinyTimber.c.o
 .debug_line    0x000002c0      0x3e7 ./Debug/application.c.o
 .debug_line    0x000006a7      0x3e9 ./Debug/part1.c.o
 .debug_line    0x00000a90      0xa82 ./Debug/TinyTimber.c.o
 .debug_line    0x00001512      0x498 ./Debug/part2.c.o
 .debug_line    0x000019aa      0x374 ./Debug/startup.c.o
 .debug_line    0x00001d1e      0x41c ./Debug/canTinyTimber.c.o
 .debug_line    0x0000213a      0x204 ./Debug/driver_src_stm32f4xx_syscfg.c.o
 .debug_line    0x0000233e      0x49a ./Debug/part0.c.o
 .debug_line    0x000027d8      0x3be ./Debug/driver_src_stm32f4xx_dac.c.o
 .debug_line    0x00002b96      0x771 ./Debug/driver_src_stm32f4xx_rcc.c.o
 .debug_line    0x00003307      0x419 ./Debug/driver_src_stm32f4xx_gpio.c.o
 .debug_line    0x00003720      0xb8e ./Debug/driver_src_stm32f4xx_tim.c.o
 .debug_line    0x000042ae      0x57b ./Debug/driver_src_stm32f4xx_usart.c.o
 .debug_line    0x00004829      0x8c0 ./Debug/driver_src_stm32f4xx_can.c.o
 .debug_line    0x000050e9      0x2e8 ./Debug/driver_src_stm32f4xx_exti.c.o
 .debug_line    0x000053d1      0x2b3 ./Debug/sciTinyTimber.c.o

.debug_str      0x00000000     0x3c82
 .debug_str     0x00000000      0x963 ./Debug/sioTinyTimber.c.o
                                0x9de (size before relaxing)
 .debug_str     0x00000963      0x72f ./Debug/application.c.o
                                0xa19 (size before relaxing)
 .debug_str     0x00001092       0xfe ./Debug/part1.c.o
                                0x71b (size before relaxing)
 .debug_str     0x00001190      0x3bb ./Debug/TinyTimber.c.o
                                0xca7 (size before relaxing)
 .debug_str     0x0000154b      0x165 ./Debug/part2.c.o
                                0x913 (size before relaxing)
 .debug_str     0x000016b0      0x38b ./Debug/startup.c.o
                                0x7ea (size before relaxing)
 .debug_str     0x00001a3b      0x133 ./Debug/canTinyTimber.c.o
                                0xa68 (size before relaxing)
 .debug_str     0x00001b6e      0x187 ./Debug/driver_src_stm32f4xx_syscfg.c.o
                                0x362 (size before relaxing)
 .debug_str     0x00001cf5      0x133 ./Debug/part0.c.o
                                0x74e (size before relaxing)
 .debug_str     0x00001e28      0x23b ./Debug/driver_src_stm32f4xx_dac.c.o
                                0x4a7 (size before relaxing)
 .debug_str     0x00002063      0x782 ./Debug/driver_src_stm32f4xx_rcc.c.o
                                0x9e9 (size before relaxing)
 .debug_str     0x000027e5      0x182 ./Debug/driver_src_stm32f4xx_gpio.c.o
                                0x4f7 (size before relaxing)
 .debug_str     0x00002967      0xa87 ./Debug/driver_src_stm32f4xx_tim.c.o
                                0xe24 (size before relaxing)
 .debug_str     0x000033ee      0x425 ./Debug/driver_src_stm32f4xx_usart.c.o
                                0x6e3 (size before relaxing)
 .debug_str     0x00003813      0x2fb ./Debug/driver_src_stm32f4xx_can.c.o
                                0x792 (size before relaxing)
 .debug_str     0x00003b0e      0x101 ./Debug/driver_src_stm32f4xx_exti.c.o
                                0x3a0 (size before relaxing)
 .debug_str     0x00003c0f       0x73 ./Debug/sciTinyTimber.c.o
                                0x8c7 (size before relaxing)

.debug_frame    0x00000000     0x3c54
 .debug_frame   0x00000000      0x138 ./Debug/sioTinyTimber.c.o
 .debug_frame   0x00000138      0x1c4 ./Debug/application.c.o
 .debug_frame   0x000002fc      0x1b8 ./Debug/part1.c.o
 .debug_frame   0x000004b4      0x57c ./Debug/TinyTimber.c.o
 .debug_frame   0x00000a30      0x250 ./Debug/part2.c.o
 .debug_frame   0x00000c80      0x14c ./Debug/startup.c.o
 .debug_frame   0x00000dcc      0x100 ./Debug/canTinyTimber.c.o
 .debug_frame   0x00000ecc      0x11c ./Debug/driver_src_stm32f4xx_syscfg.c.o
 .debug_frame   0x00000fe8      0x1c4 ./Debug/part0.c.o
 .debug_frame   0x000011ac      0x2ac ./Debug/driver_src_stm32f4xx_dac.c.o
 .debug_frame   0x00001458      0x814 ./Debug/driver_src_stm32f4xx_rcc.c.o
 .debug_frame   0x00001c6c      0x23c ./Debug/driver_src_stm32f4xx_gpio.c.o
 .debug_frame   0x00001ea8      0xe54 ./Debug/driver_src_stm32f4xx_tim.c.o
 .debug_frame   0x00002cfc      0x490 ./Debug/driver_src_stm32f4xx_usart.c.o
 .debug_frame   0x0000318c      0x3f8 ./Debug/driver_src_stm32f4xx_can.c.o
 .debug_frame   0x00003584      0x148 ./Debug/driver_src_stm32f4xx_exti.c.o
 .debug_frame   0x000036cc      0x11c ./Debug/sciTinyTimber.c.o
 .debug_frame   0x000037e8       0x30 c:/cseapp/codelite/tools/gcc-arm/bin/../lib/gcc/arm-none-eabi/9.2.1/../../../../arm-none-eabi/lib/thumb/v7e-m+fp/hard\libc_nano.a(lib_a-atoi.o)
 .debug_frame   0x00003818       0x6c c:/cseapp/codelite/tools/gcc-arm/bin/../lib/gcc/arm-none-eabi/9.2.1/../../../../arm-none-eabi/lib/thumb/v7e-m+fp/hard\libc_nano.a(lib_a-sprintf.o)
 .debug_frame   0x00003884       0x64 c:/cseapp/codelite/tools/gcc-arm/bin/../lib/gcc/arm-none-eabi/9.2.1/../../../../arm-none-eabi/lib/thumb/v7e-m+fp/hard\libc_nano.a(lib_a-strtol.o)
 .debug_frame   0x000038e8       0x90 c:/cseapp/codelite/tools/gcc-arm/bin/../lib/gcc/arm-none-eabi/9.2.1/../../../../arm-none-eabi/lib/thumb/v7e-m+fp/hard\libc_nano.a(lib_a-nano-svfprintf.o)
 .debug_frame   0x00003978       0x60 c:/cseapp/codelite/tools/gcc-arm/bin/../lib/gcc/arm-none-eabi/9.2.1/../../../../arm-none-eabi/lib/thumb/v7e-m+fp/hard\libc_nano.a(lib_a-nano-vfprintf_i.o)
 .debug_frame   0x000039d8       0x28 c:/cseapp/codelite/tools/gcc-arm/bin/../lib/gcc/arm-none-eabi/9.2.1/../../../../arm-none-eabi/lib/thumb/v7e-m+fp/hard\libc_nano.a(lib_a-memcpy-stub.o)
 .debug_frame   0x00003a00       0x28 c:/cseapp/codelite/tools/gcc-arm/bin/../lib/gcc/arm-none-eabi/9.2.1/../../../../arm-none-eabi/lib/thumb/v7e-m+fp/hard\libc_nano.a(lib_a-memmove.o)
 .debug_frame   0x00003a28       0x38 c:/cseapp/codelite/tools/gcc-arm/bin/../lib/gcc/arm-none-eabi/9.2.1/../../../../arm-none-eabi/lib/thumb/v7e-m+fp/hard\libc_nano.a(lib_a-nano-freer.o)
 .debug_frame   0x00003a60       0x30 c:/cseapp/codelite/tools/gcc-arm/bin/../lib/gcc/arm-none-eabi/9.2.1/../../../../arm-none-eabi/lib/thumb/v7e-m+fp/hard\libc_nano.a(lib_a-nano-mallocr.o)
 .debug_frame   0x00003a90       0x3c c:/cseapp/codelite/tools/gcc-arm/bin/../lib/gcc/arm-none-eabi/9.2.1/../../../../arm-none-eabi/lib/thumb/v7e-m+fp/hard\libc_nano.a(lib_a-nano-reallocr.o)
 .debug_frame   0x00003acc       0x2c c:/cseapp/codelite/tools/gcc-arm/bin/../lib/gcc/arm-none-eabi/9.2.1/../../../../arm-none-eabi/lib/thumb/v7e-m+fp/hard\libc_nano.a(lib_a-sbrkr.o)
 .debug_frame   0x00003af8       0x30 c:/cseapp/codelite/tools/gcc-arm/bin/../lib/gcc/arm-none-eabi/9.2.1/../../../../arm-none-eabi/lib/thumb/v7e-m+fp/hard\libc_nano.a(lib_a-mlock.o)
 .debug_frame   0x00003b28       0x20 c:/cseapp/codelite/tools/gcc-arm/bin/../lib/gcc/arm-none-eabi/9.2.1/../../../../arm-none-eabi/lib/thumb/v7e-m+fp/hard\libc_nano.a(lib_a-nano-msizer.o)
 .debug_frame   0x00003b48       0x5c c:/cseapp/codelite/tools/gcc-arm/bin/../lib/gcc/arm-none-eabi/9.2.1/../../../../arm-none-eabi/lib/thumb/v7e-m+fp/hard\libc_nano.a(lib_a-reent.o)
 .debug_frame   0x00003ba4       0xb0 c:/cseapp/codelite/tools/gcc-arm/bin/../lib/gcc/arm-none-eabi/9.2.1/../../../../arm-none-eabi/lib/thumb/v7e-m+fp/hard\libc_nano.a(lib_a-lock.o)

.debug_ranges   0x00000000       0x18
 .debug_ranges  0x00000000       0x18 ./Debug/startup.c.o

Cross Reference Table

Symbol                                            File
ABORT                                             ./Debug/TinyTimber.c.o
CANHandler                                        ./Debug/application.c.o
CAN_CancelTransmit                                ./Debug/driver_src_stm32f4xx_can.c.o
CAN_ClearFlag                                     ./Debug/driver_src_stm32f4xx_can.c.o
CAN_ClearITPendingBit                             ./Debug/driver_src_stm32f4xx_can.c.o
CAN_DBGFreeze                                     ./Debug/driver_src_stm32f4xx_can.c.o
CAN_DeInit                                        ./Debug/driver_src_stm32f4xx_can.c.o
                                                  ./Debug/startup.c.o
CAN_FIFORelease                                   ./Debug/driver_src_stm32f4xx_can.c.o
CAN_FilterInit                                    ./Debug/driver_src_stm32f4xx_can.c.o
                                                  ./Debug/startup.c.o
CAN_GetFlagStatus                                 ./Debug/driver_src_stm32f4xx_can.c.o
                                                  ./Debug/canTinyTimber.c.o
CAN_GetITStatus                                   ./Debug/driver_src_stm32f4xx_can.c.o
CAN_GetLSBTransmitErrorCounter                    ./Debug/driver_src_stm32f4xx_can.c.o
CAN_GetLastErrorCode                              ./Debug/driver_src_stm32f4xx_can.c.o
CAN_GetReceiveErrorCounter                        ./Debug/driver_src_stm32f4xx_can.c.o
CAN_ITConfig                                      ./Debug/driver_src_stm32f4xx_can.c.o
                                                  ./Debug/canTinyTimber.c.o
CAN_Init                                          ./Debug/driver_src_stm32f4xx_can.c.o
                                                  ./Debug/canTinyTimber.c.o
CAN_MessagePending                                ./Debug/driver_src_stm32f4xx_can.c.o
CAN_OperatingModeRequest                          ./Debug/driver_src_stm32f4xx_can.c.o
CAN_Receive                                       ./Debug/driver_src_stm32f4xx_can.c.o
                                                  ./Debug/canTinyTimber.c.o
CAN_SlaveStartBank                                ./Debug/driver_src_stm32f4xx_can.c.o
CAN_Sleep                                         ./Debug/driver_src_stm32f4xx_can.c.o
CAN_StructInit                                    ./Debug/driver_src_stm32f4xx_can.c.o
                                                  ./Debug/canTinyTimber.c.o
CAN_TTComModeCmd                                  ./Debug/driver_src_stm32f4xx_can.c.o
CAN_Transmit                                      ./Debug/driver_src_stm32f4xx_can.c.o
                                                  ./Debug/canTinyTimber.c.o
CAN_TransmitStatus                                ./Debug/driver_src_stm32f4xx_can.c.o
CAN_WakeUp                                        ./Debug/driver_src_stm32f4xx_can.c.o
CURRENT_OFFSET                                    ./Debug/TinyTimber.c.o
                                                  ./Debug/part1.c.o
DAC_ClearFlag                                     ./Debug/driver_src_stm32f4xx_dac.c.o
DAC_ClearITPendingBit                             ./Debug/driver_src_stm32f4xx_dac.c.o
DAC_Cmd                                           ./Debug/driver_src_stm32f4xx_dac.c.o
                                                  ./Debug/startup.c.o
DAC_DMACmd                                        ./Debug/driver_src_stm32f4xx_dac.c.o
DAC_DeInit                                        ./Debug/driver_src_stm32f4xx_dac.c.o
                                                  ./Debug/startup.c.o
DAC_DualSoftwareTriggerCmd                        ./Debug/driver_src_stm32f4xx_dac.c.o
DAC_GetDataOutputValue                            ./Debug/driver_src_stm32f4xx_dac.c.o
DAC_GetFlagStatus                                 ./Debug/driver_src_stm32f4xx_dac.c.o
DAC_GetITStatus                                   ./Debug/driver_src_stm32f4xx_dac.c.o
DAC_ITConfig                                      ./Debug/driver_src_stm32f4xx_dac.c.o
DAC_Init                                          ./Debug/driver_src_stm32f4xx_dac.c.o
                                                  ./Debug/startup.c.o
DAC_SetChannel1Data                               ./Debug/driver_src_stm32f4xx_dac.c.o
DAC_SetChannel2Data                               ./Debug/driver_src_stm32f4xx_dac.c.o
                                                  ./Debug/startup.c.o
DAC_SetDualChannelData                            ./Debug/driver_src_stm32f4xx_dac.c.o
DAC_SoftwareTriggerCmd                            ./Debug/driver_src_stm32f4xx_dac.c.o
DAC_StructInit                                    ./Debug/driver_src_stm32f4xx_dac.c.o
                                                  ./Debug/startup.c.o
DAC_WaveGenerationCmd                             ./Debug/driver_src_stm32f4xx_dac.c.o
DUMP                                              ./Debug/TinyTimber.c.o
                                                  ./Debug/canTinyTimber.c.o
                                                  ./Debug/sioTinyTimber.c.o
                                                  ./Debug/dispatch.s.o
DUMPC                                             ./Debug/TinyTimber.c.o
DUMPD                                             ./Debug/TinyTimber.c.o
                                                  ./Debug/dispatch.s.o
DUMPH                                             ./Debug/TinyTimber.c.o
                                                  ./Debug/dispatch.s.o
EXTI_ClearFlag                                    ./Debug/driver_src_stm32f4xx_exti.c.o
EXTI_ClearITPendingBit                            ./Debug/driver_src_stm32f4xx_exti.c.o
                                                  ./Debug/sioTinyTimber.c.o
EXTI_DeInit                                       ./Debug/driver_src_stm32f4xx_exti.c.o
                                                  ./Debug/startup.c.o
EXTI_GenerateSWInterrupt                          ./Debug/driver_src_stm32f4xx_exti.c.o
EXTI_GetFlagStatus                                ./Debug/driver_src_stm32f4xx_exti.c.o
EXTI_GetITStatus                                  ./Debug/driver_src_stm32f4xx_exti.c.o
                                                  ./Debug/sioTinyTimber.c.o
EXTI_Init                                         ./Debug/driver_src_stm32f4xx_exti.c.o
                                                  ./Debug/startup.c.o
                                                  ./Debug/sioTinyTimber.c.o
EXTI_StructInit                                   ./Debug/driver_src_stm32f4xx_exti.c.o
                                                  ./Debug/startup.c.o
                                                  ./Debug/sioTinyTimber.c.o
GPIO_DeInit                                       ./Debug/driver_src_stm32f4xx_gpio.c.o
                                                  ./Debug/startup.c.o
GPIO_Init                                         ./Debug/driver_src_stm32f4xx_gpio.c.o
                                                  ./Debug/startup.c.o
GPIO_PinAFConfig                                  ./Debug/driver_src_stm32f4xx_gpio.c.o
                                                  ./Debug/startup.c.o
GPIO_PinLockConfig                                ./Debug/driver_src_stm32f4xx_gpio.c.o
GPIO_ReadInputData                                ./Debug/driver_src_stm32f4xx_gpio.c.o
GPIO_ReadInputDataBit                             ./Debug/driver_src_stm32f4xx_gpio.c.o
                                                  ./Debug/sioTinyTimber.c.o
GPIO_ReadOutputData                               ./Debug/driver_src_stm32f4xx_gpio.c.o
GPIO_ReadOutputDataBit                            ./Debug/driver_src_stm32f4xx_gpio.c.o
GPIO_ResetBits                                    ./Debug/driver_src_stm32f4xx_gpio.c.o
GPIO_SetBits                                      ./Debug/driver_src_stm32f4xx_gpio.c.o
GPIO_StructInit                                   ./Debug/driver_src_stm32f4xx_gpio.c.o
                                                  ./Debug/startup.c.o
GPIO_ToggleBits                                   ./Debug/driver_src_stm32f4xx_gpio.c.o
                                                  ./Debug/sioTinyTimber.c.o
GPIO_Write                                        ./Debug/driver_src_stm32f4xx_gpio.c.o
GPIO_WriteBit                                     ./Debug/driver_src_stm32f4xx_gpio.c.o
                                                  ./Debug/startup.c.o
                                                  ./Debug/TinyTimber.c.o
                                                  ./Debug/sioTinyTimber.c.o
RCC_AHB1PeriphClockCmd                            ./Debug/driver_src_stm32f4xx_rcc.c.o
                                                  ./Debug/startup.c.o
RCC_AHB1PeriphClockLPModeCmd                      ./Debug/driver_src_stm32f4xx_rcc.c.o
RCC_AHB1PeriphResetCmd                            ./Debug/driver_src_stm32f4xx_rcc.c.o
                                                  ./Debug/driver_src_stm32f4xx_gpio.c.o
RCC_AHB2PeriphClockCmd                            ./Debug/driver_src_stm32f4xx_rcc.c.o
RCC_AHB2PeriphClockLPModeCmd                      ./Debug/driver_src_stm32f4xx_rcc.c.o
RCC_AHB2PeriphResetCmd                            ./Debug/driver_src_stm32f4xx_rcc.c.o
RCC_AHB3PeriphClockCmd                            ./Debug/driver_src_stm32f4xx_rcc.c.o
RCC_AHB3PeriphClockLPModeCmd                      ./Debug/driver_src_stm32f4xx_rcc.c.o
RCC_AHB3PeriphResetCmd                            ./Debug/driver_src_stm32f4xx_rcc.c.o
RCC_APB1PeriphClockCmd                            ./Debug/driver_src_stm32f4xx_rcc.c.o
                                                  ./Debug/startup.c.o
RCC_APB1PeriphClockLPModeCmd                      ./Debug/driver_src_stm32f4xx_rcc.c.o
                                                  ./Debug/startup.c.o
RCC_APB1PeriphResetCmd                            ./Debug/driver_src_stm32f4xx_rcc.c.o
                                                  ./Debug/driver_src_stm32f4xx_can.c.o
                                                  ./Debug/driver_src_stm32f4xx_usart.c.o
                                                  ./Debug/driver_src_stm32f4xx_tim.c.o
                                                  ./Debug/driver_src_stm32f4xx_dac.c.o
RCC_APB2PeriphClockCmd                            ./Debug/driver_src_stm32f4xx_rcc.c.o
                                                  ./Debug/startup.c.o
RCC_APB2PeriphClockLPModeCmd                      ./Debug/driver_src_stm32f4xx_rcc.c.o
RCC_APB2PeriphResetCmd                            ./Debug/driver_src_stm32f4xx_rcc.c.o
                                                  ./Debug/driver_src_stm32f4xx_usart.c.o
                                                  ./Debug/driver_src_stm32f4xx_tim.c.o
                                                  ./Debug/driver_src_stm32f4xx_syscfg.c.o
RCC_AdjustHSICalibrationValue                     ./Debug/driver_src_stm32f4xx_rcc.c.o
RCC_BackupResetCmd                                ./Debug/driver_src_stm32f4xx_rcc.c.o
RCC_ClearFlag                                     ./Debug/driver_src_stm32f4xx_rcc.c.o
RCC_ClearITPendingBit                             ./Debug/driver_src_stm32f4xx_rcc.c.o
RCC_ClockSecuritySystemCmd                        ./Debug/driver_src_stm32f4xx_rcc.c.o
RCC_DeInit                                        ./Debug/driver_src_stm32f4xx_rcc.c.o
RCC_GetClocksFreq                                 ./Debug/driver_src_stm32f4xx_rcc.c.o
                                                  ./Debug/driver_src_stm32f4xx_usart.c.o
RCC_GetFlagStatus                                 ./Debug/driver_src_stm32f4xx_rcc.c.o
RCC_GetITStatus                                   ./Debug/driver_src_stm32f4xx_rcc.c.o
RCC_GetSYSCLKSource                               ./Debug/driver_src_stm32f4xx_rcc.c.o
RCC_HCLKConfig                                    ./Debug/driver_src_stm32f4xx_rcc.c.o
RCC_HSEConfig                                     ./Debug/driver_src_stm32f4xx_rcc.c.o
RCC_HSICmd                                        ./Debug/driver_src_stm32f4xx_rcc.c.o
RCC_I2SCLKConfig                                  ./Debug/driver_src_stm32f4xx_rcc.c.o
RCC_ITConfig                                      ./Debug/driver_src_stm32f4xx_rcc.c.o
RCC_LSEConfig                                     ./Debug/driver_src_stm32f4xx_rcc.c.o
RCC_LSICmd                                        ./Debug/driver_src_stm32f4xx_rcc.c.o
RCC_LTDCCLKDivConfig                              ./Debug/driver_src_stm32f4xx_rcc.c.o
RCC_MCO1Config                                    ./Debug/driver_src_stm32f4xx_rcc.c.o
RCC_MCO2Config                                    ./Debug/driver_src_stm32f4xx_rcc.c.o
RCC_PCLK1Config                                   ./Debug/driver_src_stm32f4xx_rcc.c.o
RCC_PCLK2Config                                   ./Debug/driver_src_stm32f4xx_rcc.c.o
RCC_PLLCmd                                        ./Debug/driver_src_stm32f4xx_rcc.c.o
RCC_PLLConfig                                     ./Debug/driver_src_stm32f4xx_rcc.c.o
RCC_PLLI2SCmd                                     ./Debug/driver_src_stm32f4xx_rcc.c.o
RCC_PLLI2SConfig                                  ./Debug/driver_src_stm32f4xx_rcc.c.o
RCC_PLLSAICmd                                     ./Debug/driver_src_stm32f4xx_rcc.c.o
RCC_PLLSAIConfig                                  ./Debug/driver_src_stm32f4xx_rcc.c.o
RCC_RTCCLKCmd                                     ./Debug/driver_src_stm32f4xx_rcc.c.o
RCC_RTCCLKConfig                                  ./Debug/driver_src_stm32f4xx_rcc.c.o
RCC_SAIBlockACLKConfig                            ./Debug/driver_src_stm32f4xx_rcc.c.o
RCC_SAIBlockBCLKConfig                            ./Debug/driver_src_stm32f4xx_rcc.c.o
RCC_SAIPLLI2SClkDivConfig                         ./Debug/driver_src_stm32f4xx_rcc.c.o
RCC_SAIPLLSAIClkDivConfig                         ./Debug/driver_src_stm32f4xx_rcc.c.o
RCC_SYSCLKConfig                                  ./Debug/driver_src_stm32f4xx_rcc.c.o
RCC_TIMCLKPresConfig                              ./Debug/driver_src_stm32f4xx_rcc.c.o
RCC_WaitForHSEStartUp                             ./Debug/driver_src_stm32f4xx_rcc.c.o
SETPC                                             ./Debug/TinyTimber.c.o
SETSTACK                                          ./Debug/TinyTimber.c.o
SYSCFG_CompensationCellCmd                        ./Debug/driver_src_stm32f4xx_syscfg.c.o
SYSCFG_DeInit                                     ./Debug/driver_src_stm32f4xx_syscfg.c.o
SYSCFG_ETH_MediaInterfaceConfig                   ./Debug/driver_src_stm32f4xx_syscfg.c.o
SYSCFG_EXTILineConfig                             ./Debug/driver_src_stm32f4xx_syscfg.c.o
                                                  ./Debug/startup.c.o
SYSCFG_GetCompensationCellStatus                  ./Debug/driver_src_stm32f4xx_syscfg.c.o
SYSCFG_MemoryRemapConfig                          ./Debug/driver_src_stm32f4xx_syscfg.c.o
SYSCFG_MemorySwappingBank                         ./Debug/driver_src_stm32f4xx_syscfg.c.o
TIMER_INIT                                        ./Debug/TinyTimber.c.o
TIM_ARRPreloadConfig                              ./Debug/driver_src_stm32f4xx_tim.c.o
TIM_BDTRConfig                                    ./Debug/driver_src_stm32f4xx_tim.c.o
TIM_BDTRStructInit                                ./Debug/driver_src_stm32f4xx_tim.c.o
TIM_CCPreloadControl                              ./Debug/driver_src_stm32f4xx_tim.c.o
TIM_CCxCmd                                        ./Debug/driver_src_stm32f4xx_tim.c.o
TIM_CCxNCmd                                       ./Debug/driver_src_stm32f4xx_tim.c.o
TIM_ClearFlag                                     ./Debug/driver_src_stm32f4xx_tim.c.o
TIM_ClearITPendingBit                             ./Debug/driver_src_stm32f4xx_tim.c.o
                                                  ./Debug/TinyTimber.c.o
TIM_ClearOC1Ref                                   ./Debug/driver_src_stm32f4xx_tim.c.o
TIM_ClearOC2Ref                                   ./Debug/driver_src_stm32f4xx_tim.c.o
TIM_ClearOC3Ref                                   ./Debug/driver_src_stm32f4xx_tim.c.o
TIM_ClearOC4Ref                                   ./Debug/driver_src_stm32f4xx_tim.c.o
TIM_Cmd                                           ./Debug/driver_src_stm32f4xx_tim.c.o
                                                  ./Debug/TinyTimber.c.o
TIM_CounterModeConfig                             ./Debug/driver_src_stm32f4xx_tim.c.o
TIM_CtrlPWMOutputs                                ./Debug/driver_src_stm32f4xx_tim.c.o
TIM_DMACmd                                        ./Debug/driver_src_stm32f4xx_tim.c.o
TIM_DMAConfig                                     ./Debug/driver_src_stm32f4xx_tim.c.o
TIM_DeInit                                        ./Debug/driver_src_stm32f4xx_tim.c.o
                                                  ./Debug/TinyTimber.c.o
TIM_ETRClockMode1Config                           ./Debug/driver_src_stm32f4xx_tim.c.o
TIM_ETRClockMode2Config                           ./Debug/driver_src_stm32f4xx_tim.c.o
TIM_ETRConfig                                     ./Debug/driver_src_stm32f4xx_tim.c.o
TIM_EncoderInterfaceConfig                        ./Debug/driver_src_stm32f4xx_tim.c.o
TIM_ForcedOC1Config                               ./Debug/driver_src_stm32f4xx_tim.c.o
TIM_ForcedOC2Config                               ./Debug/driver_src_stm32f4xx_tim.c.o
TIM_ForcedOC3Config                               ./Debug/driver_src_stm32f4xx_tim.c.o
TIM_ForcedOC4Config                               ./Debug/driver_src_stm32f4xx_tim.c.o
TIM_GenerateEvent                                 ./Debug/driver_src_stm32f4xx_tim.c.o
TIM_GetCapture1                                   ./Debug/driver_src_stm32f4xx_tim.c.o
TIM_GetCapture2                                   ./Debug/driver_src_stm32f4xx_tim.c.o
TIM_GetCapture3                                   ./Debug/driver_src_stm32f4xx_tim.c.o
TIM_GetCapture4                                   ./Debug/driver_src_stm32f4xx_tim.c.o
TIM_GetCounter                                    ./Debug/driver_src_stm32f4xx_tim.c.o
                                                  ./Debug/TinyTimber.c.o
TIM_GetFlagStatus                                 ./Debug/driver_src_stm32f4xx_tim.c.o
TIM_GetITStatus                                   ./Debug/driver_src_stm32f4xx_tim.c.o
TIM_GetPrescaler                                  ./Debug/driver_src_stm32f4xx_tim.c.o
TIM_ICInit                                        ./Debug/driver_src_stm32f4xx_tim.c.o
TIM_ICStructInit                                  ./Debug/driver_src_stm32f4xx_tim.c.o
TIM_ITConfig                                      ./Debug/driver_src_stm32f4xx_tim.c.o
                                                  ./Debug/TinyTimber.c.o
TIM_ITRxExternalClockConfig                       ./Debug/driver_src_stm32f4xx_tim.c.o
TIM_InternalClockConfig                           ./Debug/driver_src_stm32f4xx_tim.c.o
TIM_OC1FastConfig                                 ./Debug/driver_src_stm32f4xx_tim.c.o
TIM_OC1Init                                       ./Debug/driver_src_stm32f4xx_tim.c.o
TIM_OC1NPolarityConfig                            ./Debug/driver_src_stm32f4xx_tim.c.o
TIM_OC1PolarityConfig                             ./Debug/driver_src_stm32f4xx_tim.c.o
TIM_OC1PreloadConfig                              ./Debug/driver_src_stm32f4xx_tim.c.o
TIM_OC2FastConfig                                 ./Debug/driver_src_stm32f4xx_tim.c.o
TIM_OC2Init                                       ./Debug/driver_src_stm32f4xx_tim.c.o
TIM_OC2NPolarityConfig                            ./Debug/driver_src_stm32f4xx_tim.c.o
TIM_OC2PolarityConfig                             ./Debug/driver_src_stm32f4xx_tim.c.o
TIM_OC2PreloadConfig                              ./Debug/driver_src_stm32f4xx_tim.c.o
TIM_OC3FastConfig                                 ./Debug/driver_src_stm32f4xx_tim.c.o
TIM_OC3Init                                       ./Debug/driver_src_stm32f4xx_tim.c.o
TIM_OC3NPolarityConfig                            ./Debug/driver_src_stm32f4xx_tim.c.o
TIM_OC3PolarityConfig                             ./Debug/driver_src_stm32f4xx_tim.c.o
TIM_OC3PreloadConfig                              ./Debug/driver_src_stm32f4xx_tim.c.o
TIM_OC4FastConfig                                 ./Debug/driver_src_stm32f4xx_tim.c.o
TIM_OC4Init                                       ./Debug/driver_src_stm32f4xx_tim.c.o
TIM_OC4PolarityConfig                             ./Debug/driver_src_stm32f4xx_tim.c.o
TIM_OC4PreloadConfig                              ./Debug/driver_src_stm32f4xx_tim.c.o
TIM_OCStructInit                                  ./Debug/driver_src_stm32f4xx_tim.c.o
TIM_PWMIConfig                                    ./Debug/driver_src_stm32f4xx_tim.c.o
TIM_PrescalerConfig                               ./Debug/driver_src_stm32f4xx_tim.c.o
TIM_RemapConfig                                   ./Debug/driver_src_stm32f4xx_tim.c.o
TIM_SelectCCDMA                                   ./Debug/driver_src_stm32f4xx_tim.c.o
TIM_SelectCOM                                     ./Debug/driver_src_stm32f4xx_tim.c.o
TIM_SelectHallSensor                              ./Debug/driver_src_stm32f4xx_tim.c.o
TIM_SelectInputTrigger                            ./Debug/driver_src_stm32f4xx_tim.c.o
TIM_SelectMasterSlaveMode                         ./Debug/driver_src_stm32f4xx_tim.c.o
TIM_SelectOCxM                                    ./Debug/driver_src_stm32f4xx_tim.c.o
TIM_SelectOnePulseMode                            ./Debug/driver_src_stm32f4xx_tim.c.o
TIM_SelectOutputTrigger                           ./Debug/driver_src_stm32f4xx_tim.c.o
TIM_SelectSlaveMode                               ./Debug/driver_src_stm32f4xx_tim.c.o
TIM_SetAutoreload                                 ./Debug/driver_src_stm32f4xx_tim.c.o
TIM_SetClockDivision                              ./Debug/driver_src_stm32f4xx_tim.c.o
TIM_SetCompare1                                   ./Debug/driver_src_stm32f4xx_tim.c.o
                                                  ./Debug/TinyTimber.c.o
TIM_SetCompare2                                   ./Debug/driver_src_stm32f4xx_tim.c.o
TIM_SetCompare3                                   ./Debug/driver_src_stm32f4xx_tim.c.o
TIM_SetCompare4                                   ./Debug/driver_src_stm32f4xx_tim.c.o
TIM_SetCounter                                    ./Debug/driver_src_stm32f4xx_tim.c.o
                                                  ./Debug/TinyTimber.c.o
TIM_SetIC1Prescaler                               ./Debug/driver_src_stm32f4xx_tim.c.o
TIM_SetIC2Prescaler                               ./Debug/driver_src_stm32f4xx_tim.c.o
TIM_SetIC3Prescaler                               ./Debug/driver_src_stm32f4xx_tim.c.o
TIM_SetIC4Prescaler                               ./Debug/driver_src_stm32f4xx_tim.c.o
TIM_TIxExternalClockConfig                        ./Debug/driver_src_stm32f4xx_tim.c.o
TIM_TimeBaseInit                                  ./Debug/driver_src_stm32f4xx_tim.c.o
                                                  ./Debug/TinyTimber.c.o
TIM_TimeBaseStructInit                            ./Debug/driver_src_stm32f4xx_tim.c.o
                                                  ./Debug/TinyTimber.c.o
TIM_UpdateDisableConfig                           ./Debug/driver_src_stm32f4xx_tim.c.o
TIM_UpdateRequestConfig                           ./Debug/driver_src_stm32f4xx_tim.c.o
T_RESET                                           ./Debug/TinyTimber.c.o
                                                  ./Debug/part2.c.o
T_SAMPLE                                          ./Debug/TinyTimber.c.o
                                                  ./Debug/part2.c.o
USART_ClearFlag                                   ./Debug/driver_src_stm32f4xx_usart.c.o
USART_ClearITPendingBit                           ./Debug/driver_src_stm32f4xx_usart.c.o
USART_ClockInit                                   ./Debug/driver_src_stm32f4xx_usart.c.o
USART_ClockStructInit                             ./Debug/driver_src_stm32f4xx_usart.c.o
USART_Cmd                                         ./Debug/driver_src_stm32f4xx_usart.c.o
USART_DMACmd                                      ./Debug/driver_src_stm32f4xx_usart.c.o
USART_DeInit                                      ./Debug/driver_src_stm32f4xx_usart.c.o
USART_GetFlagStatus                               ./Debug/driver_src_stm32f4xx_usart.c.o
                                                  ./Debug/sciTinyTimber.c.o
                                                  ./Debug/TinyTimber.c.o
USART_GetITStatus                                 ./Debug/driver_src_stm32f4xx_usart.c.o
USART_HalfDuplexCmd                               ./Debug/driver_src_stm32f4xx_usart.c.o
USART_ITConfig                                    ./Debug/driver_src_stm32f4xx_usart.c.o
                                                  ./Debug/sciTinyTimber.c.o
USART_Init                                        ./Debug/driver_src_stm32f4xx_usart.c.o
USART_IrDACmd                                     ./Debug/driver_src_stm32f4xx_usart.c.o
USART_IrDAConfig                                  ./Debug/driver_src_stm32f4xx_usart.c.o
USART_LINBreakDetectLengthConfig                  ./Debug/driver_src_stm32f4xx_usart.c.o
USART_LINCmd                                      ./Debug/driver_src_stm32f4xx_usart.c.o
USART_OneBitMethodCmd                             ./Debug/driver_src_stm32f4xx_usart.c.o
USART_OverSampling8Cmd                            ./Debug/driver_src_stm32f4xx_usart.c.o
USART_ReceiveData                                 ./Debug/driver_src_stm32f4xx_usart.c.o
                                                  ./Debug/sciTinyTimber.c.o
USART_ReceiverWakeUpCmd                           ./Debug/driver_src_stm32f4xx_usart.c.o
USART_SendBreak                                   ./Debug/driver_src_stm32f4xx_usart.c.o