Archive member included to satisfy reference by file (symbol)

c:/cseapp/codelite/tools/gcc-arm/bin/../lib/gcc/arm-none-eabi/9.2.1/../../../../arm-none-eabi/lib/thumb/v7e-m+fp/hard\libc_nano.a(lib_a-atoi.o)
                              ./Debug/part0.c.o (atoi)
c:/cseapp/codelite/tools/gcc-arm/bin/../lib/gcc/arm-none-eabi/9.2.1/../../../../arm-none-eabi/lib/thumb/v7e-m+fp/hard\libc_nano.a(lib_a-sprintf.o)
                              ./Debug/application.c.o (sprintf)
c:/cseapp/codelite/tools/gcc-arm/bin/../lib/gcc/arm-none-eabi/9.2.1/../../../../arm-none-eabi/lib/thumb/v7e-m+fp/hard\libc_nano.a(lib_a-strtol.o)
                              c:/cseapp/codelite/tools/gcc-arm/bin/../lib/gcc/arm-none-eabi/9.2.1/../../../../arm-none-eabi/lib/thumb/v7e-m+fp/hard\libc_nano.a(lib_a-atoi.o) (_strtol_r)
c:/cseapp/codelite/tools/gcc-arm/bin/../lib/gcc/arm-none-eabi/9.2.1/../../../../arm-none-eabi/lib/thumb/v7e-m+fp/hard\libc_nano.a(lib_a-ctype_.o)
                              c:/cseapp/codelite/tools/gcc-arm/bin/../lib/gcc/arm-none-eabi/9.2.1/../../../../arm-none-eabi/lib/thumb/v7e-m+fp/hard\libc_nano.a(lib_a-strtol.o) (_ctype_)
c:/cseapp/codelite/tools/gcc-arm/bin/../lib/gcc/arm-none-eabi/9.2.1/../../../../arm-none-eabi/lib/thumb/v7e-m+fp/hard\libc_nano.a(lib_a-impure.o)
                              c:/cseapp/codelite/tools/gcc-arm/bin/../lib/gcc/arm-none-eabi/9.2.1/../../../../arm-none-eabi/lib/thumb/v7e-m+fp/hard\libc_nano.a(lib_a-sprintf.o) (_impure_ptr)
c:/cseapp/codelite/tools/gcc-arm/bin/../lib/gcc/arm-none-eabi/9.2.1/../../../../arm-none-eabi/lib/thumb/v7e-m+fp/hard\libc_nano.a(lib_a-nano-svfprintf.o)
                              c:/cseapp/codelite/tools/gcc-arm/bin/../lib/gcc/arm-none-eabi/9.2.1/../../../../arm-none-eabi/lib/thumb/v7e-m+fp/hard\libc_nano.a(lib_a-sprintf.o) (_svfprintf_r)
c:/cseapp/codelite/tools/gcc-arm/bin/../lib/gcc/arm-none-eabi/9.2.1/../../../../arm-none-eabi/lib/thumb/v7e-m+fp/hard\libc_nano.a(lib_a-nano-vfprintf_i.o)
                              c:/cseapp/codelite/tools/gcc-arm/bin/../lib/gcc/arm-none-eabi/9.2.1/../../../../arm-none-eabi/lib/thumb/v7e-m+fp/hard\libc_nano.a(lib_a-nano-svfprintf.o) (_printf_i)
c:/cseapp/codelite/tools/gcc-arm/bin/../lib/gcc/arm-none-eabi/9.2.1/../../../../arm-none-eabi/lib/thumb/v7e-m+fp/hard\libc_nano.a(lib_a-memchr.o)
                              c:/cseapp/codelite/tools/gcc-arm/bin/../lib/gcc/arm-none-eabi/9.2.1/../../../../arm-none-eabi/lib/thumb/v7e-m+fp/hard\libc_nano.a(lib_a-nano-svfprintf.o) (memchr)
c:/cseapp/codelite/tools/gcc-arm/bin/../lib/gcc/arm-none-eabi/9.2.1/../../../../arm-none-eabi/lib/thumb/v7e-m+fp/hard\libc_nano.a(lib_a-memcpy-stub.o)
                              c:/cseapp/codelite/tools/gcc-arm/bin/../lib/gcc/arm-none-eabi/9.2.1/../../../../arm-none-eabi/lib/thumb/v7e-m+fp/hard\libc_nano.a(lib_a-nano-svfprintf.o) (memcpy)
c:/cseapp/codelite/tools/gcc-arm/bin/../lib/gcc/arm-none-eabi/9.2.1/../../../../arm-none-eabi/lib/thumb/v7e-m+fp/hard\libc_nano.a(lib_a-memmove.o)
                              c:/cseapp/codelite/tools/gcc-arm/bin/../lib/gcc/arm-none-eabi/9.2.1/../../../../arm-none-eabi/lib/thumb/v7e-m+fp/hard\libc_nano.a(lib_a-nano-svfprintf.o) (memmove)
c:/cseapp/codelite/tools/gcc-arm/bin/../lib/gcc/arm-none-eabi/9.2.1/../../../../arm-none-eabi/lib/thumb/v7e-m+fp/hard\libc_nano.a(lib_a-nano-freer.o)
                              c:/cseapp/codelite/tools/gcc-arm/bin/../lib/gcc/arm-none-eabi/9.2.1/../../../../arm-none-eabi/lib/thumb/v7e-m+fp/hard\libc_nano.a(lib_a-nano-svfprintf.o) (_free_r)
c:/cseapp/codelite/tools/gcc-arm/bin/../lib/gcc/arm-none-eabi/9.2.1/../../../../arm-none-eabi/lib/thumb/v7e-m+fp/hard\libc_nano.a(lib_a-nano-mallocr.o)
                              c:/cseapp/codelite/tools/gcc-arm/bin/../lib/gcc/arm-none-eabi/9.2.1/../../../../arm-none-eabi/lib/thumb/v7e-m+fp/hard\libc_nano.a(lib_a-nano-svfprintf.o) (_malloc_r)
c:/cseapp/codelite/tools/gcc-arm/bin/../lib/gcc/arm-none-eabi/9.2.1/../../../../arm-none-eabi/lib/thumb/v7e-m+fp/hard\libc_nano.a(lib_a-nano-reallocr.o)
                              c:/cseapp/codelite/tools/gcc-arm/bin/../lib/gcc/arm-none-eabi/9.2.1/../../../../arm-none-eabi/lib/thumb/v7e-m+fp/hard\libc_nano.a(lib_a-nano-svfprintf.o) (_realloc_r)
c:/cseapp/codelite/tools/gcc-arm/bin/../lib/gcc/arm-none-eabi/9.2.1/../../../../arm-none-eabi/lib/thumb/v7e-m+fp/hard\libc_nano.a(lib_a-sbrkr.o)
                              c:/cseapp/codelite/tools/gcc-arm/bin/../lib/gcc/arm-none-eabi/9.2.1/../../../../arm-none-eabi/lib/thumb/v7e-m+fp/hard\libc_nano.a(lib_a-nano-mallocr.o) (_sbrk_r)
c:/cseapp/codelite/tools/gcc-arm/bin/../lib/gcc/arm-none-eabi/9.2.1/../../../../arm-none-eabi/lib/thumb/v7e-m+fp/hard\libc_nano.a(lib_a-mlock.o)
                              c:/cseapp/codelite/tools/gcc-arm/bin/../lib/gcc/arm-none-eabi/9.2.1/../../../../arm-none-eabi/lib/thumb/v7e-m+fp/hard\libc_nano.a(lib_a-nano-freer.o) (__malloc_lock)
[...]
Memory Configuration

Name             Origin             Length             Attributes
RAM              0x20000000         0x0001c000         xrw
*default*        0x00000000         0xffffffff

Linker script and memory map

LOAD ./Debug/part2.c.o
LOAD ./Debug/driver_src_stm32f4xx_rcc.c.o
LOAD ./Debug/sciTinyTimber.c.o
LOAD ./Debug/TinyTimber.c.o
LOAD ./Debug/dispatch.s.o
LOAD ./Debug/application.c.o
LOAD ./Debug/driver_src_stm32f4xx_dac.c.o
LOAD ./Debug/canTinyTimber.c.o
LOAD ./Debug/driver_src_stm32f4xx_usart.c.o
LOAD ./Debug/part1.c.o
LOAD ./Debug/startup.c.o
LOAD ./Debug/part0.c.o
LOAD ./Debug/driver_src_stm32f4xx_tim.c.o
LOAD ./Debug/driver_src_stm32f4xx_gpio.c.o
LOAD ./Debug/driver_src_stm32f4xx_can.c.o
LOAD ./Debug/driver_src_stm32f4xx_exti.c.o
LOAD ./Debug/driver_src_stm32f4xx_syscfg.c.o
LOAD c:/cseapp/codelite/tools/gcc-arm/bin/../lib/gcc/arm-none-eabi/9.2.1/../../../../arm-none-eabi/lib/thumb/v7e-m+fp/hard\libstdc++_nano.a
LOAD c:/cseapp/codelite/tools/gcc-arm/bin/../lib/gcc/arm-none-eabi/9.2.1/../../../../arm-none-eabi/lib/thumb/v7e-m+fp/hard\libm.a
START GROUP
LOAD c:/cseapp/codelite/tools/gcc-arm/bin/../lib/gcc/arm-none-eabi/9.2.1/thumb/v7e-m+fp/hard\libgcc.a
LOAD c:/cseapp/codelite/tools/gcc-arm/bin/../lib/gcc/arm-none-eabi/9.2.1/../../../../arm-none-eabi/lib/thumb/v7e-m+fp/hard\libc_nano.a
END GROUP
START GROUP
LOAD c:/cseapp/codelite/tools/gcc-arm/bin/../lib/gcc/arm-none-eabi/9.2.1/thumb/v7e-m+fp/hard\libgcc.a
LOAD c:/cseapp/codelite/tools/gcc-arm/bin/../lib/gcc/arm-none-eabi/9.2.1/../../../../arm-none-eabi/lib/thumb/v7e-m+fp/hard\libc_nano.a
END GROUP

.text           0x20000000     0x8b88
                0x20000000                . = ALIGN (0x4)
 *(.start_section)
 .start_section
                0x20000000       0x1c ./Debug/startup.c.o
                0x20000000                startup
 *(.text)
 .text          0x2000001c      0x25c ./Debug/part2.c.o
                0x2000001c                nextBeat
                0x200000d8                nextSilence
                0x200001a6                setTempo
                0x200001e4                setPeriods
                0x20000226                togglePlaying
 .text          0x20000278      0xcb0 ./Debug/driver_src_stm32f4xx_rcc.c.o
                0x20000278                RCC_DeInit
                0x200002e8                RCC_HSEConfig
                0x20000310                RCC_WaitForHSEStartUp
                0x20000360                RCC_AdjustHSICalibrationValue
                0x2000039c                RCC_HSICmd
                0x200003bc                RCC_LSEConfig
                0x20000400                RCC_LSICmd
                0x20000420                RCC_PLLConfig
                0x20000460                RCC_PLLCmd
                0x20000480                RCC_PLLI2SConfig
                0x200004ac                RCC_PLLI2SCmd
                0x200004cc                RCC_PLLSAIConfig
                0x20000500                RCC_PLLSAICmd
                0x20000520                RCC_ClockSecuritySystemCmd
                0x20000540                RCC_MCO1Config
                0x20000580                RCC_MCO2Config
                0x200005c0                RCC_SYSCLKConfig
                0x200005f8                RCC_GetSYSCLKSource
                0x20000618                RCC_HCLKConfig
                0x20000650                RCC_PCLK1Config
                0x20000688                RCC_PCLK2Config
                0x200006c4                RCC_GetClocksFreq
                0x20000820                RCC_RTCCLKConfig
                0x2000087c                RCC_RTCCLKCmd
                0x2000089c                RCC_BackupResetCmd
                0x200008bc                RCC_I2SCLKConfig
                0x200008dc                RCC_SAIPLLI2SClkDivConfig
                0x2000091c                RCC_SAIPLLSAIClkDivConfig
                0x2000095c                RCC_SAIBlockACLKConfig
                0x20000998                RCC_SAIBlockBCLKConfig
                0x200009d4                RCC_LTDCCLKDivConfig
                0x20000a10                RCC_TIMCLKPresConfig
                0x20000a30                RCC_AHB1PeriphClockCmd
                0x20000a70                RCC_AHB2PeriphClockCmd
                0x20000ab0                RCC_AHB3PeriphClockCmd
                0x20000af0                RCC_APB1PeriphClockCmd
                0x20000b30                RCC_APB2PeriphClockCmd
                0x20000b70                RCC_AHB1PeriphResetCmd
                0x20000bb0                RCC_AHB2PeriphResetCmd
                0x20000bf0                RCC_AHB3PeriphResetCmd
                0x20000c30                RCC_APB1PeriphResetCmd
                0x20000c70                RCC_APB2PeriphResetCmd
                0x20000cb0                RCC_AHB1PeriphClockLPModeCmd
                0x20000cf0                RCC_AHB2PeriphClockLPModeCmd
                0x20000d30                RCC_AHB3PeriphClockLPModeCmd
                0x20000d70                RCC_APB1PeriphClockLPModeCmd
                0x20000db0                RCC_APB2PeriphClockLPModeCmd
                0x20000df0                RCC_ITConfig
                0x20000e3c                RCC_GetFlagStatus
                0x20000eb0                RCC_ClearFlag
                0x20000ed0                RCC_GetITStatus
                0x20000f08                RCC_ClearITPendingBit
 .text          0x20000f28      0x294 ./Debug/sciTinyTimber.c.o
                0x20000fb0                sci_init
                0x20001056                sci_write
                0x200010ac                sci_writechar
                0x200010e2                sci_interrupt
 .text          0x200011bc      0xf54 ./Debug/TinyTimber.c.o
                0x20001244                DUMP
                0x2000127e                DUMPH
                0x200012dc                DUMPD
                0x20001380                sei
                0x2000139e                cli
                0x200013bc                _sbrk
                0x20001400                SETSTACK
                0x20001468                SETPC
                0x2000148c                TIMER_INIT
                0x20001524                DUMPC
                0x20001558                vect_USART1
                0x200015c0                vect_CAN1
                0x20001628                vect_EXTI9_5
                0x20001690                enqueueByDeadline
                0x200016e8                enqueueByBaseline
                0x20001740                dequeue
                0x20001790                dequeue_pool
                0x200017e0                insert
                0x20001804                push
                0x20001828                pop
                0x200018aa                vect_TIM5
                0x2000193c                __svc_dispatch
                0x2000194c                __pendSV_dispatch
                0x20001abc                async
                0x20001bf8                sync
                0x20001d04                ABORT
                0x20001db8                T_RESET
                0x20001df4                T_SAMPLE
                0x20001e34                CURRENT_OFFSET
                0x20001fe0                install
                0x200020ac                tinytimber
 .text          0x20002110       0xf4 ./Debug/dispatch.s.o
                0x20002110                vect_SVCall
                0x20002114                vect_PendSV
 .text          0x20002204      0x61c ./Debug/application.c.o
                0x20002204                receiver
                0x2000227c                reader
                0x200022dc                CANHandler
                0x200024d0                keyHandler
                0x20002628                print
                0x20002660                receiveKey
                0x20002734                recieveBPM
                0x20002794                startApp
                0x200027e0                main
 .text          0x20002820      0x450 ./Debug/driver_src_stm32f4xx_dac.c.o
                0x20002820                DAC_DeInit
                0x2000283c                DAC_Init
                0x200028a4                DAC_StructInit
                0x200028d0                DAC_Cmd
                0x2000291c                DAC_SoftwareTriggerCmd
                0x2000296c                DAC_DualSoftwareTriggerCmd
                0x200029a8                DAC_WaveGenerationCmd
                0x200029f4                DAC_SetChannel1Data
                0x20002a2c                DAC_SetChannel2Data
                0x20002a64                DAC_SetDualChannelData
                0x20002abc                DAC_GetDataOutputValue
                0x20002af0                DAC_DMACmd
                0x20002b40                DAC_ITConfig
                0x20002b8c                DAC_GetFlagStatus
                0x20002bc8                DAC_ClearFlag
                0x20002bf0                DAC_GetITStatus
                0x20002c48                DAC_ClearITPendingBit
 .text          0x20002c70      0x434 ./Debug/canTinyTimber.c.o
                0x20002cf8                can_init
                0x20002db0                can_interrupt
                0x20002f38                can_receive
                0x20003002                can_send
 .text          0x200030a4      0x970 ./Debug/driver_src_stm32f4xx_usart.c.o
                0x200030a4                USART_DeInit
                0x200031bc                USART_Init
                0x20003330                USART_StructInit
                0x2000336a                USART_ClockInit
                0x200033c0                USART_ClockStructInit
                0x200033ec                USART_Cmd
                0x2000342c                USART_SetPrescaler
                0x20003466                USART_OverSampling8Cmd
                0x200034aa                USART_OneBitMethodCmd
                0x200034ea                USART_SendData
                0x2000350e                USART_ReceiveData
                0x2000352e                USART_SetAddress
                0x20003568                USART_ReceiverWakeUpCmd
                0x200035a8                USART_WakeUpConfig
                0x200035e0                USART_LINBreakDetectLengthConfig
                0x20003618                USART_LINCmd
                0x20003658                USART_SendBreak
                0x2000367c                USART_HalfDuplexCmd
                0x200036bc                USART_SetGuardTime
                0x200036f8                USART_SmartCardCmd
                0x20003738                USART_SmartCardNACKCmd
                0x20003778                USART_IrDAConfig
                0x200037b0                USART_IrDACmd
                0x200037f0                USART_DMACmd
                0x20003838                USART_ITConfig
                0x200038c8                USART_GetFlagStatus
                0x20003900                USART_ClearFlag
                0x20003922                USART_GetITStatus
                0x200039d8                USART_ClearITPendingBit
 .text          0x20003a14      0x3dc ./Debug/part1.c.o
                0x20003a14                toggleDeadlinesToneGenerator
                0x20003a3a                toggleMute
                0x20003a5a                volume
                0x20003a9e                setDAC
                0x20003b2c                dummySetDac
                0x20003c28                setSilence
                0x20003c44                setPeriod
                0x20003c60                toggleDeadlinesBackgroundTask
                0x20003c86                load
                0x20003cd0                runLoad
                0x20003d20                dummyRunLoad
 .text          0x20003df0      0x32c ./Debug/startup.c.o
 .text          0x2000411c      0x3ec ./Debug/part0.c.o
                0x2000411c                setMelodyPeriods
                0x20004178                setKey
                0x20004194                readBufferAdd
                0x200041c0                endBuffer
                0x200041f0                addThreeHist
                0x20004240                emptyThreeHist
                0x20004274                sumBuffer
                0x2000429a                medianBuffer
                0x2000432a                calculateEdgesGeneral
                0x200043bc                generatePeriodGeneral
                0x200044ac                setMelodyPeriodsGeneral
 .text          0x20004508     0x1c1c ./Debug/driver_src_stm32f4xx_tim.c.o
                0x20004508                TIM_DeInit
                0x200046c8                TIM_TimeBaseInit
                0x200047a0                TIM_TimeBaseStructInit
                0x200047d4                TIM_PrescalerConfig
                0x200047fc                TIM_CounterModeConfig
                0x20004834                TIM_SetCounter
                0x20004850                TIM_SetAutoreload
                0x2000486c                TIM_GetCounter
                0x20004884                TIM_GetPrescaler
                0x2000489e                TIM_UpdateDisableConfig
                0x200048de                TIM_UpdateRequestConfig
                0x2000491e                TIM_ARRPreloadConfig
                0x2000495e                TIM_SelectOnePulseMode
                0x20004996                TIM_SetClockDivision
                0x200049ce                TIM_Cmd
                0x20004a0e                TIM_OC1Init
                0x20004b04                TIM_OC2Init
                0x20004c14                TIM_OC3Init
                0x20004d20                TIM_OC4Init
                0x20004df0                TIM_OCStructInit
                0x20004e34                TIM_SelectOCxM
                0x20004eea                TIM_SetCompare1
                0x20004f06                TIM_SetCompare2
                0x20004f22                TIM_SetCompare3
                0x20004f3e                TIM_SetCompare4
                0x20004f5a                TIM_ForcedOC1Config
                0x20004f92                TIM_ForcedOC2Config
                0x20004fce                TIM_ForcedOC3Config
                0x20005006                TIM_ForcedOC4Config
                0x20005042                TIM_OC1PreloadConfig
                0x2000507a                TIM_OC2PreloadConfig
                0x200050b6                TIM_OC3PreloadConfig
                0x200050ee                TIM_OC4PreloadConfig
                0x2000512a                TIM_OC1FastConfig
                0x20005162                TIM_OC2FastConfig
                0x2000519e                TIM_OC3FastConfig
                0x200051d6                TIM_OC4FastConfig
                0x20005212                TIM_ClearOC1Ref
                0x2000524a                TIM_ClearOC2Ref
                0x20005286                TIM_ClearOC3Ref
                0x200052be                TIM_ClearOC4Ref
                0x200052fa                TIM_OC1PolarityConfig
                0x20005332                TIM_OC1NPolarityConfig
                0x2000536a                TIM_OC2PolarityConfig
                0x200053a6                TIM_OC2NPolarityConfig
                0x200053e2                TIM_OC3PolarityConfig
                0x2000541e                TIM_OC3NPolarityConfig
                0x2000545a                TIM_OC4PolarityConfig
                0x20005496                TIM_CCxCmd
                0x200054ec                TIM_CCxNCmd
                0x20005542                TIM_ICInit
                0x200055ea                TIM_ICStructInit
                0x2000561c                TIM_PWMIConfig
                0x200056d4                TIM_GetCapture1
                0x200056ec                TIM_GetCapture2
                0x20005704                TIM_GetCapture3
                0x2000571c                TIM_GetCapture4
                0x20005734                TIM_SetIC1Prescaler
                0x2000576c                TIM_SetIC2Prescaler
                0x200057a8                TIM_SetIC3Prescaler
                0x200057e0                TIM_SetIC4Prescaler
                0x2000581c                TIM_BDTRConfig
                0x2000586c                TIM_BDTRStructInit
                0x200058aa                TIM_CtrlPWMOutputs
                0x200058f6                TIM_SelectCOM
                0x20005936                TIM_CCPreloadControl
                0x20005976                TIM_ITConfig
                0x200059be                TIM_GenerateEvent
                0x200059dc                TIM_GetFlagStatus
                0x20005a14                TIM_ClearFlag
                0x20005a36                TIM_GetITStatus
                0x20005a8a                TIM_ClearITPendingBit
                0x20005aac                TIM_DMAConfig
                0x20005ad6                TIM_DMACmd
                0x20005b1e                TIM_SelectCCDMA
                0x20005b5e                TIM_InternalClockConfig
                0x20005b82                TIM_ITRxExternalClockConfig
                0x20005bb0                TIM_TIxExternalClockConfig
                0x20005c0c                TIM_ETRClockMode1Config
                0x20005c6a                TIM_ETRClockMode2Config
                0x20005ca8                TIM_SelectInputTrigger
                0x20005ce0                TIM_SelectOutputTrigger
                0x20005d18                TIM_SelectSlaveMode
                0x20005d50                TIM_SelectMasterSlaveMode
                0x20005d88                TIM_ETRConfig
                0x20005ddc                TIM_EncoderInterfaceConfig
                0x20005e74                TIM_SelectHallSensor
                0x20005eb4                TIM_RemapConfig
 .text          0x20006124      0x4d8 ./Debug/driver_src_stm32f4xx_gpio.c.o
                0x20006124                GPIO_DeInit
                0x20006288                GPIO_Init
                0x200063a6                GPIO_StructInit
                0x200063da                GPIO_PinLockConfig
                0x2000641e                GPIO_ReadInputDataBit
                0x20006452                GPIO_ReadInputData
                0x2000646c                GPIO_ReadOutputDataBit
                0x200064a0                GPIO_ReadOutputData
                0x200064ba                GPIO_SetBits
                0x200064d8                GPIO_ResetBits
                0x200064f6                GPIO_WriteBit
                0x20006526                GPIO_Write
                0x20006544                GPIO_ToggleBits
                0x20006568                GPIO_PinAFConfig
 .text          0x200065fc     0x11b4 ./Debug/driver_src_stm32f4xx_can.c.o
                0x200065fc                CAN_DeInit
                0x20006644                CAN_Init
                0x200067e6                CAN_FilterInit
                0x2000696c                CAN_StructInit
                0x200069c2                CAN_SlaveStartBank
                0x20006a24                CAN_DBGFreeze
                0x20006a5c                CAN_TTComModeCmd
                0x20006af4                CAN_Transmit
                0x20006c96                CAN_TransmitStatus
                0x20006d9c                CAN_CancelTransmit
                0x20006df4                CAN_Receive
                0x20006f70                CAN_FIFORelease
                0x20006fa8                CAN_MessagePending
                0x20006ff2                CAN_OperatingModeRequest
                0x200070ee                CAN_Sleep
                0x20007128                CAN_WakeUp
                0x2000717e                CAN_GetLastErrorCode
                0x200071a4                CAN_GetReceiveErrorCounter
                0x200071c6                CAN_GetLSBTransmitErrorCounter
                0x200071e8                CAN_ITConfig
                0x20007224                CAN_GetFlagStatus
                0x200072f2                CAN_ClearFlag
                0x20007364                CAN_GetITStatus
                0x200075c8                CAN_ClearITPendingBit
 .text          0x200077b0      0x210 ./Debug/driver_src_stm32f4xx_exti.c.o
                0x200077b0                EXTI_DeInit
                0x200077e4                EXTI_Init
                0x200078c8                EXTI_StructInit
                0x200078f4                EXTI_GenerateSWInterrupt
                0x20007918                EXTI_GetFlagStatus
                0x2000794c                EXTI_ClearFlag
                0x2000796c                EXTI_GetITStatus
                0x200079a0                EXTI_ClearITPendingBit
 .text          0x200079c0      0x154 ./Debug/driver_src_stm32f4xx_syscfg.c.o
                0x200079c0                SYSCFG_DeInit
                0x200079dc                SYSCFG_MemoryRemapConfig
                0x200079fc                SYSCFG_MemorySwappingBank
                0x20007a1c                SYSCFG_EXTILineConfig
                0x20007aa0                SYSCFG_ETH_MediaInterfaceConfig
                0x20007ac0                SYSCFG_CompensationCellCmd
                0x20007ae0                SYSCFG_GetCompensationCellStatus
 .text          0x20007b14        0x0 c:/cseapp/codelite/tools/gcc-arm/bin/../lib/gcc/arm-none-eabi/9.2.1/../../../../arm-none-eabi/lib/thumb/v7e-m+fp/hard\libc_nano.a(lib_a-atoi.o)
 .text          0x20007b14        0x0 c:/cseapp/codelite/tools/gcc-arm/bin/../lib/gcc/arm-none-eabi/9.2.1/../../../../arm-none-eabi/lib/thumb/v7e-m+fp/hard\libc_nano.a(lib_a-sprintf.o)
 .text          0x20007b14        0x0 c:/cseapp/codelite/tools/gcc-arm/bin/../lib/gcc/arm-none-eabi/9.2.1/../../../../arm-none-eabi/lib/thumb/v7e-m+fp/hard\libc_nano.a(lib_a-strtol.o)
 .text          0x20007b14        0x0 c:/cseapp/codelite/tools/gcc-arm/bin/../lib/gcc/arm-none-eabi/9.2.1/../../../../arm-none-eabi/lib/thumb/v7e-m+fp/hard\libc_nano.a(lib_a-ctype_.o)
 .text          0x20007b14        0x0 c:/cseapp/codelite/tools/gcc-arm/bin/../lib/gcc/arm-none-eabi/9.2.1/../../../../arm-none-eabi/lib/thumb/v7e-m+fp/hard\libc_nano.a(lib_a-impure.o)
 .text          0x20007b14        0x0 c:/cseapp/codelite/tools/gcc-arm/bin/../lib/gcc/arm-none-eabi/9.2.1/../../../../arm-none-eabi/lib/thumb/v7e-m+fp/hard\libc_nano.a(lib_a-nano-svfprintf.o)
 .text          0x20007b14        0x0 c:/cseapp/codelite/tools/gcc-arm/bin/../lib/gcc/arm-none-eabi/9.2.1/../../../../arm-none-eabi/lib/thumb/v7e-m+fp/hard\libc_nano.a(lib_a-nano-vfprintf_i.o)
 *fill*         0x20007b14        0xc 
 .text          0x20007b20       0xa0 c:/cseapp/codelite/tools/gcc-arm/bin/../lib/gcc/arm-none-eabi/9.2.1/../../../../arm-none-eabi/lib/thumb/v7e-m+fp/hard\libc_nano.a(lib_a-memchr.o)
                0x20007b20                memchr
 .text          0x20007bc0        0x0 c:/cseapp/codelite/tools/gcc-arm/bin/../lib/gcc/arm-none-eabi/9.2.1/../../../../arm-none-eabi/lib/thumb/v7e-m+fp/hard\libc_nano.a(lib_a-memcpy-stub.o)
 .text          0x20007bc0        0x0 c:/cseapp/codelite/tools/gcc-arm/bin/../lib/gcc/arm-none-eabi/9.2.1/../../../../arm-none-eabi/lib/thumb/v7e-m+fp/hard\libc_nano.a(lib_a-memmove.o)
 .text          0x20007bc0        0x0 c:/cseapp/codelite/tools/gcc-arm/bin/../lib/gcc/arm-none-eabi/9.2.1/../../../../arm-none-eabi/lib/thumb/v7e-m+fp/hard\libc_nano.a(lib_a-nano-freer.o)
 .text          0x20007bc0        0x0 c:/cseapp/codelite/tools/gcc-arm/bin/../lib/gcc/arm-none-eabi/9.2.1/../../../../arm-none-eabi/lib/thumb/v7e-m+fp/hard\libc_nano.a(lib_a-nano-mallocr.o)
 .text          0x20007bc0        0x0 c:/cseapp/codelite/tools/gcc-arm/bin/../lib/gcc/arm-none-eabi/9.2.1/../../../../arm-none-eabi/lib/thumb/v7e-m+fp/hard\libc_nano.a(lib_a-nano-reallocr.o)
 .text          0x20007bc0        0x0 c:/cseapp/codelite/tools/gcc-arm/bin/../lib/gcc/arm-none-eabi/9.2.1/../../../../arm-none-eabi/lib/thumb/v7e-m+fp/hard\libc_nano.a(lib_a-sbrkr.o)
 .text          0x20007bc0        0x0 c:/cseapp/codelite/tools/gcc-arm/bin/../lib/gcc/arm-none-eabi/9.2.1/../../../../arm-none-eabi/lib/thumb/v7e-m+fp/hard\libc_nano.a(lib_a-mlock.o)
 .text          0x20007bc0        0x0 c:/cseapp/codelite/tools/gcc-arm/bin/../lib/gcc/arm-none-eabi/9.2.1/../../../../arm-none-eabi/lib/thumb/v7e-m+fp/hard\libc_nano.a(lib_a-nano-msizer.o)
 .text          0x20007bc0        0x0 c:/cseapp/codelite/tools/gcc-arm/bin/../lib/gcc/arm-none-eabi/9.2.1/../../../../arm-none-eabi/lib/thumb/v7e-m+fp/hard\libc_nano.a(lib_a-reent.o)
 .text          0x20007bc0        0x0 c:/cseapp/codelite/tools/gcc-arm/bin/../lib/gcc/arm-none-eabi/9.2.1/../../../../arm-none-eabi/lib/thumb/v7e-m+fp/hard\libc_nano.a(lib_a-lock.o)
 *(.text.*)
 .text.atoi     0x20007bc0        0x8 c:/cseapp/codelite/tools/gcc-arm/bin/../lib/gcc/arm-none-eabi/9.2.1/../../../../arm-none-eabi/lib/thumb/v7e-m+fp/hard\libc_nano.a(lib_a-atoi.o)
                0x20007bc0                atoi
 .text._atoi_r  0x20007bc8        0x8 c:/cseapp/codelite/tools/gcc-arm/bin/../lib/gcc/arm-none-eabi/9.2.1/../../../../arm-none-eabi/lib/thumb/v7e-m+fp/hard\libc_nano.a(lib_a-atoi.o)
                0x20007bc8                _atoi_r
 .text._sprintf_r
                0x20007bd0       0x38 c:/cseapp/codelite/tools/gcc-arm/bin/../lib/gcc/arm-none-eabi/9.2.1/../../../../arm-none-eabi/lib/thumb/v7e-m+fp/hard\libc_nano.a(lib_a-sprintf.o)
                0x20007bd0                _sprintf_r
                0x20007bd0                _siprintf_r
 .text.sprintf  0x20007c08       0x40 c:/cseapp/codelite/tools/gcc-arm/bin/../lib/gcc/arm-none-eabi/9.2.1/../../../../arm-none-eabi/lib/thumb/v7e-m+fp/hard\libc_nano.a(lib_a-sprintf.o)
                0x20007c08                siprintf
                0x20007c08                sprintf
 .text._strtol_l.isra.0
                0x20007c48       0xf4 c:/cseapp/codelite/tools/gcc-arm/bin/../lib/gcc/arm-none-eabi/9.2.1/../../../../arm-none-eabi/lib/thumb/v7e-m+fp/hard\libc_nano.a(lib_a-strtol.o)
 .text._strtol_r
                0x20007d3c        0x4 c:/cseapp/codelite/tools/gcc-arm/bin/../lib/gcc/arm-none-eabi/9.2.1/../../../../arm-none-eabi/lib/thumb/v7e-m+fp/hard\libc_nano.a(lib_a-strtol.o)
                0x20007d3c                _strtol_r
 .text.strtol_l
                0x20007d40       0x14 c:/cseapp/codelite/tools/gcc-arm/bin/../lib/gcc/arm-none-eabi/9.2.1/../../../../arm-none-eabi/lib/thumb/v7e-m+fp/hard\libc_nano.a(lib_a-strtol.o)
                0x20007d40                strtol_l
 .text.strtol   0x20007d54       0x14 c:/cseapp/codelite/tools/gcc-arm/bin/../lib/gcc/arm-none-eabi/9.2.1/../../../../arm-none-eabi/lib/thumb/v7e-m+fp/hard\libc_nano.a(lib_a-strtol.o)
                0x20007d54                strtol
 .text.__ssputs_r
                0x20007d68       0xb6 c:/cseapp/codelite/tools/gcc-arm/bin/../lib/gcc/arm-none-eabi/9.2.1/../../../../arm-none-eabi/lib/thumb/v7e-m+fp/hard\libc_nano.a(lib_a-nano-svfprintf.o)
                0x20007d68                __ssputs_r
 .text.__ssprint_r
                0x20007e1e       0xf6 c:/cseapp/codelite/tools/gcc-arm/bin/../lib/gcc/arm-none-eabi/9.2.1/../../../../arm-none-eabi/lib/thumb/v7e-m+fp/hard\libc_nano.a(lib_a-nano-svfprintf.o)
                0x20007e1e                __ssprint_r
 .text._svfprintf_r
                0x20007f14      0x200 c:/cseapp/codelite/tools/gcc-arm/bin/../lib/gcc/arm-none-eabi/9.2.1/../../../../arm-none-eabi/lib/thumb/v7e-m+fp/hard\libc_nano.a(lib_a-nano-svfprintf.o)
                0x20007f14                _svfiprintf_r
                0x20007f14                _svfprintf_r
 .text._printf_common
                0x20008114       0xda c:/cseapp/codelite/tools/gcc-arm/bin/../lib/gcc/arm-none-eabi/9.2.1/../../../../arm-none-eabi/lib/thumb/v7e-m+fp/hard\libc_nano.a(lib_a-nano-vfprintf_i.o)
                0x20008114                _printf_common
 *fill*         0x200081ee        0x2 
 .text._printf_i
                0x200081f0      0x24c c:/cseapp/codelite/tools/gcc-arm/bin/../lib/gcc/arm-none-eabi/9.2.1/../../../../arm-none-eabi/lib/thumb/v7e-m+fp/hard\libc_nano.a(lib_a-nano-vfprintf_i.o)
                0x200081f0                _printf_i
 .text.memcpy   0x2000843c       0x1c c:/cseapp/codelite/tools/gcc-arm/bin/../lib/gcc/arm-none-eabi/9.2.1/../../../../arm-none-eabi/lib/thumb/v7e-m+fp/hard\libc_nano.a(lib_a-memcpy-stub.o)
                0x2000843c                memcpy
 .text.memmove  0x20008458       0x34 c:/cseapp/codelite/tools/gcc-arm/bin/../lib/gcc/arm-none-eabi/9.2.1/../../../../arm-none-eabi/lib/thumb/v7e-m+fp/hard\libc_nano.a(lib_a-memmove.o)
                0x20008458                memmove
 .text._free_r  0x2000848c       0xa0 c:/cseapp/codelite/tools/gcc-arm/bin/../lib/gcc/arm-none-eabi/9.2.1/../../../../arm-none-eabi/lib/thumb/v7e-m+fp/hard\libc_nano.a(lib_a-nano-freer.o)
                0x2000848c                _free_r
 .text._malloc_r
                0x2000852c       0xb4 c:/cseapp/codelite/tools/gcc-arm/bin/../lib/gcc/arm-none-eabi/9.2.1/../../../../arm-none-eabi/lib/thumb/v7e-m+fp/hard\libc_nano.a(lib_a-nano-mallocr.o)
                0x2000852c                _malloc_r
 .text._realloc_r
                0x200085e0       0x4c c:/cseapp/codelite/tools/gcc-arm/bin/../lib/gcc/arm-none-eabi/9.2.1/../../../../arm-none-eabi/lib/thumb/v7e-m+fp/hard\libc_nano.a(lib_a-nano-reallocr.o)
                0x200085e0                _realloc_r
 .text._sbrk_r  0x2000862c       0x20 c:/cseapp/codelite/tools/gcc-arm/bin/../lib/gcc/arm-none-eabi/9.2.1/../../../../arm-none-eabi/lib/thumb/v7e-m+fp/hard\libc_nano.a(lib_a-sbrkr.o)
                0x2000862c                _sbrk_r
 .text.__malloc_lock
                0x2000864c        0xc c:/cseapp/codelite/tools/gcc-arm/bin/../lib/gcc/arm-none-eabi/9.2.1/../../../../arm-none-eabi/lib/thumb/v7e-m+fp/hard\libc_nano.a(lib_a-mlock.o)
                0x2000864c                __malloc_lock
 .text.__malloc_unlock
                0x20008658        0xc c:/cseapp/codelite/tools/gcc-arm/bin/../lib/gcc/arm-none-eabi/9.2.1/../../../../arm-none-eabi/lib/thumb/v7e-m+fp/hard\libc_nano.a(lib_a-mlock.o)
                0x20008658                __malloc_unlock
 .text._malloc_usable_size_r
                0x20008664       0x10 c:/cseapp/codelite/tools/gcc-arm/bin/../lib/gcc/arm-none-eabi/9.2.1/../../../../arm-none-eabi/lib/thumb/v7e-m+fp/hard\libc_nano.a(lib_a-nano-msizer.o)
                0x20008664                _malloc_usable_size_r
 .text.cleanup_glue
                0x20008674       0x1a c:/cseapp/codelite/tools/gcc-arm/bin/../lib/gcc/arm-none-eabi/9.2.1/../../../../arm-none-eabi/lib/thumb/v7e-m+fp/hard\libc_nano.a(lib_a-reent.o)
                0x20008674                cleanup_glue
 *fill*         0x2000868e        0x2 
 .text._reclaim_reent
                0x20008690       0xb8 c:/cseapp/codelite/tools/gcc-arm/bin/../lib/gcc/arm-none-eabi/9.2.1/../../../../arm-none-eabi/lib/thumb/v7e-m+fp/hard\libc_nano.a(lib_a-reent.o)
                0x20008690                _reclaim_reent
 .text.__retarget_lock_init
                0x20008748        0x2 c:/cseapp/codelite/tools/gcc-arm/bin/../lib/gcc/arm-none-eabi/9.2.1/../../../../arm-none-eabi/lib/thumb/v7e-m+fp/hard\libc_nano.a(lib_a-lock.o)
                0x20008748                __retarget_lock_init
 .text.__retarget_lock_init_recursive
                0x2000874a        0x2 c:/cseapp/codelite/tools/gcc-arm/bin/../lib/gcc/arm-none-eabi/9.2.1/../../../../arm-none-eabi/lib/thumb/v7e-m+fp/hard\libc_nano.a(lib_a-lock.o)
                0x2000874a                __retarget_lock_init_recursive
 .text.__retarget_lock_close
                0x2000874c        0x2 c:/cseapp/codelite/tools/gcc-arm/bin/../lib/gcc/arm-none-eabi/9.2.1/../../../../arm-none-eabi/lib/thumb/v7e-m+fp/hard\libc_nano.a(lib_a-lock.o)
                0x2000874c                __retarget_lock_close
 .text.__retarget_lock_close_recursive
                0x2000874e        0x2 c:/cseapp/codelite/tools/gcc-arm/bin/../lib/gcc/arm-none-eabi/9.2.1/../../../../arm-none-eabi/lib/thumb/v7e-m+fp/hard\libc_nano.a(lib_a-lock.o)
                0x2000874e                __retarget_lock_close_recursive
 .text.__retarget_lock_acquire
                0x20008750        0x2 c:/cseapp/codelite/tools/gcc-arm/bin/../lib/gcc/arm-none-eabi/9.2.1/../../../../arm-none-eabi/lib/thumb/v7e-m+fp/hard\libc_nano.a(lib_a-lock.o)
                0x20008750                __retarget_lock_acquire
 .text.__retarget_lock_acquire_recursive
                0x20008752        0x2 c:/cseapp/codelite/tools/gcc-arm/bin/../lib/gcc/arm-none-eabi/9.2.1/../../../../arm-none-eabi/lib/thumb/v7e-m+fp/hard\libc_nano.a(lib_a-lock.o)
                0x20008752                __retarget_lock_acquire_recursive
 .text.__retarget_lock_try_acquire
                0x20008754        0x4 c:/cseapp/codelite/tools/gcc-arm/bin/../lib/gcc/arm-none-eabi/9.2.1/../../../../arm-none-eabi/lib/thumb/v7e-m+fp/hard\libc_nano.a(lib_a-lock.o)
                0x20008754                __retarget_lock_try_acquire
 .text.__retarget_lock_try_acquire_recursive
                0x20008758        0x4 c:/cseapp/codelite/tools/gcc-arm/bin/../lib/gcc/arm-none-eabi/9.2.1/../../../../arm-none-eabi/lib/thumb/v7e-m+fp/hard\libc_nano.a(lib_a-lock.o)
                0x20008758                __retarget_lock_try_acquire_recursive
 .text.__retarget_lock_release
                0x2000875c        0x2 c:/cseapp/codelite/tools/gcc-arm/bin/../lib/gcc/arm-none-eabi/9.2.1/../../../../arm-none-eabi/lib/thumb/v7e-m+fp/hard\libc_nano.a(lib_a-lock.o)
                0x2000875c                __retarget_lock_release
 .text.__retarget_lock_release_recursive
                0x2000875e        0x2 c:/cseapp/codelite/tools/gcc-arm/bin/../lib/gcc/arm-none-eabi/9.2.1/../../../../arm-none-eabi/lib/thumb/v7e-m+fp/hard\libc_nano.a(lib_a-lock.o)
                0x2000875e                __retarget_lock_release_recursive
 *(.rodata)
 .rodata        0x20008760       0x81 ./Debug/TinyTimber.c.o
 *fill*         0x200087e1        0x3 
 .rodata        0x200087e4      0x141 ./Debug/application.c.o
                0x200087e4                length
                0x200087e8                brotherJohn
                0x20008868                brotherJohnBeatLength
                0x20008888                brotherJohnBeatLength1
 *fill*         0x20008925        0x3 
 .rodata        0x20008928       0x8a ./Debug/canTinyTimber.c.o
 *fill*         0x200089b2        0x2 
 .rodata        0x200089b4       0x98 ./Debug/part0.c.o
                0x200089b4                notePeriods
                0x20008a18                notePeriodsGeneral
 *(.rodata*)
 .rodata._ctype_
                0x20008a4c      0x101 c:/cseapp/codelite/tools/gcc-arm/bin/../lib/gcc/arm-none-eabi/9.2.1/../../../../arm-none-eabi/lib/thumb/v7e-m+fp/hard\libc_nano.a(lib_a-ctype_.o)
                0x20008a4c                _ctype_
 *fill*         0x20008b4d        0x3 
 .rodata._global_impure_ptr
                0x20008b50        0x4 c:/cseapp/codelite/tools/gcc-arm/bin/../lib/gcc/arm-none-eabi/9.2.1/../../../../arm-none-eabi/lib/thumb/v7e-m+fp/hard\libc_nano.a(lib_a-impure.o)
                0x20008b50                _global_impure_ptr
 .rodata._svfprintf_r.str1.1
                0x20008b54       0x11 c:/cseapp/codelite/tools/gcc-arm/bin/../lib/gcc/arm-none-eabi/9.2.1/../../../../arm-none-eabi/lib/thumb/v7e-m+fp/hard\libc_nano.a(lib_a-nano-svfprintf.o)
 .rodata._printf_i.str1.1
                0x20008b65       0x22 c:/cseapp/codelite/tools/gcc-arm/bin/../lib/gcc/arm-none-eabi/9.2.1/../../../../arm-none-eabi/lib/thumb/v7e-m+fp/hard\libc_nano.a(lib_a-nano-vfprintf_i.o)
 *(.glue_7)
 .glue_7        0x20008b87        0x0 linker stubs
 *(.glue_7t)
 .glue_7t       0x20008b87        0x0 linker stubs
                0x20008b88                . = ALIGN (0x4)
 *fill*         0x20008b87        0x1 

.vfp11_veneer   0x20008b88        0x0
 .vfp11_veneer  0x20008b88        0x0 linker stubs

.v4_bx          0x20008b88        0x0
 .v4_bx         0x20008b88        0x0 linker stubs

.iplt           0x20008b88        0x0
 .iplt          0x20008b88        0x0 ./Debug/part2.c.o

.rel.dyn        0x20008b88        0x0
 .rel.iplt      0x20008b88        0x0 ./Debug/part2.c.o

.data           0x20008b88      0x690
                0x20008b88                . = ALIGN (0x4)
 *(.data)
 .data          0x20008b88        0x0 ./Debug/part2.c.o
 .data          0x20008b88       0x10 ./Debug/driver_src_stm32f4xx_rcc.c.o
 .data          0x20008b98        0x0 ./Debug/sciTinyTimber.c.o
 .data          0x20008b98       0x24 ./Debug/TinyTimber.c.o
                0x20008b98                hex
                0x20008bac                msgPool
                0x20008bb0                threadPool
                0x20008bb4                activeStack
                0x20008bb8                current
 .data          0x20008bbc       0x84 ./Debug/dispatch.s.o
 .data          0x20008c40      0x574 ./Debug/application.c.o
                0x20008c40                app
                0x20008c50                toneGenerator
                0x20008c6c                melody
                0x20008c80                musicPlayer
                0x20008d1c                sci0
                0x2000913c                can0
 .data          0x200091b4        0x0 ./Debug/driver_src_stm32f4xx_dac.c.o
 .data          0x200091b4        0x0 ./Debug/canTinyTimber.c.o
 .data          0x200091b4        0x0 ./Debug/driver_src_stm32f4xx_usart.c.o
 .data          0x200091b4        0x0 ./Debug/part1.c.o
 .data          0x200091b4        0x0 ./Debug/startup.c.o
 .data          0x200091b4        0x0 ./Debug/part0.c.o
 .data          0x200091b4        0x0 ./Debug/driver_src_stm32f4xx_tim.c.o
 .data          0x200091b4        0x0 ./Debug/driver_src_stm32f4xx_gpio.c.o
 .data          0x200091b4        0x0 ./Debug/driver_src_stm32f4xx_can.c.o
 .data          0x200091b4        0x0 ./Debug/driver_src_stm32f4xx_exti.c.o
 .data          0x200091b4        0x0 ./Debug/driver_src_stm32f4xx_syscfg.c.o
 .data          0x200091b4        0x0 c:/cseapp/codelite/tools/gcc-arm/bin/../lib/gcc/arm-none-eabi/9.2.1/../../../../arm-none-eabi/lib/thumb/v7e-m+fp/hard\libc_nano.a(lib_a-atoi.o)
 .data          0x200091b4        0x0 c:/cseapp/codelite/tools/gcc-arm/bin/../lib/gcc/arm-none-eabi/9.2.1/../../../../arm-none-eabi/lib/thumb/v7e-m+fp/hard\libc_nano.a(lib_a-sprintf.o)
 .data          0x200091b4        0x0 c:/cseapp/codelite/tools/gcc-arm/bin/../lib/gcc/arm-none-eabi/9.2.1/../../../../arm-none-eabi/lib/thumb/v7e-m+fp/hard\libc_nano.a(lib_a-strtol.o)
 .data          0x200091b4        0x0 c:/cseapp/codelite/tools/gcc-arm/bin/../lib/gcc/arm-none-eabi/9.2.1/../../../../arm-none-eabi/lib/thumb/v7e-m+fp/hard\libc_nano.a(lib_a-ctype_.o)
 .data          0x200091b4        0x0 c:/cseapp/codelite/tools/gcc-arm/bin/../lib/gcc/arm-none-eabi/9.2.1/../../../../arm-none-eabi/lib/thumb/v7e-m+fp/hard\libc_nano.a(lib_a-impure.o)
 .data          0x200091b4        0x0 c:/cseapp/codelite/tools/gcc-arm/bin/../lib/gcc/arm-none-eabi/9.2.1/../../../../arm-none-eabi/lib/thumb/v7e-m+fp/hard\libc_nano.a(lib_a-nano-svfprintf.o)
 .data          0x200091b4        0x0 c:/cseapp/codelite/tools/gcc-arm/bin/../lib/gcc/arm-none-eabi/9.2.1/../../../../arm-none-eabi/lib/thumb/v7e-m+fp/hard\libc_nano.a(lib_a-nano-vfprintf_i.o)
 .data          0x200091b4        0x0 c:/cseapp/codelite/tools/gcc-arm/bin/../lib/gcc/arm-none-eabi/9.2.1/../../../../arm-none-eabi/lib/thumb/v7e-m+fp/hard\libc_nano.a(lib_a-memchr.o)
 .data          0x200091b4        0x0 c:/cseapp/codelite/tools/gcc-arm/bin/../lib/gcc/arm-none-eabi/9.2.1/../../../../arm-none-eabi/lib/thumb/v7e-m+fp/hard\libc_nano.a(lib_a-memcpy-stub.o)
 .data          0x200091b4        0x0 c:/cseapp/codelite/tools/gcc-arm/bin/../lib/gcc/arm-none-eabi/9.2.1/../../../../arm-none-eabi/lib/thumb/v7e-m+fp/hard\libc_nano.a(lib_a-memmove.o)
 .data          0x200091b4        0x0 c:/cseapp/codelite/tools/gcc-arm/bin/../lib/gcc/arm-none-eabi/9.2.1/../../../../arm-none-eabi/lib/thumb/v7e-m+fp/hard\libc_nano.a(lib_a-nano-freer.o)
 .data          0x200091b4        0x0 c:/cseapp/codelite/tools/gcc-arm/bin/../lib/gcc/arm-none-eabi/9.2.1/../../../../arm-none-eabi/lib/thumb/v7e-m+fp/hard\libc_nano.a(lib_a-nano-mallocr.o)
 .data          0x200091b4        0x0 c:/cseapp/codelite/tools/gcc-arm/bin/../lib/gcc/arm-none-eabi/9.2.1/../../../../arm-none-eabi/lib/thumb/v7e-m+fp/hard\libc_nano.a(lib_a-nano-reallocr.o)
 .data          0x200091b4        0x0 c:/cseapp/codelite/tools/gcc-arm/bin/../lib/gcc/arm-none-eabi/9.2.1/../../../../arm-none-eabi/lib/thumb/v7e-m+fp/hard\libc_nano.a(lib_a-sbrkr.o)
 .data          0x200091b4        0x0 c:/cseapp/codelite/tools/gcc-arm/bin/../lib/gcc/arm-none-eabi/9.2.1/../../../../arm-none-eabi/lib/thumb/v7e-m+fp/hard\libc_nano.a(lib_a-mlock.o)
 .data          0x200091b4        0x0 c:/cseapp/codelite/tools/gcc-arm/bin/../lib/gcc/arm-none-eabi/9.2.1/../../../../arm-none-eabi/lib/thumb/v7e-m+fp/hard\libc_nano.a(lib_a-nano-msizer.o)
 .data          0x200091b4        0x0 c:/cseapp/codelite/tools/gcc-arm/bin/../lib/gcc/arm-none-eabi/9.2.1/../../../../arm-none-eabi/lib/thumb/v7e-m+fp/hard\libc_nano.a(lib_a-reent.o)
 .data          0x200091b4        0x0 c:/cseapp/codelite/tools/gcc-arm/bin/../lib/gcc/arm-none-eabi/9.2.1/../../../../arm-none-eabi/lib/thumb/v7e-m+fp/hard\libc_nano.a(lib_a-lock.o)
 *(.data.*)
 .data._impure_ptr
                0x200091b4        0x4 c:/cseapp/codelite/tools/gcc-arm/bin/../lib/gcc/arm-none-eabi/9.2.1/../../../../arm-none-eabi/lib/thumb/v7e-m+fp/hard\libc_nano.a(lib_a-impure.o)
                0x200091b4                _impure_ptr
 .data.impure_data
                0x200091b8       0x60 c:/cseapp/codelite/tools/gcc-arm/bin/../lib/gcc/arm-none-eabi/9.2.1/../../../../arm-none-eabi/lib/thumb/v7e-m+fp/hard\libc_nano.a(lib_a-impure.o)
                0x20009218                . = ALIGN (0x4)

.igot.plt       0x20009218        0x0
 .igot.plt      0x20009218        0x0 ./Debug/part2.c.o

.bss            0x20009218     0x83c8
                0x20009218                . = ALIGN (0x4)
                0x20009218                _sbss = .
 *(.bss)
 .bss           0x20009218        0x0 ./Debug/part2.c.o
 .bss           0x20009218        0x0 ./Debug/driver_src_stm32f4xx_rcc.c.o
 .bss           0x20009218        0x0 ./Debug/sciTinyTimber.c.o
 .bss           0x20009218       0x18 ./Debug/TinyTimber.c.o
                0x20009218                msgQ
                0x2000921c                timerQ
                0x20009220                runAsHardware
                0x20009224                doIRQSchedule
                0x20009228                timestamp
                0x2000922c                overflows
 .bss           0x20009230        0x0 ./Debug/dispatch.s.o
 .bss           0x20009230       0x40 ./Debug/application.c.o
                0x20009230                readBuffer
 .bss           0x20009270        0x0 ./Debug/driver_src_stm32f4xx_dac.c.o
 .bss           0x20009270        0x0 ./Debug/canTinyTimber.c.o
 .bss           0x20009270        0x0 ./Debug/driver_src_stm32f4xx_usart.c.o
 .bss           0x20009270        0x0 ./Debug/part1.c.o
 .bss           0x20009270        0x0 ./Debug/startup.c.o
 .bss           0x20009270        0x0 ./Debug/part0.c.o
 .bss           0x20009270        0x0 ./Debug/driver_src_stm32f4xx_tim.c.o
 .bss           0x20009270        0x0 ./Debug/driver_src_stm32f4xx_gpio.c.o
 .bss           0x20009270        0x0 ./Debug/driver_src_stm32f4xx_can.c.o
 .bss           0x20009270        0x0 ./Debug/driver_src_stm32f4xx_exti.c.o
 .bss           0x20009270        0x0 ./Debug/driver_src_stm32f4xx_syscfg.c.o
 .bss           0x20009270        0x0 c:/cseapp/codelite/tools/gcc-arm/bin/../lib/gcc/arm-none-eabi/9.2.1/../../../../arm-none-eabi/lib/thumb/v7e-m+fp/hard\libc_nano.a(lib_a-atoi.o)
 .bss           0x20009270        0x0 c:/cseapp/codelite/tools/gcc-arm/bin/../lib/gcc/arm-none-eabi/9.2.1/../../../../arm-none-eabi/lib/thumb/v7e-m+fp/hard\libc_nano.a(lib_a-sprintf.o)
 .bss           0x20009270        0x0 c:/cseapp/codelite/tools/gcc-arm/bin/../lib/gcc/arm-none-eabi/9.2.1/../../../../arm-none-eabi/lib/thumb/v7e-m+fp/hard\libc_nano.a(lib_a-strtol.o)
 .bss           0x20009270        0x0 c:/cseapp/codelite/tools/gcc-arm/bin/../lib/gcc/arm-none-eabi/9.2.1/../../../../arm-none-eabi/lib/thumb/v7e-m+fp/hard\libc_nano.a(lib_a-ctype_.o)
 .bss           0x20009270        0x0 c:/cseapp/codelite/tools/gcc-arm/bin/../lib/gcc/arm-none-eabi/9.2.1/../../../../arm-none-eabi/lib/thumb/v7e-m+fp/hard\libc_nano.a(lib_a-impure.o)
 .bss           0x20009270        0x0 c:/cseapp/codelite/tools/gcc-arm/bin/../lib/gcc/arm-none-eabi/9.2.1/../../../../arm-none-eabi/lib/thumb/v7e-m+fp/hard\libc_nano.a(lib_a-nano-svfprintf.o)
 .bss           0x20009270        0x0 c:/cseapp/codelite/tools/gcc-arm/bin/../lib/gcc/arm-none-eabi/9.2.1/../../../../arm-none-eabi/lib/thumb/v7e-m+fp/hard\libc_nano.a(lib_a-nano-vfprintf_i.o)
 .bss           0x20009270        0x0 c:/cseapp/codelite/tools/gcc-arm/bin/../lib/gcc/arm-none-eabi/9.2.1/../../../../arm-none-eabi/lib/thumb/v7e-m+fp/hard\libc_nano.a(lib_a-memchr.o)
 .bss           0x20009270        0x0 c:/cseapp/codelite/tools/gcc-arm/bin/../lib/gcc/arm-none-eabi/9.2.1/../../../../arm-none-eabi/lib/thumb/v7e-m+fp/hard\libc_nano.a(lib_a-memcpy-stub.o)
 .bss           0x20009270        0x0 c:/cseapp/codelite/tools/gcc-arm/bin/../lib/gcc/arm-none-eabi/9.2.1/../../../../arm-none-eabi/lib/thumb/v7e-m+fp/hard\libc_nano.a(lib_a-memmove.o)
 .bss           0x20009270        0x0 c:/cseapp/codelite/tools/gcc-arm/bin/../lib/gcc/arm-none-eabi/9.2.1/../../../../arm-none-eabi/lib/thumb/v7e-m+fp/hard\libc_nano.a(lib_a-nano-freer.o)
 .bss           0x20009270        0x0 c:/cseapp/codelite/tools/gcc-arm/bin/../lib/gcc/arm-none-eabi/9.2.1/../../../../arm-none-eabi/lib/thumb/v7e-m+fp/hard\libc_nano.a(lib_a-nano-mallocr.o)
 .bss           0x20009270        0x0 c:/cseapp/codelite/tools/gcc-arm/bin/../lib/gcc/arm-none-eabi/9.2.1/../../../../arm-none-eabi/lib/thumb/v7e-m+fp/hard\libc_nano.a(lib_a-nano-reallocr.o)
 .bss           0x20009270        0x0 c:/cseapp/codelite/tools/gcc-arm/bin/../lib/gcc/arm-none-eabi/9.2.1/../../../../arm-none-eabi/lib/thumb/v7e-m+fp/hard\libc_nano.a(lib_a-sbrkr.o)
 .bss           0x20009270        0x0 c:/cseapp/codelite/tools/gcc-arm/bin/../lib/gcc/arm-none-eabi/9.2.1/../../../../arm-none-eabi/lib/thumb/v7e-m+fp/hard\libc_nano.a(lib_a-mlock.o)
 .bss           0x20009270        0x0 c:/cseapp/codelite/tools/gcc-arm/bin/../lib/gcc/arm-none-eabi/9.2.1/../../../../arm-none-eabi/lib/thumb/v7e-m+fp/hard\libc_nano.a(lib_a-nano-msizer.o)
 .bss           0x20009270        0x0 c:/cseapp/codelite/tools/gcc-arm/bin/../lib/gcc/arm-none-eabi/9.2.1/../../../../arm-none-eabi/lib/thumb/v7e-m+fp/hard\libc_nano.a(lib_a-reent.o)
 .bss           0x20009270        0x0 c:/cseapp/codelite/tools/gcc-arm/bin/../lib/gcc/arm-none-eabi/9.2.1/../../../../arm-none-eabi/lib/thumb/v7e-m+fp/hard\libc_nano.a(lib_a-lock.o)
 *(.bss.*)
 .bss.__malloc_free_list
                0x20009270        0x4 c:/cseapp/codelite/tools/gcc-arm/bin/../lib/gcc/arm-none-eabi/9.2.1/../../../../arm-none-eabi/lib/thumb/v7e-m+fp/hard\libc_nano.a(lib_a-nano-mallocr.o)
                0x20009270                __malloc_free_list
 .bss.__malloc_sbrk_start
                0x20009274        0x4 c:/cseapp/codelite/tools/gcc-arm/bin/../lib/gcc/arm-none-eabi/9.2.1/../../../../arm-none-eabi/lib/thumb/v7e-m+fp/hard\libc_nano.a(lib_a-nano-mallocr.o)
                0x20009274                __malloc_sbrk_start
 *(COMMON)
 COMMON         0x20009278     0x8358 ./Debug/TinyTimber.c.o
                0x20009278                otable
                0x20009284                upcoming
                0x20009288                threads
                0x200092d8                mtable
                0x200092e4                thread0
                0x200092f8                messages
                0x200095c8                __heap_end
                0x200095d0                stacks
 COMMON         0x200115d0        0x4 c:/cseapp/codelite/tools/gcc-arm/bin/../lib/gcc/arm-none-eabi/9.2.1/../../../../arm-none-eabi/lib/thumb/v7e-m+fp/hard\libc_nano.a(lib_a-reent.o)
                0x200115d0                errno
 COMMON         0x200115d4        0x9 c:/cseapp/codelite/tools/gcc-arm/bin/../lib/gcc/arm-none-eabi/9.2.1/../../../../arm-none-eabi/lib/thumb/v7e-m+fp/hard\libc_nano.a(lib_a-lock.o)
                0x200115d4                __lock___atexit_recursive_mutex
                0x200115d5                __lock___arc4random_mutex
                0x200115d6                __lock___env_recursive_mutex
                0x200115d7                __lock___sinit_recursive_mutex
                0x200115d8                __lock___malloc_recursive_mutex
                0x200115d9                __lock___at_quick_exit_mutex
                0x200115da                __lock___dd_hash_mutex
                0x200115db                __lock___tz_mutex
                0x200115dc                __lock___sfp_recursive_mutex
                0x200115e0                . = ALIGN (0x4)
 *fill*         0x200115dd        0x3 
                0x200115e0                _ebss = .
                0x200115e0                PROVIDE (end = _ebss)
                [!provide]                PROVIDE (_end = _ebss)
OUTPUT(./Debug/RTS-Lab.elf elf32-littlearm)

.debug_info     0x00000000     0xd056
 .debug_info    0x00000000      0xc85 ./Debug/part2.c.o
 .debug_info    0x00000c85      0xef4 ./Debug/driver_src_stm32f4xx_rcc.c.o
 .debug_info    0x00001b79      0x9d1 ./Debug/sciTinyTimber.c.o
 .debug_info    0x0000254a     0x183c ./Debug/TinyTimber.c.o
 .debug_info    0x00003d86     0x1464 ./Debug/application.c.o
 .debug_info    0x000051ea      0x6af ./Debug/driver_src_stm32f4xx_dac.c.o
 .debug_info    0x00005899      0xdb4 ./Debug/canTinyTimber.c.o
 .debug_info    0x0000664d      0xa68 ./Debug/driver_src_stm32f4xx_usart.c.o
 .debug_info    0x000070b5      0xe86 ./Debug/part1.c.o
 .debug_info    0x00007f3b      0xade ./Debug/startup.c.o
 .debug_info    0x00008a19      0xef1 ./Debug/part0.c.o
 .debug_info    0x0000990a     0x1e26 ./Debug/driver_src_stm32f4xx_tim.c.o
 .debug_info    0x0000b730      0x67f ./Debug/driver_src_stm32f4xx_gpio.c.o
 .debug_info    0x0000bdaf      0xc60 ./Debug/driver_src_stm32f4xx_can.c.o
 .debug_info    0x0000ca0f      0x383 ./Debug/driver_src_stm32f4xx_exti.c.o
 .debug_info    0x0000cd92      0x2c4 ./Debug/driver_src_stm32f4xx_syscfg.c.o

.debug_abbrev   0x00000000     0x2636
 .debug_abbrev  0x00000000      0x295 ./Debug/part2.c.o
 .debug_abbrev  0x00000295      0x1f9 ./Debug/driver_src_stm32f4xx_rcc.c.o
 .debug_abbrev  0x0000048e      0x273 ./Debug/sciTinyTimber.c.o
 .debug_abbrev  0x00000701      0x4f2 ./Debug/TinyTimber.c.o
 .debug_abbrev  0x00000bf3      0x383 ./Debug/application.c.o
 .debug_abbrev  0x00000f76      0x1b9 ./Debug/driver_src_stm32f4xx_dac.c.o
 .debug_abbrev  0x0000112f      0x277 ./Debug/canTinyTimber.c.o
 .debug_abbrev  0x000013a6      0x1a8 ./Debug/driver_src_stm32f4xx_usart.c.o
 .debug_abbrev  0x0000154e      0x286 ./Debug/part1.c.o
 .debug_abbrev  0x000017d4      0x286 ./Debug/startup.c.o
 .debug_abbrev  0x00001a5a      0x2ae ./Debug/part0.c.o
 .debug_abbrev  0x00001d08      0x1c2 ./Debug/driver_src_stm32f4xx_tim.c.o
 .debug_abbrev  0x00001eca      0x1e6 ./Debug/driver_src_stm32f4xx_gpio.c.o
 .debug_abbrev  0x000020b0      0x238 ./Debug/driver_src_stm32f4xx_can.c.o
 .debug_abbrev  0x000022e8      0x1ea ./Debug/driver_src_stm32f4xx_exti.c.o
 .debug_abbrev  0x000024d2      0x164 ./Debug/driver_src_stm32f4xx_syscfg.c.o

.debug_aranges  0x00000000      0x208
 .debug_aranges
                0x00000000       0x20 ./Debug/part2.c.o
 .debug_aranges
                0x00000020       0x20 ./Debug/driver_src_stm32f4xx_rcc.c.o
 .debug_aranges
                0x00000040       0x20 ./Debug/sciTinyTimber.c.o
 .debug_aranges
                0x00000060       0x20 ./Debug/TinyTimber.c.o
 .debug_aranges
                0x00000080       0x20 ./Debug/application.c.o
 .debug_aranges
                0x000000a0       0x20 ./Debug/driver_src_stm32f4xx_dac.c.o
 .debug_aranges
                0x000000c0       0x20 ./Debug/canTinyTimber.c.o
 .debug_aranges
                0x000000e0       0x20 ./Debug/driver_src_stm32f4xx_usart.c.o
 .debug_aranges
                0x00000100       0x20 ./Debug/part1.c.o
 .debug_aranges
                0x00000120       0x28 ./Debug/startup.c.o
 .debug_aranges
                0x00000148       0x20 ./Debug/part0.c.o
 .debug_aranges
                0x00000168       0x20 ./Debug/driver_src_stm32f4xx_tim.c.o
 .debug_aranges
                0x00000188       0x20 ./Debug/driver_src_stm32f4xx_gpio.c.o
 .debug_aranges
                0x000001a8       0x20 ./Debug/driver_src_stm32f4xx_can.c.o
 .debug_aranges
                0x000001c8       0x20 ./Debug/driver_src_stm32f4xx_exti.c.o
 .debug_aranges
                0x000001e8       0x20 ./Debug/driver_src_stm32f4xx_syscfg.c.o

.debug_line     0x00000000     0x5101
 .debug_line    0x00000000      0x2ca ./Debug/part2.c.o
 .debug_line    0x000002ca      0x765 ./Debug/driver_src_stm32f4xx_rcc.c.o
 .debug_line    0x00000a2f      0x2ab ./Debug/sciTinyTimber.c.o
 .debug_line    0x00000cda      0xa76 ./Debug/TinyTimber.c.o
 .debug_line    0x00001750      0x38a ./Debug/application.c.o
 .debug_line    0x00001ada      0x3b2 ./Debug/driver_src_stm32f4xx_dac.c.o
 .debug_line    0x00001e8c      0x410 ./Debug/canTinyTimber.c.o
 .debug_line    0x0000229c      0x56f ./Debug/driver_src_stm32f4xx_usart.c.o
 .debug_line    0x0000280b      0x3e1 ./Debug/part1.c.o
 .debug_line    0x00002bec      0x368 ./Debug/startup.c.o
 .debug_line    0x00002f54      0x492 ./Debug/part0.c.o
 .debug_line    0x000033e6      0xb82 ./Debug/driver_src_stm32f4xx_tim.c.o
 .debug_line    0x00003f68      0x40d ./Debug/driver_src_stm32f4xx_gpio.c.o
 .debug_line    0x00004375      0x8b4 ./Debug/driver_src_stm32f4xx_can.c.o
 .debug_line    0x00004c29      0x2dc ./Debug/driver_src_stm32f4xx_exti.c.o
 .debug_line    0x00004f05      0x1fc ./Debug/driver_src_stm32f4xx_syscfg.c.o

.debug_str      0x00000000     0x3a79
 .debug_str     0x00000000      0x647 ./Debug/part2.c.o
                                0x6d7 (size before relaxing)
 .debug_str     0x00000647      0x801 ./Debug/driver_src_stm32f4xx_rcc.c.o
                                0x9e1 (size before relaxing)
 .debug_str     0x00000e48      0x64d ./Debug/sciTinyTimber.c.o
                                0x8bf (size before relaxing)
 .debug_str     0x00001495      0x449 ./Debug/TinyTimber.c.o
                                0xc9f (size before relaxing)
 .debug_str     0x000018de      0x20e ./Debug/application.c.o
                                0x923 (size before relaxing)
 .debug_str     0x00001aec      0x298 ./Debug/driver_src_stm32f4xx_dac.c.o
                                0x49f (size before relaxing)
 .debug_str     0x00001d84      0x12f ./Debug/canTinyTimber.c.o
                                0xa60 (size before relaxing)
 .debug_str     0x00001eb3      0x421 ./Debug/driver_src_stm32f4xx_usart.c.o
                                0x6db (size before relaxing)
 .debug_str     0x000022d4       0xfa ./Debug/part1.c.o
                                0x713 (size before relaxing)
 .debug_str     0x000023ce      0x406 ./Debug/startup.c.o
                                0x7e2 (size before relaxing)
 .debug_str     0x000027d4      0x136 ./Debug/part0.c.o
                                0x746 (size before relaxing)
 .debug_str     0x0000290a      0xa83 ./Debug/driver_src_stm32f4xx_tim.c.o
                                0xe1c (size before relaxing)
 .debug_str     0x0000338d      0x17e ./Debug/driver_src_stm32f4xx_gpio.c.o
                                0x4ef (size before relaxing)
 .debug_str     0x0000350b      0x2f7 ./Debug/driver_src_stm32f4xx_can.c.o
                                0x78a (size before relaxing)
 .debug_str     0x00003802       0xfd ./Debug/driver_src_stm32f4xx_exti.c.o
                                0x398 (size before relaxing)
 .debug_str     0x000038ff      0x17a ./Debug/driver_src_stm32f4xx_syscfg.c.o
                                0x35a (size before relaxing)

.comment        0x00000000       0x79
 .comment       0x00000000       0x79 ./Debug/part2.c.o
                                 0x7a (size before relaxing)
 .comment       0x00000079       0x7a ./Debug/driver_src_stm32f4xx_rcc.c.o
 .comment       0x00000079       0x7a ./Debug/sciTinyTimber.c.o
 .comment       0x00000079       0x7a ./Debug/TinyTimber.c.o
 .comment       0x00000079       0x7a ./Debug/application.c.o
 .comment       0x00000079       0x7a ./Debug/driver_src_stm32f4xx_dac.c.o
 .comment       0x00000079       0x7a ./Debug/canTinyTimber.c.o
 .comment       0x00000079       0x7a ./Debug/driver_src_stm32f4xx_usart.c.o
 .comment       0x00000079       0x7a ./Debug/part1.c.o
 .comment       0x00000079       0x7a ./Debug/startup.c.o
 .comment       0x00000079       0x7a ./Debug/part0.c.o
 .comment       0x00000079       0x7a ./Debug/driver_src_stm32f4xx_tim.c.o
 .comment       0x00000079       0x7a ./Debug/driver_src_stm32f4xx_gpio.c.o
 .comment       0x00000079       0x7a ./Debug/driver_src_stm32f4xx_can.c.o
 .comment       0x00000079       0x7a ./Debug/driver_src_stm32f4xx_exti.c.o
 .comment       0x00000079       0x7a ./Debug/driver_src_stm32f4xx_syscfg.c.o

.ARM.attributes
                0x00000000       0x32
 .ARM.attributes
                0x00000000       0x34 ./Debug/part2.c.o
 .ARM.attributes
                0x00000034       0x34 ./Debug/driver_src_stm32f4xx_rcc.c.o
 .ARM.attributes
                0x00000068       0x34 ./Debug/sciTinyTimber.c.o
 .ARM.attributes
                0x0000009c       0x34 ./Debug/TinyTimber.c.o
 .ARM.attributes
                0x000000d0       0x25 ./Debug/dispatch.s.o
 .ARM.attributes
                0x000000f5       0x34 ./Debug/application.c.o
 .ARM.attributes
                0x00000129       0x34 ./Debug/driver_src_stm32f4xx_dac.c.o
 .ARM.attributes
                0x0000015d       0x34 ./Debug/canTinyTimber.c.o
 .ARM.attributes
                0x00000191       0x34 ./Debug/driver_src_stm32f4xx_usart.c.o
 .ARM.attributes
                0x000001c5       0x34 ./Debug/part1.c.o
 .ARM.attributes
                0x000001f9       0x34 ./Debug/startup.c.o
 .ARM.attributes
                0x0000022d       0x34 ./Debug/part0.c.o
 .ARM.attributes
                0x00000261       0x34 ./Debug/driver_src_stm32f4xx_tim.c.o
 .ARM.attributes
                0x00000295       0x34 ./Debug/driver_src_stm32f4xx_gpio.c.o
 .ARM.attributes
                0x000002c9       0x34 ./Debug/driver_src_stm32f4xx_can.c.o
 .ARM.attributes
                0x000002fd       0x34 ./Debug/driver_src_stm32f4xx_exti.c.o
 .ARM.attributes
                0x00000331       0x34 ./Debug/driver_src_stm32f4xx_syscfg.c.o
 .ARM.attributes
                0x00000365       0x34 c:/cseapp/codelite/tools/gcc-arm/bin/../lib/gcc/arm-none-eabi/9.2.1/../../../../arm-none-eabi/lib/thumb/v7e-m+fp/hard\libc_nano.a(lib_a-atoi.o)
 .ARM.attributes
                0x00000399       0x34 c:/cseapp/codelite/tools/gcc-arm/bin/../lib/gcc/arm-none-eabi/9.2.1/../../../../arm-none-eabi/lib/thumb/v7e-m+fp/hard\libc_nano.a(lib_a-sprintf.o)
 .ARM.attributes
                0x000003cd       0x34 c:/cseapp/codelite/tools/gcc-arm/bin/../lib/gcc/arm-none-eabi/9.2.1/../../../../arm-none-eabi/lib/thumb/v7e-m+fp/hard\libc_nano.a(lib_a-strtol.o)
 .ARM.attributes
                0x00000401       0x32 c:/cseapp/codelite/tools/gcc-arm/bin/../lib/gcc/arm-none-eabi/9.2.1/../../../../arm-none-eabi/lib/thumb/v7e-m+fp/hard\libc_nano.a(lib_a-ctype_.o)
 .ARM.attributes
                0x00000433       0x32 c:/cseapp/codelite/tools/gcc-arm/bin/../lib/gcc/arm-none-eabi/9.2.1/../../../../arm-none-eabi/lib/thumb/v7e-m+fp/hard\libc_nano.a(lib_a-impure.o)
 .ARM.attributes
                0x00000465       0x34 c:/cseapp/codelite/tools/gcc-arm/bin/../lib/gcc/arm-none-eabi/9.2.1/../../../../arm-none-eabi/lib/thumb/v7e-m+fp/hard\libc_nano.a(lib_a-nano-svfprintf.o)
 .ARM.attributes
                0x00000499       0x34 c:/cseapp/codelite/tools/gcc-arm/bin/../lib/gcc/arm-none-eabi/9.2.1/../../../../arm-none-eabi/lib/thumb/v7e-m+fp/hard\libc_nano.a(lib_a-nano-vfprintf_i.o)
 .ARM.attributes
                0x000004cd       0x1c c:/cseapp/codelite/tools/gcc-arm/bin/../lib/gcc/arm-none-eabi/9.2.1/../../../../arm-none-eabi/lib/thumb/v7e-m+fp/hard\libc_nano.a(lib_a-memchr.o)
 .ARM.attributes
                0x000004e9       0x34 c:/cseapp/codelite/tools/gcc-arm/bin/../lib/gcc/arm-none-eabi/9.2.1/../../../../arm-none-eabi/lib/thumb/v7e-m+fp/hard\libc_nano.a(lib_a-memcpy-stub.o)
 .ARM.attributes
                0x0000051d       0x34 c:/cseapp/codelite/tools/gcc-arm/bin/../lib/gcc/arm-none-eabi/9.2.1/../../../../arm-none-eabi/lib/thumb/v7e-m+fp/hard\libc_nano.a(lib_a-memmove.o)
 .ARM.attributes
                0x00000551       0x34 c:/cseapp/codelite/tools/gcc-arm/bin/../lib/gcc/arm-none-eabi/9.2.1/../../../../arm-none-eabi/lib/thumb/v7e-m+fp/hard\libc_nano.a(lib_a-nano-freer.o)
 .ARM.attributes
                0x00000585       0x34 c:/cseapp/codelite/tools/gcc-arm/bin/../lib/gcc/arm-none-eabi/9.2.1/../../../../arm-none-eabi/lib/thumb/v7e-m+fp/hard\libc_nano.a(lib_a-nano-mallocr.o)
 .ARM.attributes
                0x000005b9       0x34 c:/cseapp/codelite/tools/gcc-arm/bin/../lib/gcc/arm-none-eabi/9.2.1/../../../../arm-none-eabi/lib/thumb/v7e-m+fp/hard\libc_nano.a(lib_a-nano-reallocr.o)
 .ARM.attributes
                0x000005ed       0x34 c:/cseapp/codelite/tools/gcc-arm/bin/../lib/gcc/arm-none-eabi/9.2.1/../../../../arm-none-eabi/lib/thumb/v7e-m+fp/hard\libc_nano.a(lib_a-sbrkr.o)
 .ARM.attributes
                0x00000621       0x34 c:/cseapp/codelite/tools/gcc-arm/bin/../lib/gcc/arm-none-eabi/9.2.1/../../../../arm-none-eabi/lib/thumb/v7e-m+fp/hard\libc_nano.a(lib_a-mlock.o)
 .ARM.attributes
                0x00000655       0x34 c:/cseapp/codelite/tools/gcc-arm/bin/../lib/gcc/arm-none-eabi/9.2.1/../../../../arm-none-eabi/lib/thumb/v7e-m+fp/hard\libc_nano.a(lib_a-nano-msizer.o)
 .ARM.attributes
                0x00000689       0x34 c:/cseapp/codelite/tools/gcc-arm/bin/../lib/gcc/arm-none-eabi/9.2.1/../../../../arm-none-eabi/lib/thumb/v7e-m+fp/hard\libc_nano.a(lib_a-reent.o)
 .ARM.attributes
                0x000006bd       0x34 c:/cseapp/codelite/tools/gcc-arm/bin/../lib/gcc/arm-none-eabi/9.2.1/../../../../arm-none-eabi/lib/thumb/v7e-m+fp/hard\libc_nano.a(lib_a-lock.o)

.debug_frame    0x00000000     0x3958
 .debug_frame   0x00000000       0xf8 ./Debug/part2.c.o
 .debug_frame   0x000000f8      0x814 ./Debug/driver_src_stm32f4xx_rcc.c.o
 .debug_frame   0x0000090c      0x11c ./Debug/sciTinyTimber.c.o
 .debug_frame   0x00000a28      0x57c ./Debug/TinyTimber.c.o
 .debug_frame   0x00000fa4      0x158 ./Debug/application.c.o
 .debug_frame   0x000010fc      0x2ac ./Debug/driver_src_stm32f4xx_dac.c.o
 .debug_frame   0x000013a8      0x100 ./Debug/canTinyTimber.c.o
 .debug_frame   0x000014a8      0x490 ./Debug/driver_src_stm32f4xx_usart.c.o
 .debug_frame   0x00001938      0x1b8 ./Debug/part1.c.o
 .debug_frame   0x00001af0      0x14c ./Debug/startup.c.o
 .debug_frame   0x00001c3c      0x1c4 ./Debug/part0.c.o
 .debug_frame   0x00001e00      0xe54 ./Debug/driver_src_stm32f4xx_tim.c.o
 .debug_frame   0x00002c54      0x23c ./Debug/driver_src_stm32f4xx_gpio.c.o
 .debug_frame   0x00002e90      0x3f8 ./Debug/driver_src_stm32f4xx_can.c.o
 .debug_frame   0x00003288      0x148 ./Debug/driver_src_stm32f4xx_exti.c.o
 .debug_frame   0x000033d0      0x11c ./Debug/driver_src_stm32f4xx_syscfg.c.o
 .debug_frame   0x000034ec       0x30 c:/cseapp/codelite/tools/gcc-arm/bin/../lib/gcc/arm-none-eabi/9.2.1/../../../../arm-none-eabi/lib/thumb/v7e-m+fp/hard\libc_nano.a(lib_a-atoi.o)
 .debug_frame   0x0000351c       0x6c c:/cseapp/codelite/tools/gcc-arm/bin/../lib/gcc/arm-none-eabi/9.2.1/../../../../arm-none-eabi/lib/thumb/v7e-m+fp/hard\libc_nano.a(lib_a-sprintf.o)
 .debug_frame   0x00003588       0x64 c:/cseapp/codelite/tools/gcc-arm/bin/../lib/gcc/arm-none-eabi/9.2.1/../../../../arm-none-eabi/lib/thumb/v7e-m+fp/hard\libc_nano.a(lib_a-strtol.o)
 .debug_frame   0x000035ec       0x90 c:/cseapp/codelite/tools/gcc-arm/bin/../lib/gcc/arm-none-eabi/9.2.1/../../../../arm-none-eabi/lib/thumb/v7e-m+fp/hard\libc_nano.a(lib_a-nano-svfprintf.o)
 .debug_frame   0x0000367c       0x60 c:/cseapp/codelite/tools/gcc-arm/bin/../lib/gcc/arm-none-eabi/9.2.1/../../../../arm-none-eabi/lib/thumb/v7e-m+fp/hard\libc_nano.a(lib_a-nano-vfprintf_i.o)
 .debug_frame   0x000036dc       0x28 c:/cseapp/codelite/tools/gcc-arm/bin/../lib/gcc/arm-none-eabi/9.2.1/../../../../arm-none-eabi/lib/thumb/v7e-m+fp/hard\libc_nano.a(lib_a-memcpy-stub.o)
 .debug_frame   0x00003704       0x28 c:/cseapp/codelite/tools/gcc-arm/bin/../lib/gcc/arm-none-eabi/9.2.1/../../../../arm-none-eabi/lib/thumb/v7e-m+fp/hard\libc_nano.a(lib_a-memmove.o)
 .debug_frame   0x0000372c       0x38 c:/cseapp/codelite/tools/gcc-arm/bin/../lib/gcc/arm-none-eabi/9.2.1/../../../../arm-none-eabi/lib/thumb/v7e-m+fp/hard\libc_nano.a(lib_a-nano-freer.o)
 .debug_frame   0x00003764       0x30 c:/cseapp/codelite/tools/gcc-arm/bin/../lib/gcc/arm-none-eabi/9.2.1/../../../../arm-none-eabi/lib/thumb/v7e-m+fp/hard\libc_nano.a(lib_a-nano-mallocr.o)
 .debug_frame   0x00003794       0x3c c:/cseapp/codelite/tools/gcc-arm/bin/../lib/gcc/arm-none-eabi/9.2.1/../../../../arm-none-eabi/lib/thumb/v7e-m+fp/hard\libc_nano.a(lib_a-nano-reallocr.o)
 .debug_frame   0x000037d0       0x2c c:/cseapp/codelite/tools/gcc-arm/bin/../lib/gcc/arm-none-eabi/9.2.1/../../../../arm-none-eabi/lib/thumb/v7e-m+fp/hard\libc_nano.a(lib_a-sbrkr.o)
 .debug_frame   0x000037fc       0x30 c:/cseapp/codelite/tools/gcc-arm/bin/../lib/gcc/arm-none-eabi/9.2.1/../../../../arm-none-eabi/lib/thumb/v7e-m+fp/hard\libc_nano.a(lib_a-mlock.o)
 .debug_frame   0x0000382c       0x20 c:/cseapp/codelite/tools/gcc-arm/bin/../lib/gcc/arm-none-eabi/9.2.1/../../../../arm-none-eabi/lib/thumb/v7e-m+fp/hard\libc_nano.a(lib_a-nano-msizer.o)
 .debug_frame   0x0000384c       0x5c c:/cseapp/codelite/tools/gcc-arm/bin/../lib/gcc/arm-none-eabi/9.2.1/../../../../arm-none-eabi/lib/thumb/v7e-m+fp/hard\libc_nano.a(lib_a-reent.o)
 .debug_frame   0x000038a8       0xb0 c:/cseapp/codelite/tools/gcc-arm/bin/../lib/gcc/arm-none-eabi/9.2.1/../../../../arm-none-eabi/lib/thumb/v7e-m+fp/hard\libc_nano.a(lib_a-lock.o)

.debug_ranges   0x00000000       0x18
 .debug_ranges  0x00000000       0x18 ./Debug/startup.c.o

Cross Reference Table

Symbol                                            File
ABORT                                             ./Debug/TinyTimber.c.o
CANHandler                                        ./Debug/application.c.o
CAN_CancelTransmit                                ./Debug/driver_src_stm32f4xx_can.c.o
CAN_ClearFlag                                     ./Debug/driver_src_stm32f4xx_can.c.o
CAN_ClearITPendingBit                             ./Debug/driver_src_stm32f4xx_can.c.o
CAN_DBGFreeze                                     ./Debug/driver_src_stm32f4xx_can.c.o
CAN_DeInit                                        ./Debug/driver_src_stm32f4xx_can.c.o
                                                  ./Debug/startup.c.o
CAN_FIFORelease                                   ./Debug/driver_src_stm32f4xx_can.c.o
CAN_FilterInit                                    ./Debug/driver_src_stm32f4xx_can.c.o
                                                  ./Debug/startup.c.o
CAN_GetFlagStatus                                 ./Debug/driver_src_stm32f4xx_can.c.o
                                                  ./Debug/canTinyTimber.c.o
CAN_GetITStatus                                   ./Debug/driver_src_stm32f4xx_can.c.o
CAN_GetLSBTransmitErrorCounter                    ./Debug/driver_src_stm32f4xx_can.c.o
CAN_GetLastErrorCode                              ./Debug/driver_src_stm32f4xx_can.c.o
CAN_GetReceiveErrorCounter                        ./Debug/driver_src_stm32f4xx_can.c.o
CAN_ITConfig                                      ./Debug/driver_src_stm32f4xx_can.c.o
                                                  ./Debug/canTinyTimber.c.o
CAN_Init                                          ./Debug/driver_src_stm32f4xx_can.c.o
                                                  ./Debug/canTinyTimber.c.o
CAN_MessagePending                                ./Debug/driver_src_stm32f4xx_can.c.o
CAN_OperatingModeRequest                          ./Debug/driver_src_stm32f4xx_can.c.o
CAN_Receive                                       ./Debug/driver_src_stm32f4xx_can.c.o
                                                  ./Debug/canTinyTimber.c.o
CAN_SlaveStartBank                                ./Debug/driver_src_stm32f4xx_can.c.o
CAN_Sleep                                         ./Debug/driver_src_stm32f4xx_can.c.o
CAN_StructInit                                    ./Debug/driver_src_stm32f4xx_can.c.o
                                                  ./Debug/canTinyTimber.c.o
CAN_TTComModeCmd                                  ./Debug/driver_src_stm32f4xx_can.c.o
CAN_Transmit                                      ./Debug/driver_src_stm32f4xx_can.c.o
                                                  ./Debug/canTinyTimber.c.o
CAN_TransmitStatus                                ./Debug/driver_src_stm32f4xx_can.c.o
CAN_WakeUp                                        ./Debug/driver_src_stm32f4xx_can.c.o
CURRENT_OFFSET                                    ./Debug/TinyTimber.c.o
                                                  ./Debug/part1.c.o
DAC_ClearFlag                                     ./Debug/driver_src_stm32f4xx_dac.c.o
DAC_ClearITPendingBit                             ./Debug/driver_src_stm32f4xx_dac.c.o
DAC_Cmd                                           ./Debug/driver_src_stm32f4xx_dac.c.o
                                                  ./Debug/startup.c.o
DAC_DMACmd                                        ./Debug/driver_src_stm32f4xx_dac.c.o
DAC_DeInit                                        ./Debug/driver_src_stm32f4xx_dac.c.o
                                                  ./Debug/startup.c.o
DAC_DualSoftwareTriggerCmd                        ./Debug/driver_src_stm32f4xx_dac.c.o
DAC_GetDataOutputValue                            ./Debug/driver_src_stm32f4xx_dac.c.o
DAC_GetFlagStatus                                 ./Debug/driver_src_stm32f4xx_dac.c.o
DAC_GetITStatus                                   ./Debug/driver_src_stm32f4xx_dac.c.o
DAC_ITConfig                                      ./Debug/driver_src_stm32f4xx_dac.c.o
DAC_Init                                          ./Debug/driver_src_stm32f4xx_dac.c.o
                                                  ./Debug/startup.c.o
DAC_SetChannel1Data                               ./Debug/driver_src_stm32f4xx_dac.c.o
DAC_SetChannel2Data                               ./Debug/driver_src_stm32f4xx_dac.c.o
                                                  ./Debug/startup.c.o
DAC_SetDualChannelData                            ./Debug/driver_src_stm32f4xx_dac.c.o
DAC_SoftwareTriggerCmd                            ./Debug/driver_src_stm32f4xx_dac.c.o
DAC_StructInit                                    ./Debug/driver_src_stm32f4xx_dac.c.o
                                                  ./Debug/startup.c.o
DAC_WaveGenerationCmd                             ./Debug/driver_src_stm32f4xx_dac.c.o
DUMP                                              ./Debug/TinyTimber.c.o
                                                  ./Debug/canTinyTimber.c.o
                                                  ./Debug/dispatch.s.o
DUMPC                                             ./Debug/TinyTimber.c.o
DUMPD                                             ./Debug/TinyTimber.c.o
                                                  ./Debug/dispatch.s.o
DUMPH                                             ./Debug/TinyTimber.c.o
                                                  ./Debug/dispatch.s.o
EXTI_ClearFlag                                    ./Debug/driver_src_stm32f4xx_exti.c.o
EXTI_ClearITPendingBit                            ./Debug/driver_src_stm32f4xx_exti.c.o
EXTI_DeInit                                       ./Debug/driver_src_stm32f4xx_exti.c.o
                                                  ./Debug/startup.c.o
EXTI_GenerateSWInterrupt                          ./Debug/driver_src_stm32f4xx_exti.c.o
EXTI_GetFlagStatus                                ./Debug/driver_src_stm32f4xx_exti.c.o
EXTI_GetITStatus                                  ./Debug/driver_src_stm32f4xx_exti.c.o
EXTI_Init                                         ./Debug/driver_src_stm32f4xx_exti.c.o
                                                  ./Debug/startup.c.o
EXTI_StructInit                                   ./Debug/driver_src_stm32f4xx_exti.c.o
                                                  ./Debug/startup.c.o
GPIO_DeInit                                       ./Debug/driver_src_stm32f4xx_gpio.c.o
                                                  ./Debug/startup.c.o
GPIO_Init                                         ./Debug/driver_src_stm32f4xx_gpio.c.o
                                                  ./Debug/startup.c.o
GPIO_PinAFConfig                                  ./Debug/driver_src_stm32f4xx_gpio.c.o
                                                  ./Debug/startup.c.o
GPIO_PinLockConfig                                ./Debug/driver_src_stm32f4xx_gpio.c.o
GPIO_ReadInputData                                ./Debug/driver_src_stm32f4xx_gpio.c.o
GPIO_ReadInputDataBit                             ./Debug/driver_src_stm32f4xx_gpio.c.o
GPIO_ReadOutputData                               ./Debug/driver_src_stm32f4xx_gpio.c.o
GPIO_ReadOutputDataBit                            ./Debug/driver_src_stm32f4xx_gpio.c.o
GPIO_ResetBits                                    ./Debug/driver_src_stm32f4xx_gpio.c.o
GPIO_SetBits                                      ./Debug/driver_src_stm32f4xx_gpio.c.o
GPIO_StructInit                                   ./Debug/driver_src_stm32f4xx_gpio.c.o
                                                  ./Debug/startup.c.o
GPIO_ToggleBits                                   ./Debug/driver_src_stm32f4xx_gpio.c.o
GPIO_Write                                        ./Debug/driver_src_stm32f4xx_gpio.c.o
GPIO_WriteBit                                     ./Debug/driver_src_stm32f4xx_gpio.c.o
                                                  ./Debug/startup.c.o
                                                  ./Debug/TinyTimber.c.o
RCC_AHB1PeriphClockCmd                            ./Debug/driver_src_stm32f4xx_rcc.c.o
                                                  ./Debug/startup.c.o
RCC_AHB1PeriphClockLPModeCmd                      ./Debug/driver_src_stm32f4xx_rcc.c.o
RCC_AHB1PeriphResetCmd                            ./Debug/driver_src_stm32f4xx_rcc.c.o
                                                  ./Debug/driver_src_stm32f4xx_gpio.c.o
RCC_AHB2PeriphClockCmd                            ./Debug/driver_src_stm32f4xx_rcc.c.o
RCC_AHB2PeriphClockLPModeCmd                      ./Debug/driver_src_stm32f4xx_rcc.c.o
RCC_AHB2PeriphResetCmd                            ./Debug/driver_src_stm32f4xx_rcc.c.o
RCC_AHB3PeriphClockCmd                            ./Debug/driver_src_stm32f4xx_rcc.c.o
RCC_AHB3PeriphClockLPModeCmd                      ./Debug/driver_src_stm32f4xx_rcc.c.o
RCC_AHB3PeriphResetCmd                            ./Debug/driver_src_stm32f4xx_rcc.c.o
RCC_APB1PeriphClockCmd                            ./Debug/driver_src_stm32f4xx_rcc.c.o
                                                  ./Debug/startup.c.o
RCC_APB1PeriphClockLPModeCmd                      ./Debug/driver_src_stm32f4xx_rcc.c.o
                                                  ./Debug/startup.c.o
RCC_APB1PeriphResetCmd                            ./Debug/driver_src_stm32f4xx_rcc.c.o
                                                  ./Debug/driver_src_stm32f4xx_can.c.o
                                                  ./Debug/driver_src_stm32f4xx_tim.c.o
                                                  ./Debug/driver_src_stm32f4xx_usart.c.o
                                                  ./Debug/driver_src_stm32f4xx_dac.c.o
RCC_APB2PeriphClockCmd                            ./Debug/driver_src_stm32f4xx_rcc.c.o
                                                  ./Debug/startup.c.o
RCC_APB2PeriphClockLPModeCmd                      ./Debug/driver_src_stm32f4xx_rcc.c.o
RCC_APB2PeriphResetCmd                            ./Debug/driver_src_stm32f4xx_rcc.c.o
                                                  ./Debug/driver_src_stm32f4xx_syscfg.c.o
                                                  ./Debug/driver_src_stm32f4xx_tim.c.o
                                                  ./Debug/driver_src_stm32f4xx_usart.c.o
RCC_AdjustHSICalibrationValue                     ./Debug/driver_src_stm32f4xx_rcc.c.o
RCC_BackupResetCmd                                ./Debug/driver_src_stm32f4xx_rcc.c.o
RCC_ClearFlag                                     ./Debug/driver_src_stm32f4xx_rcc.c.o
RCC_ClearITPendingBit                             ./Debug/driver_src_stm32f4xx_rcc.c.o
RCC_ClockSecuritySystemCmd                        ./Debug/driver_src_stm32f4xx_rcc.c.o
RCC_DeInit                                        ./Debug/driver_src_stm32f4xx_rcc.c.o
RCC_GetClocksFreq                                 ./Debug/driver_src_stm32f4xx_rcc.c.o
                                                  ./Debug/driver_src_stm32f4xx_usart.c.o
RCC_GetFlagStatus                                 ./Debug/driver_src_stm32f4xx_rcc.c.o
RCC_GetITStatus                                   ./Debug/driver_src_stm32f4xx_rcc.c.o
RCC_GetSYSCLKSource                               ./Debug/driver_src_stm32f4xx_rcc.c.o
RCC_HCLKConfig                                    ./Debug/driver_src_stm32f4xx_rcc.c.o
RCC_HSEConfig                                     ./Debug/driver_src_stm32f4xx_rcc.c.o
RCC_HSICmd                                        ./Debug/driver_src_stm32f4xx_rcc.c.o
RCC_I2SCLKConfig                                  ./Debug/driver_src_stm32f4xx_rcc.c.o
RCC_ITConfig                                      ./Debug/driver_src_stm32f4xx_rcc.c.o
RCC_LSEConfig                                     ./Debug/driver_src_stm32f4xx_rcc.c.o
RCC_LSICmd                                        ./Debug/driver_src_stm32f4xx_rcc.c.o
RCC_LTDCCLKDivConfig                              ./Debug/driver_src_stm32f4xx_rcc.c.o
RCC_MCO1Config                                    ./Debug/driver_src_stm32f4xx_rcc.c.o
RCC_MCO2Config                                    ./Debug/driver_src_stm32f4xx_rcc.c.o
RCC_PCLK1Config                                   ./Debug/driver_src_stm32f4xx_rcc.c.o
RCC_PCLK2Config                                   ./Debug/driver_src_stm32f4xx_rcc.c.o
RCC_PLLCmd                                        ./Debug/driver_src_stm32f4xx_rcc.c.o
RCC_PLLConfig                                     ./Debug/driver_src_stm32f4xx_rcc.c.o
RCC_PLLI2SCmd                                     ./Debug/driver_src_stm32f4xx_rcc.c.o
RCC_PLLI2SConfig                                  ./Debug/driver_src_stm32f4xx_rcc.c.o
RCC_PLLSAICmd                                     ./Debug/driver_src_stm32f4xx_rcc.c.o
RCC_PLLSAIConfig                                  ./Debug/driver_src_stm32f4xx_rcc.c.o
RCC_RTCCLKCmd                                     ./Debug/driver_src_stm32f4xx_rcc.c.o
RCC_RTCCLKConfig                                  ./Debug/driver_src_stm32f4xx_rcc.c.o
RCC_SAIBlockACLKConfig                            ./Debug/driver_src_stm32f4xx_rcc.c.o
RCC_SAIBlockBCLKConfig                            ./Debug/driver_src_stm32f4xx_rcc.c.o
RCC_SAIPLLI2SClkDivConfig                         ./Debug/driver_src_stm32f4xx_rcc.c.o
RCC_SAIPLLSAIClkDivConfig                         ./Debug/driver_src_stm32f4xx_rcc.c.o
RCC_SYSCLKConfig                                  ./Debug/driver_src_stm32f4xx_rcc.c.o
RCC_TIMCLKPresConfig                              ./Debug/driver_src_stm32f4xx_rcc.c.o
RCC_WaitForHSEStartUp                             ./Debug/driver_src_stm32f4xx_rcc.c.o
SETPC                                             ./Debug/TinyTimber.c.o
SETSTACK                                          ./Debug/TinyTimber.c.o
SYSCFG_CompensationCellCmd                        ./Debug/driver_src_stm32f4xx_syscfg.c.o
SYSCFG_DeInit                                     ./Debug/driver_src_stm32f4xx_syscfg.c.o
SYSCFG_ETH_MediaInterfaceConfig                   ./Debug/driver_src_stm32f4xx_syscfg.c.o
SYSCFG_EXTILineConfig                             ./Debug/driver_src_stm32f4xx_syscfg.c.o
                                                  ./Debug/startup.c.o
SYSCFG_GetCompensationCellStatus                  ./Debug/driver_src_stm32f4xx_syscfg.c.o
SYSCFG_MemoryRemapConfig                          ./Debug/driver_src_stm32f4xx_syscfg.c.o
SYSCFG_MemorySwappingBank                         ./Debug/driver_src_stm32f4xx_syscfg.c.o
TIMER_INIT                                        ./Debug/TinyTimber.c.o
TIM_ARRPreloadConfig                              ./Debug/driver_src_stm32f4xx_tim.c.o
TIM_BDTRConfig                                    ./Debug/driver_src_stm32f4xx_tim.c.o
TIM_BDTRStructInit                                ./Debug/driver_src_stm32f4xx_tim.c.o
TIM_CCPreloadControl                              ./Debug/driver_src_stm32f4xx_tim.c.o
TIM_CCxCmd                                        ./Debug/driver_src_stm32f4xx_tim.c.o
TIM_CCxNCmd                                       ./Debug/driver_src_stm32f4xx_tim.c.o
TIM_ClearFlag                                     ./Debug/driver_src_stm32f4xx_tim.c.o
TIM_ClearITPendingBit                             ./Debug/driver_src_stm32f4xx_tim.c.o
                                                  ./Debug/TinyTimber.c.o
TIM_ClearOC1Ref                                   ./Debug/driver_src_stm32f4xx_tim.c.o
TIM_ClearOC2Ref                                   ./Debug/driver_src_stm32f4xx_tim.c.o
TIM_ClearOC3Ref                                   ./Debug/driver_src_stm32f4xx_tim.c.o
TIM_ClearOC4Ref                                   ./Debug/driver_src_stm32f4xx_tim.c.o
TIM_Cmd                                           ./Debug/driver_src_stm32f4xx_tim.c.o
                                                  ./Debug/TinyTimber.c.o
TIM_CounterModeConfig                             ./Debug/driver_src_stm32f4xx_tim.c.o
TIM_CtrlPWMOutputs                                ./Debug/driver_src_stm32f4xx_tim.c.o
TIM_DMACmd                                        ./Debug/driver_src_stm32f4xx_tim.c.o
TIM_DMAConfig                                     ./Debug/driver_src_stm32f4xx_tim.c.o
TIM_DeInit                                        ./Debug/driver_src_stm32f4xx_tim.c.o
                                                  ./Debug/TinyTimber.c.o
TIM_ETRClockMode1Config                           ./Debug/driver_src_stm32f4xx_tim.c.o
TIM_ETRClockMode2Config                           ./Debug/driver_src_stm32f4xx_tim.c.o
TIM_ETRConfig                                     ./Debug/driver_src_stm32f4xx_tim.c.o
TIM_EncoderInterfaceConfig                        ./Debug/driver_src_stm32f4xx_tim.c.o
TIM_ForcedOC1Config                               ./Debug/driver_src_stm32f4xx_tim.c.o
TIM_ForcedOC2Config                               ./Debug/driver_src_stm32f4xx_tim.c.o
TIM_ForcedOC3Config                               ./Debug/driver_src_stm32f4xx_tim.c.o
TIM_ForcedOC4Config                               ./Debug/driver_src_stm32f4xx_tim.c.o
TIM_GenerateEvent                                 ./Debug/driver_src_stm32f4xx_tim.c.o
TIM_GetCapture1                                   ./Debug/driver_src_stm32f4xx_tim.c.o
TIM_GetCapture2                                   ./Debug/driver_src_stm32f4xx_tim.c.o
TIM_GetCapture3                                   ./Debug/driver_src_stm32f4xx_tim.c.o
TIM_GetCapture4                                   ./Debug/driver_src_stm32f4xx_tim.c.o
TIM_GetCounter                                    ./Debug/driver_src_stm32f4xx_tim.c.o
                                                  ./Debug/TinyTimber.c.o
TIM_GetFlagStatus                                 ./Debug/driver_src_stm32f4xx_tim.c.o
TIM_GetITStatus                                   ./Debug/driver_src_stm32f4xx_tim.c.o
TIM_GetPrescaler                                  ./Debug/driver_src_stm32f4xx_tim.c.o
TIM_ICInit                                        ./Debug/driver_src_stm32f4xx_tim.c.o
TIM_ICStructInit                                  ./Debug/driver_src_stm32f4xx_tim.c.o
TIM_ITConfig                                      ./Debug/driver_src_stm32f4xx_tim.c.o
                                                  ./Debug/TinyTimber.c.o
TIM_ITRxExternalClockConfig                       ./Debug/driver_src_stm32f4xx_tim.c.o
TIM_InternalClockConfig                           ./Debug/driver_src_stm32f4xx_tim.c.o
TIM_OC1FastConfig                                 ./Debug/driver_src_stm32f4xx_tim.c.o
TIM_OC1Init                                       ./Debug/driver_src_stm32f4xx_tim.c.o
TIM_OC1NPolarityConfig                            ./Debug/driver_src_stm32f4xx_tim.c.o
TIM_OC1PolarityConfig                             ./Debug/driver_src_stm32f4xx_tim.c.o
TIM_OC1PreloadConfig                              ./Debug/driver_src_stm32f4xx_tim.c.o
TIM_OC2FastConfig                                 ./Debug/driver_src_stm32f4xx_tim.c.o
TIM_OC2Init                                       ./Debug/driver_src_stm32f4xx_tim.c.o
TIM_OC2NPolarityConfig                            ./Debug/driver_src_stm32f4xx_tim.c.o
TIM_OC2PolarityConfig                             ./Debug/driver_src_stm32f4xx_tim.c.o
TIM_OC2PreloadConfig                              ./Debug/driver_src_stm32f4xx_tim.c.o
TIM_OC3FastConfig                                 ./Debug/driver_src_stm32f4xx_tim.c.o
TIM_OC3Init                                       ./Debug/driver_src_stm32f4xx_tim.c.o
TIM_OC3NPolarityConfig                            ./Debug/driver_src_stm32f4xx_tim.c.o
TIM_OC3PolarityConfig                             ./Debug/driver_src_stm32f4xx_tim.c.o
TIM_OC3PreloadConfig                              ./Debug/driver_src_stm32f4xx_tim.c.o
TIM_OC4FastConfig                                 ./Debug/driver_src_stm32f4xx_tim.c.o
TIM_OC4Init                                       ./Debug/driver_src_stm32f4xx_tim.c.o
TIM_OC4PolarityConfig                             ./Debug/driver_src_stm32f4xx_tim.c.o
TIM_OC4PreloadConfig                              ./Debug/driver_src_stm32f4xx_tim.c.o
TIM_OCStructInit                                  ./Debug/driver_src_stm32f4xx_tim.c.o
TIM_PWMIConfig                                    ./Debug/driver_src_stm32f4xx_tim.c.o
TIM_PrescalerConfig                               ./Debug/driver_src_stm32f4xx_tim.c.o
TIM_RemapConfig                                   ./Debug/driver_src_stm32f4xx_tim.c.o
TIM_SelectCCDMA                                   ./Debug/driver_src_stm32f4xx_tim.c.o
TIM_SelectCOM                                     ./Debug/driver_src_stm32f4xx_tim.c.o
TIM_SelectHallSensor                              ./Debug/driver_src_stm32f4xx_tim.c.o
TIM_SelectInputTrigger                            ./Debug/driver_src_stm32f4xx_tim.c.o
TIM_SelectMasterSlaveMode                         ./Debug/driver_src_stm32f4xx_tim.c.o
TIM_SelectOCxM                                    ./Debug/driver_src_stm32f4xx_tim.c.o
TIM_SelectOnePulseMode                            ./Debug/driver_src_stm32f4xx_tim.c.o
TIM_SelectOutputTrigger                           ./Debug/driver_src_stm32f4xx_tim.c.o
TIM_SelectSlaveMode                               ./Debug/driver_src_stm32f4xx_tim.c.o
TIM_SetAutoreload                                 ./Debug/driver_src_stm32f4xx_tim.c.o
TIM_SetClockDivision                              ./Debug/driver_src_stm32f4xx_tim.c.o
TIM_SetCompare1                                   ./Debug/driver_src_stm32f4xx_tim.c.o
                                                  ./Debug/TinyTimber.c.o
TIM_SetCompare2                                   ./Debug/driver_src_stm32f4xx_tim.c.o
TIM_SetCompare3                                   ./Debug/driver_src_stm32f4xx_tim.c.o
TIM_SetCompare4                                   ./Debug/driver_src_stm32f4xx_tim.c.o
TIM_SetCounter                                    ./Debug/driver_src_stm32f4xx_tim.c.o
                                                  ./Debug/TinyTimber.c.o
TIM_SetIC1Prescaler                               ./Debug/driver_src_stm32f4xx_tim.c.o
TIM_SetIC2Prescaler                               ./Debug/driver_src_stm32f4xx_tim.c.o
TIM_SetIC3Prescaler                               ./Debug/driver_src_stm32f4xx_tim.c.o
TIM_SetIC4Prescaler                               ./Debug/driver_src_stm32f4xx_tim.c.o
TIM_TIxExternalClockConfig                        ./Debug/driver_src_stm32f4xx_tim.c.o
TIM_TimeBaseInit                                  ./Debug/driver_src_stm32f4xx_tim.c.o
                                                  ./Debug/TinyTimber.c.o
TIM_TimeBaseStructInit                            ./Debug/driver_src_stm32f4xx_tim.c.o
                                                  ./Debug/TinyTimber.c.o
TIM_UpdateDisableConfig                           ./Debug/driver_src_stm32f4xx_tim.c.o
TIM_UpdateRequestConfig                           ./Debug/driver_src_stm32f4xx_tim.c.o
T_RESET                                           ./Debug/TinyTimber.c.o
T_SAMPLE                                          ./Debug/TinyTimber.c.o
USART_ClearFlag                                   ./Debug/driver_src_stm32f4xx_usart.c.o
USART_ClearITPendingBit                           ./Debug/driver_src_stm32f4xx_usart.c.o
USART_ClockInit                                   ./Debug/driver_src_stm32f4xx_usart.c.o
USART_ClockStructInit                             ./Debug/driver_src_stm32f4xx_usart.c.o
USART_Cmd                                         ./Debug/driver_src_stm32f4xx_usart.c.o
USART_DMACmd                                      ./Debug/driver_src_stm32f4xx_usart.c.o
USART_DeInit                                      ./Debug/driver_src_stm32f4xx_usart.c.o
USART_GetFlagStatus                               ./Debug/driver_src_stm32f4xx_usart.c.o
                                                  ./Debug/TinyTimber.c.o
                                                  ./Debug/sciTinyTimber.c.o
USART_GetITStatus                                 ./Debug/driver_src_stm32f4xx_usart.c.o
USART_HalfDuplexCmd                               ./Debug/driver_src_stm32f4xx_usart.c.o
USART_ITConfig                                    ./Debug/driver_src_stm32f4xx_usart.c.o
                                                  ./Debug/sciTinyTimber.c.o
USART_Init                                        ./Debug/driver_src_stm32f4xx_usart.c.o
USART_IrDACmd                                     ./Debug/driver_src_stm32f4xx_usart.c.o
USART_IrDAConfig                                  ./Debug/driver_src_stm32f4xx_usart.c.o
USART_LINBreakDetectLengthConfig                  ./Debug/driver_src_stm32f4xx_usart.c.o
USART_LINCmd                                      ./Debug/driver_src_stm32f4xx_usart.c.o
USART_OneBitMethodCmd                             ./Debug/driver_src_stm32f4xx_usart.c.o
USART_OverSampling8Cmd                            ./Debug/driver_src_stm32f4xx_usart.c.o
USART_ReceiveData                                 ./Debug/driver_src_stm32f4xx_usart.c.o
                                                  ./Debug/sciTinyTimber.c.o
USART_ReceiverWakeUpCmd                           ./Debug/driver_src_stm32f4xx_usart.c.o
USART_SendBreak                                   ./Debug/driver_src_stm32f4xx_usart.c.o
USART_SendData                                    ./Debug/driver_src_stm32f4xx_usart.c.o
                                                  ./Debug/TinyTimber.c.o
                                                  ./Debug/sciTinyTimber.c.o
USART_SetAddress                                  ./Debug/driver_src_stm32f4xx_usart.c.o
USART_SetGuardTime                                ./Debug/driver_src_stm32f4xx_usart.c.o
USART_SetPrescaler                                ./Debug/driver_src_stm32f4xx_usart.c.o
USART_SmartCardCmd                                ./Debug/driver_src_stm32f4xx_usart.c.o
USART_SmartCardNACKCmd                            ./Debug/driver_src_stm32f4xx_usart.c.o
USART_StructInit                                  ./Debug/driver_src_stm32f4xx_usart.c.o
USART_WakeUpConfig                                ./Debug/driver_src_stm32f4xx_usart.c.o
__heap_end                                        ./Debug/TinyTimber.c.o
__lock___arc4random_mutex                         c:/cseapp/codelite/tools/gcc-arm/bin/../lib/gcc/arm-none-eabi/9.2.1/../../../../arm-none-eabi/lib/thumb/v7e-m+fp/hard\libc_nano.a(lib_a-lock.o)
__lock___at_quick_exit_mutex                      c:/cseapp/codelite/tools/gcc-arm/bin/../lib/gcc/arm-none-eabi/9.2.1/../../../../arm-none-eabi/lib/thumb/v7e-m+fp/hard\libc_nano.a(lib_a-lock.o)
__lock___atexit_recursive_mutex                   c:/cseapp/codelite/tools/gcc-arm/bin/../lib/gcc/arm-none-eabi/9.2.1/../../../../arm-none-eabi/lib/thumb/v7e-m+fp/hard\libc_nano.a(lib_a-lock.o)
__lock___dd_hash_mutex                            c:/cseapp/codelite/tools/gcc-arm/bin/../lib/gcc/arm-none-eabi/9.2.1/../../../../arm-none-eabi/lib/thumb/v7e-m+fp/hard\libc_nano.a(lib_a-lock.o)
__lock___env_recursive_mutex                      c:/cseapp/codelite/tools/gcc-arm/bin/../lib/gcc/arm-none-eabi/9.2.1/../../../../arm-none-eabi/lib/thumb/v7e-m+fp/hard\libc_nano.a(lib_a-lock.o)
__lock___malloc_recursive_mutex                   c:/cseapp/codelite/tools/gcc-arm/bin/../lib/gcc/arm-none-eabi/9.2.1/../../../../arm-none-eabi/lib/thumb/v7e-m+fp/hard\libc_nano.a(lib_a-lock.o)
                                                  c:/cseapp/codelite/tools/gcc-arm/bin/../lib/gcc/arm-none-eabi/9.2.1/../../../../arm-none-eabi/lib/thumb/v7e-m+fp/hard\libc_nano.a(lib_a-mlock.o)
__lock___sfp_recursive_mutex                      c:/cseapp/codelite/tools/gcc-arm/bin/../lib/gcc/arm-none-eabi/9.2.1/../../../../arm-none-eabi/lib/thumb/v7e-m+fp/hard\libc_nano.a(lib_a-lock.o)
__lock___sinit_recursive_mutex                    c:/cseapp/codelite/tools/gcc-arm/bin/../lib/gcc/arm-none-eabi/9.2.1/../../../../arm-none-eabi/lib/thumb/v7e-m+fp/hard\libc_nano.a(lib_a-lock.o)
__lock___tz_mutex                                 c:/cseapp/codelite/tools/gcc-arm/bin/../lib/gcc/arm-none-eabi/9.2.1/../../../../arm-none-eabi/lib/thumb/v7e-m+fp/hard\libc_nano.a(lib_a-lock.o)