Archive member included to satisfy reference by file (symbol)

e:/gmv/codelite/tools/gcc-arm/bin/../lib/gcc/arm-none-eabi/9.2.1/../../../../arm-none-eabi/lib/thumb/v7e-m+fp/hard\libc_nano.a(lib_a-atoi.o)
                              ./Debug/part0.c.o (atoi)
e:/gmv/codelite/tools/gcc-arm/bin/../lib/gcc/arm-none-eabi/9.2.1/../../../../arm-none-eabi/lib/thumb/v7e-m+fp/hard\libc_nano.a(lib_a-sprintf.o)
                              ./Debug/application.c.o (sprintf)
e:/gmv/codelite/tools/gcc-arm/bin/../lib/gcc/arm-none-eabi/9.2.1/../../../../arm-none-eabi/lib/thumb/v7e-m+fp/hard\libc_nano.a(lib_a-strtol.o)
                              e:/gmv/codelite/tools/gcc-arm/bin/../lib/gcc/arm-none-eabi/9.2.1/../../../../arm-none-eabi/lib/thumb/v7e-m+fp/hard\libc_nano.a(lib_a-atoi.o) (_strtol_r)
e:/gmv/codelite/tools/gcc-arm/bin/../lib/gcc/arm-none-eabi/9.2.1/../../../../arm-none-eabi/lib/thumb/v7e-m+fp/hard\libc_nano.a(lib_a-ctype_.o)
                              e:/gmv/codelite/tools/gcc-arm/bin/../lib/gcc/arm-none-eabi/9.2.1/../../../../arm-none-eabi/lib/thumb/v7e-m+fp/hard\libc_nano.a(lib_a-strtol.o) (_ctype_)
e:/gmv/codelite/tools/gcc-arm/bin/../lib/gcc/arm-none-eabi/9.2.1/../../../../arm-none-eabi/lib/thumb/v7e-m+fp/hard\libc_nano.a(lib_a-impure.o)
                              e:/gmv/codelite/tools/gcc-arm/bin/../lib/gcc/arm-none-eabi/9.2.1/../../../../arm-none-eabi/lib/thumb/v7e-m+fp/hard\libc_nano.a(lib_a-sprintf.o) (_impure_ptr)
e:/gmv/codelite/tools/gcc-arm/bin/../lib/gcc/arm-none-eabi/9.2.1/../../../../arm-none-eabi/lib/thumb/v7e-m+fp/hard\libc_nano.a(lib_a-nano-svfprintf.o)
                              e:/gmv/codelite/tools/gcc-arm/bin/../lib/gcc/arm-none-eabi/9.2.1/../../../../arm-none-eabi/lib/thumb/v7e-m+fp/hard\libc_nano.a(lib_a-sprintf.o) (_svfprintf_r)
e:/gmv/codelite/tools/gcc-arm/bin/../lib/gcc/arm-none-eabi/9.2.1/../../../../arm-none-eabi/lib/thumb/v7e-m+fp/hard\libc_nano.a(lib_a-nano-vfprintf_i.o)
                              e:/gmv/codelite/tools/gcc-arm/bin/../lib/gcc/arm-none-eabi/9.2.1/../../../../arm-none-eabi/lib/thumb/v7e-m+fp/hard\libc_nano.a(lib_a-nano-svfprintf.o) (_printf_i)
e:/gmv/codelite/tools/gcc-arm/bin/../lib/gcc/arm-none-eabi/9.2.1/../../../../arm-none-eabi/lib/thumb/v7e-m+fp/hard\libc_nano.a(lib_a-memchr.o)
                              e:/gmv/codelite/tools/gcc-arm/bin/../lib/gcc/arm-none-eabi/9.2.1/../../../../arm-none-eabi/lib/thumb/v7e-m+fp/hard\libc_nano.a(lib_a-nano-svfprintf.o) (memchr)
e:/gmv/codelite/tools/gcc-arm/bin/../lib/gcc/arm-none-eabi/9.2.1/../../../../arm-none-eabi/lib/thumb/v7e-m+fp/hard\libc_nano.a(lib_a-memcpy-stub.o)
                              e:/gmv/codelite/tools/gcc-arm/bin/../lib/gcc/arm-none-eabi/9.2.1/../../../../arm-none-eabi/lib/thumb/v7e-m+fp/hard\libc_nano.a(lib_a-nano-svfprintf.o) (memcpy)
e:/gmv/codelite/tools/gcc-arm/bin/../lib/gcc/arm-none-eabi/9.2.1/../../../../arm-none-eabi/lib/thumb/v7e-m+fp/hard\libc_nano.a(lib_a-memmove.o)
                              e:/gmv/codelite/tools/gcc-arm/bin/../lib/gcc/arm-none-eabi/9.2.1/../../../../arm-none-eabi/lib/thumb/v7e-m+fp/hard\libc_nano.a(lib_a-nano-svfprintf.o) (memmove)
e:/gmv/codelite/tools/gcc-arm/bin/../lib/gcc/arm-none-eabi/9.2.1/../../../../arm-none-eabi/lib/thumb/v7e-m+fp/hard\libc_nano.a(lib_a-nano-freer.o)
                              e:/gmv/codelite/tools/gcc-arm/bin/../lib/gcc/arm-none-eabi/9.2.1/../../../../arm-none-eabi/lib/thumb/v7e-m+fp/hard\libc_nano.a(lib_a-nano-svfprintf.o) (_free_r)
e:/gmv/codelite/tools/gcc-arm/bin/../lib/gcc/arm-none-eabi/9.2.1/../../../../arm-none-eabi/lib/thumb/v7e-m+fp/hard\libc_nano.a(lib_a-nano-mallocr.o)
                              e:/gmv/codelite/tools/gcc-arm/bin/../lib/gcc/arm-none-eabi/9.2.1/../../../../arm-none-eabi/lib/thumb/v7e-m+fp/hard\libc_nano.a(lib_a-nano-svfprintf.o) (_malloc_r)
e:/gmv/codelite/tools/gcc-arm/bin/../lib/gcc/arm-none-eabi/9.2.1/../../../../arm-none-eabi/lib/thumb/v7e-m+fp/hard\libc_nano.a(lib_a-nano-reallocr.o)
                              e:/gmv/codelite/tools/gcc-arm/bin/../lib/gcc/arm-none-eabi/9.2.1/../../../../arm-none-eabi/lib/thumb/v7e-m+fp/hard\libc_nano.a(lib_a-nano-svfprintf.o) (_realloc_r)
e:/gmv/codelite/tools/gcc-arm/bin/../lib/gcc/arm-none-eabi/9.2.1/../../../../arm-none-eabi/lib/thumb/v7e-m+fp/hard\libc_nano.a(lib_a-sbrkr.o)
                              e:/gmv/codelite/tools/gcc-arm/bin/../lib/gcc/arm-none-eabi/9.2.1/../../../../arm-none-eabi/lib/thumb/v7e-m+fp/hard\libc_nano.a(lib_a-nano-mallocr.o) (_sbrk_r)
e:/gmv/codelite/tools/gcc-arm/bin/../lib/gcc/arm-none-eabi/9.2.1/../../../../arm-none-eabi/lib/thumb/v7e-m+fp/hard\libc_nano.a(lib_a-mlock.o)
                              e:/gmv/codelite/tools/gcc-arm/bin/../lib/gcc/arm-none-eabi/9.2.1/../../../../arm-none-eabi/lib/thumb/v7e-m+fp/hard\libc_nano.a(lib_a-nano-freer.o) (__malloc_lock)
e:/gmv/codelite/tools/gcc-arm/bin/../lib/gcc/arm-none-eabi/9.2.1/../../../../arm-none-eabi/lib/thumb/v7e-m+fp/hard\libc_nano.a(lib_a-nano-msizer.o)
[...]
Memory Configuration

Name             Origin             Length             Attributes
RAM              0x20000000         0x0001c000         xrw
*default*        0x00000000         0xffffffff

Linker script and memory map

LOAD ./Debug/dispatch.s.o
LOAD ./Debug/part1.c.o
LOAD ./Debug/sciTinyTimber.c.o
LOAD ./Debug/application.c.o
LOAD ./Debug/part2.c.o
LOAD ./Debug/TinyTimber.c.o
LOAD ./Debug/startup.c.o
LOAD ./Debug/canTinyTimber.c.o
LOAD ./Debug/driver_src_stm32f4xx_usart.c.o
LOAD ./Debug/part0.c.o
LOAD ./Debug/driver_src_stm32f4xx_can.c.o
LOAD ./Debug/driver_src_stm32f4xx_syscfg.c.o
LOAD ./Debug/driver_src_stm32f4xx_tim.c.o
LOAD ./Debug/driver_src_stm32f4xx_rcc.c.o
LOAD ./Debug/driver_src_stm32f4xx_exti.c.o
LOAD ./Debug/driver_src_stm32f4xx_dac.c.o
LOAD ./Debug/driver_src_stm32f4xx_gpio.c.o
LOAD e:/gmv/codelite/tools/gcc-arm/bin/../lib/gcc/arm-none-eabi/9.2.1/../../../../arm-none-eabi/lib/thumb/v7e-m+fp/hard\libstdc++_nano.a
LOAD e:/gmv/codelite/tools/gcc-arm/bin/../lib/gcc/arm-none-eabi/9.2.1/../../../../arm-none-eabi/lib/thumb/v7e-m+fp/hard\libm.a
START GROUP
LOAD e:/gmv/codelite/tools/gcc-arm/bin/../lib/gcc/arm-none-eabi/9.2.1/thumb/v7e-m+fp/hard\libgcc.a
LOAD e:/gmv/codelite/tools/gcc-arm/bin/../lib/gcc/arm-none-eabi/9.2.1/../../../../arm-none-eabi/lib/thumb/v7e-m+fp/hard\libc_nano.a
END GROUP
START GROUP
LOAD e:/gmv/codelite/tools/gcc-arm/bin/../lib/gcc/arm-none-eabi/9.2.1/thumb/v7e-m+fp/hard\libgcc.a
LOAD e:/gmv/codelite/tools/gcc-arm/bin/../lib/gcc/arm-none-eabi/9.2.1/../../../../arm-none-eabi/lib/thumb/v7e-m+fp/hard\libc_nano.a
END GROUP

.text           0x20000000     0x8b20
                0x20000000                . = ALIGN (0x4)
 *(.start_section)
 .start_section
                0x20000000       0x1c ./Debug/startup.c.o
                0x20000000                startup
 *(.text)
 .text          0x2000001c       0xf4 ./Debug/dispatch.s.o
                0x2000001c                vect_SVCall
                0x20000020                vect_PendSV
 .text          0x20000110      0x3a4 ./Debug/part1.c.o
                0x20000110                toggleDeadlinesToneGenerator
                0x20000136                toggleMute
                0x20000156                volume
                0x2000019a                setDAC
                0x20000228                dummySetDac
                0x20000324                toggleDeadlinesBackgroundTask
                0x2000034a                load
                0x20000394                runLoad
                0x200003e4                dummyRunLoad
 .text          0x200004b4      0x294 ./Debug/sciTinyTimber.c.o
                0x2000053c                sci_init
                0x200005e2                sci_write
                0x20000638                sci_writechar
                0x2000066e                sci_interrupt
 .text          0x20000748      0x628 ./Debug/application.c.o
                0x20000748                receiver
                0x200007c0                reader
                0x20000820                CANHandler
                0x20000a0c                keyHandler
                0x20000b18                print
                0x20000b50                receiveKey
                0x20000c24                recieveBPM
                0x20000c84                sendCANMsg
                0x20000cd8                startApp
                0x20000d30                main
 .text          0x20000d70      0x1f0 ./Debug/part2.c.o
                0x20000d70                nextBeat
                0x20000dec                nextSilence
                0x20000e8e                setTempo
                0x20000ecc                setPeriods
                0x20000f0e                togglePlaying
 .text          0x20000f60      0xf54 ./Debug/TinyTimber.c.o
                0x20000fe8                DUMP
                0x20001022                DUMPH
                0x20001080                DUMPD
                0x20001124                sei
                0x20001142                cli
                0x20001160                _sbrk
                0x200011a4                SETSTACK
                0x2000120c                SETPC
                0x20001230                TIMER_INIT
                0x200012c8                DUMPC
                0x200012fc                vect_USART1
                0x20001364                vect_CAN1
                0x200013cc                vect_EXTI9_5
                0x20001434                enqueueByDeadline
                0x2000148c                enqueueByBaseline
                0x200014e4                dequeue
                0x20001534                dequeue_pool
                0x20001584                insert
                0x200015a8                push
                0x200015cc                pop
                0x2000164e                vect_TIM5
                0x200016e0                __svc_dispatch
                0x200016f0                __pendSV_dispatch
                0x20001860                async
                0x2000199c                sync
                0x20001aa8                ABORT
                0x20001b5c                T_RESET
                0x20001b98                T_SAMPLE
                0x20001bd8                CURRENT_OFFSET
                0x20001d84                install
                0x20001e50                tinytimber
 .text          0x20001eb4      0x32c ./Debug/startup.c.o
 .text          0x200021e0      0x444 ./Debug/canTinyTimber.c.o
                0x20002268                can_init
                0x20002328                can_interrupt
                0x200024b0                can_receive
                0x2000257a                can_send
 .text          0x20002624      0x970 ./Debug/driver_src_stm32f4xx_usart.c.o
                0x20002624                USART_DeInit
                0x2000273c                USART_Init
                0x200028b0                USART_StructInit
                0x200028ea                USART_ClockInit
                0x20002940                USART_ClockStructInit
                0x2000296c                USART_Cmd
                0x200029ac                USART_SetPrescaler
                0x200029e6                USART_OverSampling8Cmd
                0x20002a2a                USART_OneBitMethodCmd
                0x20002a6a                USART_SendData
                0x20002a8e                USART_ReceiveData
                0x20002aae                USART_SetAddress
                0x20002ae8                USART_ReceiverWakeUpCmd
                0x20002b28                USART_WakeUpConfig
                0x20002b60                USART_LINBreakDetectLengthConfig
                0x20002b98                USART_LINCmd
                0x20002bd8                USART_SendBreak
                0x20002bfc                USART_HalfDuplexCmd
                0x20002c3c                USART_SetGuardTime
                0x20002c78                USART_SmartCardCmd
                0x20002cb8                USART_SmartCardNACKCmd
                0x20002cf8                USART_IrDAConfig
                0x20002d30                USART_IrDACmd
                0x20002d70                USART_DMACmd
                0x20002db8                USART_ITConfig
                0x20002e48                USART_GetFlagStatus
                0x20002e80                USART_ClearFlag
                0x20002ea2                USART_GetITStatus
                0x20002f58                USART_ClearITPendingBit
 .text          0x20002f94      0x3ec ./Debug/part0.c.o
                0x20002f94                setMelodyPeriods
                0x20002ff0                setKey
                0x2000300c                readBufferAdd
                0x20003038                endBuffer
                0x20003068                addThreeHist
                0x200030b8                emptyThreeHist
                0x200030ec                sumBuffer
                0x20003112                medianBuffer
                0x200031a2                calculateEdgesGeneral
                0x20003234                generatePeriodGeneral
                0x20003324                setMelodyPeriodsGeneral
 .text          0x20003380     0x11b4 ./Debug/driver_src_stm32f4xx_can.c.o
                0x20003380                CAN_DeInit
                0x200033c8                CAN_Init
                0x2000356a                CAN_FilterInit
                0x200036f0                CAN_StructInit
                0x20003746                CAN_SlaveStartBank
                0x200037a8                CAN_DBGFreeze
                0x200037e0                CAN_TTComModeCmd
                0x20003878                CAN_Transmit
                0x20003a1a                CAN_TransmitStatus
                0x20003b20                CAN_CancelTransmit
                0x20003b78                CAN_Receive
                0x20003cf4                CAN_FIFORelease
                0x20003d2c                CAN_MessagePending
                0x20003d76                CAN_OperatingModeRequest
                0x20003e72                CAN_Sleep
                0x20003eac                CAN_WakeUp
                0x20003f02                CAN_GetLastErrorCode
                0x20003f28                CAN_GetReceiveErrorCounter
                0x20003f4a                CAN_GetLSBTransmitErrorCounter
                0x20003f6c                CAN_ITConfig
                0x20003fa8                CAN_GetFlagStatus
                0x20004076                CAN_ClearFlag
                0x200040e8                CAN_GetITStatus
                0x2000434c                CAN_ClearITPendingBit
 .text          0x20004534      0x154 ./Debug/driver_src_stm32f4xx_syscfg.c.o
                0x20004534                SYSCFG_DeInit
                0x20004550                SYSCFG_MemoryRemapConfig
                0x20004570                SYSCFG_MemorySwappingBank
                0x20004590                SYSCFG_EXTILineConfig
                0x20004614                SYSCFG_ETH_MediaInterfaceConfig
                0x20004634                SYSCFG_CompensationCellCmd
                0x20004654                SYSCFG_GetCompensationCellStatus
 .text          0x20004688     0x1c1c ./Debug/driver_src_stm32f4xx_tim.c.o
                0x20004688                TIM_DeInit
                0x20004848                TIM_TimeBaseInit
                0x20004920                TIM_TimeBaseStructInit
                0x20004954                TIM_PrescalerConfig
                0x2000497c                TIM_CounterModeConfig
                0x200049b4                TIM_SetCounter
                0x200049d0                TIM_SetAutoreload
                0x200049ec                TIM_GetCounter
                0x20004a04                TIM_GetPrescaler
                0x20004a1e                TIM_UpdateDisableConfig
                0x20004a5e                TIM_UpdateRequestConfig
                0x20004a9e                TIM_ARRPreloadConfig
                0x20004ade                TIM_SelectOnePulseMode
                0x20004b16                TIM_SetClockDivision
                0x20004b4e                TIM_Cmd
                0x20004b8e                TIM_OC1Init
                0x20004c84                TIM_OC2Init
                0x20004d94                TIM_OC3Init
                0x20004ea0                TIM_OC4Init
                0x20004f70                TIM_OCStructInit
                0x20004fb4                TIM_SelectOCxM
                0x2000506a                TIM_SetCompare1
                0x20005086                TIM_SetCompare2
                0x200050a2                TIM_SetCompare3
                0x200050be                TIM_SetCompare4
                0x200050da                TIM_ForcedOC1Config
                0x20005112                TIM_ForcedOC2Config
                0x2000514e                TIM_ForcedOC3Config
                0x20005186                TIM_ForcedOC4Config
                0x200051c2                TIM_OC1PreloadConfig
                0x200051fa                TIM_OC2PreloadConfig
                0x20005236                TIM_OC3PreloadConfig
                0x2000526e                TIM_OC4PreloadConfig
                0x200052aa                TIM_OC1FastConfig
                0x200052e2                TIM_OC2FastConfig
                0x2000531e                TIM_OC3FastConfig
                0x20005356                TIM_OC4FastConfig
                0x20005392                TIM_ClearOC1Ref
                0x200053ca                TIM_ClearOC2Ref
                0x20005406                TIM_ClearOC3Ref
                0x2000543e                TIM_ClearOC4Ref
                0x2000547a                TIM_OC1PolarityConfig
                0x200054b2                TIM_OC1NPolarityConfig
                0x200054ea                TIM_OC2PolarityConfig
                0x20005526                TIM_OC2NPolarityConfig
                0x20005562                TIM_OC3PolarityConfig
                0x2000559e                TIM_OC3NPolarityConfig
                0x200055da                TIM_OC4PolarityConfig
                0x20005616                TIM_CCxCmd
                0x2000566c                TIM_CCxNCmd
                0x200056c2                TIM_ICInit
                0x2000576a                TIM_ICStructInit
                0x2000579c                TIM_PWMIConfig
                0x20005854                TIM_GetCapture1
                0x2000586c                TIM_GetCapture2
                0x20005884                TIM_GetCapture3
                0x2000589c                TIM_GetCapture4
                0x200058b4                TIM_SetIC1Prescaler
                0x200058ec                TIM_SetIC2Prescaler
                0x20005928                TIM_SetIC3Prescaler
                0x20005960                TIM_SetIC4Prescaler
                0x2000599c                TIM_BDTRConfig
                0x200059ec                TIM_BDTRStructInit
                0x20005a2a                TIM_CtrlPWMOutputs
                0x20005a76                TIM_SelectCOM
                0x20005ab6                TIM_CCPreloadControl
                0x20005af6                TIM_ITConfig
                0x20005b3e                TIM_GenerateEvent
                0x20005b5c                TIM_GetFlagStatus
                0x20005b94                TIM_ClearFlag
                0x20005bb6                TIM_GetITStatus
                0x20005c0a                TIM_ClearITPendingBit
                0x20005c2c                TIM_DMAConfig
                0x20005c56                TIM_DMACmd
                0x20005c9e                TIM_SelectCCDMA
                0x20005cde                TIM_InternalClockConfig
                0x20005d02                TIM_ITRxExternalClockConfig
                0x20005d30                TIM_TIxExternalClockConfig
                0x20005d8c                TIM_ETRClockMode1Config
                0x20005dea                TIM_ETRClockMode2Config
                0x20005e28                TIM_SelectInputTrigger
                0x20005e60                TIM_SelectOutputTrigger
                0x20005e98                TIM_SelectSlaveMode
                0x20005ed0                TIM_SelectMasterSlaveMode
                0x20005f08                TIM_ETRConfig
                0x20005f5c                TIM_EncoderInterfaceConfig
                0x20005ff4                TIM_SelectHallSensor
                0x20006034                TIM_RemapConfig
 .text          0x200062a4      0xcb0 ./Debug/driver_src_stm32f4xx_rcc.c.o
                0x200062a4                RCC_DeInit
                0x20006314                RCC_HSEConfig
                0x2000633c                RCC_WaitForHSEStartUp
                0x2000638c                RCC_AdjustHSICalibrationValue
                0x200063c8                RCC_HSICmd
                0x200063e8                RCC_LSEConfig
                0x2000642c                RCC_LSICmd
                0x2000644c                RCC_PLLConfig
                0x2000648c                RCC_PLLCmd
                0x200064ac                RCC_PLLI2SConfig
                0x200064d8                RCC_PLLI2SCmd
                0x200064f8                RCC_PLLSAIConfig
                0x2000652c                RCC_PLLSAICmd
                0x2000654c                RCC_ClockSecuritySystemCmd
                0x2000656c                RCC_MCO1Config
                0x200065ac                RCC_MCO2Config
                0x200065ec                RCC_SYSCLKConfig
                0x20006624                RCC_GetSYSCLKSource
                0x20006644                RCC_HCLKConfig
                0x2000667c                RCC_PCLK1Config
                0x200066b4                RCC_PCLK2Config
                0x200066f0                RCC_GetClocksFreq
                0x2000684c                RCC_RTCCLKConfig
                0x200068a8                RCC_RTCCLKCmd
                0x200068c8                RCC_BackupResetCmd
                0x200068e8                RCC_I2SCLKConfig
                0x20006908                RCC_SAIPLLI2SClkDivConfig
                0x20006948                RCC_SAIPLLSAIClkDivConfig
                0x20006988                RCC_SAIBlockACLKConfig
                0x200069c4                RCC_SAIBlockBCLKConfig
                0x20006a00                RCC_LTDCCLKDivConfig
                0x20006a3c                RCC_TIMCLKPresConfig
                0x20006a5c                RCC_AHB1PeriphClockCmd
                0x20006a9c                RCC_AHB2PeriphClockCmd
                0x20006adc                RCC_AHB3PeriphClockCmd
                0x20006b1c                RCC_APB1PeriphClockCmd
                0x20006b5c                RCC_APB2PeriphClockCmd
                0x20006b9c                RCC_AHB1PeriphResetCmd
                0x20006bdc                RCC_AHB2PeriphResetCmd
                0x20006c1c                RCC_AHB3PeriphResetCmd
                0x20006c5c                RCC_APB1PeriphResetCmd
                0x20006c9c                RCC_APB2PeriphResetCmd
                0x20006cdc                RCC_AHB1PeriphClockLPModeCmd
                0x20006d1c                RCC_AHB2PeriphClockLPModeCmd
                0x20006d5c                RCC_AHB3PeriphClockLPModeCmd
                0x20006d9c                RCC_APB1PeriphClockLPModeCmd
                0x20006ddc                RCC_APB2PeriphClockLPModeCmd
                0x20006e1c                RCC_ITConfig
                0x20006e68                RCC_GetFlagStatus
                0x20006edc                RCC_ClearFlag
                0x20006efc                RCC_GetITStatus
                0x20006f34                RCC_ClearITPendingBit
 .text          0x20006f54      0x210 ./Debug/driver_src_stm32f4xx_exti.c.o
                0x20006f54                EXTI_DeInit
                0x20006f88                EXTI_Init
                0x2000706c                EXTI_StructInit
                0x20007098                EXTI_GenerateSWInterrupt
                0x200070bc                EXTI_GetFlagStatus
                0x200070f0                EXTI_ClearFlag
                0x20007110                EXTI_GetITStatus
                0x20007144                EXTI_ClearITPendingBit
 .text          0x20007164      0x450 ./Debug/driver_src_stm32f4xx_dac.c.o
                0x20007164                DAC_DeInit
                0x20007180                DAC_Init
                0x200071e8                DAC_StructInit
                0x20007214                DAC_Cmd
                0x20007260                DAC_SoftwareTriggerCmd
                0x200072b0                DAC_DualSoftwareTriggerCmd
                0x200072ec                DAC_WaveGenerationCmd
                0x20007338                DAC_SetChannel1Data
                0x20007370                DAC_SetChannel2Data
                0x200073a8                DAC_SetDualChannelData
                0x20007400                DAC_GetDataOutputValue
                0x20007434                DAC_DMACmd
                0x20007484                DAC_ITConfig
                0x200074d0                DAC_GetFlagStatus
                0x2000750c                DAC_ClearFlag
                0x20007534                DAC_GetITStatus
                0x2000758c                DAC_ClearITPendingBit
 .text          0x200075b4      0x4d8 ./Debug/driver_src_stm32f4xx_gpio.c.o
                0x200075b4                GPIO_DeInit
                0x20007718                GPIO_Init
                0x20007836                GPIO_StructInit
                0x2000786a                GPIO_PinLockConfig
                0x200078ae                GPIO_ReadInputDataBit
                0x200078e2                GPIO_ReadInputData
                0x200078fc                GPIO_ReadOutputDataBit
                0x20007930                GPIO_ReadOutputData
                0x2000794a                GPIO_SetBits
                0x20007968                GPIO_ResetBits
                0x20007986                GPIO_WriteBit
                0x200079b6                GPIO_Write
                0x200079d4                GPIO_ToggleBits
                0x200079f8                GPIO_PinAFConfig
 .text          0x20007a8c        0x0 e:/gmv/codelite/tools/gcc-arm/bin/../lib/gcc/arm-none-eabi/9.2.1/../../../../arm-none-eabi/lib/thumb/v7e-m+fp/hard\libc_nano.a(lib_a-atoi.o)
 .text          0x20007a8c        0x0 e:/gmv/codelite/tools/gcc-arm/bin/../lib/gcc/arm-none-eabi/9.2.1/../../../../arm-none-eabi/lib/thumb/v7e-m+fp/hard\libc_nano.a(lib_a-sprintf.o)
 .text          0x20007a8c        0x0 e:/gmv/codelite/tools/gcc-arm/bin/../lib/gcc/arm-none-eabi/9.2.1/../../../../arm-none-eabi/lib/thumb/v7e-m+fp/hard\libc_nano.a(lib_a-strtol.o)
 .text          0x20007a8c        0x0 e:/gmv/codelite/tools/gcc-arm/bin/../lib/gcc/arm-none-eabi/9.2.1/../../../../arm-none-eabi/lib/thumb/v7e-m+fp/hard\libc_nano.a(lib_a-ctype_.o)
 .text          0x20007a8c        0x0 e:/gmv/codelite/tools/gcc-arm/bin/../lib/gcc/arm-none-eabi/9.2.1/../../../../arm-none-eabi/lib/thumb/v7e-m+fp/hard\libc_nano.a(lib_a-impure.o)
 .text          0x20007a8c        0x0 e:/gmv/codelite/tools/gcc-arm/bin/../lib/gcc/arm-none-eabi/9.2.1/../../../../arm-none-eabi/lib/thumb/v7e-m+fp/hard\libc_nano.a(lib_a-nano-svfprintf.o)
 .text          0x20007a8c        0x0 e:/gmv/codelite/tools/gcc-arm/bin/../lib/gcc/arm-none-eabi/9.2.1/../../../../arm-none-eabi/lib/thumb/v7e-m+fp/hard\libc_nano.a(lib_a-nano-vfprintf_i.o)
 *fill*         0x20007a8c        0x4 
 .text          0x20007a90       0xa0 e:/gmv/codelite/tools/gcc-arm/bin/../lib/gcc/arm-none-eabi/9.2.1/../../../../arm-none-eabi/lib/thumb/v7e-m+fp/hard\libc_nano.a(lib_a-memchr.o)
                0x20007a90                memchr
 .text          0x20007b30        0x0 e:/gmv/codelite/tools/gcc-arm/bin/../lib/gcc/arm-none-eabi/9.2.1/../../../../arm-none-eabi/lib/thumb/v7e-m+fp/hard\libc_nano.a(lib_a-memcpy-stub.o)
 .text          0x20007b30        0x0 e:/gmv/codelite/tools/gcc-arm/bin/../lib/gcc/arm-none-eabi/9.2.1/../../../../arm-none-eabi/lib/thumb/v7e-m+fp/hard\libc_nano.a(lib_a-memmove.o)
 .text          0x20007b30        0x0 e:/gmv/codelite/tools/gcc-arm/bin/../lib/gcc/arm-none-eabi/9.2.1/../../../../arm-none-eabi/lib/thumb/v7e-m+fp/hard\libc_nano.a(lib_a-nano-freer.o)
 .text          0x20007b30        0x0 e:/gmv/codelite/tools/gcc-arm/bin/../lib/gcc/arm-none-eabi/9.2.1/../../../../arm-none-eabi/lib/thumb/v7e-m+fp/hard\libc_nano.a(lib_a-nano-mallocr.o)
 .text          0x20007b30        0x0 e:/gmv/codelite/tools/gcc-arm/bin/../lib/gcc/arm-none-eabi/9.2.1/../../../../arm-none-eabi/lib/thumb/v7e-m+fp/hard\libc_nano.a(lib_a-nano-reallocr.o)
 .text          0x20007b30        0x0 e:/gmv/codelite/tools/gcc-arm/bin/../lib/gcc/arm-none-eabi/9.2.1/../../../../arm-none-eabi/lib/thumb/v7e-m+fp/hard\libc_nano.a(lib_a-sbrkr.o)
 .text          0x20007b30        0x0 e:/gmv/codelite/tools/gcc-arm/bin/../lib/gcc/arm-none-eabi/9.2.1/../../../../arm-none-eabi/lib/thumb/v7e-m+fp/hard\libc_nano.a(lib_a-mlock.o)
 .text          0x20007b30        0x0 e:/gmv/codelite/tools/gcc-arm/bin/../lib/gcc/arm-none-eabi/9.2.1/../../../../arm-none-eabi/lib/thumb/v7e-m+fp/hard\libc_nano.a(lib_a-nano-msizer.o)
 .text          0x20007b30        0x0 e:/gmv/codelite/tools/gcc-arm/bin/../lib/gcc/arm-none-eabi/9.2.1/../../../../arm-none-eabi/lib/thumb/v7e-m+fp/hard\libc_nano.a(lib_a-reent.o)
 .text          0x20007b30        0x0 e:/gmv/codelite/tools/gcc-arm/bin/../lib/gcc/arm-none-eabi/9.2.1/../../../../arm-none-eabi/lib/thumb/v7e-m+fp/hard\libc_nano.a(lib_a-lock.o)
 *(.text.*)
 .text.atoi     0x20007b30        0x8 e:/gmv/codelite/tools/gcc-arm/bin/../lib/gcc/arm-none-eabi/9.2.1/../../../../arm-none-eabi/lib/thumb/v7e-m+fp/hard\libc_nano.a(lib_a-atoi.o)
                0x20007b30                atoi
 .text._atoi_r  0x20007b38        0x8 e:/gmv/codelite/tools/gcc-arm/bin/../lib/gcc/arm-none-eabi/9.2.1/../../../../arm-none-eabi/lib/thumb/v7e-m+fp/hard\libc_nano.a(lib_a-atoi.o)
                0x20007b38                _atoi_r
 .text._sprintf_r
                0x20007b40       0x38 e:/gmv/codelite/tools/gcc-arm/bin/../lib/gcc/arm-none-eabi/9.2.1/../../../../arm-none-eabi/lib/thumb/v7e-m+fp/hard\libc_nano.a(lib_a-sprintf.o)
                0x20007b40                _sprintf_r
                0x20007b40                _siprintf_r
 .text.sprintf  0x20007b78       0x40 e:/gmv/codelite/tools/gcc-arm/bin/../lib/gcc/arm-none-eabi/9.2.1/../../../../arm-none-eabi/lib/thumb/v7e-m+fp/hard\libc_nano.a(lib_a-sprintf.o)
                0x20007b78                siprintf
                0x20007b78                sprintf
 .text._strtol_l.isra.0
                0x20007bb8       0xf4 e:/gmv/codelite/tools/gcc-arm/bin/../lib/gcc/arm-none-eabi/9.2.1/../../../../arm-none-eabi/lib/thumb/v7e-m+fp/hard\libc_nano.a(lib_a-strtol.o)
 .text._strtol_r
                0x20007cac        0x4 e:/gmv/codelite/tools/gcc-arm/bin/../lib/gcc/arm-none-eabi/9.2.1/../../../../arm-none-eabi/lib/thumb/v7e-m+fp/hard\libc_nano.a(lib_a-strtol.o)
                0x20007cac                _strtol_r
 .text.strtol_l
                0x20007cb0       0x14 e:/gmv/codelite/tools/gcc-arm/bin/../lib/gcc/arm-none-eabi/9.2.1/../../../../arm-none-eabi/lib/thumb/v7e-m+fp/hard\libc_nano.a(lib_a-strtol.o)
                0x20007cb0                strtol_l
 .text.strtol   0x20007cc4       0x14 e:/gmv/codelite/tools/gcc-arm/bin/../lib/gcc/arm-none-eabi/9.2.1/../../../../arm-none-eabi/lib/thumb/v7e-m+fp/hard\libc_nano.a(lib_a-strtol.o)
                0x20007cc4                strtol
 .text.__ssputs_r
                0x20007cd8       0xb6 e:/gmv/codelite/tools/gcc-arm/bin/../lib/gcc/arm-none-eabi/9.2.1/../../../../arm-none-eabi/lib/thumb/v7e-m+fp/hard\libc_nano.a(lib_a-nano-svfprintf.o)
                0x20007cd8                __ssputs_r
 .text.__ssprint_r
                0x20007d8e       0xf6 e:/gmv/codelite/tools/gcc-arm/bin/../lib/gcc/arm-none-eabi/9.2.1/../../../../arm-none-eabi/lib/thumb/v7e-m+fp/hard\libc_nano.a(lib_a-nano-svfprintf.o)
                0x20007d8e                __ssprint_r
 .text._svfprintf_r
                0x20007e84      0x200 e:/gmv/codelite/tools/gcc-arm/bin/../lib/gcc/arm-none-eabi/9.2.1/../../../../arm-none-eabi/lib/thumb/v7e-m+fp/hard\libc_nano.a(lib_a-nano-svfprintf.o)
                0x20007e84                _svfiprintf_r
                0x20007e84                _svfprintf_r
 .text._printf_common
                0x20008084       0xda e:/gmv/codelite/tools/gcc-arm/bin/../lib/gcc/arm-none-eabi/9.2.1/../../../../arm-none-eabi/lib/thumb/v7e-m+fp/hard\libc_nano.a(lib_a-nano-vfprintf_i.o)
                0x20008084                _printf_common
 *fill*         0x2000815e        0x2 
 .text._printf_i
                0x20008160      0x24c e:/gmv/codelite/tools/gcc-arm/bin/../lib/gcc/arm-none-eabi/9.2.1/../../../../arm-none-eabi/lib/thumb/v7e-m+fp/hard\libc_nano.a(lib_a-nano-vfprintf_i.o)
                0x20008160                _printf_i
 .text.memcpy   0x200083ac       0x1c e:/gmv/codelite/tools/gcc-arm/bin/../lib/gcc/arm-none-eabi/9.2.1/../../../../arm-none-eabi/lib/thumb/v7e-m+fp/hard\libc_nano.a(lib_a-memcpy-stub.o)
                0x200083ac                memcpy
 .text.memmove  0x200083c8       0x34 e:/gmv/codelite/tools/gcc-arm/bin/../lib/gcc/arm-none-eabi/9.2.1/../../../../arm-none-eabi/lib/thumb/v7e-m+fp/hard\libc_nano.a(lib_a-memmove.o)
                0x200083c8                memmove
 .text._free_r  0x200083fc       0xa0 e:/gmv/codelite/tools/gcc-arm/bin/../lib/gcc/arm-none-eabi/9.2.1/../../../../arm-none-eabi/lib/thumb/v7e-m+fp/hard\libc_nano.a(lib_a-nano-freer.o)
                0x200083fc                _free_r
 .text._malloc_r
                0x2000849c       0xb4 e:/gmv/codelite/tools/gcc-arm/bin/../lib/gcc/arm-none-eabi/9.2.1/../../../../arm-none-eabi/lib/thumb/v7e-m+fp/hard\libc_nano.a(lib_a-nano-mallocr.o)
                0x2000849c                _malloc_r
 .text._realloc_r
                0x20008550       0x4c e:/gmv/codelite/tools/gcc-arm/bin/../lib/gcc/arm-none-eabi/9.2.1/../../../../arm-none-eabi/lib/thumb/v7e-m+fp/hard\libc_nano.a(lib_a-nano-reallocr.o)
                0x20008550                _realloc_r
 .text._sbrk_r  0x2000859c       0x20 e:/gmv/codelite/tools/gcc-arm/bin/../lib/gcc/arm-none-eabi/9.2.1/../../../../arm-none-eabi/lib/thumb/v7e-m+fp/hard\libc_nano.a(lib_a-sbrkr.o)
                0x2000859c                _sbrk_r
 .text.__malloc_lock
                0x200085bc        0xc e:/gmv/codelite/tools/gcc-arm/bin/../lib/gcc/arm-none-eabi/9.2.1/../../../../arm-none-eabi/lib/thumb/v7e-m+fp/hard\libc_nano.a(lib_a-mlock.o)
                0x200085bc                __malloc_lock
 .text.__malloc_unlock
                0x200085c8        0xc e:/gmv/codelite/tools/gcc-arm/bin/../lib/gcc/arm-none-eabi/9.2.1/../../../../arm-none-eabi/lib/thumb/v7e-m+fp/hard\libc_nano.a(lib_a-mlock.o)
                0x200085c8                __malloc_unlock
 .text._malloc_usable_size_r
                0x200085d4       0x10 e:/gmv/codelite/tools/gcc-arm/bin/../lib/gcc/arm-none-eabi/9.2.1/../../../../arm-none-eabi/lib/thumb/v7e-m+fp/hard\libc_nano.a(lib_a-nano-msizer.o)
                0x200085d4                _malloc_usable_size_r
 .text.cleanup_glue
                0x200085e4       0x1a e:/gmv/codelite/tools/gcc-arm/bin/../lib/gcc/arm-none-eabi/9.2.1/../../../../arm-none-eabi/lib/thumb/v7e-m+fp/hard\libc_nano.a(lib_a-reent.o)
                0x200085e4                cleanup_glue
 *fill*         0x200085fe        0x2 
 .text._reclaim_reent
                0x20008600       0xb8 e:/gmv/codelite/tools/gcc-arm/bin/../lib/gcc/arm-none-eabi/9.2.1/../../../../arm-none-eabi/lib/thumb/v7e-m+fp/hard\libc_nano.a(lib_a-reent.o)
                0x20008600                _reclaim_reent
 .text.__retarget_lock_init
                0x200086b8        0x2 e:/gmv/codelite/tools/gcc-arm/bin/../lib/gcc/arm-none-eabi/9.2.1/../../../../arm-none-eabi/lib/thumb/v7e-m+fp/hard\libc_nano.a(lib_a-lock.o)
                0x200086b8                __retarget_lock_init
 .text.__retarget_lock_init_recursive
                0x200086ba        0x2 e:/gmv/codelite/tools/gcc-arm/bin/../lib/gcc/arm-none-eabi/9.2.1/../../../../arm-none-eabi/lib/thumb/v7e-m+fp/hard\libc_nano.a(lib_a-lock.o)
                0x200086ba                __retarget_lock_init_recursive
 .text.__retarget_lock_close
                0x200086bc        0x2 e:/gmv/codelite/tools/gcc-arm/bin/../lib/gcc/arm-none-eabi/9.2.1/../../../../arm-none-eabi/lib/thumb/v7e-m+fp/hard\libc_nano.a(lib_a-lock.o)
                0x200086bc                __retarget_lock_close
 .text.__retarget_lock_close_recursive
                0x200086be        0x2 e:/gmv/codelite/tools/gcc-arm/bin/../lib/gcc/arm-none-eabi/9.2.1/../../../../arm-none-eabi/lib/thumb/v7e-m+fp/hard\libc_nano.a(lib_a-lock.o)
                0x200086be                __retarget_lock_close_recursive
 .text.__retarget_lock_acquire
                0x200086c0        0x2 e:/gmv/codelite/tools/gcc-arm/bin/../lib/gcc/arm-none-eabi/9.2.1/../../../../arm-none-eabi/lib/thumb/v7e-m+fp/hard\libc_nano.a(lib_a-lock.o)
                0x200086c0                __retarget_lock_acquire
 .text.__retarget_lock_acquire_recursive
                0x200086c2        0x2 e:/gmv/codelite/tools/gcc-arm/bin/../lib/gcc/arm-none-eabi/9.2.1/../../../../arm-none-eabi/lib/thumb/v7e-m+fp/hard\libc_nano.a(lib_a-lock.o)
                0x200086c2                __retarget_lock_acquire_recursive
 .text.__retarget_lock_try_acquire
                0x200086c4        0x4 e:/gmv/codelite/tools/gcc-arm/bin/../lib/gcc/arm-none-eabi/9.2.1/../../../../arm-none-eabi/lib/thumb/v7e-m+fp/hard\libc_nano.a(lib_a-lock.o)
                0x200086c4                __retarget_lock_try_acquire
 .text.__retarget_lock_try_acquire_recursive
                0x200086c8        0x4 e:/gmv/codelite/tools/gcc-arm/bin/../lib/gcc/arm-none-eabi/9.2.1/../../../../arm-none-eabi/lib/thumb/v7e-m+fp/hard\libc_nano.a(lib_a-lock.o)
                0x200086c8                __retarget_lock_try_acquire_recursive
 .text.__retarget_lock_release
                0x200086cc        0x2 e:/gmv/codelite/tools/gcc-arm/bin/../lib/gcc/arm-none-eabi/9.2.1/../../../../arm-none-eabi/lib/thumb/v7e-m+fp/hard\libc_nano.a(lib_a-lock.o)
                0x200086cc                __retarget_lock_release
 .text.__retarget_lock_release_recursive
                0x200086ce        0x2 e:/gmv/codelite/tools/gcc-arm/bin/../lib/gcc/arm-none-eabi/9.2.1/../../../../arm-none-eabi/lib/thumb/v7e-m+fp/hard\libc_nano.a(lib_a-lock.o)
                0x200086ce                __retarget_lock_release_recursive
 *(.rodata)
 .rodata        0x200086d0      0x141 ./Debug/application.c.o
                0x200086d0                length
                0x200086d4                brotherJohn
                0x20008754                brotherJohnBeatLength
                0x20008774                brotherJohnBeatLength1
 *fill*         0x20008811        0x3 
 .rodata        0x20008814       0x81 ./Debug/TinyTimber.c.o
 *fill*         0x20008895        0x3 
 .rodata        0x20008898       0xb2 ./Debug/canTinyTimber.c.o
 *fill*         0x2000894a        0x2 
 .rodata        0x2000894c       0x98 ./Debug/part0.c.o
                0x2000894c                notePeriods
                0x200089b0                notePeriodsGeneral
 *(.rodata*)
 .rodata._ctype_
                0x200089e4      0x101 e:/gmv/codelite/tools/gcc-arm/bin/../lib/gcc/arm-none-eabi/9.2.1/../../../../arm-none-eabi/lib/thumb/v7e-m+fp/hard\libc_nano.a(lib_a-ctype_.o)
                0x200089e4                _ctype_
 *fill*         0x20008ae5        0x3 
 .rodata._global_impure_ptr
                0x20008ae8        0x4 e:/gmv/codelite/tools/gcc-arm/bin/../lib/gcc/arm-none-eabi/9.2.1/../../../../arm-none-eabi/lib/thumb/v7e-m+fp/hard\libc_nano.a(lib_a-impure.o)
                0x20008ae8                _global_impure_ptr
 .rodata._svfprintf_r.str1.1
                0x20008aec       0x11 e:/gmv/codelite/tools/gcc-arm/bin/../lib/gcc/arm-none-eabi/9.2.1/../../../../arm-none-eabi/lib/thumb/v7e-m+fp/hard\libc_nano.a(lib_a-nano-svfprintf.o)
 .rodata._printf_i.str1.1
                0x20008afd       0x22 e:/gmv/codelite/tools/gcc-arm/bin/../lib/gcc/arm-none-eabi/9.2.1/../../../../arm-none-eabi/lib/thumb/v7e-m+fp/hard\libc_nano.a(lib_a-nano-vfprintf_i.o)
 *(.glue_7)
 .glue_7        0x20008b1f        0x0 linker stubs
 *(.glue_7t)
 .glue_7t       0x20008b1f        0x0 linker stubs
                0x20008b20                . = ALIGN (0x4)
 *fill*         0x20008b1f        0x1 

.vfp11_veneer   0x20008b20        0x0
 .vfp11_veneer  0x20008b20        0x0 linker stubs

.v4_bx          0x20008b20        0x0
 .v4_bx         0x20008b20        0x0 linker stubs

.iplt           0x20008b20        0x0
 .iplt          0x20008b20        0x0 ./Debug/dispatch.s.o

.rel.dyn        0x20008b20        0x0
 .rel.iplt      0x20008b20        0x0 ./Debug/dispatch.s.o

.data           0x20008b20      0x684
                0x20008b20                . = ALIGN (0x4)
 *(.data)
 .data          0x20008b20       0x84 ./Debug/dispatch.s.o
 .data          0x20008ba4        0x0 ./Debug/part1.c.o
 .data          0x20008ba4        0x0 ./Debug/sciTinyTimber.c.o
 .data          0x20008ba4      0x568 ./Debug/application.c.o
                0x20008ba4                app
                0x20008bb4                melody
                0x20008bc8                musicPlayer
                0x20008c74                sci0
                0x20009094                can0
 .data          0x2000910c        0x0 ./Debug/part2.c.o
 .data          0x2000910c       0x24 ./Debug/TinyTimber.c.o
                0x2000910c                hex
                0x20009120                msgPool
                0x20009124                threadPool
                0x20009128                activeStack
                0x2000912c                current
 .data          0x20009130        0x0 ./Debug/startup.c.o
 .data          0x20009130        0x0 ./Debug/canTinyTimber.c.o
 .data          0x20009130        0x0 ./Debug/driver_src_stm32f4xx_usart.c.o
 .data          0x20009130        0x0 ./Debug/part0.c.o
 .data          0x20009130        0x0 ./Debug/driver_src_stm32f4xx_can.c.o
 .data          0x20009130        0x0 ./Debug/driver_src_stm32f4xx_syscfg.c.o
 .data          0x20009130        0x0 ./Debug/driver_src_stm32f4xx_tim.c.o
 .data          0x20009130       0x10 ./Debug/driver_src_stm32f4xx_rcc.c.o
 .data          0x20009140        0x0 ./Debug/driver_src_stm32f4xx_exti.c.o
 .data          0x20009140        0x0 ./Debug/driver_src_stm32f4xx_dac.c.o
 .data          0x20009140        0x0 ./Debug/driver_src_stm32f4xx_gpio.c.o
 .data          0x20009140        0x0 e:/gmv/codelite/tools/gcc-arm/bin/../lib/gcc/arm-none-eabi/9.2.1/../../../../arm-none-eabi/lib/thumb/v7e-m+fp/hard\libc_nano.a(lib_a-atoi.o)
 .data          0x20009140        0x0 e:/gmv/codelite/tools/gcc-arm/bin/../lib/gcc/arm-none-eabi/9.2.1/../../../../arm-none-eabi/lib/thumb/v7e-m+fp/hard\libc_nano.a(lib_a-sprintf.o)
 .data          0x20009140        0x0 e:/gmv/codelite/tools/gcc-arm/bin/../lib/gcc/arm-none-eabi/9.2.1/../../../../arm-none-eabi/lib/thumb/v7e-m+fp/hard\libc_nano.a(lib_a-strtol.o)
 .data          0x20009140        0x0 e:/gmv/codelite/tools/gcc-arm/bin/../lib/gcc/arm-none-eabi/9.2.1/../../../../arm-none-eabi/lib/thumb/v7e-m+fp/hard\libc_nano.a(lib_a-ctype_.o)
 .data          0x20009140        0x0 e:/gmv/codelite/tools/gcc-arm/bin/../lib/gcc/arm-none-eabi/9.2.1/../../../../arm-none-eabi/lib/thumb/v7e-m+fp/hard\libc_nano.a(lib_a-impure.o)
 .data          0x20009140        0x0 e:/gmv/codelite/tools/gcc-arm/bin/../lib/gcc/arm-none-eabi/9.2.1/../../../../arm-none-eabi/lib/thumb/v7e-m+fp/hard\libc_nano.a(lib_a-nano-svfprintf.o)
 .data          0x20009140        0x0 e:/gmv/codelite/tools/gcc-arm/bin/../lib/gcc/arm-none-eabi/9.2.1/../../../../arm-none-eabi/lib/thumb/v7e-m+fp/hard\libc_nano.a(lib_a-nano-vfprintf_i.o)
 .data          0x20009140        0x0 e:/gmv/codelite/tools/gcc-arm/bin/../lib/gcc/arm-none-eabi/9.2.1/../../../../arm-none-eabi/lib/thumb/v7e-m+fp/hard\libc_nano.a(lib_a-memchr.o)
 .data          0x20009140        0x0 e:/gmv/codelite/tools/gcc-arm/bin/../lib/gcc/arm-none-eabi/9.2.1/../../../../arm-none-eabi/lib/thumb/v7e-m+fp/hard\libc_nano.a(lib_a-memcpy-stub.o)
 .data          0x20009140        0x0 e:/gmv/codelite/tools/gcc-arm/bin/../lib/gcc/arm-none-eabi/9.2.1/../../../../arm-none-eabi/lib/thumb/v7e-m+fp/hard\libc_nano.a(lib_a-memmove.o)
 .data          0x20009140        0x0 e:/gmv/codelite/tools/gcc-arm/bin/../lib/gcc/arm-none-eabi/9.2.1/../../../../arm-none-eabi/lib/thumb/v7e-m+fp/hard\libc_nano.a(lib_a-nano-freer.o)
 .data          0x20009140        0x0 e:/gmv/codelite/tools/gcc-arm/bin/../lib/gcc/arm-none-eabi/9.2.1/../../../../arm-none-eabi/lib/thumb/v7e-m+fp/hard\libc_nano.a(lib_a-nano-mallocr.o)
 .data          0x20009140        0x0 e:/gmv/codelite/tools/gcc-arm/bin/../lib/gcc/arm-none-eabi/9.2.1/../../../../arm-none-eabi/lib/thumb/v7e-m+fp/hard\libc_nano.a(lib_a-nano-reallocr.o)
 .data          0x20009140        0x0 e:/gmv/codelite/tools/gcc-arm/bin/../lib/gcc/arm-none-eabi/9.2.1/../../../../arm-none-eabi/lib/thumb/v7e-m+fp/hard\libc_nano.a(lib_a-sbrkr.o)
 .data          0x20009140        0x0 e:/gmv/codelite/tools/gcc-arm/bin/../lib/gcc/arm-none-eabi/9.2.1/../../../../arm-none-eabi/lib/thumb/v7e-m+fp/hard\libc_nano.a(lib_a-mlock.o)
 .data          0x20009140        0x0 e:/gmv/codelite/tools/gcc-arm/bin/../lib/gcc/arm-none-eabi/9.2.1/../../../../arm-none-eabi/lib/thumb/v7e-m+fp/hard\libc_nano.a(lib_a-nano-msizer.o)
 .data          0x20009140        0x0 e:/gmv/codelite/tools/gcc-arm/bin/../lib/gcc/arm-none-eabi/9.2.1/../../../../arm-none-eabi/lib/thumb/v7e-m+fp/hard\libc_nano.a(lib_a-reent.o)
 .data          0x20009140        0x0 e:/gmv/codelite/tools/gcc-arm/bin/../lib/gcc/arm-none-eabi/9.2.1/../../../../arm-none-eabi/lib/thumb/v7e-m+fp/hard\libc_nano.a(lib_a-lock.o)
 *(.data.*)
 .data._impure_ptr
                0x20009140        0x4 e:/gmv/codelite/tools/gcc-arm/bin/../lib/gcc/arm-none-eabi/9.2.1/../../../../arm-none-eabi/lib/thumb/v7e-m+fp/hard\libc_nano.a(lib_a-impure.o)
                0x20009140                _impure_ptr
 .data.impure_data
                0x20009144       0x60 e:/gmv/codelite/tools/gcc-arm/bin/../lib/gcc/arm-none-eabi/9.2.1/../../../../arm-none-eabi/lib/thumb/v7e-m+fp/hard\libc_nano.a(lib_a-impure.o)
                0x200091a4                . = ALIGN (0x4)

.igot.plt       0x200091a4        0x0
 .igot.plt      0x200091a4        0x0 ./Debug/dispatch.s.o

.bss            0x200091a8     0x83c8
                0x200091a8                . = ALIGN (0x4)
                0x200091a8                _sbss = .
 *(.bss)
 .bss           0x200091a8        0x0 ./Debug/dispatch.s.o
 .bss           0x200091a8        0x0 ./Debug/part1.c.o
 .bss           0x200091a8        0x0 ./Debug/sciTinyTimber.c.o
 .bss           0x200091a8       0x40 ./Debug/application.c.o
                0x200091a8                readBuffer
 .bss           0x200091e8        0x0 ./Debug/part2.c.o
 .bss           0x200091e8       0x18 ./Debug/TinyTimber.c.o
                0x200091e8                msgQ
                0x200091ec                timerQ
                0x200091f0                runAsHardware
                0x200091f4                doIRQSchedule
                0x200091f8                timestamp
                0x200091fc                overflows
 .bss           0x20009200        0x0 ./Debug/startup.c.o
 .bss           0x20009200        0x0 ./Debug/canTinyTimber.c.o
 .bss           0x20009200        0x0 ./Debug/driver_src_stm32f4xx_usart.c.o
 .bss           0x20009200        0x0 ./Debug/part0.c.o
 .bss           0x20009200        0x0 ./Debug/driver_src_stm32f4xx_can.c.o
 .bss           0x20009200        0x0 ./Debug/driver_src_stm32f4xx_syscfg.c.o
 .bss           0x20009200        0x0 ./Debug/driver_src_stm32f4xx_tim.c.o
 .bss           0x20009200        0x0 ./Debug/driver_src_stm32f4xx_rcc.c.o
 .bss           0x20009200        0x0 ./Debug/driver_src_stm32f4xx_exti.c.o
 .bss           0x20009200        0x0 ./Debug/driver_src_stm32f4xx_dac.c.o
 .bss           0x20009200        0x0 ./Debug/driver_src_stm32f4xx_gpio.c.o
 .bss           0x20009200        0x0 e:/gmv/codelite/tools/gcc-arm/bin/../lib/gcc/arm-none-eabi/9.2.1/../../../../arm-none-eabi/lib/thumb/v7e-m+fp/hard\libc_nano.a(lib_a-atoi.o)
 .bss           0x20009200        0x0 e:/gmv/codelite/tools/gcc-arm/bin/../lib/gcc/arm-none-eabi/9.2.1/../../../../arm-none-eabi/lib/thumb/v7e-m+fp/hard\libc_nano.a(lib_a-sprintf.o)
 .bss           0x20009200        0x0 e:/gmv/codelite/tools/gcc-arm/bin/../lib/gcc/arm-none-eabi/9.2.1/../../../../arm-none-eabi/lib/thumb/v7e-m+fp/hard\libc_nano.a(lib_a-strtol.o)
 .bss           0x20009200        0x0 e:/gmv/codelite/tools/gcc-arm/bin/../lib/gcc/arm-none-eabi/9.2.1/../../../../arm-none-eabi/lib/thumb/v7e-m+fp/hard\libc_nano.a(lib_a-ctype_.o)
 .bss           0x20009200        0x0 e:/gmv/codelite/tools/gcc-arm/bin/../lib/gcc/arm-none-eabi/9.2.1/../../../../arm-none-eabi/lib/thumb/v7e-m+fp/hard\libc_nano.a(lib_a-impure.o)
 .bss           0x20009200        0x0 e:/gmv/codelite/tools/gcc-arm/bin/../lib/gcc/arm-none-eabi/9.2.1/../../../../arm-none-eabi/lib/thumb/v7e-m+fp/hard\libc_nano.a(lib_a-nano-svfprintf.o)
 .bss           0x20009200        0x0 e:/gmv/codelite/tools/gcc-arm/bin/../lib/gcc/arm-none-eabi/9.2.1/../../../../arm-none-eabi/lib/thumb/v7e-m+fp/hard\libc_nano.a(lib_a-nano-vfprintf_i.o)
 .bss           0x20009200        0x0 e:/gmv/codelite/tools/gcc-arm/bin/../lib/gcc/arm-none-eabi/9.2.1/../../../../arm-none-eabi/lib/thumb/v7e-m+fp/hard\libc_nano.a(lib_a-memchr.o)
 .bss           0x20009200        0x0 e:/gmv/codelite/tools/gcc-arm/bin/../lib/gcc/arm-none-eabi/9.2.1/../../../../arm-none-eabi/lib/thumb/v7e-m+fp/hard\libc_nano.a(lib_a-memcpy-stub.o)
 .bss           0x20009200        0x0 e:/gmv/codelite/tools/gcc-arm/bin/../lib/gcc/arm-none-eabi/9.2.1/../../../../arm-none-eabi/lib/thumb/v7e-m+fp/hard\libc_nano.a(lib_a-memmove.o)
 .bss           0x20009200        0x0 e:/gmv/codelite/tools/gcc-arm/bin/../lib/gcc/arm-none-eabi/9.2.1/../../../../arm-none-eabi/lib/thumb/v7e-m+fp/hard\libc_nano.a(lib_a-nano-freer.o)
 .bss           0x20009200        0x0 e:/gmv/codelite/tools/gcc-arm/bin/../lib/gcc/arm-none-eabi/9.2.1/../../../../arm-none-eabi/lib/thumb/v7e-m+fp/hard\libc_nano.a(lib_a-nano-mallocr.o)
 .bss           0x20009200        0x0 e:/gmv/codelite/tools/gcc-arm/bin/../lib/gcc/arm-none-eabi/9.2.1/../../../../arm-none-eabi/lib/thumb/v7e-m+fp/hard\libc_nano.a(lib_a-nano-reallocr.o)
 .bss           0x20009200        0x0 e:/gmv/codelite/tools/gcc-arm/bin/../lib/gcc/arm-none-eabi/9.2.1/../../../../arm-none-eabi/lib/thumb/v7e-m+fp/hard\libc_nano.a(lib_a-sbrkr.o)
 .bss           0x20009200        0x0 e:/gmv/codelite/tools/gcc-arm/bin/../lib/gcc/arm-none-eabi/9.2.1/../../../../arm-none-eabi/lib/thumb/v7e-m+fp/hard\libc_nano.a(lib_a-mlock.o)
 .bss           0x20009200        0x0 e:/gmv/codelite/tools/gcc-arm/bin/../lib/gcc/arm-none-eabi/9.2.1/../../../../arm-none-eabi/lib/thumb/v7e-m+fp/hard\libc_nano.a(lib_a-nano-msizer.o)
 .bss           0x20009200        0x0 e:/gmv/codelite/tools/gcc-arm/bin/../lib/gcc/arm-none-eabi/9.2.1/../../../../arm-none-eabi/lib/thumb/v7e-m+fp/hard\libc_nano.a(lib_a-reent.o)
 .bss           0x20009200        0x0 e:/gmv/codelite/tools/gcc-arm/bin/../lib/gcc/arm-none-eabi/9.2.1/../../../../arm-none-eabi/lib/thumb/v7e-m+fp/hard\libc_nano.a(lib_a-lock.o)
 *(.bss.*)
 .bss.__malloc_free_list
                0x20009200        0x4 e:/gmv/codelite/tools/gcc-arm/bin/../lib/gcc/arm-none-eabi/9.2.1/../../../../arm-none-eabi/lib/thumb/v7e-m+fp/hard\libc_nano.a(lib_a-nano-mallocr.o)
                0x20009200                __malloc_free_list
 .bss.__malloc_sbrk_start
                0x20009204        0x4 e:/gmv/codelite/tools/gcc-arm/bin/../lib/gcc/arm-none-eabi/9.2.1/../../../../arm-none-eabi/lib/thumb/v7e-m+fp/hard\libc_nano.a(lib_a-nano-mallocr.o)
                0x20009204                __malloc_sbrk_start
 *(COMMON)
 COMMON         0x20009208     0x8358 ./Debug/TinyTimber.c.o
                0x20009208                otable
                0x20009214                upcoming
                0x20009218                threads
                0x20009268                mtable
                0x20009274                thread0
                0x20009288                messages
                0x20009558                __heap_end
                0x20009560                stacks
 COMMON         0x20011560        0x4 e:/gmv/codelite/tools/gcc-arm/bin/../lib/gcc/arm-none-eabi/9.2.1/../../../../arm-none-eabi/lib/thumb/v7e-m+fp/hard\libc_nano.a(lib_a-reent.o)
                0x20011560                errno
 COMMON         0x20011564        0x9 e:/gmv/codelite/tools/gcc-arm/bin/../lib/gcc/arm-none-eabi/9.2.1/../../../../arm-none-eabi/lib/thumb/v7e-m+fp/hard\libc_nano.a(lib_a-lock.o)
                0x20011564                __lock___atexit_recursive_mutex
                0x20011565                __lock___arc4random_mutex
                0x20011566                __lock___env_recursive_mutex
                0x20011567                __lock___sinit_recursive_mutex
                0x20011568                __lock___malloc_recursive_mutex
                0x20011569                __lock___at_quick_exit_mutex
                0x2001156a                __lock___dd_hash_mutex
                0x2001156b                __lock___tz_mutex
                0x2001156c                __lock___sfp_recursive_mutex
                0x20011570                . = ALIGN (0x4)
 *fill*         0x2001156d        0x3 
                0x20011570                _ebss = .
                0x20011570                PROVIDE (end = _ebss)
                [!provide]                PROVIDE (_end = _ebss)
OUTPUT(./Debug/RTS-Lab.elf elf32-littlearm)

.ARM.attributes
                0x00000000       0x35
 .ARM.attributes
                0x00000000       0x25 ./Debug/dispatch.s.o
 .ARM.attributes
                0x00000025       0x34 ./Debug/part1.c.o
 .ARM.attributes
                0x00000059       0x34 ./Debug/sciTinyTimber.c.o
 .ARM.attributes
                0x0000008d       0x34 ./Debug/application.c.o
 .ARM.attributes
                0x000000c1       0x34 ./Debug/part2.c.o
 .ARM.attributes
                0x000000f5       0x34 ./Debug/TinyTimber.c.o
 .ARM.attributes
                0x00000129       0x34 ./Debug/startup.c.o
 .ARM.attributes
                0x0000015d       0x34 ./Debug/canTinyTimber.c.o
 .ARM.attributes
                0x00000191       0x34 ./Debug/driver_src_stm32f4xx_usart.c.o
 .ARM.attributes
                0x000001c5       0x34 ./Debug/part0.c.o
 .ARM.attributes
                0x000001f9       0x34 ./Debug/driver_src_stm32f4xx_can.c.o
 .ARM.attributes
                0x0000022d       0x34 ./Debug/driver_src_stm32f4xx_syscfg.c.o
 .ARM.attributes
                0x00000261       0x34 ./Debug/driver_src_stm32f4xx_tim.c.o
 .ARM.attributes
                0x00000295       0x34 ./Debug/driver_src_stm32f4xx_rcc.c.o
 .ARM.attributes
                0x000002c9       0x34 ./Debug/driver_src_stm32f4xx_exti.c.o
 .ARM.attributes
                0x000002fd       0x34 ./Debug/driver_src_stm32f4xx_dac.c.o
 .ARM.attributes
                0x00000331       0x34 ./Debug/driver_src_stm32f4xx_gpio.c.o
 .ARM.attributes
                0x00000365       0x34 e:/gmv/codelite/tools/gcc-arm/bin/../lib/gcc/arm-none-eabi/9.2.1/../../../../arm-none-eabi/lib/thumb/v7e-m+fp/hard\libc_nano.a(lib_a-atoi.o)
 .ARM.attributes
                0x00000399       0x34 e:/gmv/codelite/tools/gcc-arm/bin/../lib/gcc/arm-none-eabi/9.2.1/../../../../arm-none-eabi/lib/thumb/v7e-m+fp/hard\libc_nano.a(lib_a-sprintf.o)
 .ARM.attributes
                0x000003cd       0x34 e:/gmv/codelite/tools/gcc-arm/bin/../lib/gcc/arm-none-eabi/9.2.1/../../../../arm-none-eabi/lib/thumb/v7e-m+fp/hard\libc_nano.a(lib_a-strtol.o)
 .ARM.attributes
                0x00000401       0x32 e:/gmv/codelite/tools/gcc-arm/bin/../lib/gcc/arm-none-eabi/9.2.1/../../../../arm-none-eabi/lib/thumb/v7e-m+fp/hard\libc_nano.a(lib_a-ctype_.o)
 .ARM.attributes
                0x00000433       0x32 e:/gmv/codelite/tools/gcc-arm/bin/../lib/gcc/arm-none-eabi/9.2.1/../../../../arm-none-eabi/lib/thumb/v7e-m+fp/hard\libc_nano.a(lib_a-impure.o)
 .ARM.attributes
                0x00000465       0x34 e:/gmv/codelite/tools/gcc-arm/bin/../lib/gcc/arm-none-eabi/9.2.1/../../../../arm-none-eabi/lib/thumb/v7e-m+fp/hard\libc_nano.a(lib_a-nano-svfprintf.o)
 .ARM.attributes
                0x00000499       0x34 e:/gmv/codelite/tools/gcc-arm/bin/../lib/gcc/arm-none-eabi/9.2.1/../../../../arm-none-eabi/lib/thumb/v7e-m+fp/hard\libc_nano.a(lib_a-nano-vfprintf_i.o)
 .ARM.attributes
                0x000004cd       0x1c e:/gmv/codelite/tools/gcc-arm/bin/../lib/gcc/arm-none-eabi/9.2.1/../../../../arm-none-eabi/lib/thumb/v7e-m+fp/hard\libc_nano.a(lib_a-memchr.o)
 .ARM.attributes
                0x000004e9       0x34 e:/gmv/codelite/tools/gcc-arm/bin/../lib/gcc/arm-none-eabi/9.2.1/../../../../arm-none-eabi/lib/thumb/v7e-m+fp/hard\libc_nano.a(lib_a-memcpy-stub.o)
 .ARM.attributes
                0x0000051d       0x34 e:/gmv/codelite/tools/gcc-arm/bin/../lib/gcc/arm-none-eabi/9.2.1/../../../../arm-none-eabi/lib/thumb/v7e-m+fp/hard\libc_nano.a(lib_a-memmove.o)
 .ARM.attributes
                0x00000551       0x34 e:/gmv/codelite/tools/gcc-arm/bin/../lib/gcc/arm-none-eabi/9.2.1/../../../../arm-none-eabi/lib/thumb/v7e-m+fp/hard\libc_nano.a(lib_a-nano-freer.o)
 .ARM.attributes
                0x00000585       0x34 e:/gmv/codelite/tools/gcc-arm/bin/../lib/gcc/arm-none-eabi/9.2.1/../../../../arm-none-eabi/lib/thumb/v7e-m+fp/hard\libc_nano.a(lib_a-nano-mallocr.o)
 .ARM.attributes
                0x000005b9       0x34 e:/gmv/codelite/tools/gcc-arm/bin/../lib/gcc/arm-none-eabi/9.2.1/../../../../arm-none-eabi/lib/thumb/v7e-m+fp/hard\libc_nano.a(lib_a-nano-reallocr.o)
 .ARM.attributes
                0x000005ed       0x34 e:/gmv/codelite/tools/gcc-arm/bin/../lib/gcc/arm-none-eabi/9.2.1/../../../../arm-none-eabi/lib/thumb/v7e-m+fp/hard\libc_nano.a(lib_a-sbrkr.o)
 .ARM.attributes
                0x00000621       0x34 e:/gmv/codelite/tools/gcc-arm/bin/../lib/gcc/arm-none-eabi/9.2.1/../../../../arm-none-eabi/lib/thumb/v7e-m+fp/hard\libc_nano.a(lib_a-mlock.o)
 .ARM.attributes
                0x00000655       0x34 e:/gmv/codelite/tools/gcc-arm/bin/../lib/gcc/arm-none-eabi/9.2.1/../../../../arm-none-eabi/lib/thumb/v7e-m+fp/hard\libc_nano.a(lib_a-nano-msizer.o)
 .ARM.attributes
                0x00000689       0x34 e:/gmv/codelite/tools/gcc-arm/bin/../lib/gcc/arm-none-eabi/9.2.1/../../../../arm-none-eabi/lib/thumb/v7e-m+fp/hard\libc_nano.a(lib_a-reent.o)
 .ARM.attributes
                0x000006bd       0x34 e:/gmv/codelite/tools/gcc-arm/bin/../lib/gcc/arm-none-eabi/9.2.1/../../../../arm-none-eabi/lib/thumb/v7e-m+fp/hard\libc_nano.a(lib_a-lock.o)

.comment        0x00000000       0x79
 .comment       0x00000000       0x79 ./Debug/part1.c.o
                                 0x7a (size before relaxing)
 .comment       0x00000079       0x7a ./Debug/sciTinyTimber.c.o
 .comment       0x00000079       0x7a ./Debug/application.c.o
 .comment       0x00000079       0x7a ./Debug/part2.c.o
 .comment       0x00000079       0x7a ./Debug/TinyTimber.c.o
 .comment       0x00000079       0x7a ./Debug/startup.c.o
 .comment       0x00000079       0x7a ./Debug/canTinyTimber.c.o
 .comment       0x00000079       0x7a ./Debug/driver_src_stm32f4xx_usart.c.o
 .comment       0x00000079       0x7a ./Debug/part0.c.o
 .comment       0x00000079       0x7a ./Debug/driver_src_stm32f4xx_can.c.o
 .comment       0x00000079       0x7a ./Debug/driver_src_stm32f4xx_syscfg.c.o
 .comment       0x00000079       0x7a ./Debug/driver_src_stm32f4xx_tim.c.o
 .comment       0x00000079       0x7a ./Debug/driver_src_stm32f4xx_rcc.c.o
 .comment       0x00000079       0x7a ./Debug/driver_src_stm32f4xx_exti.c.o
 .comment       0x00000079       0x7a ./Debug/driver_src_stm32f4xx_dac.c.o
 .comment       0x00000079       0x7a ./Debug/driver_src_stm32f4xx_gpio.c.o

.debug_info     0x00000000     0xcffb
 .debug_info    0x00000000      0xe1c ./Debug/part1.c.o
 .debug_info    0x00000e1c      0x9d1 ./Debug/sciTinyTimber.c.o
 .debug_info    0x000017ed     0x1486 ./Debug/application.c.o
 .debug_info    0x00002c73      0xc72 ./Debug/part2.c.o
 .debug_info    0x000038e5     0x183c ./Debug/TinyTimber.c.o
 .debug_info    0x00005121      0xade ./Debug/startup.c.o
 .debug_info    0x00005bff      0xdb4 ./Debug/canTinyTimber.c.o
 .debug_info    0x000069b3      0xa68 ./Debug/driver_src_stm32f4xx_usart.c.o
 .debug_info    0x0000741b      0xef1 ./Debug/part0.c.o
 .debug_info    0x0000830c      0xc60 ./Debug/driver_src_stm32f4xx_can.c.o
 .debug_info    0x00008f6c      0x2c4 ./Debug/driver_src_stm32f4xx_syscfg.c.o
 .debug_info    0x00009230     0x1e26 ./Debug/driver_src_stm32f4xx_tim.c.o
 .debug_info    0x0000b056      0xef4 ./Debug/driver_src_stm32f4xx_rcc.c.o
 .debug_info    0x0000bf4a      0x383 ./Debug/driver_src_stm32f4xx_exti.c.o
 .debug_info    0x0000c2cd      0x6af ./Debug/driver_src_stm32f4xx_dac.c.o
 .debug_info    0x0000c97c      0x67f ./Debug/driver_src_stm32f4xx_gpio.c.o

.debug_abbrev   0x00000000     0x2636
 .debug_abbrev  0x00000000      0x286 ./Debug/part1.c.o
 .debug_abbrev  0x00000286      0x273 ./Debug/sciTinyTimber.c.o
 .debug_abbrev  0x000004f9      0x383 ./Debug/application.c.o
 .debug_abbrev  0x0000087c      0x295 ./Debug/part2.c.o
 .debug_abbrev  0x00000b11      0x4f2 ./Debug/TinyTimber.c.o
 .debug_abbrev  0x00001003      0x286 ./Debug/startup.c.o
 .debug_abbrev  0x00001289      0x277 ./Debug/canTinyTimber.c.o
 .debug_abbrev  0x00001500      0x1a8 ./Debug/driver_src_stm32f4xx_usart.c.o
 .debug_abbrev  0x000016a8      0x2ae ./Debug/part0.c.o
 .debug_abbrev  0x00001956      0x238 ./Debug/driver_src_stm32f4xx_can.c.o
 .debug_abbrev  0x00001b8e      0x164 ./Debug/driver_src_stm32f4xx_syscfg.c.o
 .debug_abbrev  0x00001cf2      0x1c2 ./Debug/driver_src_stm32f4xx_tim.c.o
 .debug_abbrev  0x00001eb4      0x1f9 ./Debug/driver_src_stm32f4xx_rcc.c.o
 .debug_abbrev  0x000020ad      0x1ea ./Debug/driver_src_stm32f4xx_exti.c.o
 .debug_abbrev  0x00002297      0x1b9 ./Debug/driver_src_stm32f4xx_dac.c.o
 .debug_abbrev  0x00002450      0x1e6 ./Debug/driver_src_stm32f4xx_gpio.c.o

.debug_aranges  0x00000000      0x208
 .debug_aranges
                0x00000000       0x20 ./Debug/part1.c.o
 .debug_aranges
                0x00000020       0x20 ./Debug/sciTinyTimber.c.o
 .debug_aranges
                0x00000040       0x20 ./Debug/application.c.o
 .debug_aranges
                0x00000060       0x20 ./Debug/part2.c.o
 .debug_aranges
                0x00000080       0x20 ./Debug/TinyTimber.c.o
 .debug_aranges
                0x000000a0       0x28 ./Debug/startup.c.o
 .debug_aranges
                0x000000c8       0x20 ./Debug/canTinyTimber.c.o
 .debug_aranges
                0x000000e8       0x20 ./Debug/driver_src_stm32f4xx_usart.c.o
 .debug_aranges
                0x00000108       0x20 ./Debug/part0.c.o
 .debug_aranges
                0x00000128       0x20 ./Debug/driver_src_stm32f4xx_can.c.o
 .debug_aranges
                0x00000148       0x20 ./Debug/driver_src_stm32f4xx_syscfg.c.o
 .debug_aranges
                0x00000168       0x20 ./Debug/driver_src_stm32f4xx_tim.c.o
 .debug_aranges
                0x00000188       0x20 ./Debug/driver_src_stm32f4xx_rcc.c.o
 .debug_aranges
                0x000001a8       0x20 ./Debug/driver_src_stm32f4xx_exti.c.o
 .debug_aranges
                0x000001c8       0x20 ./Debug/driver_src_stm32f4xx_dac.c.o
 .debug_aranges
                0x000001e8       0x20 ./Debug/driver_src_stm32f4xx_gpio.c.o

.debug_line     0x00000000     0x5056
 .debug_line    0x00000000      0x3c5 ./Debug/part1.c.o
 .debug_line    0x000003c5      0x2a3 ./Debug/sciTinyTimber.c.o
 .debug_line    0x00000668      0x37c ./Debug/application.c.o
 .debug_line    0x000009e4      0x2c1 ./Debug/part2.c.o
 .debug_line    0x00000ca5      0xa6d ./Debug/TinyTimber.c.o
 .debug_line    0x00001712      0x35f ./Debug/startup.c.o
 .debug_line    0x00001a71      0x407 ./Debug/canTinyTimber.c.o
 .debug_line    0x00001e78      0x566 ./Debug/driver_src_stm32f4xx_usart.c.o
 .debug_line    0x000023de      0x484 ./Debug/part0.c.o
 .debug_line    0x00002862      0x8ab ./Debug/driver_src_stm32f4xx_can.c.o
 .debug_line    0x0000310d      0x1f4 ./Debug/driver_src_stm32f4xx_syscfg.c.o
 .debug_line    0x00003301      0xb79 ./Debug/driver_src_stm32f4xx_tim.c.o
 .debug_line    0x00003e7a      0x75c ./Debug/driver_src_stm32f4xx_rcc.c.o
 .debug_line    0x000045d6      0x2d3 ./Debug/driver_src_stm32f4xx_exti.c.o
 .debug_line    0x000048a9      0x3a9 ./Debug/driver_src_stm32f4xx_dac.c.o
 .debug_line    0x00004c52      0x404 ./Debug/driver_src_stm32f4xx_gpio.c.o

.debug_str      0x00000000     0x3a49
 .debug_str     0x00000000      0x658 ./Debug/part1.c.o
                                0x6fc (size before relaxing)
 .debug_str     0x00000658      0x6b6 ./Debug/sciTinyTimber.c.o
                                0x8bd (size before relaxing)
 .debug_str     0x00000d0e      0x27b ./Debug/application.c.o
                                0x91e (size before relaxing)
 .debug_str     0x00000f89       0x8a ./Debug/part2.c.o
                                0x6d5 (size before relaxing)
 .debug_str     0x00001013      0x417 ./Debug/TinyTimber.c.o
                                0xc9d (size before relaxing)
 .debug_str     0x0000142a      0x476 ./Debug/startup.c.o
                                0x7e0 (size before relaxing)
 .debug_str     0x000018a0      0x12e ./Debug/canTinyTimber.c.o
                                0xa5e (size before relaxing)
 .debug_str     0x000019ce      0x482 ./Debug/driver_src_stm32f4xx_usart.c.o
                                0x6d9 (size before relaxing)
 .debug_str     0x00001e50      0x135 ./Debug/part0.c.o
                                0x744 (size before relaxing)
 .debug_str     0x00001f85      0x2f6 ./Debug/driver_src_stm32f4xx_can.c.o
                                0x788 (size before relaxing)
 .debug_str     0x0000227b      0x179 ./Debug/driver_src_stm32f4xx_syscfg.c.o
                                0x358 (size before relaxing)
 .debug_str     0x000023f4      0xa82 ./Debug/driver_src_stm32f4xx_tim.c.o
                                0xe1a (size before relaxing)
 .debug_str     0x00002e76      0x724 ./Debug/driver_src_stm32f4xx_rcc.c.o
                                0x9df (size before relaxing)
 .debug_str     0x0000359a       0xfc ./Debug/driver_src_stm32f4xx_exti.c.o
                                0x396 (size before relaxing)
 .debug_str     0x00003696      0x236 ./Debug/driver_src_stm32f4xx_dac.c.o
                                0x49d (size before relaxing)
 .debug_str     0x000038cc      0x17d ./Debug/driver_src_stm32f4xx_gpio.c.o
                                0x4ed (size before relaxing)

.debug_frame    0x00000000     0x3928
 .debug_frame   0x00000000      0x168 ./Debug/part1.c.o
 .debug_frame   0x00000168      0x11c ./Debug/sciTinyTimber.c.o
 .debug_frame   0x00000284      0x17c ./Debug/application.c.o
 .debug_frame   0x00000400       0xf4 ./Debug/part2.c.o
 .debug_frame   0x000004f4      0x57c ./Debug/TinyTimber.c.o
 .debug_frame   0x00000a70      0x14c ./Debug/startup.c.o
 .debug_frame   0x00000bbc      0x100 ./Debug/canTinyTimber.c.o
 .debug_frame   0x00000cbc      0x490 ./Debug/driver_src_stm32f4xx_usart.c.o
 .debug_frame   0x0000114c      0x1c4 ./Debug/part0.c.o
 .debug_frame   0x00001310      0x3f8 ./Debug/driver_src_stm32f4xx_can.c.o
 .debug_frame   0x00001708      0x11c ./Debug/driver_src_stm32f4xx_syscfg.c.o
 .debug_frame   0x00001824      0xe54 ./Debug/driver_src_stm32f4xx_tim.c.o
 .debug_frame   0x00002678      0x814 ./Debug/driver_src_stm32f4xx_rcc.c.o
 .debug_frame   0x00002e8c      0x148 ./Debug/driver_src_stm32f4xx_exti.c.o
 .debug_frame   0x00002fd4      0x2ac ./Debug/driver_src_stm32f4xx_dac.c.o
 .debug_frame   0x00003280      0x23c ./Debug/driver_src_stm32f4xx_gpio.c.o
 .debug_frame   0x000034bc       0x30 e:/gmv/codelite/tools/gcc-arm/bin/../lib/gcc/arm-none-eabi/9.2.1/../../../../arm-none-eabi/lib/thumb/v7e-m+fp/hard\libc_nano.a(lib_a-atoi.o)
 .debug_frame   0x000034ec       0x6c e:/gmv/codelite/tools/gcc-arm/bin/../lib/gcc/arm-none-eabi/9.2.1/../../../../arm-none-eabi/lib/thumb/v7e-m+fp/hard\libc_nano.a(lib_a-sprintf.o)
 .debug_frame   0x00003558       0x64 e:/gmv/codelite/tools/gcc-arm/bin/../lib/gcc/arm-none-eabi/9.2.1/../../../../arm-none-eabi/lib/thumb/v7e-m+fp/hard\libc_nano.a(lib_a-strtol.o)
 .debug_frame   0x000035bc       0x90 e:/gmv/codelite/tools/gcc-arm/bin/../lib/gcc/arm-none-eabi/9.2.1/../../../../arm-none-eabi/lib/thumb/v7e-m+fp/hard\libc_nano.a(lib_a-nano-svfprintf.o)
 .debug_frame   0x0000364c       0x60 e:/gmv/codelite/tools/gcc-arm/bin/../lib/gcc/arm-none-eabi/9.2.1/../../../../arm-none-eabi/lib/thumb/v7e-m+fp/hard\libc_nano.a(lib_a-nano-vfprintf_i.o)
 .debug_frame   0x000036ac       0x28 e:/gmv/codelite/tools/gcc-arm/bin/../lib/gcc/arm-none-eabi/9.2.1/../../../../arm-none-eabi/lib/thumb/v7e-m+fp/hard\libc_nano.a(lib_a-memcpy-stub.o)
 .debug_frame   0x000036d4       0x28 e:/gmv/codelite/tools/gcc-arm/bin/../lib/gcc/arm-none-eabi/9.2.1/../../../../arm-none-eabi/lib/thumb/v7e-m+fp/hard\libc_nano.a(lib_a-memmove.o)
 .debug_frame   0x000036fc       0x38 e:/gmv/codelite/tools/gcc-arm/bin/../lib/gcc/arm-none-eabi/9.2.1/../../../../arm-none-eabi/lib/thumb/v7e-m+fp/hard\libc_nano.a(lib_a-nano-freer.o)
 .debug_frame   0x00003734       0x30 e:/gmv/codelite/tools/gcc-arm/bin/../lib/gcc/arm-none-eabi/9.2.1/../../../../arm-none-eabi/lib/thumb/v7e-m+fp/hard\libc_nano.a(lib_a-nano-mallocr.o)
 .debug_frame   0x00003764       0x3c e:/gmv/codelite/tools/gcc-arm/bin/../lib/gcc/arm-none-eabi/9.2.1/../../../../arm-none-eabi/lib/thumb/v7e-m+fp/hard\libc_nano.a(lib_a-nano-reallocr.o)
 .debug_frame   0x000037a0       0x2c e:/gmv/codelite/tools/gcc-arm/bin/../lib/gcc/arm-none-eabi/9.2.1/../../../../arm-none-eabi/lib/thumb/v7e-m+fp/hard\libc_nano.a(lib_a-sbrkr.o)
 .debug_frame   0x000037cc       0x30 e:/gmv/codelite/tools/gcc-arm/bin/../lib/gcc/arm-none-eabi/9.2.1/../../../../arm-none-eabi/lib/thumb/v7e-m+fp/hard\libc_nano.a(lib_a-mlock.o)
 .debug_frame   0x000037fc       0x20 e:/gmv/codelite/tools/gcc-arm/bin/../lib/gcc/arm-none-eabi/9.2.1/../../../../arm-none-eabi/lib/thumb/v7e-m+fp/hard\libc_nano.a(lib_a-nano-msizer.o)
 .debug_frame   0x0000381c       0x5c e:/gmv/codelite/tools/gcc-arm/bin/../lib/gcc/arm-none-eabi/9.2.1/../../../../arm-none-eabi/lib/thumb/v7e-m+fp/hard\libc_nano.a(lib_a-reent.o)
 .debug_frame   0x00003878       0xb0 e:/gmv/codelite/tools/gcc-arm/bin/../lib/gcc/arm-none-eabi/9.2.1/../../../../arm-none-eabi/lib/thumb/v7e-m+fp/hard\libc_nano.a(lib_a-lock.o)

.debug_ranges   0x00000000       0x18
 .debug_ranges  0x00000000       0x18 ./Debug/startup.c.o

Cross Reference Table

Symbol                                            File
ABORT                                             ./Debug/TinyTimber.c.o
CANHandler                                        ./Debug/application.c.o
CAN_CancelTransmit                                ./Debug/driver_src_stm32f4xx_can.c.o
CAN_ClearFlag                                     ./Debug/driver_src_stm32f4xx_can.c.o
CAN_ClearITPendingBit                             ./Debug/driver_src_stm32f4xx_can.c.o
CAN_DBGFreeze                                     ./Debug/driver_src_stm32f4xx_can.c.o
CAN_DeInit                                        ./Debug/driver_src_stm32f4xx_can.c.o
                                                  ./Debug/startup.c.o
CAN_FIFORelease                                   ./Debug/driver_src_stm32f4xx_can.c.o
CAN_FilterInit                                    ./Debug/driver_src_stm32f4xx_can.c.o
                                                  ./Debug/startup.c.o
CAN_GetFlagStatus                                 ./Debug/driver_src_stm32f4xx_can.c.o
                                                  ./Debug/canTinyTimber.c.o
CAN_GetITStatus                                   ./Debug/driver_src_stm32f4xx_can.c.o
CAN_GetLSBTransmitErrorCounter                    ./Debug/driver_src_stm32f4xx_can.c.o
CAN_GetLastErrorCode                              ./Debug/driver_src_stm32f4xx_can.c.o
CAN_GetReceiveErrorCounter                        ./Debug/driver_src_stm32f4xx_can.c.o
CAN_ITConfig                                      ./Debug/driver_src_stm32f4xx_can.c.o
                                                  ./Debug/canTinyTimber.c.o
CAN_Init                                          ./Debug/driver_src_stm32f4xx_can.c.o
                                                  ./Debug/canTinyTimber.c.o
CAN_MessagePending                                ./Debug/driver_src_stm32f4xx_can.c.o
CAN_OperatingModeRequest                          ./Debug/driver_src_stm32f4xx_can.c.o
CAN_Receive                                       ./Debug/driver_src_stm32f4xx_can.c.o
                                                  ./Debug/canTinyTimber.c.o
CAN_SlaveStartBank                                ./Debug/driver_src_stm32f4xx_can.c.o
CAN_Sleep                                         ./Debug/driver_src_stm32f4xx_can.c.o
CAN_StructInit                                    ./Debug/driver_src_stm32f4xx_can.c.o
                                                  ./Debug/canTinyTimber.c.o
CAN_TTComModeCmd                                  ./Debug/driver_src_stm32f4xx_can.c.o
CAN_Transmit                                      ./Debug/driver_src_stm32f4xx_can.c.o
                                                  ./Debug/canTinyTimber.c.o
CAN_TransmitStatus                                ./Debug/driver_src_stm32f4xx_can.c.o
CAN_WakeUp                                        ./Debug/driver_src_stm32f4xx_can.c.o
CURRENT_OFFSET                                    ./Debug/TinyTimber.c.o
                                                  ./Debug/part1.c.o
DAC_ClearFlag                                     ./Debug/driver_src_stm32f4xx_dac.c.o
DAC_ClearITPendingBit                             ./Debug/driver_src_stm32f4xx_dac.c.o
DAC_Cmd                                           ./Debug/driver_src_stm32f4xx_dac.c.o
                                                  ./Debug/startup.c.o
DAC_DMACmd                                        ./Debug/driver_src_stm32f4xx_dac.c.o
DAC_DeInit                                        ./Debug/driver_src_stm32f4xx_dac.c.o
                                                  ./Debug/startup.c.o
DAC_DualSoftwareTriggerCmd                        ./Debug/driver_src_stm32f4xx_dac.c.o
DAC_GetDataOutputValue                            ./Debug/driver_src_stm32f4xx_dac.c.o
DAC_GetFlagStatus                                 ./Debug/driver_src_stm32f4xx_dac.c.o
DAC_GetITStatus                                   ./Debug/driver_src_stm32f4xx_dac.c.o
DAC_ITConfig                                      ./Debug/driver_src_stm32f4xx_dac.c.o
DAC_Init                                          ./Debug/driver_src_stm32f4xx_dac.c.o
                                                  ./Debug/startup.c.o
DAC_SetChannel1Data                               ./Debug/driver_src_stm32f4xx_dac.c.o
DAC_SetChannel2Data                               ./Debug/driver_src_stm32f4xx_dac.c.o
                                                  ./Debug/startup.c.o
DAC_SetDualChannelData                            ./Debug/driver_src_stm32f4xx_dac.c.o
DAC_SoftwareTriggerCmd                            ./Debug/driver_src_stm32f4xx_dac.c.o
DAC_StructInit                                    ./Debug/driver_src_stm32f4xx_dac.c.o
                                                  ./Debug/startup.c.o
DAC_WaveGenerationCmd                             ./Debug/driver_src_stm32f4xx_dac.c.o
DUMP                                              ./Debug/TinyTimber.c.o
                                                  ./Debug/canTinyTimber.c.o
                                                  ./Debug/dispatch.s.o
DUMPC                                             ./Debug/TinyTimber.c.o
DUMPD                                             ./Debug/TinyTimber.c.o
                                                  ./Debug/dispatch.s.o
DUMPH                                             ./Debug/TinyTimber.c.o
                                                  ./Debug/dispatch.s.o
EXTI_ClearFlag                                    ./Debug/driver_src_stm32f4xx_exti.c.o
EXTI_ClearITPendingBit                            ./Debug/driver_src_stm32f4xx_exti.c.o
EXTI_DeInit                                       ./Debug/driver_src_stm32f4xx_exti.c.o
                                                  ./Debug/startup.c.o
EXTI_GenerateSWInterrupt                          ./Debug/driver_src_stm32f4xx_exti.c.o
EXTI_GetFlagStatus                                ./Debug/driver_src_stm32f4xx_exti.c.o
EXTI_GetITStatus                                  ./Debug/driver_src_stm32f4xx_exti.c.o
EXTI_Init                                         ./Debug/driver_src_stm32f4xx_exti.c.o
                                                  ./Debug/startup.c.o
EXTI_StructInit                                   ./Debug/driver_src_stm32f4xx_exti.c.o
                                                  ./Debug/startup.c.o
GPIO_DeInit                                       ./Debug/driver_src_stm32f4xx_gpio.c.o
                                                  ./Debug/startup.c.o
GPIO_Init                                         ./Debug/driver_src_stm32f4xx_gpio.c.o
                                                  ./Debug/startup.c.o
GPIO_PinAFConfig                                  ./Debug/driver_src_stm32f4xx_gpio.c.o
                                                  ./Debug/startup.c.o
GPIO_PinLockConfig                                ./Debug/driver_src_stm32f4xx_gpio.c.o
GPIO_ReadInputData                                ./Debug/driver_src_stm32f4xx_gpio.c.o
GPIO_ReadInputDataBit                             ./Debug/driver_src_stm32f4xx_gpio.c.o
GPIO_ReadOutputData                               ./Debug/driver_src_stm32f4xx_gpio.c.o
GPIO_ReadOutputDataBit                            ./Debug/driver_src_stm32f4xx_gpio.c.o
GPIO_ResetBits                                    ./Debug/driver_src_stm32f4xx_gpio.c.o
GPIO_SetBits                                      ./Debug/driver_src_stm32f4xx_gpio.c.o
GPIO_StructInit                                   ./Debug/driver_src_stm32f4xx_gpio.c.o
                                                  ./Debug/startup.c.o
GPIO_ToggleBits                                   ./Debug/driver_src_stm32f4xx_gpio.c.o
GPIO_Write                                        ./Debug/driver_src_stm32f4xx_gpio.c.o
GPIO_WriteBit                                     ./Debug/driver_src_stm32f4xx_gpio.c.o
                                                  ./Debug/startup.c.o
                                                  ./Debug/TinyTimber.c.o
RCC_AHB1PeriphClockCmd                            ./Debug/driver_src_stm32f4xx_rcc.c.o
                                                  ./Debug/startup.c.o
RCC_AHB1PeriphClockLPModeCmd                      ./Debug/driver_src_stm32f4xx_rcc.c.o
RCC_AHB1PeriphResetCmd                            ./Debug/driver_src_stm32f4xx_rcc.c.o
                                                  ./Debug/driver_src_stm32f4xx_gpio.c.o
RCC_AHB2PeriphClockCmd                            ./Debug/driver_src_stm32f4xx_rcc.c.o
RCC_AHB2PeriphClockLPModeCmd                      ./Debug/driver_src_stm32f4xx_rcc.c.o
RCC_AHB2PeriphResetCmd                            ./Debug/driver_src_stm32f4xx_rcc.c.o
RCC_AHB3PeriphClockCmd                            ./Debug/driver_src_stm32f4xx_rcc.c.o
RCC_AHB3PeriphClockLPModeCmd                      ./Debug/driver_src_stm32f4xx_rcc.c.o
RCC_AHB3PeriphResetCmd                            ./Debug/driver_src_stm32f4xx_rcc.c.o
RCC_APB1PeriphClockCmd                            ./Debug/driver_src_stm32f4xx_rcc.c.o
                                                  ./Debug/startup.c.o
RCC_APB1PeriphClockLPModeCmd                      ./Debug/driver_src_stm32f4xx_rcc.c.o
                                                  ./Debug/startup.c.o
RCC_APB1PeriphResetCmd                            ./Debug/driver_src_stm32f4xx_rcc.c.o
                                                  ./Debug/driver_src_stm32f4xx_dac.c.o
                                                  ./Debug/driver_src_stm32f4xx_tim.c.o
                                                  ./Debug/driver_src_stm32f4xx_can.c.o
                                                  ./Debug/driver_src_stm32f4xx_usart.c.o
RCC_APB2PeriphClockCmd                            ./Debug/driver_src_stm32f4xx_rcc.c.o
                                                  ./Debug/startup.c.o
RCC_APB2PeriphClockLPModeCmd                      ./Debug/driver_src_stm32f4xx_rcc.c.o
RCC_APB2PeriphResetCmd                            ./Debug/driver_src_stm32f4xx_rcc.c.o
                                                  ./Debug/driver_src_stm32f4xx_tim.c.o
                                                  ./Debug/driver_src_stm32f4xx_syscfg.c.o
                                                  ./Debug/driver_src_stm32f4xx_usart.c.o
RCC_AdjustHSICalibrationValue                     ./Debug/driver_src_stm32f4xx_rcc.c.o
RCC_BackupResetCmd                                ./Debug/driver_src_stm32f4xx_rcc.c.o
RCC_ClearFlag                                     ./Debug/driver_src_stm32f4xx_rcc.c.o
RCC_ClearITPendingBit                             ./Debug/driver_src_stm32f4xx_rcc.c.o
RCC_ClockSecuritySystemCmd                        ./Debug/driver_src_stm32f4xx_rcc.c.o
RCC_DeInit                                        ./Debug/driver_src_stm32f4xx_rcc.c.o
RCC_GetClocksFreq                                 ./Debug/driver_src_stm32f4xx_rcc.c.o
                                                  ./Debug/driver_src_stm32f4xx_usart.c.o
RCC_GetFlagStatus                                 ./Debug/driver_src_stm32f4xx_rcc.c.o
RCC_GetITStatus                                   ./Debug/driver_src_stm32f4xx_rcc.c.o
RCC_GetSYSCLKSource                               ./Debug/driver_src_stm32f4xx_rcc.c.o
RCC_HCLKConfig                                    ./Debug/driver_src_stm32f4xx_rcc.c.o
RCC_HSEConfig                                     ./Debug/driver_src_stm32f4xx_rcc.c.o
RCC_HSICmd                                        ./Debug/driver_src_stm32f4xx_rcc.c.o
RCC_I2SCLKConfig                                  ./Debug/driver_src_stm32f4xx_rcc.c.o
RCC_ITConfig                                      ./Debug/driver_src_stm32f4xx_rcc.c.o
RCC_LSEConfig                                     ./Debug/driver_src_stm32f4xx_rcc.c.o
RCC_LSICmd                                        ./Debug/driver_src_stm32f4xx_rcc.c.o
RCC_LTDCCLKDivConfig                              ./Debug/driver_src_stm32f4xx_rcc.c.o
RCC_MCO1Config                                    ./Debug/driver_src_stm32f4xx_rcc.c.o
RCC_MCO2Config                                    ./Debug/driver_src_stm32f4xx_rcc.c.o
RCC_PCLK1Config                                   ./Debug/driver_src_stm32f4xx_rcc.c.o
RCC_PCLK2Config                                   ./Debug/driver_src_stm32f4xx_rcc.c.o
RCC_PLLCmd                                        ./Debug/driver_src_stm32f4xx_rcc.c.o
RCC_PLLConfig                                     ./Debug/driver_src_stm32f4xx_rcc.c.o
RCC_PLLI2SCmd                                     ./Debug/driver_src_stm32f4xx_rcc.c.o
RCC_PLLI2SConfig                                  ./Debug/driver_src_stm32f4xx_rcc.c.o
RCC_PLLSAICmd                                     ./Debug/driver_src_stm32f4xx_rcc.c.o
RCC_PLLSAIConfig                                  ./Debug/driver_src_stm32f4xx_rcc.c.o
RCC_RTCCLKCmd                                     ./Debug/driver_src_stm32f4xx_rcc.c.o
RCC_RTCCLKConfig                                  ./Debug/driver_src_stm32f4xx_rcc.c.o
RCC_SAIBlockACLKConfig                            ./Debug/driver_src_stm32f4xx_rcc.c.o
RCC_SAIBlockBCLKConfig                            ./Debug/driver_src_stm32f4xx_rcc.c.o
RCC_SAIPLLI2SClkDivConfig                         ./Debug/driver_src_stm32f4xx_rcc.c.o
RCC_SAIPLLSAIClkDivConfig                         ./Debug/driver_src_stm32f4xx_rcc.c.o
RCC_SYSCLKConfig                                  ./Debug/driver_src_stm32f4xx_rcc.c.o
RCC_TIMCLKPresConfig                              ./Debug/driver_src_stm32f4xx_rcc.c.o
RCC_WaitForHSEStartUp                             ./Debug/driver_src_stm32f4xx_rcc.c.o
SETPC                                             ./Debug/TinyTimber.c.o
SETSTACK                                          ./Debug/TinyTimber.c.o
SYSCFG_CompensationCellCmd                        ./Debug/driver_src_stm32f4xx_syscfg.c.o
SYSCFG_DeInit                                     ./Debug/driver_src_stm32f4xx_syscfg.c.o
SYSCFG_ETH_MediaInterfaceConfig                   ./Debug/driver_src_stm32f4xx_syscfg.c.o
SYSCFG_EXTILineConfig                             ./Debug/driver_src_stm32f4xx_syscfg.c.o
                                                  ./Debug/startup.c.o
SYSCFG_GetCompensationCellStatus                  ./Debug/driver_src_stm32f4xx_syscfg.c.o
SYSCFG_MemoryRemapConfig                          ./Debug/driver_src_stm32f4xx_syscfg.c.o
SYSCFG_MemorySwappingBank                         ./Debug/driver_src_stm32f4xx_syscfg.c.o
TIMER_INIT                                        ./Debug/TinyTimber.c.o
TIM_ARRPreloadConfig                              ./Debug/driver_src_stm32f4xx_tim.c.o
TIM_BDTRConfig                                    ./Debug/driver_src_stm32f4xx_tim.c.o
TIM_BDTRStructInit                                ./Debug/driver_src_stm32f4xx_tim.c.o
TIM_CCPreloadControl                              ./Debug/driver_src_stm32f4xx_tim.c.o
TIM_CCxCmd                                        ./Debug/driver_src_stm32f4xx_tim.c.o
TIM_CCxNCmd                                       ./Debug/driver_src_stm32f4xx_tim.c.o
TIM_ClearFlag                                     ./Debug/driver_src_stm32f4xx_tim.c.o
TIM_ClearITPendingBit                             ./Debug/driver_src_stm32f4xx_tim.c.o
                                                  ./Debug/TinyTimber.c.o
TIM_ClearOC1Ref                                   ./Debug/driver_src_stm32f4xx_tim.c.o
TIM_ClearOC2Ref                                   ./Debug/driver_src_stm32f4xx_tim.c.o
TIM_ClearOC3Ref                                   ./Debug/driver_src_stm32f4xx_tim.c.o
TIM_ClearOC4Ref                                   ./Debug/driver_src_stm32f4xx_tim.c.o
TIM_Cmd                                           ./Debug/driver_src_stm32f4xx_tim.c.o
                                                  ./Debug/TinyTimber.c.o
TIM_CounterModeConfig                             ./Debug/driver_src_stm32f4xx_tim.c.o
TIM_CtrlPWMOutputs                                ./Debug/driver_src_stm32f4xx_tim.c.o
TIM_DMACmd                                        ./Debug/driver_src_stm32f4xx_tim.c.o
TIM_DMAConfig                                     ./Debug/driver_src_stm32f4xx_tim.c.o
TIM_DeInit                                        ./Debug/driver_src_stm32f4xx_tim.c.o
                                                  ./Debug/TinyTimber.c.o
TIM_ETRClockMode1Config                           ./Debug/driver_src_stm32f4xx_tim.c.o
TIM_ETRClockMode2Config                           ./Debug/driver_src_stm32f4xx_tim.c.o
TIM_ETRConfig                                     ./Debug/driver_src_stm32f4xx_tim.c.o
TIM_EncoderInterfaceConfig                        ./Debug/driver_src_stm32f4xx_tim.c.o
TIM_ForcedOC1Config                               ./Debug/driver_src_stm32f4xx_tim.c.o
TIM_ForcedOC2Config                               ./Debug/driver_src_stm32f4xx_tim.c.o
TIM_ForcedOC3Config                               ./Debug/driver_src_stm32f4xx_tim.c.o
TIM_ForcedOC4Config                               ./Debug/driver_src_stm32f4xx_tim.c.o
TIM_GenerateEvent                                 ./Debug/driver_src_stm32f4xx_tim.c.o
TIM_GetCapture1                                   ./Debug/driver_src_stm32f4xx_tim.c.o
TIM_GetCapture2                                   ./Debug/driver_src_stm32f4xx_tim.c.o
TIM_GetCapture3                                   ./Debug/driver_src_stm32f4xx_tim.c.o
TIM_GetCapture4                                   ./Debug/driver_src_stm32f4xx_tim.c.o
TIM_GetCounter                                    ./Debug/driver_src_stm32f4xx_tim.c.o
                                                  ./Debug/TinyTimber.c.o
TIM_GetFlagStatus                                 ./Debug/driver_src_stm32f4xx_tim.c.o
TIM_GetITStatus                                   ./Debug/driver_src_stm32f4xx_tim.c.o
TIM_GetPrescaler                                  ./Debug/driver_src_stm32f4xx_tim.c.o
TIM_ICInit                                        ./Debug/driver_src_stm32f4xx_tim.c.o
TIM_ICStructInit                                  ./Debug/driver_src_stm32f4xx_tim.c.o
TIM_ITConfig                                      ./Debug/driver_src_stm32f4xx_tim.c.o
                                                  ./Debug/TinyTimber.c.o
TIM_ITRxExternalClockConfig                       ./Debug/driver_src_stm32f4xx_tim.c.o
TIM_InternalClockConfig                           ./Debug/driver_src_stm32f4xx_tim.c.o
TIM_OC1FastConfig                                 ./Debug/driver_src_stm32f4xx_tim.c.o
TIM_OC1Init                                       ./Debug/driver_src_stm32f4xx_tim.c.o
TIM_OC1NPolarityConfig                            ./Debug/driver_src_stm32f4xx_tim.c.o
TIM_OC1PolarityConfig                             ./Debug/driver_src_stm32f4xx_tim.c.o
TIM_OC1PreloadConfig                              ./Debug/driver_src_stm32f4xx_tim.c.o
TIM_OC2FastConfig                                 ./Debug/driver_src_stm32f4xx_tim.c.o
TIM_OC2Init                                       ./Debug/driver_src_stm32f4xx_tim.c.o
TIM_OC2NPolarityConfig                            ./Debug/driver_src_stm32f4xx_tim.c.o
TIM_OC2PolarityConfig                             ./Debug/driver_src_stm32f4xx_tim.c.o
TIM_OC2PreloadConfig                              ./Debug/driver_src_stm32f4xx_tim.c.o
TIM_OC3FastConfig                                 ./Debug/driver_src_stm32f4xx_tim.c.o
TIM_OC3Init                                       ./Debug/driver_src_stm32f4xx_tim.c.o
TIM_OC3NPolarityConfig                            ./Debug/driver_src_stm32f4xx_tim.c.o
TIM_OC3PolarityConfig                             ./Debug/driver_src_stm32f4xx_tim.c.o
TIM_OC3PreloadConfig                              ./Debug/driver_src_stm32f4xx_tim.c.o
TIM_OC4FastConfig                                 ./Debug/driver_src_stm32f4xx_tim.c.o
TIM_OC4Init                                       ./Debug/driver_src_stm32f4xx_tim.c.o
TIM_OC4PolarityConfig                             ./Debug/driver_src_stm32f4xx_tim.c.o
TIM_OC4PreloadConfig                              ./Debug/driver_src_stm32f4xx_tim.c.o
TIM_OCStructInit                                  ./Debug/driver_src_stm32f4xx_tim.c.o
TIM_PWMIConfig                                    ./Debug/driver_src_stm32f4xx_tim.c.o
TIM_PrescalerConfig                               ./Debug/driver_src_stm32f4xx_tim.c.o
TIM_RemapConfig                                   ./Debug/driver_src_stm32f4xx_tim.c.o
TIM_SelectCCDMA                                   ./Debug/driver_src_stm32f4xx_tim.c.o
TIM_SelectCOM                                     ./Debug/driver_src_stm32f4xx_tim.c.o
TIM_SelectHallSensor                              ./Debug/driver_src_stm32f4xx_tim.c.o
TIM_SelectInputTrigger                            ./Debug/driver_src_stm32f4xx_tim.c.o
TIM_SelectMasterSlaveMode                         ./Debug/driver_src_stm32f4xx_tim.c.o
TIM_SelectOCxM                                    ./Debug/driver_src_stm32f4xx_tim.c.o
TIM_SelectOnePulseMode                            ./Debug/driver_src_stm32f4xx_tim.c.o
TIM_SelectOutputTrigger                           ./Debug/driver_src_stm32f4xx_tim.c.o
TIM_SelectSlaveMode                               ./Debug/driver_src_stm32f4xx_tim.c.o
TIM_SetAutoreload                                 ./Debug/driver_src_stm32f4xx_tim.c.o
TIM_SetClockDivision                              ./Debug/driver_src_stm32f4xx_tim.c.o
TIM_SetCompare1                                   ./Debug/driver_src_stm32f4xx_tim.c.o
                                                  ./Debug/TinyTimber.c.o
TIM_SetCompare2                                   ./Debug/driver_src_stm32f4xx_tim.c.o
TIM_SetCompare3                                   ./Debug/driver_src_stm32f4xx_tim.c.o
TIM_SetCompare4                                   ./Debug/driver_src_stm32f4xx_tim.c.o
TIM_SetCounter                                    ./Debug/driver_src_stm32f4xx_tim.c.o
                                                  ./Debug/TinyTimber.c.o
TIM_SetIC1Prescaler                               ./Debug/driver_src_stm32f4xx_tim.c.o
TIM_SetIC2Prescaler                               ./Debug/driver_src_stm32f4xx_tim.c.o
TIM_SetIC3Prescaler                               ./Debug/driver_src_stm32f4xx_tim.c.o
TIM_SetIC4Prescaler                               ./Debug/driver_src_stm32f4xx_tim.c.o
TIM_TIxExternalClockConfig                        ./Debug/driver_src_stm32f4xx_tim.c.o
TIM_TimeBaseInit                                  ./Debug/driver_src_stm32f4xx_tim.c.o
                                                  ./Debug/TinyTimber.c.o
TIM_TimeBaseStructInit                            ./Debug/driver_src_stm32f4xx_tim.c.o
                                                  ./Debug/TinyTimber.c.o
TIM_UpdateDisableConfig                           ./Debug/driver_src_stm32f4xx_tim.c.o
TIM_UpdateRequestConfig                           ./Debug/driver_src_stm32f4xx_tim.c.o
T_RESET                                           ./Debug/TinyTimber.c.o
T_SAMPLE                                          ./Debug/TinyTimber.c.o
USART_ClearFlag                                   ./Debug/driver_src_stm32f4xx_usart.c.o
USART_ClearITPendingBit                           ./Debug/driver_src_stm32f4xx_usart.c.o
USART_ClockInit                                   ./Debug/driver_src_stm32f4xx_usart.c.o
USART_ClockStructInit                             ./Debug/driver_src_stm32f4xx_usart.c.o
USART_Cmd                                         ./Debug/driver_src_stm32f4xx_usart.c.o
USART_DMACmd                                      ./Debug/driver_src_stm32f4xx_usart.c.o
USART_DeInit                                      ./Debug/driver_src_stm32f4xx_usart.c.o
USART_GetFlagStatus                               ./Debug/driver_src_stm32f4xx_usart.c.o
                                                  ./Debug/TinyTimber.c.o
                                                  ./Debug/sciTinyTimber.c.o
USART_GetITStatus                                 ./Debug/driver_src_stm32f4xx_usart.c.o
USART_HalfDuplexCmd                               ./Debug/driver_src_stm32f4xx_usart.c.o
USART_ITConfig                                    ./Debug/driver_src_stm32f4xx_usart.c.o
                                                  ./Debug/sciTinyTimber.c.o
USART_Init                                        ./Debug/driver_src_stm32f4xx_usart.c.o
USART_IrDACmd                                     ./Debug/driver_src_stm32f4xx_usart.c.o
USART_IrDAConfig                                  ./Debug/driver_src_stm32f4xx_usart.c.o
USART_LINBreakDetectLengthConfig                  ./Debug/driver_src_stm32f4xx_usart.c.o
USART_LINCmd                                      ./Debug/driver_src_stm32f4xx_usart.c.o
USART_OneBitMethodCmd                             ./Debug/driver_src_stm32f4xx_usart.c.o
USART_OverSampling8Cmd                            ./Debug/driver_src_stm32f4xx_usart.c.o
USART_ReceiveData                                 ./Debug/driver_src_stm32f4xx_usart.c.o
                                                  ./Debug/sciTinyTimber.c.o
USART_ReceiverWakeUpCmd                           ./Debug/driver_src_stm32f4xx_usart.c.o
USART_SendBreak                                   ./Debug/driver_src_stm32f4xx_usart.c.o
USART_SendData                                    ./Debug/driver_src_stm32f4xx_usart.c.o
                                                  ./Debug/TinyTimber.c.o
                                                  ./Debug/sciTinyTimber.c.o
USART_SetAddress                                  ./Debug/driver_src_stm32f4xx_usart.c.o
USART_SetGuardTime                                ./Debug/driver_src_stm32f4xx_usart.c.o
USART_SetPrescaler                                ./Debug/driver_src_stm32f4xx_usart.c.o
USART_SmartCardCmd                                ./Debug/driver_src_stm32f4xx_usart.c.o
USART_SmartCardNACKCmd                            ./Debug/driver_src_stm32f4xx_usart.c.o
USART_StructInit                                  ./Debug/driver_src_stm32f4xx_usart.c.o
USART_WakeUpConfig                                ./Debug/driver_src_stm32f4xx_usart.c.o
__heap_end                                        ./Debug/TinyTimber.c.o
__lock___arc4random_mutex                         e:/gmv/codelite/tools/gcc-arm/bin/../lib/gcc/arm-none-eabi/9.2.1/../../../../arm-none-eabi/lib/thumb/v7e-m+fp/hard\libc_nano.a(lib_a-lock.o)
__lock___at_quick_exit_mutex                      e:/gmv/codelite/tools/gcc-arm/bin/../lib/gcc/arm-none-eabi/9.2.1/../../../../arm-none-eabi/lib/thumb/v7e-m+fp/hard\libc_nano.a(lib_a-lock.o)
__lock___atexit_recursive_mutex                   e:/gmv/codelite/tools/gcc-arm/bin/../lib/gcc/arm-none-eabi/9.2.1/../../../../arm-none-eabi/lib/thumb/v7e-m+fp/hard\libc_nano.a(lib_a-lock.o)
__lock___dd_hash_mutex                            e:/gmv/codelite/tools/gcc-arm/bin/../lib/gcc/arm-none-eabi/9.2.1/../../../../arm-none-eabi/lib/thumb/v7e-m+fp/hard\libc_nano.a(lib_a-lock.o)
__lock___env_recursive_mutex                      e:/gmv/codelite/tools/gcc-arm/bin/../lib/gcc/arm-none-eabi/9.2.1/../../../../arm-none-eabi/lib/thumb/v7e-m+fp/hard\libc_nano.a(lib_a-lock.o)
__lock___malloc_recursive_mutex                   e:/gmv/codelite/tools/gcc-arm/bin/../lib/gcc/arm-none-eabi/9.2.1/../../../../arm-none-eabi/lib/thumb/v7e-m+fp/hard\libc_nano.a(lib_a-lock.o)
                                                  e:/gmv/codelite/tools/gcc-arm/bin/../lib/gcc/arm-none-eabi/9.2.1/../../../../arm-none-eabi/lib/thumb/v7e-m+fp/hard\libc_nano.a(lib_a-mlock.o)
__lock___sfp_recursive_mutex                      e:/gmv/codelite/tools/gcc-arm/bin/../lib/gcc/arm-none-eabi/9.2.1/../../../../arm-none-eabi/lib/thumb/v7e-m+fp/hard\libc_nano.a(lib_a-lock.o)
__lock___sinit_recursive_mutex                    e:/gmv/codelite/tools/gcc-arm/bin/../lib/gcc/arm-none-eabi/9.2.1/../../../../arm-none-eabi/lib/thumb/v7e-m+fp/hard\libc_nano.a(lib_a-lock.o)
__lock___tz_mutex                                 e:/gmv/codelite/tools/gcc-arm/bin/../lib/gcc/arm-none-eabi/9.2.1/../../../../arm-none-eabi/lib/thumb/v7e-m+fp/hard\libc_nano.a(lib_a-lock.o)
__malloc_free_list                                e:/gmv/codelite/tools/gcc-arm/bin/../lib/gcc/arm-none-eabi/9.2.1/../../../../arm-none-eabi/lib/thumb/v7e-m+fp/hard\libc_nano.a(lib_a-nano-mallocr.o)
                                                  e:/gmv/codelite/tools/gcc-arm/bin/../lib/gcc/arm-none-eabi/9.2.1/../../../../arm-none-eabi/lib/thumb/v7e-m+fp/hard\libc_nano.a(lib_a-nano-freer.o)
__malloc_lock                                     e:/gmv/codelite/tools/gcc-arm/bin/../lib/gcc/arm-none-eabi/9.2.1/../../../../arm-none-eabi/lib/thumb/v7e-m+fp/hard\libc_nano.a(lib_a-mlock.o)